/Applications/Xcode.app/Contents/Developer/usr/bin/make test-tk \
	BUILD_STYLE=Development CONFIGURE_ARGS=--enable-symbols   
/Applications/Xcode.app/Contents/Developer/usr/bin/make -C "/Users/culler/projects/TclTk/tk9.1/macosx/../../build/tk/Development" binaries libraries tktest INSTALL_ROOT='' INSTALL_TARGETS='install-binaries install-libraries install-headers install-private-headers install-demos' VERSION='9.1'  
make[2]: Nothing to be done for `binaries'.
make[2]: Nothing to be done for `libraries'.
make[2]: `tktest' is up to date.
/Applications/Xcode.app/Contents/Developer/usr/bin/make -C "/Users/culler/projects/TclTk/tk9.1/macosx/../../build/tk/Development" test INSTALL_ROOT='' INSTALL_TARGETS='install-binaries install-libraries install-headers install-private-headers install-demos' VERSION='9.1'  
DYLD_FRAMEWORK_PATH="`pwd`:/Users/culler/projects/TclTk/build/tcl/Development:${DYLD_FRAMEWORK_PATH}"; export DYLD_FRAMEWORK_PATH; TCL_LIBRARY=/Users/culler/projects/TclTk/tcl9.1/library; export TCL_LIBRARY; TK_LIBRARY=/Users/culler/projects/TclTk/tk9.1/library; export TK_LIBRARY; ./tktest /Users/culler/projects/TclTk/tk9.1/unix/../tests/all.tcl -geometry +0+0 -verbose bpest
Tests running in interp:  /Users/culler/projects/TclTk/build/tk/Development/tktest
Tests located in:  /Users/culler/projects/TclTk/tk9.1/tests
Tests running in:  /Users/culler/projects/TclTk/build/tk/Development
Temporary files stored in /Users/culler/projects/TclTk/build/tk/Development
Test files sourced into current interpreter
Running tests that match:  *
Skipping test files that match:  l.*.test
Only running test files that match:  *.test
Tests began at Sun Mar 16 09:42:05 CDT 2025
bell.test
---- bell-1.1 start
++++ bell-1.1 PASSED
---- bell-1.2 start
++++ bell-1.2 PASSED
---- bell-1.3 start
++++ bell-1.3 PASSED
---- bell-1.4 start
++++ bell-1.4 PASSED
---- bell-1.5 start
++++ bell-1.5 PASSED
---- bell-1.6 start
++++ bell-1.6 PASSED
---- bell-1.7 start
++++ bell-1.7 PASSED
---- bell-1.8 start
Bell should ring now ...
++++ bell-1.8 PASSED
bgerror.test
---- bgerror-1.1 start
++++ bgerror-1.1 PASSED
---- bgerror-1.2 start
++++ bgerror-1.2 PASSED
---- bgerror-1.3 start
++++ bgerror-1.3 PASSED
bind.test
---- bind-1.1 start
++++ bind-1.1 PASSED
---- bind-1.2 start
++++ bind-1.2 PASSED
---- bind-1.3 start
++++ bind-1.3 PASSED
---- bind-1.4 start
++++ bind-1.4 PASSED
---- bind-1.5 start
++++ bind-1.5 PASSED
---- bind-1.6 start
++++ bind-1.6 PASSED
---- bind-1.7 start
++++ bind-1.7 PASSED
---- bind-1.8 start
++++ bind-1.8 PASSED
---- bind-1.9 start
++++ bind-1.9 PASSED
---- bind-1.10 start
++++ bind-1.10 PASSED
---- bind-1.11 start
++++ bind-1.11 PASSED
---- bind-2.1 start
++++ bind-2.1 PASSED
---- bind-2.2 start
++++ bind-2.2 PASSED
---- bind-2.3 start
++++ bind-2.3 PASSED
---- bind-2.4 start
++++ bind-2.4 PASSED
---- bind-2.5 start
++++ bind-2.5 PASSED
---- bind-2.6 start
++++ bind-2.6 PASSED
---- bind-2.7 start
++++ bind-2.7 PASSED
---- bind-2.8 start
++++ bind-2.8 PASSED
---- bind-2.9 start
++++ bind-2.9 PASSED
---- bind-2.10 start
++++ bind-2.10 PASSED
---- bind-2.11 start
++++ bind-2.11 PASSED
---- bind-2.12 start
++++ bind-2.12 PASSED
---- bind-3.1 start
++++ bind-3.1 PASSED
---- bind-3.2 start
++++ bind-3.2 PASSED
---- bind-4.1 start
++++ bind-4.1 PASSED
---- bind-4.2 start
++++ bind-4.2 PASSED
---- bind-4.3 start
++++ bind-4.3 PASSED
---- bind-4.4 start
++++ bind-4.4 PASSED
---- bind-4.5 start
++++ bind-4.5 PASSED
---- bind-5.1 start
++++ bind-5.1 PASSED
---- bind-6.1 start
++++ bind-6.1 PASSED
---- bind-7.1 start
++++ bind-7.1 PASSED
---- bind-7.3 start
++++ bind-7.3 PASSED
---- bind-7.4 start
++++ bind-7.4 PASSED
---- bind-8.1 start
++++ bind-8.1 PASSED
---- bind-9.1 start
++++ bind-9.1 PASSED
---- bind-9.2 start
++++ bind-9.2 PASSED
---- bind-9.3 start
++++ bind-9.3 PASSED
---- bind-10.1 start
++++ bind-10.1 PASSED
---- bind-10.2 start
++++ bind-10.2 PASSED
---- bind-11.1 start
++++ bind-11.1 PASSED
---- bind-11.2 start
++++ bind-11.2 PASSED
---- bind-11.3 start
++++ bind-11.3 PASSED
---- bind-12.1 start
++++ bind-12.1 PASSED
---- bind-12.2 start
++++ bind-12.2 PASSED
---- bind-13.1 start
++++ bind-13.1 PASSED
---- bind-13.2 start
++++ bind-13.2 PASSED
---- bind-13.3 start
++++ bind-13.3 PASSED
---- bind-13.4 start
++++ bind-13.4 PASSED
---- bind-13.5 start
++++ bind-13.5 PASSED
---- bind-13.6 start
++++ bind-13.6 PASSED
---- bind-13.7 start
++++ bind-13.7 PASSED
---- bind-13.8 start
++++ bind-13.8 PASSED
---- bind-13.9 start
++++ bind-13.9 PASSED
---- bind-13.10 start
++++ bind-13.10 PASSED
---- bind-13.11 start
++++ bind-13.11 PASSED
---- bind-13.12 start
++++ bind-13.12 PASSED
---- bind-13.13 start
++++ bind-13.13 PASSED
---- bind-13.14 start
++++ bind-13.14 PASSED
---- bind-13.15 start
++++ bind-13.15 PASSED
---- bind-13.16 start
++++ bind-13.16 PASSED
---- bind-13.17 start
++++ bind-13.17 PASSED
---- bind-13.18 start
++++ bind-13.18 PASSED
---- bind-13.19 start
++++ bind-13.19 PASSED
---- bind-13.20 start
++++ bind-13.20 PASSED
---- bind-13.21 start
++++ bind-13.21 PASSED
---- bind-13.22 start
++++ bind-13.22 PASSED
---- bind-13.23 start
++++ bind-13.23 PASSED
---- bind-13.24 start
++++ bind-13.24 PASSED
---- bind-13.25 start
++++ bind-13.25 PASSED
---- bind-13.26 start
++++ bind-13.26 PASSED
---- bind-13.27 start
++++ bind-13.27 PASSED
---- bind-13.28 start
++++ bind-13.28 PASSED
---- bind-13.29 start
++++ bind-13.29 PASSED
---- bind-13.30 start
++++ bind-13.30 PASSED
---- bind-13.31 start
++++ bind-13.31 PASSED
---- bind-13.32 start
++++ bind-13.32 PASSED
---- bind-13.33 start
++++ bind-13.33 PASSED
---- bind-13.34 start
++++ bind-13.34 PASSED
---- bind-13.35 start
++++ bind-13.35 PASSED
---- bind-13.38 start
++++ bind-13.38 PASSED
---- bind-13.41 start
++++ bind-13.41 PASSED
---- bind-13.43 start
++++ bind-13.43 PASSED
---- bind-13.45 start
++++ bind-13.45 PASSED
---- bind-15.1 start
++++ bind-15.1 PASSED
---- bind-15.2 start
++++ bind-15.2 PASSED
---- bind-15.3 start
++++ bind-15.3 PASSED
---- bind-15.4 start
++++ bind-15.4 PASSED
---- bind-15.5 start
++++ bind-15.5 PASSED
---- bind-15.6 start
++++ bind-15.6 PASSED
---- bind-15.7 start
++++ bind-15.7 PASSED
---- bind-15.8 start
++++ bind-15.8 PASSED
---- bind-15.9 start
++++ bind-15.9 PASSED
---- bind-15.10 start
++++ bind-15.10 PASSED
---- bind-15.11 start
++++ bind-15.11 PASSED
++++ bind-15.12 SKIPPED: nonPortable
---- bind-15.13 start
++++ bind-15.13 PASSED
---- bind-15.14 start
++++ bind-15.14 PASSED
---- bind-15.15 start
++++ bind-15.15 PASSED
---- bind-15.16 start
++++ bind-15.16 PASSED
---- bind-15.17 start
++++ bind-15.17 PASSED
---- bind-15.18 start
++++ bind-15.18 PASSED
---- bind-15.19 start
++++ bind-15.19 PASSED
---- bind-15.20 start
++++ bind-15.20 PASSED
---- bind-15.21 start
++++ bind-15.21 PASSED
---- bind-15.22 start
++++ bind-15.22 PASSED
---- bind-15.23 start
++++ bind-15.23 PASSED
---- bind-15.24 start
++++ bind-15.24 PASSED
---- bind-15.25 start
++++ bind-15.25 PASSED
---- bind-15.26 start
++++ bind-15.26 PASSED
---- bind-15.27 start
++++ bind-15.27 PASSED
---- bind-15.28 start
++++ bind-15.28 PASSED
---- bind-15.29 start
++++ bind-15.29 PASSED
---- bind-15.30 start
++++ bind-15.30 PASSED
---- bind-15.31 start
++++ bind-15.31 PASSED
---- bind-15.32 start
++++ bind-15.32 PASSED
---- bind-15.33 start
++++ bind-15.33 PASSED
---- bind-16.1 start
++++ bind-16.1 PASSED
---- bind-16.2 start
++++ bind-16.2 PASSED
---- bind-16.3 start
++++ bind-16.3 PASSED
---- bind-16.4 start
++++ bind-16.4 PASSED
---- bind-16.5 start
++++ bind-16.5 PASSED
---- bind-16.6 start
++++ bind-16.6 PASSED
---- bind-16.7 start
++++ bind-16.7 PASSED
---- bind-16.8 start
++++ bind-16.8 PASSED
---- bind-16.9 start
++++ bind-16.9 PASSED
---- bind-16.10 start
++++ bind-16.10 PASSED
---- bind-16.11 start
++++ bind-16.11 PASSED
---- bind-16.12 start
++++ bind-16.12 PASSED
---- bind-16.13 start
++++ bind-16.13 PASSED
---- bind-16.14 start
++++ bind-16.14 PASSED
---- bind-16.15 start
++++ bind-16.15 PASSED
---- bind-16.16 start
++++ bind-16.16 PASSED
---- bind-16.17 start
++++ bind-16.17 PASSED
---- bind-16.18 start
++++ bind-16.18 PASSED
---- bind-16.19 start
++++ bind-16.19 PASSED
---- bind-16.20 start
++++ bind-16.20 PASSED
---- bind-16.21 start
++++ bind-16.21 PASSED
---- bind-16.22 start
++++ bind-16.22 PASSED
---- bind-16.23 start
++++ bind-16.23 PASSED
---- bind-16.24 start
++++ bind-16.24 PASSED
---- bind-16.25 start
++++ bind-16.25 PASSED
---- bind-16.26 start
++++ bind-16.26 PASSED
---- bind-16.27 start
++++ bind-16.27 PASSED
---- bind-16.28 start
++++ bind-16.28 PASSED
---- bind-16.29 start
++++ bind-16.29 PASSED
---- bind-16.30 start
++++ bind-16.30 PASSED
---- bind-16.31 start
++++ bind-16.31 PASSED
---- bind-16.32 start
++++ bind-16.32 PASSED
---- bind-16.33 start
++++ bind-16.33 PASSED
---- bind-16.34 start
++++ bind-16.34 PASSED
++++ bind-16.35 SKIPPED: nonPortable
---- bind-16.36 start
++++ bind-16.36 PASSED
---- bind-16.37 start
++++ bind-16.37 PASSED
++++ bind-16.38 SKIPPED: nonPortable
---- bind-16.39 start
++++ bind-16.39 PASSED
---- bind-16.40 start
++++ bind-16.40 PASSED
---- bind-16.41 start
++++ bind-16.41 PASSED
---- bind-16.42 start
++++ bind-16.42 PASSED
---- bind-16.43 start
++++ bind-16.43 PASSED
---- bind-16.44 start
++++ bind-16.44 PASSED
---- bind-16.45 start
++++ bind-16.45 PASSED
---- bind-16.46 start
++++ bind-16.46 PASSED
---- bind-16.47 start
++++ bind-16.47 PASSED
---- bind-17.1 start
++++ bind-17.1 PASSED
---- bind-17.2 start
++++ bind-17.2 PASSED
---- bind-17.3 start
++++ bind-17.3 PASSED
---- bind-17.4 start
++++ bind-17.4 PASSED
---- bind-17.5 start
++++ bind-17.5 PASSED
---- bind-17.6 start
++++ bind-17.6 PASSED
---- bind-17.7 start
++++ bind-17.7 PASSED
---- bind-17.8 start
++++ bind-17.8 PASSED
---- bind-17.9 start
++++ bind-17.9 PASSED
---- bind-17.10 start
++++ bind-17.10 PASSED
---- bind-17.11 start
++++ bind-17.11 PASSED
---- bind-17.12 start
++++ bind-17.12 PASSED
---- bind-17.13 start
++++ bind-17.13 PASSED
---- bind-17.14 start
++++ bind-17.14 PASSED
---- bind-17.15 start
++++ bind-17.15 PASSED
---- bind-17.16 start
++++ bind-17.16 PASSED
---- bind-17.17 start
++++ bind-17.17 PASSED
---- bind-17.18 start
++++ bind-17.18 PASSED
---- bind-18.1 start
++++ bind-18.1 PASSED
---- bind-18.2 start
++++ bind-18.2 PASSED
---- bind-18.3 start
++++ bind-18.3 PASSED
---- bind-18.4 start
++++ bind-18.4 PASSED
---- bind-18.5 start
++++ bind-18.5 PASSED
---- bind-18.6 start
++++ bind-18.6 PASSED
---- bind-18.7 start
++++ bind-18.7 PASSED
---- bind-19.1 start
++++ bind-19.1 PASSED
---- bind-19.2 start
++++ bind-19.2 PASSED
---- bind-19.3 start
++++ bind-19.3 PASSED
---- bind-19.4 start
++++ bind-19.4 PASSED
---- bind-19.5 start
++++ bind-19.5 PASSED
---- bind-19.6 start
++++ bind-19.6 PASSED
---- bind-19.7 start
++++ bind-19.7 PASSED
---- bind-19.8 start
++++ bind-19.8 PASSED
---- bind-19.9 start
++++ bind-19.9 PASSED
---- bind-19.10 start
++++ bind-19.10 PASSED
---- bind-19.11 start
++++ bind-19.11 PASSED
---- bind-19.12 start
++++ bind-19.12 PASSED
---- bind-19.13 start
++++ bind-19.13 PASSED
---- bind-19.14 start
++++ bind-19.14 PASSED
---- bind-19.15 start
++++ bind-19.15 PASSED
---- bind-19.16 start
++++ bind-19.16 PASSED
---- bind-19.17 start
++++ bind-19.17 PASSED
---- bind-20.1 start
++++ bind-20.1 PASSED
---- bind-20.2 start
++++ bind-20.2 PASSED
---- bind-20.3 start
++++ bind-20.3 PASSED
---- bind-20.4 start
++++ bind-20.4 PASSED
---- bind-21.1 start
++++ bind-21.1 PASSED
---- bind-21.2 start
++++ bind-21.2 PASSED
---- bind-21.3 start
++++ bind-21.3 PASSED
---- bind-22.1 start
++++ bind-22.1 PASSED
---- bind-22.2 start
++++ bind-22.2 PASSED
---- bind-22.3 start
++++ bind-22.3 PASSED
---- bind-22.4 start
++++ bind-22.4 PASSED
---- bind-22.5 start
++++ bind-22.5 PASSED
---- bind-22.6 start
++++ bind-22.6 PASSED
---- bind-22.7 start
++++ bind-22.7 PASSED
---- bind-22.8 start
++++ bind-22.8 PASSED
---- bind-22.9 start
++++ bind-22.9 PASSED
---- bind-22.10 start
++++ bind-22.10 PASSED
---- bind-22.11 start
++++ bind-22.11 PASSED
---- bind-22.12 start
++++ bind-22.12 PASSED
---- bind-22.13 start
++++ bind-22.13 PASSED
---- bind-22.14 start
++++ bind-22.14 PASSED
---- bind-22.15 start
++++ bind-22.15 PASSED
---- bind-22.16 start
++++ bind-22.16 PASSED
---- bind-22.17 start
++++ bind-22.17 PASSED
---- bind-22.18 start
++++ bind-22.18 PASSED
---- bind-22.19 start
++++ bind-22.19 PASSED
---- bind-22.20 start
++++ bind-22.20 PASSED
---- bind-22.21 start
++++ bind-22.21 PASSED
---- bind-22.22 start
++++ bind-22.22 PASSED
---- bind-22.23 start
++++ bind-22.23 PASSED
---- bind-22.24 start
++++ bind-22.24 PASSED
---- bind-22.25 start
++++ bind-22.25 PASSED
---- bind-22.26 start
++++ bind-22.26 PASSED
---- bind-22.27 start
++++ bind-22.27 PASSED
---- bind-22.28 start
++++ bind-22.28 PASSED
---- bind-22.29 start
++++ bind-22.29 PASSED
---- bind-22.30 start
++++ bind-22.30 PASSED
---- bind-22.31 start
++++ bind-22.31 PASSED
---- bind-22.32 start
++++ bind-22.32 PASSED
---- bind-22.33 start
++++ bind-22.33 PASSED
---- bind-22.34 start
++++ bind-22.34 PASSED
---- bind-22.35 start
++++ bind-22.35 PASSED
---- bind-22.35.1 start
++++ bind-22.35.1 PASSED
---- bind-22.36 start
++++ bind-22.36 PASSED
---- bind-22.37 start
++++ bind-22.37 PASSED
---- bind-22.38 start
++++ bind-22.38 PASSED
---- bind-22.39 start
++++ bind-22.39 PASSED
---- bind-22.40 start
++++ bind-22.40 PASSED
---- bind-22.41 start
++++ bind-22.41 PASSED
---- bind-22.42 start
++++ bind-22.42 PASSED
---- bind-22.43 start
++++ bind-22.43 PASSED
---- bind-22.44 start
++++ bind-22.44 PASSED
---- bind-22.45 start
++++ bind-22.45 PASSED
---- bind-22.46 start
++++ bind-22.46 PASSED
---- bind-22.47 start
++++ bind-22.47 PASSED
---- bind-22.48 start
++++ bind-22.48 PASSED
---- bind-22.49 start
++++ bind-22.49 PASSED
---- bind-22.50 start
++++ bind-22.50 PASSED
---- bind-22.51 start
++++ bind-22.51 PASSED
---- bind-22.52 start
++++ bind-22.52 PASSED
---- bind-22.53 start
++++ bind-22.53 PASSED
---- bind-22.54 start
++++ bind-22.54 PASSED
---- bind-22.55 start
++++ bind-22.55 PASSED
---- bind-22.56 start
++++ bind-22.56 PASSED
---- bind-22.57 start
++++ bind-22.57 PASSED
---- bind-22.58 start
++++ bind-22.58 PASSED
---- bind-22.59 start
++++ bind-22.59 PASSED
---- bind-22.60 start
++++ bind-22.60 PASSED
---- bind-22.61 start
++++ bind-22.61 PASSED
---- bind-22.62 start
++++ bind-22.62 PASSED
---- bind-22.63 start
++++ bind-22.63 PASSED
---- bind-22.64 start
++++ bind-22.64 PASSED
---- bind-22.65 start
++++ bind-22.65 PASSED
---- bind-22.66 start
++++ bind-22.66 PASSED
---- bind-22.67 start
++++ bind-22.67 PASSED
---- bind-22.68 start
++++ bind-22.68 PASSED
---- bind-22.69 start
++++ bind-22.69 PASSED
---- bind-22.70 start
++++ bind-22.70 PASSED
---- bind-22.71 start
++++ bind-22.71 PASSED
---- bind-22.72 start
++++ bind-22.72 PASSED
---- bind-22.73 start
++++ bind-22.73 PASSED
---- bind-22.74 start
++++ bind-22.74 PASSED
---- bind-22.75 start
++++ bind-22.75 PASSED
---- bind-22.76 start
++++ bind-22.76 PASSED
---- bind-22.77 start
++++ bind-22.77 PASSED
---- bind-22.78 start
++++ bind-22.78 PASSED
---- bind-22.79 start
++++ bind-22.79 PASSED
---- bind-22.80 start
++++ bind-22.80 PASSED
---- bind-22.81 start
++++ bind-22.81 PASSED
---- bind-22.82 start
++++ bind-22.82 PASSED
---- bind-22.83 start
++++ bind-22.83 PASSED
---- bind-22.84 start
++++ bind-22.84 PASSED
---- bind-22.85 start
++++ bind-22.85 PASSED
---- bind-22.86 start
++++ bind-22.86 PASSED
---- bind-22.87 start
++++ bind-22.87 PASSED
---- bind-22.88 start
++++ bind-22.88 PASSED
---- bind-22.89 start
++++ bind-22.89 PASSED
---- bind-22.90 start
++++ bind-22.90 PASSED
---- bind-22.91 start
++++ bind-22.91 PASSED
---- bind-22.92 start
++++ bind-22.92 PASSED
---- bind-22.93 start
++++ bind-22.93 PASSED
---- bind-22.94 start
++++ bind-22.94 PASSED
---- bind-22.95 start
++++ bind-22.95 PASSED
---- bind-22.96 start
++++ bind-22.96 PASSED
---- bind-22.97 start
++++ bind-22.97 PASSED
---- bind-22.98 start
++++ bind-22.98 PASSED
---- bind-22.99 start
++++ bind-22.99 PASSED
---- bind-22.100 start
++++ bind-22.100 PASSED
---- bind-22.101 start
++++ bind-22.101 PASSED
---- bind-22.102 start
++++ bind-22.102 PASSED
---- bind-22.103 start
++++ bind-22.103 PASSED
---- bind-22.104 start
++++ bind-22.104 PASSED
---- bind-22.105 start
++++ bind-22.105 PASSED
---- bind-22.106 start
++++ bind-22.106 PASSED
---- bind-22.107 start
++++ bind-22.107 PASSED
---- bind-22.108 start
++++ bind-22.108 PASSED
---- bind-22.109 start
++++ bind-22.109 PASSED
---- bind-22.110 start
++++ bind-22.110 PASSED
---- bind-22.111 start
++++ bind-22.111 PASSED
---- bind-22.112 start
++++ bind-22.112 PASSED
---- bind-22.113 start
++++ bind-22.113 PASSED
---- bind-22.114 start
++++ bind-22.114 PASSED
---- bind-22.115 start
++++ bind-22.115 PASSED
---- bind-22.116 start
++++ bind-22.116 PASSED
---- bind-22.117 start
++++ bind-22.117 PASSED
---- bind-22.118 start
++++ bind-22.118 PASSED
---- bind-22.119 start
++++ bind-22.119 PASSED
---- bind-22.120 start
++++ bind-22.120 PASSED
---- bind-22.121 start
++++ bind-22.121 PASSED
---- bind-22.122 start
++++ bind-22.122 PASSED
---- bind-22.123 start
++++ bind-22.123 PASSED
---- bind-22.124 start
++++ bind-22.124 PASSED
---- bind-22.125 start
++++ bind-22.125 PASSED
---- bind-22.126 start
++++ bind-22.126 PASSED
---- bind-22.127 start
++++ bind-22.127 PASSED
---- bind-22.128 start
++++ bind-22.128 PASSED
---- bind-22.129 start
++++ bind-22.129 PASSED
---- bind-22.130 start
++++ bind-22.130 PASSED
---- bind-22.131 start
++++ bind-22.131 PASSED
---- bind-22.132 start
++++ bind-22.132 PASSED
---- bind-22.133 start
++++ bind-22.133 PASSED
---- bind-22.134 start
++++ bind-22.134 PASSED
---- bind-22.135 start
++++ bind-22.135 PASSED
---- bind-22.136 start
++++ bind-22.136 PASSED
---- bind-22.137 start
++++ bind-22.137 PASSED
---- bind-22.138 start
++++ bind-22.138 PASSED
---- bind-22.139 start
++++ bind-22.139 PASSED
---- bind-22.140 start
++++ bind-22.140 PASSED
---- bind-22.141 start
++++ bind-22.141 PASSED
---- bind-22.142 start
++++ bind-22.142 PASSED
---- bind-22.143 start
++++ bind-22.143 PASSED
---- bind-22.144 start
++++ bind-22.144 PASSED
---- bind-22.145 start
++++ bind-22.145 PASSED
---- bind-22.146 start
++++ bind-22.146 PASSED
---- bind-22.147 start
++++ bind-22.147 PASSED
---- bind-22.148 start
++++ bind-22.148 PASSED
---- bind-22.149 start
++++ bind-22.149 PASSED
---- bind-22.150 start
++++ bind-22.150 PASSED
---- bind-22.151 start
++++ bind-22.151 PASSED
---- bind-22.152 start
++++ bind-22.152 PASSED
---- bind-22.153 start
++++ bind-22.153 PASSED
---- bind-22.154 start
++++ bind-22.154 PASSED
---- bind-22.155 start
++++ bind-22.155 PASSED
---- bind-22.156 start
++++ bind-22.156 PASSED
---- bind-22.157 start
++++ bind-22.157 PASSED
---- bind-22.158 start
++++ bind-22.158 PASSED
---- bind-22.159 start
++++ bind-22.159 PASSED
---- bind-22.160 start
++++ bind-22.160 PASSED
---- bind-22.161 start
++++ bind-22.161 PASSED
---- bind-22.162 start
++++ bind-22.162 PASSED
---- bind-22.163 start
++++ bind-22.163 PASSED
---- bind-23.1 start
++++ bind-23.1 PASSED
---- bind-23.2 start
++++ bind-23.2 PASSED
---- bind-23.3 start
++++ bind-23.3 PASSED
---- bind-23.4 start
++++ bind-23.4 PASSED
---- bind-24.1 start
++++ bind-24.1 PASSED
---- bind-24.2 start
++++ bind-24.2 PASSED
---- bind-24.3 start
++++ bind-24.3 PASSED
---- bind-24.4 start
++++ bind-24.4 PASSED
---- bind-24.5 start
++++ bind-24.5 PASSED
---- bind-24.6 start
++++ bind-24.6 PASSED
---- bind-24.7 start
++++ bind-24.7 PASSED
---- bind-24.8 start
++++ bind-24.8 PASSED
---- bind-24.9 start
++++ bind-24.9 PASSED
---- bind-24.10 start
++++ bind-24.10 PASSED
---- bind-24.11 start
++++ bind-24.11 PASSED
---- bind-24.12 start
++++ bind-24.12 PASSED
---- bind-24.13 start
++++ bind-24.13 PASSED
---- bind-24.14 start
++++ bind-24.14 PASSED
---- bind-25.1 start
++++ bind-25.1 PASSED
---- bind-25.2 start
++++ bind-25.2 PASSED
---- bind-25.3 start
++++ bind-25.3 PASSED
---- bind-25.4 start
++++ bind-25.4 PASSED
---- bind-25.5 start
++++ bind-25.5 PASSED
---- bind-25.6 start
++++ bind-25.6 PASSED
---- bind-25.7 start
++++ bind-25.7 PASSED
---- bind-25.8 start
++++ bind-25.8 PASSED
---- bind-25.9 start
++++ bind-25.9 PASSED
---- bind-25.10 start
++++ bind-25.10 PASSED
---- bind-25.11 start
++++ bind-25.11 PASSED
---- bind-25.12 start
++++ bind-25.12 PASSED
---- bind-25.13 start
++++ bind-25.13 PASSED
---- bind-25.14 start
++++ bind-25.14 PASSED
---- bind-25.15 start
++++ bind-25.15 PASSED
---- bind-25.16 start
++++ bind-25.16 PASSED
---- bind-25.17 start
++++ bind-25.17 PASSED
---- bind-25.18 start
++++ bind-25.18 PASSED
---- bind-25.19 start
++++ bind-25.19 PASSED
---- bind-25.20 start
++++ bind-25.20 PASSED
---- bind-25.21 start
++++ bind-25.21 PASSED
---- bind-25.22 start
++++ bind-25.22 PASSED
---- bind-25.23 start
++++ bind-25.23 PASSED
---- bind-25.24 start
++++ bind-25.24 PASSED
---- bind-25.25 start
++++ bind-25.25 PASSED
---- bind-25.26 start
++++ bind-25.26 PASSED
---- bind-25.27 start
++++ bind-25.27 PASSED
---- bind-25.28 start
++++ bind-25.28 PASSED
---- bind-25.29 start
++++ bind-25.29 PASSED
---- bind-25.30 start
++++ bind-25.30 PASSED
---- bind-25.31 start
++++ bind-25.31 PASSED
---- bind-25.32 start
++++ bind-25.32 PASSED
---- bind-25.33 start
++++ bind-25.33 PASSED
---- bind-25.34 start
++++ bind-25.34 PASSED
---- bind-25.35 start
++++ bind-25.35 PASSED
---- bind-25.36 start
++++ bind-25.36 PASSED
---- bind-25.37 start
++++ bind-25.37 PASSED
---- bind-25.38 start
++++ bind-25.38 PASSED
---- bind-25.39 start
++++ bind-25.39 PASSED
---- bind-25.40 start
++++ bind-25.40 PASSED
---- bind-25.41 start
++++ bind-25.41 PASSED
---- bind-25.42 start
++++ bind-25.42 PASSED
---- bind-25.43 start
++++ bind-25.43 PASSED
---- bind-25.44 start
++++ bind-25.44 PASSED
---- bind-25.45 start
++++ bind-25.45 PASSED
---- bind-25.46 start
++++ bind-25.46 PASSED
---- bind-25.47 start
++++ bind-25.47 PASSED
---- bind-25.48 start
++++ bind-25.48 PASSED
---- bind-25.49 start
++++ bind-25.49 PASSED
---- bind-25.50 start
++++ bind-25.50 PASSED
---- bind-25.51 start
++++ bind-25.51 PASSED
---- bind-25.52 start
++++ bind-25.52 PASSED
---- bind-25.53 start
++++ bind-25.53 PASSED
---- bind-25.54 start
++++ bind-25.54 PASSED
---- bind-25.55 start
++++ bind-25.55 PASSED
---- bind-26.1 start
++++ bind-26.1 PASSED
---- bind-26.2 start
++++ bind-26.2 PASSED
---- bind-26.3 start
++++ bind-26.3 PASSED
---- bind-26.4 start
++++ bind-26.4 PASSED
---- bind-26.5 start
++++ bind-26.5 PASSED
---- bind-26.7 start
++++ bind-26.7 PASSED
---- bind-26.8 start
++++ bind-26.8 PASSED
---- bind-26.9 start
++++ bind-26.9 PASSED
---- bind-26.10 start
++++ bind-26.10 PASSED
---- bind-26.11 start
++++ bind-26.11 PASSED
---- bind-26.12 start
++++ bind-26.12 PASSED
---- bind-26.14 start
++++ bind-26.14 PASSED
---- bind-26.15 start
++++ bind-26.15 PASSED
---- bind-26.16 start
++++ bind-26.16 PASSED
---- bind-26.17 start
++++ bind-26.17 PASSED
---- bind-26.18 start
++++ bind-26.18 PASSED
---- bind-26.19 start
++++ bind-26.19 PASSED
---- bind-26.20 start
++++ bind-26.20 PASSED
---- bind-26.21 start
++++ bind-26.21 PASSED
---- bind-26.22 start
++++ bind-26.22 PASSED
---- bind-26.23 start
++++ bind-26.23 PASSED
---- bind-26.24 start
++++ bind-26.24 PASSED
---- bind-27.1 start
++++ bind-27.1 PASSED
---- bind-27.2 start
++++ bind-27.2 PASSED
---- bind-27.3 start
++++ bind-27.3 PASSED
---- bind-27.4 start
++++ bind-27.4 PASSED
---- bind-27.5 start
++++ bind-27.5 PASSED
---- bind-27.6 start
++++ bind-27.6 PASSED
---- bind-27.7 start
++++ bind-27.7 PASSED
---- bind-27.8 start
++++ bind-27.8 PASSED
---- bind-27.9 start
++++ bind-27.9 PASSED
---- bind-27.10 start
++++ bind-27.10 PASSED
---- bind-27.11 start
++++ bind-27.11 PASSED
---- bind-28.1 start
++++ bind-28.1 PASSED
---- bind-28.2 start
++++ bind-28.2 PASSED
---- bind-28.3 start
++++ bind-28.3 PASSED
---- bind-28.4 start
++++ bind-28.4 PASSED
---- bind-28.5 start
++++ bind-28.5 PASSED
---- bind-28.6 start
++++ bind-28.6 PASSED
---- bind-28.7 start
++++ bind-28.7 PASSED
---- bind-28.8 start
++++ bind-28.8 PASSED
---- bind-28.9 start
++++ bind-28.9 PASSED
---- bind-28.10 start
++++ bind-28.10 PASSED
---- bind-28.11 start
++++ bind-28.11 PASSED
---- bind-28.12 start
++++ bind-28.12 PASSED
---- bind-28.13 start
++++ bind-28.13 PASSED
---- bind-28.14 start
++++ bind-28.14 PASSED
---- bind-28.15 start
++++ bind-28.15 PASSED
---- bind-29.1 start
++++ bind-29.1 PASSED
---- bind-29.2 start
++++ bind-29.2 PASSED
---- bind-30.1 start
++++ bind-30.1 PASSED
---- bind-30.2 start
++++ bind-30.2 PASSED
---- bind-30.3 start
++++ bind-30.3 PASSED
---- bind-31.1 start
++++ bind-31.1 PASSED
---- bind-31.2 start
++++ bind-31.2 PASSED
---- bind-31.3 start
++++ bind-31.3 PASSED
---- bind-31.4 start
++++ bind-31.4 PASSED
---- bind-31.5 start
++++ bind-31.5 PASSED
---- bind-31.6 start
++++ bind-31.6 PASSED
---- bind-31.7 start
++++ bind-31.7 PASSED
---- bind-32.1 start
++++ bind-32.1 PASSED
---- bind-32.2 start
++++ bind-32.2 PASSED
---- bind-32.3 start
++++ bind-32.3 PASSED
---- bind-32.4 start
++++ bind-32.4 PASSED
---- bind-32.5 start
++++ bind-32.5 PASSED
---- bind-32.6 start
++++ bind-32.6 PASSED
---- bind-32.7 start
++++ bind-32.7 PASSED
---- bind-32.8 start
++++ bind-32.8 PASSED
---- bind-32.9 start
++++ bind-32.9 PASSED
---- bind-32.10 start
++++ bind-32.10 PASSED
---- bind-32.11 start
++++ bind-32.11 PASSED
---- bind-32.12 start
++++ bind-32.12 PASSED
---- bind-32.13 start
++++ bind-32.13 PASSED
---- bind-32.14 start
++++ bind-32.14 PASSED
---- bind-32.15 start
++++ bind-32.15 PASSED
---- bind-33.1 start
++++ bind-33.1 PASSED
---- bind-33.2 start
++++ bind-33.2 PASSED
---- bind-33.3 start
++++ bind-33.3 PASSED
---- bind-33.4 start
++++ bind-33.4 PASSED
---- bind-33.5 start
++++ bind-33.5 PASSED
---- bind-33.6 start
++++ bind-33.6 PASSED
---- bind-33.7 start
++++ bind-33.7 PASSED
---- bind-33.8 start
++++ bind-33.8 PASSED
---- bind-33.9 start
++++ bind-33.9 PASSED
---- bind-33.10 start
++++ bind-33.10 PASSED
---- bind-33.11 start
++++ bind-33.11 PASSED
---- bind-33.12 start
++++ bind-33.12 PASSED
---- bind-33.13 start
++++ bind-33.13 PASSED
---- bind-33.14 start
++++ bind-33.14 PASSED
---- bind-33.15 start
++++ bind-33.15 PASSED
---- bind-33.16 start
++++ bind-33.16 PASSED
---- bind-33.17 start
++++ bind-33.17 PASSED
---- bind-33.18 start
++++ bind-33.18 PASSED
---- bind-33.19 start
++++ bind-33.19 PASSED
---- bind-33.20 start
++++ bind-33.20 PASSED
---- bind-33.21 start
++++ bind-33.21 PASSED
---- bind-34.1 start
++++ bind-34.1 PASSED
---- bind-34.2 start
++++ bind-34.2 PASSED
---- bind-34.3 start
++++ bind-34.3 PASSED
---- bind-35.0 start
++++ bind-35.0 PASSED
---- bind-35.1 start
++++ bind-35.1 PASSED
---- bind-35.2 start
++++ bind-35.2 PASSED
---- bind-35.3 start
++++ bind-35.3 PASSED
---- bind-36.1 start
++++ bind-36.1 PASSED
---- bind-37.1 start
++++ bind-37.1 PASSED
bitmap.test
---- bitmap-1.1 start
++++ bitmap-1.1 PASSED
---- bitmap-1.2 start
++++ bitmap-1.2 PASSED
---- bitmap-1.3 start
++++ bitmap-1.3 PASSED
---- bitmap-2.1 start
++++ bitmap-2.1 PASSED
---- bitmap-2.2 start
++++ bitmap-2.2 PASSED
---- bitmap-3.1 start
++++ bitmap-3.1 PASSED
---- bitmap-4.1 start
++++ bitmap-4.1 PASSED
border.test
---- border-1.1 start
++++ border-1.1 PASSED
---- border-1.2 start
++++ border-1.2 PASSED
---- border-1.3 start
++++ border-1.3 PASSED
++++ border-1.4 SKIPPED: pseudocolor8
++++ border-2.1 SKIPPED: pseudocolor8
++++ border-2.2 SKIPPED: pseudocolor8
---- border-3.1 start
++++ border-3.1 PASSED
---- border-4.1 start
++++ border-4.1 PASSED
---- border-4.2 start
++++ border-4.2 PASSED
---- border-4.3 start
++++ border-4.3 PASSED
---- border-4.4 start
++++ border-4.4 PASSED
---- border-4.5 start
++++ border-4.5 PASSED
---- border-4.6 start
++++ border-4.6 PASSED
---- border-4.7 start
++++ border-4.7 PASSED
busy.test
---- busy-1.1 start
++++ busy-1.1 PASSED
---- busy-2.1 start
++++ busy-2.1 PASSED
---- busy-2.2 start
++++ busy-2.2 PASSED
---- busy-2.3 start
++++ busy-2.3 PASSED
---- busy-2.4 start
++++ busy-2.4 PASSED
---- busy-2.5 start
++++ busy-2.5 PASSED
---- busy-2.6 start
++++ busy-2.6 PASSED
---- busy-2.7 start
++++ busy-2.7 PASSED
---- busy-2.8 start
++++ busy-2.8 PASSED
---- busy-2.9 start
++++ busy-2.9 PASSED
---- busy-2.10 start
++++ busy-2.10 PASSED
---- busy-2.11 start
++++ busy-2.11 PASSED
---- busy-2.12 start
++++ busy-2.12 PASSED
---- busy-2.13 start
++++ busy-2.13 PASSED
---- busy-2.14 start
++++ busy-2.14 PASSED
---- busy-2.15 start
++++ busy-2.15 PASSED
---- busy-3.1 start
++++ busy-3.1 PASSED
---- busy-3.2 start
++++ busy-3.2 PASSED
---- busy-3.3 start
++++ busy-3.3 PASSED
---- busy-3.4 start
++++ busy-3.4 PASSED
---- busy-3.5 start
++++ busy-3.5 PASSED
---- busy-3.6unix start
++++ busy-3.6unix PASSED
++++ busy-3.6win SKIPPED: win
---- busy-3.7 start
++++ busy-3.7 PASSED
---- busy-4.1 start
++++ busy-4.1 PASSED
---- busy-4.2 start
++++ busy-4.2 PASSED
---- busy-4.3 start
++++ busy-4.3 PASSED
---- busy-4.4 start
++++ busy-4.4 PASSED
++++ busy-4.4-win SKIPPED: win
---- busy-4.5 start
++++ busy-4.5 PASSED
++++ busy-4.5-win SKIPPED: win
---- busy-4.6 start
++++ busy-4.6 PASSED
---- busy-4.7 start
++++ busy-4.7 PASSED
++++ busy-4.7-win SKIPPED: win
---- busy-4.8 start
++++ busy-4.8 PASSED
++++ busy-4.8-win SKIPPED: win
---- busy-4.9 start
++++ busy-4.9 PASSED
---- busy-4.10 start
++++ busy-4.10 PASSED
---- busy-5.1 start
++++ busy-5.1 PASSED
---- busy-5.2 start
++++ busy-5.2 PASSED
---- busy-5.3 start
++++ busy-5.3 PASSED
---- busy-5.4 start
++++ busy-5.4 PASSED
---- busy-6.1 start
++++ busy-6.1 PASSED
---- busy-6.2 start
++++ busy-6.2 PASSED
---- busy-6.3 start
++++ busy-6.3 PASSED
---- busy-6.4 start
++++ busy-6.4 PASSED
---- busy-6.5 start
++++ busy-6.5 PASSED
---- busy-7.1 start
++++ busy-7.1 PASSED
---- busy-7.2 start
++++ busy-7.2 PASSED
---- busy-7.3 start
++++ busy-7.3 PASSED
---- busy-7.4 start
++++ busy-7.4 PASSED
---- busy-7.5 start
++++ busy-7.5 PASSED
---- busy-7.6 start
++++ busy-7.6 PASSED
---- busy-7.7 start
++++ busy-7.7 PASSED
---- busy-7.8 start
++++ busy-7.8 PASSED
---- busy-7.9 start
++++ busy-7.9 PASSED
---- busy-8.1 start
++++ busy-8.1 PASSED
---- busy-8.2 start
++++ busy-8.2 PASSED
---- busy-8.3 start
++++ busy-8.3 PASSED
button.test
---- button-1.1 start
++++ button-1.1 PASSED
---- button-1.2 start
++++ button-1.2 PASSED
---- button-1.3 start
++++ button-1.3 PASSED
---- button-1.4 start
++++ button-1.4 PASSED
---- button-1.5 start
++++ button-1.5 PASSED
---- button-1.6 start
++++ button-1.6 PASSED
---- button-1.7 start
++++ button-1.7 PASSED
---- button-1.8 start
++++ button-1.8 PASSED
---- button-1.9 start
++++ button-1.9 PASSED
---- button-1.10 start
++++ button-1.10 PASSED
---- button-1.11 start
++++ button-1.11 PASSED
---- button-1.12 start
++++ button-1.12 PASSED
---- button-1.13 start
++++ button-1.13 PASSED
---- button-1.14 start
++++ button-1.14 PASSED
---- button-1.15 start
++++ button-1.15 PASSED
---- button-1.16 start
++++ button-1.16 PASSED
---- button-1.17 start
++++ button-1.17 PASSED
---- button-1.18 start
++++ button-1.18 PASSED
---- button-1.19 start
++++ button-1.19 PASSED
---- button-1.20 start
++++ button-1.20 PASSED
---- button-1.21 start
++++ button-1.21 PASSED
---- button-1.22 start
++++ button-1.22 PASSED
---- button-1.23 start
++++ button-1.23 PASSED
---- button-1.24 start
++++ button-1.24 PASSED
---- button-1.25 start
++++ button-1.25 PASSED
---- button-1.26 start
++++ button-1.26 PASSED
---- button-1.27 start
++++ button-1.27 PASSED
---- button-1.28 start
++++ button-1.28 PASSED
---- button-1.29 start
++++ button-1.29 PASSED
---- button-1.30 start
++++ button-1.30 PASSED
---- button-1.31 start
++++ button-1.31 PASSED
---- button-1.32 start
++++ button-1.32 PASSED
---- button-1.33 start
++++ button-1.33 PASSED
---- button-1.34 start
++++ button-1.34 PASSED
---- button-1.35 start
++++ button-1.35 PASSED
---- button-1.36 start
++++ button-1.36 PASSED
---- button-1.37 start
++++ button-1.37 PASSED
---- button-1.38 start
++++ button-1.38 PASSED
---- button-1.39 start
++++ button-1.39 PASSED
---- button-1.40 start
++++ button-1.40 PASSED
---- button-1.41 start
++++ button-1.41 PASSED
---- button-1.42 start
++++ button-1.42 PASSED
---- button-1.43 start
++++ button-1.43 PASSED
---- button-1.44 start
++++ button-1.44 PASSED
---- button-1.45 start
++++ button-1.45 PASSED
---- button-1.46 start
++++ button-1.46 PASSED
---- button-1.47 start
++++ button-1.47 PASSED
---- button-1.48 start
++++ button-1.48 PASSED
---- button-1.49 start
++++ button-1.49 PASSED
---- button-1.50 start
++++ button-1.50 PASSED
---- button-1.51 start
++++ button-1.51 PASSED
---- button-1.52 start
++++ button-1.52 PASSED
---- button-1.53 start
++++ button-1.53 PASSED
---- button-1.54 start
++++ button-1.54 PASSED
---- button-1.55 start
++++ button-1.55 PASSED
---- button-1.56 start
++++ button-1.56 PASSED
---- button-1.57 start
++++ button-1.57 PASSED
---- button-1.58 start
++++ button-1.58 PASSED
---- button-1.59 start
++++ button-1.59 PASSED
---- button-1.60 start
++++ button-1.60 PASSED
---- button-1.61 start
++++ button-1.61 PASSED
---- button-1.62 start
++++ button-1.62 PASSED
---- button-1.63 start
++++ button-1.63 PASSED
---- button-1.64 start
++++ button-1.64 PASSED
---- button-1.65 start
++++ button-1.65 PASSED
---- button-1.66 start
++++ button-1.66 PASSED
---- button-1.67 start
++++ button-1.67 PASSED
---- button-1.68 start
++++ button-1.68 PASSED
---- button-1.69 start
++++ button-1.69 PASSED
---- button-1.70 start
++++ button-1.70 PASSED
---- button-1.71 start
++++ button-1.71 PASSED
---- button-1.72 start
++++ button-1.72 PASSED
---- button-1.73 start
++++ button-1.73 PASSED
---- button-1.74 start
++++ button-1.74 PASSED
---- button-1.75 start
++++ button-1.75 PASSED
---- button-1.76 start
++++ button-1.76 PASSED
---- button-1.77 start
++++ button-1.77 PASSED
---- button-1.78 start
++++ button-1.78 PASSED
---- button-1.79 start
++++ button-1.79 PASSED
---- button-1.80 start
++++ button-1.80 PASSED
---- button-1.81 start
++++ button-1.81 PASSED
---- button-1.82 start
++++ button-1.82 PASSED
---- button-1.83 start
++++ button-1.83 PASSED
---- button-1.84 start
++++ button-1.84 PASSED
---- button-1.85 start
++++ button-1.85 PASSED
---- button-1.86 start
++++ button-1.86 PASSED
---- button-1.87 start
++++ button-1.87 PASSED
---- button-1.88 start
++++ button-1.88 PASSED
---- button-1.89 start
++++ button-1.89 PASSED
---- button-1.90 start
++++ button-1.90 PASSED
---- button-1.91 start
++++ button-1.91 PASSED
---- button-1.92 start
++++ button-1.92 PASSED
---- button-1.93 start
++++ button-1.93 PASSED
---- button-1.94 start
++++ button-1.94 PASSED
---- button-1.95 start
++++ button-1.95 PASSED
---- button-1.96 start
++++ button-1.96 PASSED
---- button-1.97 start
++++ button-1.97 PASSED
---- button-1.98 start
++++ button-1.98 PASSED
---- button-1.99 start
++++ button-1.99 PASSED
---- button-1.100 start
++++ button-1.100 PASSED
---- button-1.101 start
++++ button-1.101 PASSED
---- button-1.102 start
++++ button-1.102 PASSED
---- button-1.103 start
++++ button-1.103 PASSED
---- button-1.104 start
++++ button-1.104 PASSED
---- button-1.105 start
++++ button-1.105 PASSED
---- button-1.106 start
++++ button-1.106 PASSED
---- button-1.107 start
++++ button-1.107 PASSED
---- button-1.108 start
++++ button-1.108 PASSED
---- button-1.109 start
++++ button-1.109 PASSED
---- button-1.110 start
++++ button-1.110 PASSED
---- button-1.111 start
++++ button-1.111 PASSED
---- button-1.112 start
++++ button-1.112 PASSED
---- button-1.113 start
++++ button-1.113 PASSED
---- button-1.114 start
++++ button-1.114 PASSED
---- button-1.115 start
++++ button-1.115 PASSED
---- button-1.116 start
++++ button-1.116 PASSED
---- button-1.117 start
++++ button-1.117 PASSED
---- button-1.118 start
++++ button-1.118 PASSED
---- button-1.119 start
++++ button-1.119 PASSED
---- button-1.120 start
++++ button-1.120 PASSED
---- button-1.121 start
++++ button-1.121 PASSED
---- button-1.122 start
++++ button-1.122 PASSED
---- button-1.123 start
++++ button-1.123 PASSED
---- button-1.124 start
++++ button-1.124 PASSED
---- button-1.125 start
++++ button-1.125 PASSED
---- button-1.126 start
++++ button-1.126 PASSED
---- button-1.127 start
++++ button-1.127 PASSED
---- button-1.128 start
++++ button-1.128 PASSED
---- button-1.129 start
++++ button-1.129 PASSED
---- button-1.130 start
++++ button-1.130 PASSED
---- button-1.131 start
++++ button-1.131 PASSED
---- button-1.132 start
++++ button-1.132 PASSED
---- button-1.133 start
++++ button-1.133 PASSED
---- button-1.134 start
++++ button-1.134 PASSED
---- button-1.135 start
++++ button-1.135 PASSED
---- button-1.136 start
++++ button-1.136 PASSED
---- button-1.137 start
++++ button-1.137 PASSED
---- button-1.138 start
++++ button-1.138 PASSED
---- button-1.139 start
++++ button-1.139 PASSED
---- button-1.140 start
++++ button-1.140 PASSED
---- button-1.141 start
++++ button-1.141 PASSED
---- button-1.142 start
++++ button-1.142 PASSED
---- button-1.143 start
++++ button-1.143 PASSED
---- button-1.144 start
++++ button-1.144 PASSED
---- button-1.145 start
++++ button-1.145 PASSED
---- button-1.146 start
++++ button-1.146 PASSED
---- button-1.147 start
++++ button-1.147 PASSED
---- button-1.148 start
++++ button-1.148 PASSED
---- button-1.149 start
++++ button-1.149 PASSED
---- button-1.150 start
++++ button-1.150 PASSED
---- button-1.151 start
++++ button-1.151 PASSED
---- button-1.152 start
++++ button-1.152 PASSED
---- button-1.153 start
++++ button-1.153 PASSED
---- button-1.154 start
++++ button-1.154 PASSED
---- button-1.155 start
++++ button-1.155 PASSED
---- button-1.156 start
++++ button-1.156 PASSED
---- button-1.157 start
++++ button-1.157 PASSED
---- button-1.158 start
++++ button-1.158 PASSED
---- button-1.159 start
++++ button-1.159 PASSED
---- button-1.160 start
++++ button-1.160 PASSED
---- button-1.161 start
++++ button-1.161 PASSED
---- button-1.162 start
++++ button-1.162 PASSED
---- button-1.163 start
++++ button-1.163 PASSED
---- button-1.164 start
++++ button-1.164 PASSED
---- button-1.165 start
++++ button-1.165 PASSED
---- button-1.166 start
++++ button-1.166 PASSED
---- button-1.167 start
++++ button-1.167 PASSED
---- button-1.168 start
++++ button-1.168 PASSED
---- button-1.169 start
++++ button-1.169 PASSED
---- button-1.170 start
++++ button-1.170 PASSED
---- button-1.171 start
++++ button-1.171 PASSED
---- button-1.172 start
++++ button-1.172 PASSED
---- button-1.173 start
++++ button-1.173 PASSED
---- button-1.174 start
++++ button-1.174 PASSED
---- button-1.175 start
++++ button-1.175 PASSED
---- button-1.176 start
++++ button-1.176 PASSED
---- button-1.177 start
++++ button-1.177 PASSED
---- button-1.178 start
++++ button-1.178 PASSED
---- button-1.179 start
++++ button-1.179 PASSED
---- button-1.180 start
++++ button-1.180 PASSED
---- button-1.181 start
++++ button-1.181 PASSED
---- button-1.182 start
++++ button-1.182 PASSED
---- button-1.183 start
++++ button-1.183 PASSED
---- button-1.184 start
++++ button-1.184 PASSED
---- button-1.185 start
++++ button-1.185 PASSED
---- button-1.186 start
++++ button-1.186 PASSED
---- button-1.187 start
++++ button-1.187 PASSED
---- button-1.188 start
++++ button-1.188 PASSED
---- button-1.189 start
++++ button-1.189 PASSED
---- button-1.190 start
++++ button-1.190 PASSED
---- button-1.191 start
++++ button-1.191 PASSED
---- button-1.192 start
++++ button-1.192 PASSED
---- button-1.193 start
++++ button-1.193 PASSED
---- button-1.194 start
++++ button-1.194 PASSED
---- button-1.195 start
++++ button-1.195 PASSED
---- button-1.196 start
++++ button-1.196 PASSED
---- button-1.197 start
++++ button-1.197 PASSED
---- button-1.198 start
++++ button-1.198 PASSED
---- button-1.199 start
++++ button-1.199 PASSED
---- button-1.200 start
++++ button-1.200 PASSED
---- button-1.201 start
++++ button-1.201 PASSED
---- button-1.202 start
++++ button-1.202 PASSED
---- button-1.203 start
++++ button-1.203 PASSED
---- button-1.204 start
++++ button-1.204 PASSED
---- button-1.205 start
++++ button-1.205 PASSED
---- button-1.206 start
++++ button-1.206 PASSED
---- button-1.207 start
++++ button-1.207 PASSED
---- button-1.208 start
++++ button-1.208 PASSED
---- button-1.209 start
++++ button-1.209 PASSED
---- button-1.210 start
++++ button-1.210 PASSED
---- button-1.211 start
++++ button-1.211 PASSED
---- button-1.212 start
++++ button-1.212 PASSED
---- button-1.213 start
++++ button-1.213 PASSED
---- button-1.214 start
++++ button-1.214 PASSED
---- button-1.215 start
++++ button-1.215 PASSED
---- button-1.216 start
++++ button-1.216 PASSED
---- button-1.217 start
++++ button-1.217 PASSED
---- button-1.218 start
++++ button-1.218 PASSED
---- button-1.219 start
++++ button-1.219 PASSED
---- button-1.220 start
++++ button-1.220 PASSED
---- button-1.221 start
++++ button-1.221 PASSED
---- button-1.222 start
++++ button-1.222 PASSED
---- button-1.223 start
++++ button-1.223 PASSED
---- button-1.224 start
++++ button-1.224 PASSED
---- button-1.225 start
++++ button-1.225 PASSED
---- button-1.226 start
++++ button-1.226 PASSED
---- button-1.227 start
++++ button-1.227 PASSED
---- button-1.228 start
++++ button-1.228 PASSED
---- button-1.229 start
++++ button-1.229 PASSED
---- button-1.230 start
++++ button-1.230 PASSED
---- button-1.231 start
++++ button-1.231 PASSED
---- button-1.232 start
++++ button-1.232 PASSED
---- button-1.233 start
++++ button-1.233 PASSED
---- button-1.234 start
++++ button-1.234 PASSED
---- button-1.235 start
++++ button-1.235 PASSED
---- button-1.236 start
++++ button-1.236 PASSED
---- button-1.237 start
++++ button-1.237 PASSED
---- button-1.238 start
++++ button-1.238 PASSED
---- button-1.239 start
++++ button-1.239 PASSED
---- button-1.240 start
++++ button-1.240 PASSED
---- button-1.241 start
++++ button-1.241 PASSED
---- button-1.242 start
++++ button-1.242 PASSED
---- button-1.243 start
++++ button-1.243 PASSED
---- button-1.244 start
++++ button-1.244 PASSED
---- button-1.245 start
++++ button-1.245 PASSED
---- button-1.246 start
++++ button-1.246 PASSED
---- button-1.247 start
++++ button-1.247 PASSED
---- button-1.248 start
++++ button-1.248 PASSED
---- button-1.249 start
++++ button-1.249 PASSED
---- button-1.250 start
++++ button-1.250 PASSED
---- button-1.251 start
++++ button-1.251 PASSED
---- button-1.252 start
++++ button-1.252 PASSED
---- button-1.253 start
++++ button-1.253 PASSED
---- button-1.254 start
++++ button-1.254 PASSED
---- button-1.255 start
++++ button-1.255 PASSED
---- button-1.256 start
++++ button-1.256 PASSED
---- button-1.257 start
++++ button-1.257 PASSED
---- button-1.258 start
++++ button-1.258 PASSED
---- button-1.259 start
++++ button-1.259 PASSED
---- button-1.260 start
++++ button-1.260 PASSED
---- button-1.261 start
++++ button-1.261 PASSED
---- button-1.262 start
++++ button-1.262 PASSED
---- button-1.263 start
++++ button-1.263 PASSED
---- button-1.264 start
++++ button-1.264 PASSED
---- button-1.265 start
++++ button-1.265 PASSED
---- button-1.266 start
++++ button-1.266 PASSED
---- button-1.267 start
++++ button-1.267 PASSED
---- button-1.268 start
++++ button-1.268 PASSED
---- button-1.269 start
++++ button-1.269 PASSED
---- button-1.270 start
++++ button-1.270 PASSED
---- button-1.271 start
++++ button-1.271 PASSED
---- button-2.1 start
++++ button-2.1 PASSED
---- button-2.2 start
++++ button-2.2 PASSED
---- button-2.3 start
++++ button-2.3 PASSED
---- button-2.4 start
++++ button-2.4 PASSED
---- button-2.5 start
++++ button-2.5 PASSED
---- button-2.6 start
++++ button-2.6 PASSED
---- button-2.7 start
++++ button-2.7 PASSED
---- button-2.8 start
++++ button-2.8 PASSED
---- button-2.9 start
++++ button-2.9 PASSED
---- button-2.10 start
++++ button-2.10 PASSED
---- button-2.11 start
++++ button-2.11 PASSED
---- button-2.12 start
++++ button-2.12 PASSED
---- button-3.1 start
++++ button-3.1 PASSED
---- button-3.2 start
++++ button-3.2 PASSED
---- button-3.3 start
++++ button-3.3 PASSED
---- button-3.4 start
++++ button-3.4 PASSED
---- button-3.5 start
++++ button-3.5 PASSED
---- button-3.6 start
++++ button-3.6 PASSED
---- button-3.7 start
++++ button-3.7 PASSED
---- button-3.8 start
++++ button-3.8 PASSED
---- button-3.9 start
++++ button-3.9 PASSED
---- button-3.10 start
++++ button-3.10 PASSED
---- button-3.11 start
++++ button-3.11 PASSED
---- button-3.12 start
++++ button-3.12 PASSED
---- button-3.13 start
++++ button-3.13 PASSED
---- button-3.14 start
++++ button-3.14 PASSED
---- button-3.15 start
++++ button-3.15 PASSED
---- button-3.16 start
++++ button-3.16 PASSED
---- button-3.17 start
++++ button-3.17 PASSED
---- button-3.18 start
++++ button-3.18 PASSED
---- button-3.19 start
++++ button-3.19 PASSED
---- button-3.20 start
++++ button-3.20 PASSED
---- button-3.21 start
++++ button-3.21 PASSED
---- button-3.22 start
++++ button-3.22 PASSED
---- button-3.23 start
++++ button-3.23 PASSED
---- button-3.24 start
++++ button-3.24 PASSED
---- button-3.25 start
++++ button-3.25 PASSED
---- button-3.26 start
++++ button-3.26 PASSED
---- button-3.27 start
++++ button-3.27 PASSED
---- button-3.28 start
++++ button-3.28 PASSED
---- button-3.29 start
++++ button-3.29 PASSED
---- button-3.30 start
++++ button-3.30 PASSED
---- button-3.31 start
++++ button-3.31 PASSED
---- button-3.32 start
++++ button-3.32 PASSED
---- button-3.33 start
++++ button-3.33 PASSED
---- button-3.34 start
++++ button-3.34 PASSED
---- button-3.35 start
++++ button-3.35 PASSED
---- button-3.36 start
++++ button-3.36 PASSED
---- button-3.37 start
++++ button-3.37 PASSED
---- button-3.38 start
++++ button-3.38 PASSED
---- button-3.39 start
++++ button-3.39 PASSED
---- button-3.40 start
++++ button-3.40 PASSED
---- button-3.41 start
++++ button-3.41 PASSED
---- button-3.42 start
++++ button-3.42 PASSED
---- button-3.43 start
++++ button-3.43 PASSED
---- button-3.44 start
++++ button-3.44 PASSED
---- button-3.45 start
++++ button-3.45 PASSED
---- button-3.46 start
++++ button-3.46 PASSED
---- button-3.47 start
++++ button-3.47 PASSED
---- button-3.48 start
++++ button-3.48 PASSED
---- button-3.49 start
++++ button-3.49 PASSED
---- button-3.50 start
++++ button-3.50 PASSED
---- button-3.51 start
++++ button-3.51 PASSED
---- button-3.52 start
++++ button-3.52 PASSED
---- button-3.53 start
++++ button-3.53 PASSED
---- button-3.54 start
++++ button-3.54 PASSED
---- button-3.55 start
++++ button-3.55 PASSED
---- button-3.56 start
++++ button-3.56 PASSED
---- button-4.1 start
++++ button-4.1 PASSED
---- button-5.1 start
++++ button-5.1 PASSED
---- button-5.2 start
++++ button-5.2 PASSED
---- button-5.3 start
++++ button-5.3 PASSED
---- button-5.4 start
++++ button-5.4 PASSED
---- button-5.5 start
++++ button-5.5 PASSED
---- button-5.6 start
++++ button-5.6 PASSED
---- button-5.7 start
++++ button-5.7 PASSED
---- button-5.8 start
++++ button-5.8 PASSED
---- button-5.9 start
++++ button-5.9 PASSED
---- button-5.10 start
++++ button-5.10 PASSED
---- button-5.11 start
++++ button-5.11 PASSED
---- button-5.12 start
++++ button-5.12 PASSED
---- button-5.13 start
++++ button-5.13 PASSED
---- button-5.14 start
++++ button-5.14 PASSED
---- button-5.15 start
++++ button-5.15 PASSED
---- button-5.16 start
++++ button-5.16 PASSED
---- button-5.17 start
++++ button-5.17 PASSED
---- button-5.18 start
++++ button-5.18 PASSED
---- button-5.19 start
++++ button-5.19 PASSED
---- button-5.20 start
++++ button-5.20 PASSED
---- button-5.21 start
++++ button-5.21 PASSED
---- button-5.22 start
++++ button-5.22 PASSED
---- button-5.23 start
++++ button-5.23 PASSED
++++ button-5.24 SKIPPED: fonts
---- button-5.25 start
++++ button-5.25 PASSED
---- button-6.1 start
++++ button-6.1 PASSED
---- button-6.2 start
++++ button-6.2 PASSED
---- button-7.1 start
++++ button-7.1 PASSED
---- button-8.1 start
++++ button-8.1 PASSED
---- button-8.2 start
++++ button-8.2 PASSED
---- button-8.3 start
++++ button-8.3 PASSED
---- button-8.4 start
++++ button-8.4 PASSED
---- button-8.5 start
++++ button-8.5 PASSED
---- button-8.6 start
++++ button-8.6 PASSED
---- button-8.7 start
++++ button-8.7 PASSED
---- button-8.8 start
++++ button-8.8 PASSED
---- button-8.9 start
++++ button-8.9 PASSED
---- button-8.10 start
++++ button-8.10 PASSED
---- button-8.11 start
++++ button-8.11 PASSED
---- button-9.1 start
++++ button-9.1 PASSED
---- button-9.2 start
++++ button-9.2 PASSED
---- button-9.3 start
++++ button-9.3 PASSED
---- button-9.4 start
++++ button-9.4 PASSED
---- button-9.5 start
++++ button-9.5 PASSED
---- button-9.6 start
++++ button-9.6 PASSED
---- button-9.7 start
++++ button-9.7 PASSED
---- button-9.8 start
++++ button-9.8 PASSED
---- button-10.1 start
++++ button-10.1 PASSED
---- button-10.2 start
++++ button-10.2 PASSED
---- button-11.1 start
++++ button-11.1 PASSED
---- button-12.1 start
++++ button-12.1 PASSED
---- button-13.1 start
++++ button-13.1 PASSED
---- button-13.2 start
++++ button-13.2 PASSED
---- button-13.3 start
++++ button-13.3 PASSED
---- button-13.4 start
++++ button-13.4 PASSED
---- button-13.5 start
++++ button-13.5 PASSED
---- button-13.6 start
++++ button-13.6 PASSED
---- button-13.7 start
++++ button-13.7 PASSED
---- button-13.8 start
++++ button-13.8 PASSED
---- button-14.1 start
++++ button-14.1 PASSED
---- button-15.1 start
++++ button-15.1 PASSED
---- button-15.2 start
++++ button-15.2 PASSED
---- button-15.3 start
++++ button-15.3 PASSED
canvImg.test
---- canvImg-1.1 start
++++ canvImg-1.1 PASSED
---- canvImg-1.2 start
++++ canvImg-1.2 PASSED
---- canvImg-1.3 start
++++ canvImg-1.3 PASSED
---- canvImg-1.4 start
++++ canvImg-1.4 PASSED
---- canvImg-1.5 start
++++ canvImg-1.5 PASSED
---- canvImg-2.1 start
++++ canvImg-2.1 PASSED
---- canvImg-2.2 start
++++ canvImg-2.2 PASSED
---- canvImg-2.3 start
++++ canvImg-2.3 PASSED
---- canvImg-2.4 start
++++ canvImg-2.4 PASSED
---- canvImg-2.5 start
++++ canvImg-2.5 PASSED
---- canvImg-2.6 start
++++ canvImg-2.6 PASSED
---- canvImg-3.1 start
++++ canvImg-3.1 PASSED
---- canvImg-3.2 start
++++ canvImg-3.2 PASSED
---- canvImg-3.3 start
++++ canvImg-3.3 PASSED
---- canvImg-3.4 start
++++ canvImg-3.4 PASSED
---- canvImg-3.5 start
++++ canvImg-3.5 PASSED
---- canvImg-4.1 start
++++ canvImg-4.1 PASSED
---- canvImg-4.2 start
++++ canvImg-4.2 PASSED
---- canvImg-4.3 start
++++ canvImg-4.3 PASSED
---- canvImg-5.1 start
++++ canvImg-5.1 PASSED
---- canvImg-5.2 start
++++ canvImg-5.2 PASSED
---- canvImg-6.1 start
++++ canvImg-6.1 PASSED
---- canvImg-6.2 start
++++ canvImg-6.2 PASSED
---- canvImg-6.3 start
++++ canvImg-6.3 PASSED
---- canvImg-6.4 start
++++ canvImg-6.4 PASSED
---- canvImg-6.5 start
++++ canvImg-6.5 PASSED
---- canvImg-6.6 start
++++ canvImg-6.6 PASSED
---- canvImg-6.7 start
++++ canvImg-6.7 PASSED
---- canvImg-6.8 start
++++ canvImg-6.8 PASSED
---- canvImg-6.9 start
++++ canvImg-6.9 PASSED
---- canvImg-6.10 start
++++ canvImg-6.10 PASSED
---- canvImg-6.11 start
++++ canvImg-6.11 PASSED
---- canvImg-6.12 start
++++ canvImg-6.12 PASSED
---- canvImg-7.1 start
++++ canvImg-7.1 PASSED
---- canvImg-7.2 start
++++ canvImg-7.2 PASSED
---- canvImg-8.1 start
++++ canvImg-8.1 PASSED
---- canvImg-8.2 start
++++ canvImg-8.2 PASSED
---- canvImg-8.3 start
++++ canvImg-8.3 PASSED
---- canvImg-8.4 start
++++ canvImg-8.4 PASSED
---- canvImg-8.5 start
++++ canvImg-8.5 PASSED
---- canvImg-8.6 start
++++ canvImg-8.6 PASSED
---- canvImg-8.7 start
++++ canvImg-8.7 PASSED
---- canvImg-8.8 start
++++ canvImg-8.8 PASSED
---- canvImg-8.9 start
++++ canvImg-8.9 PASSED
---- canvImg-8.10 start
++++ canvImg-8.10 PASSED
---- canvImg-8.11 start
++++ canvImg-8.11 PASSED
---- canvImg-8.12 start
++++ canvImg-8.12 PASSED
---- canvImg-8.13 start
++++ canvImg-8.13 PASSED
---- canvImg-8.14 start
++++ canvImg-8.14 PASSED
---- canvImg-8.15 start
++++ canvImg-8.15 PASSED
---- canvImg-8.16 start
++++ canvImg-8.16 PASSED
---- canvImg-8.17 start
++++ canvImg-8.17 PASSED
---- canvImg-8.18 start
++++ canvImg-8.18 PASSED
---- canvImg-8.19 start
++++ canvImg-8.19 PASSED
---- canvImg-8.20 start
++++ canvImg-8.20 PASSED
---- canvImg-8.21 start
++++ canvImg-8.21 PASSED
---- canvImg-8.22 start
++++ canvImg-8.22 PASSED
---- canvImg-8.23 start
++++ canvImg-8.23 PASSED
---- canvImg-8.24 start
++++ canvImg-8.24 PASSED
---- canvImg-8.25 start
++++ canvImg-8.25 PASSED
---- canvImg-8.26 start
++++ canvImg-8.26 PASSED
---- canvImg-8.27 start
++++ canvImg-8.27 PASSED
---- canvImg-8.28 start
++++ canvImg-8.28 PASSED
---- canvImg-8.29 start
++++ canvImg-8.29 PASSED
---- canvImg-8.30 start
++++ canvImg-8.30 PASSED
---- canvImg-8.31 start
++++ canvImg-8.31 PASSED
---- canvImg-8.32 start
++++ canvImg-8.32 PASSED
---- canvImg-8.33 start
++++ canvImg-8.33 PASSED
---- canvImg-8.34 start
++++ canvImg-8.34 PASSED
---- canvImg-8.35 start
++++ canvImg-8.35 PASSED
---- canvImg-8.36 start
++++ canvImg-8.36 PASSED
---- canvImg-8.37 start
++++ canvImg-8.37 PASSED
---- canvImg-8.38 start
++++ canvImg-8.38 PASSED
---- canvImg-8.39 start
++++ canvImg-8.39 PASSED
---- canvImg-8.40 start
++++ canvImg-8.40 PASSED
---- canvImg-8.41 start
++++ canvImg-8.41 PASSED
---- canvImg-8.42 start
++++ canvImg-8.42 PASSED
---- canvImg-8.43 start
++++ canvImg-8.43 PASSED
---- canvImg-8.44 start
++++ canvImg-8.44 PASSED
---- canvImg-9.1 start
++++ canvImg-9.1 PASSED
---- canvImg-10.1 start
++++ canvImg-10.1 PASSED
---- canvImg-11.1 start
++++ canvImg-11.1 PASSED
---- canvImg-11.2 start
++++ canvImg-11.2 PASSED
---- canvImg-11.3 start
++++ canvImg-11.3 PASSED
canvMoveto.test
---- canvMoveto-1.1 start
++++ canvMoveto-1.1 PASSED
---- canvMoveto-1.2 start
++++ canvMoveto-1.2 PASSED
---- canvMoveto-1.3 start
++++ canvMoveto-1.3 PASSED
---- canvMoveto-1.4 start
++++ canvMoveto-1.4 PASSED
---- canvMoveto-1.5 start
++++ canvMoveto-1.5 PASSED
---- canvMoveto-2.1 start
++++ canvMoveto-2.1 PASSED
---- canvMoveto-2.2 start
++++ canvMoveto-2.2 PASSED
---- canvMoveto-2.3 start
++++ canvMoveto-2.3 PASSED
canvPs.test
---- canvPs-1.1 start
++++ canvPs-1.1 PASSED
---- canvPs-1.2 start
++++ canvPs-1.2 PASSED
---- canvPs-2.1 start
++++ canvPs-2.1 PASSED
---- canvPs-2.2 start
++++ canvPs-2.2 PASSED
---- canvPs-2.3 start
++++ canvPs-2.3 PASSED
++++ canvPs-2.4 SKIPPED: win
---- canvPs-3.1 start
++++ canvPs-3.1 PASSED
---- canvPs-3.2 start
++++ canvPs-3.2 PASSED
---- canvPs-4.1 start
++++ canvPs-4.1 PASSED
---- canvPs-5.1 start
++++ canvPs-5.1 PASSED
---- canvPs-5.2 start
++++ canvPs-5.2 PASSED
canvRect.test
---- canvRect-1.1 start
++++ canvRect-1.1 PASSED
---- canvRect-1.2 start
++++ canvRect-1.2 PASSED
---- canvRect-1.3 start
++++ canvRect-1.3 PASSED
---- canvRect-1.4 start
++++ canvRect-1.4 PASSED
---- canvRect-1.5 start
++++ canvRect-1.5 PASSED
---- canvRect-1.6 start
++++ canvRect-1.6 PASSED
---- canvRect-1.7 start
++++ canvRect-1.7 PASSED
---- canvRect-1.8 start
++++ canvRect-1.8 PASSED
---- canvRect-1.9 start
++++ canvRect-1.9 PASSED
---- canvRect-1.10 start
++++ canvRect-1.10 PASSED
---- canvRect-2.1 start
++++ canvRect-2.1 PASSED
---- canvRect-2.2 start
++++ canvRect-2.2 PASSED
---- canvRect-2.3 start
++++ canvRect-2.3 PASSED
---- canvRect-2.4 start
++++ canvRect-2.4 PASSED
---- canvRect-2.5 start
++++ canvRect-2.5 PASSED
---- canvRect-2.6 start
++++ canvRect-2.6 PASSED
---- canvRect-2.7 start
++++ canvRect-2.7 PASSED
---- canvRect-2.8 start
++++ canvRect-2.8 PASSED
---- canvRect-3.1 start
++++ canvRect-3.1 PASSED
---- canvRect-3.2 start
++++ canvRect-3.2 PASSED
---- canvRect-3.3 start
++++ canvRect-3.3 PASSED
---- canvRect-3.4 start
++++ canvRect-3.4 PASSED
---- canvRect-3.5 start
++++ canvRect-3.5 PASSED
---- canvRect-3.6 start
++++ canvRect-3.6 PASSED
---- canvRect-3.7 start
++++ canvRect-3.7 PASSED
---- canvRect-4.1 start
++++ canvRect-4.1 PASSED
---- canvRect-4.2 start
++++ canvRect-4.2 PASSED
---- canvRect-4.3 start
++++ canvRect-4.3 PASSED
---- canvRect-4.4 start
++++ canvRect-4.4 PASSED
---- canvRect-5.1 start
++++ canvRect-5.1 PASSED
---- canvRect-5.2 start
++++ canvRect-5.2 PASSED
---- canvRect-5.3 start
++++ canvRect-5.3 PASSED
---- canvRect-5.4 start
++++ canvRect-5.4 PASSED
---- canvRect-6.1 start
++++ canvRect-6.1 PASSED
---- canvRect-6.2 start
++++ canvRect-6.2 PASSED
---- canvRect-6.3 start
++++ canvRect-6.3 PASSED
---- canvRect-6.4 start
++++ canvRect-6.4 PASSED
---- canvRect-6.5 start
++++ canvRect-6.5 PASSED
---- canvRect-6.6 start
++++ canvRect-6.6 PASSED
---- canvRect-6.7 start
++++ canvRect-6.7 PASSED
---- canvRect-7.1 start
++++ canvRect-7.1 PASSED
---- canvRect-7.2 start
++++ canvRect-7.2 PASSED
---- canvRect-7.3 start
++++ canvRect-7.3 PASSED
---- canvRect-7.4 start
++++ canvRect-7.4 PASSED
---- canvRect-7.5 start
++++ canvRect-7.5 PASSED
---- canvRect-7.6 start
++++ canvRect-7.6 PASSED
---- canvRect-8.1 start
++++ canvRect-8.1 PASSED
---- canvRect-8.2 start
++++ canvRect-8.2 PASSED
---- canvRect-8.3 start
++++ canvRect-8.3 PASSED
---- canvRect-9.1 start
++++ canvRect-9.1 PASSED
---- canvRect-10.1 start
++++ canvRect-10.1 PASSED
++++ canvRect-11.1 SKIPPED: nonPortable
canvText.test
---- canvText-1.1 start
++++ canvText-1.1 PASSED
---- canvasText-1.2 start
++++ canvasText-1.2 PASSED
---- canvText-1.3 start
++++ canvText-1.3 PASSED
---- canvasText-1.4 start
++++ canvasText-1.4 PASSED
---- canvText-1.5 start
++++ canvText-1.5 PASSED
---- canvText-1.6 start
++++ canvText-1.6 PASSED
---- canvasText-1.7 start
++++ canvasText-1.7 PASSED
---- canvText-1.8 start
++++ canvText-1.8 PASSED
---- canvasText-1.9 start
++++ canvasText-1.9 PASSED
---- canvText-1.10 start
++++ canvText-1.10 PASSED
---- canvasText-1.11 start
++++ canvasText-1.11 PASSED
---- canvText-1.12 start
++++ canvText-1.12 PASSED
---- canvasText-1.13 start
++++ canvasText-1.13 PASSED
---- canvText-1.14 start
++++ canvText-1.14 PASSED
---- canvasText-1.15 start
++++ canvasText-1.15 PASSED
---- canvText-1.16 start
++++ canvText-1.16 PASSED
---- canvasText-1.17 start
++++ canvasText-1.17 PASSED
---- canvasText-1.18 start
++++ canvasText-1.18 PASSED
---- canvasText-1.19 start
++++ canvasText-1.19 PASSED
---- canvText-2.1 start
++++ canvText-2.1 PASSED
---- canvText-2.2 start
++++ canvText-2.2 PASSED
---- canvText-2.3 start
++++ canvText-2.3 PASSED
---- canvText-2.4 start
++++ canvText-2.4 PASSED
---- canvText-2.5 start
++++ canvText-2.5 PASSED
---- canvText-3.1 start
++++ canvText-3.1 PASSED
---- canvText-3.2 start
++++ canvText-3.2 PASSED
---- canvText-3.3 start
++++ canvText-3.3 PASSED
---- canvText-3.4 start
++++ canvText-3.4 PASSED
---- canvText-3.5 start
++++ canvText-3.5 PASSED
---- canvText-3.6 start
++++ canvText-3.6 PASSED
---- canvText-4.1 start
++++ canvText-4.1 PASSED
---- canvText-4.2 start
++++ canvText-4.2 PASSED
---- canvText-4.3 start
++++ canvText-4.3 PASSED
---- canvText-4.4 start
++++ canvText-4.4 PASSED
---- canvText-4.5 start
++++ canvText-4.5 PASSED
---- canvText-4.6 start
++++ canvText-4.6 PASSED
---- canvText-5.1 start
++++ canvText-5.1 PASSED
++++ canvText-6.1 SKIPPED: fonts
++++ canvText-6.2 SKIPPED: fonts
++++ canvText-6.3 SKIPPED: fonts
++++ canvText-6.4 SKIPPED: fonts
++++ canvText-6.5 SKIPPED: fonts
++++ canvText-6.6 SKIPPED: fonts
++++ canvText-6.7 SKIPPED: fonts
++++ canvText-6.8 SKIPPED: fonts
++++ canvText-6.9 SKIPPED: fonts
---- canvText-7.1 start
++++ canvText-7.1 PASSED
---- canvText-7.2 start
++++ canvText-7.2 PASSED
---- canvText-7.3 start
++++ canvText-7.3 PASSED
---- canvText-7.4 start
++++ canvText-7.4 PASSED
---- canvText-7.5 start
++++ canvText-7.5 PASSED
---- canvText-7.6 start
++++ canvText-7.6 PASSED
---- canvText-7.7 start
++++ canvText-7.7 PASSED
---- canvText-7.8 start
++++ canvText-7.8 PASSED
---- canvText-7.9 start
++++ canvText-7.9 PASSED
---- canvText-8.1 start
++++ canvText-8.1 PASSED
---- canvText-8.2 start
++++ canvText-8.2 PASSED
---- canvText-8.3 start
++++ canvText-8.3 PASSED
---- canvText-8.4 start
++++ canvText-8.4 PASSED
---- canvText-8.5 start
++++ canvText-8.5 PASSED
---- canvText-8.6 start
++++ canvText-8.6 PASSED
---- canvText-8.7 start
++++ canvText-8.7 PASSED
---- canvText-8.8 start
++++ canvText-8.8 PASSED
---- canvText-8.9 start
++++ canvText-8.9 PASSED
---- canvText-9.1 start
++++ canvText-9.1 PASSED
---- canvText-9.2 start
++++ canvText-9.2 PASSED
---- canvText-9.3 start
++++ canvText-9.3 PASSED
---- canvText-9.4 start
++++ canvText-9.4 PASSED
---- canvText-9.5 start
++++ canvText-9.5 PASSED
---- canvText-9.6 start
++++ canvText-9.6 PASSED
---- canvText-9.7 start
++++ canvText-9.7 PASSED
---- canvText-9.8 start
++++ canvText-9.8 PASSED
---- canvText-9.9 start
++++ canvText-9.9 PASSED
---- canvText-9.10 start
++++ canvText-9.10 PASSED
---- canvText-9.11 start
++++ canvText-9.11 PASSED
---- canvText-9.12 start
++++ canvText-9.12 PASSED
---- canvText-9.13 start
++++ canvText-9.13 PASSED
---- canvText-9.14 start
++++ canvText-9.14 PASSED
---- canvText-9.15 start
++++ canvText-9.15 PASSED
---- canvText-10.1 start
++++ canvText-10.1 PASSED
---- canvText-11.1 start
++++ canvText-11.1 PASSED
---- canvText-11.2 start
++++ canvText-11.2 PASSED
---- canvText-12.1 start
++++ canvText-12.1 PASSED
---- canvText-13.1 start
++++ canvText-13.1 PASSED
---- canvText-14.1 start
++++ canvText-14.1 PASSED
---- canvText-14.2 start
++++ canvText-14.2 PASSED
---- canvText-14.3 start
++++ canvText-14.3 PASSED
---- canvText-14.4 start
++++ canvText-14.4 PASSED
---- canvText-14.5 start
++++ canvText-14.5 PASSED
---- canvText-14.6 start
++++ canvText-14.6 PASSED
---- canvText-14.7 start
++++ canvText-14.7 PASSED
---- canvText-15.1 start
++++ canvText-15.1 PASSED
---- canvText-16.1 start
++++ canvText-16.1 PASSED
---- canvText-17.1 start
++++ canvText-17.1 PASSED
---- canvText-18.1 start
++++ canvText-18.1 PASSED
---- canvText-19.1 start
++++ canvText-19.1 PASSED
---- canvText-20.1 start
++++ canvText-20.1 PASSED
---- canvText-20.2 start
++++ canvText-20.2 PASSED
canvWind.test
---- canvWind-1.1 start
++++ canvWind-1.1 PASSED
---- canvWind-1.2 start
++++ canvWind-1.2 PASSED
---- canvWind-1.3 start
++++ canvWind-1.3 PASSED
---- canvWind-1.4 start
++++ canvWind-1.4 PASSED
---- canvWind-2.1 start
++++ canvWind-2.1 PASSED
canvas.test
---- canvas-1.1 start
++++ canvas-1.1 PASSED
---- canvas-1.2 start
++++ canvas-1.2 PASSED
---- canvas-1.3 start
++++ canvas-1.3 PASSED
---- canvas-1.4 start
++++ canvas-1.4 PASSED
---- canvas-1.5 start
++++ canvas-1.5 PASSED
---- canvas-1.6 start
++++ canvas-1.6 PASSED
---- canvas-1.7 start
++++ canvas-1.7 PASSED
---- canvas-1.8 start
++++ canvas-1.8 PASSED
---- canvas-1.9 start
++++ canvas-1.9 PASSED
---- canvas-1.10 start
++++ canvas-1.10 PASSED
---- canvas-1.11 start
++++ canvas-1.11 PASSED
---- canvas-1.12 start
++++ canvas-1.12 PASSED
---- canvas-1.13 start
++++ canvas-1.13 PASSED
---- canvas-1.14 start
++++ canvas-1.14 PASSED
---- canvas-1.15 start
++++ canvas-1.15 PASSED
---- canvas-1.16 start
++++ canvas-1.16 PASSED
---- canvas-1.17 start
++++ canvas-1.17 PASSED
---- canvas-1.18 start
++++ canvas-1.18 PASSED
---- canvas-1.19 start
++++ canvas-1.19 PASSED
---- canvas-1.20 start
++++ canvas-1.20 PASSED
---- canvas-1.21 start
++++ canvas-1.21 PASSED
---- canvas-1.22 start
++++ canvas-1.22 PASSED
---- canvas-1.23 start
++++ canvas-1.23 PASSED
---- canvas-1.24 start
++++ canvas-1.24 PASSED
---- canvas-1.25 start
++++ canvas-1.25 PASSED
---- canvas-1.26 start
++++ canvas-1.26 PASSED
---- canvas-1.27 start
++++ canvas-1.27 PASSED
---- canvas-1.28 start
++++ canvas-1.28 PASSED
---- canvas-1.29 start
++++ canvas-1.29 PASSED
---- canvas-1.30 start
++++ canvas-1.30 PASSED
---- canvas-1.31 start
++++ canvas-1.31 PASSED
---- canvas-1.32 start
++++ canvas-1.32 PASSED
---- canvas-1.33 start
++++ canvas-1.33 PASSED
---- canvas-1.34 start
++++ canvas-1.34 PASSED
---- canvas-1.35 start
++++ canvas-1.35 PASSED
---- canvas-1.36 start
++++ canvas-1.36 PASSED
---- canvas-1.37 start
++++ canvas-1.37 PASSED
---- canvas-1.38 start
++++ canvas-1.38 PASSED
---- canvas-1.39 start
++++ canvas-1.39 PASSED
---- canvas-1.40 start
++++ canvas-1.40 PASSED
---- canvas-1.41 start
++++ canvas-1.41 PASSED
---- canvas-1.42 start
++++ canvas-1.42 PASSED
---- canvas-1.43 start
++++ canvas-1.43 PASSED
---- canvas-1.44 start
++++ canvas-1.44 PASSED
---- canvas-1.45 start
++++ canvas-1.45 PASSED
---- canvas-1.46 start
++++ canvas-1.46 PASSED
---- canvas-1.47 start
++++ canvas-1.47 PASSED
---- canvas-2.1 start
++++ canvas-2.1 PASSED
---- canvas-2.2 start
++++ canvas-2.2 PASSED
---- canvas-2.3 start
++++ canvas-2.3 PASSED
---- canvas-2.4 start
++++ canvas-2.4 PASSED
---- canvas-2.5 start
++++ canvas-2.5 PASSED
---- canvas-3.1 start
++++ canvas-3.1 PASSED
---- canvas-3.2 start
++++ canvas-3.2 PASSED
---- canvas-4.1 start
++++ canvas-4.1 PASSED
---- canvas-5.1 start
++++ canvas-5.1 PASSED
---- canvas-6.1 start
++++ canvas-6.1 PASSED
---- canvas-6.2 start
++++ canvas-6.2 PASSED
---- canvas-6.3 start
++++ canvas-6.3 PASSED
---- canvas-6.4 start
++++ canvas-6.4 PASSED
---- canvas-6.5 start
++++ canvas-6.5 PASSED
---- canvas-7.1 start
++++ canvas-7.1 PASSED
---- canvas-8.1 start
++++ canvas-8.1 PASSED
---- canvas-8.2 start
++++ canvas-8.2 PASSED
---- canvas-9.1 start
++++ canvas-9.1 PASSED
---- canvas-10.1 start
++++ canvas-10.1 PASSED
---- canvas-10.2 start
++++ canvas-10.2 PASSED
---- canvas-10.3 start
++++ canvas-10.3 PASSED
---- canvas-10.4 start
++++ canvas-10.4 PASSED
---- canvas-10.5 start
++++ canvas-10.5 PASSED
---- canvas-10.6 start
++++ canvas-10.6 PASSED
---- canvas-10.7 start
++++ canvas-10.7 PASSED
---- canvas-10.8 start
++++ canvas-10.8 PASSED
---- canvas-10.9 start
++++ canvas-10.9 PASSED
---- canvas-10.10 start
++++ canvas-10.10 PASSED
---- canvas-10.11 start
++++ canvas-10.11 PASSED
---- canvas-10.12 start
++++ canvas-10.12 PASSED
---- canvas-10.13 start
++++ canvas-10.13 PASSED
---- canvas-11.1 start
++++ canvas-11.1 PASSED
---- canvas-11.2 start
++++ canvas-11.2 PASSED
---- canvas-11.3 start
++++ canvas-11.3 PASSED
---- canvas-11.4 start
++++ canvas-11.4 PASSED
---- canvas-12.1 start
++++ canvas-12.1 PASSED
---- canvas-12.2 start
++++ canvas-12.2 PASSED
---- canvas-13.1 start
++++ canvas-13.1 PASSED
---- canvas-14.1 start
++++ canvas-14.1 PASSED
---- canvas-14.2 start
++++ canvas-14.2 PASSED
---- canvas-14.3 start
++++ canvas-14.3 PASSED
---- canvas-14.4 start
++++ canvas-14.4 PASSED
---- canvas-14.5 start
++++ canvas-14.5 PASSED
---- canvas-14.6 start
++++ canvas-14.6 PASSED
---- canvas-15.1 start
++++ canvas-15.1 PASSED
---- canvas-15.2 start
++++ canvas-15.2 PASSED
---- canvas-15.3 start
++++ canvas-15.3 PASSED
---- canvas-15.4 start
++++ canvas-15.4 PASSED
---- canvas-15.5 start
++++ canvas-15.5 PASSED
---- canvas-15.6 start
++++ canvas-15.6 PASSED
---- canvas-15.7 start
++++ canvas-15.7 PASSED
---- canvas-15.8 start
++++ canvas-15.8 PASSED
---- canvas-15.9 start
++++ canvas-15.9 PASSED
---- canvas-15.10 start
++++ canvas-15.10 PASSED
---- canvas-15.11 start
++++ canvas-15.11 PASSED
---- canvas-15.12 start
++++ canvas-15.12 PASSED
---- canvas-15.13 start
++++ canvas-15.13 PASSED
---- canvas-15.14 start
++++ canvas-15.14 PASSED
---- canvas-15.15 start
++++ canvas-15.15 PASSED
---- canvas-15.16 start
++++ canvas-15.16 PASSED
---- canvas-15.17 start
++++ canvas-15.17 PASSED
---- canvas-15.18 start
++++ canvas-15.18 PASSED
---- canvas-15.19 start
++++ canvas-15.19 PASSED
---- canvas-15.20 start
++++ canvas-15.20 PASSED
---- canvas-15.21 start
++++ canvas-15.21 PASSED
---- canvas-16.1 start
++++ canvas-16.1 PASSED
---- canvas-17.1 start
++++ canvas-17.1 PASSED
---- canvas-18.1 start
++++ canvas-18.1 PASSED
---- canvas-18.2 start
++++ canvas-18.2 PASSED
---- canvas-18.3 start
++++ canvas-18.3 PASSED
++++ canvas-18.4 SKIPPED: knownBug
---- canvas-18.5 start
++++ canvas-18.5 PASSED
---- canvas-18.6 start
++++ canvas-18.6 PASSED
---- canvas-18.7 start
++++ canvas-18.7 PASSED
++++ canvas-18.8 SKIPPED: knownBug
---- canvas-18.9 start
++++ canvas-18.9 PASSED
---- canvas-18.10 start
++++ canvas-18.10 PASSED
---- canvas-18.11 start
++++ canvas-18.11 PASSED
---- canvas-19.1 start
++++ canvas-19.1 PASSED
---- canvas-19.2 start
++++ canvas-19.2 PASSED
---- canvas-19.3 start
++++ canvas-19.3 PASSED
---- canvas-19.4 start
++++ canvas-19.4 PASSED
---- canvas-19.5 start
++++ canvas-19.5 PASSED
---- canvas-19.6 start
++++ canvas-19.6 PASSED
---- canvas-19.7 start
++++ canvas-19.7 PASSED
---- canvas-19.8 start
++++ canvas-19.8 PASSED
---- canvas-19.9 start
++++ canvas-19.9 PASSED
---- canvas-19.10 start
++++ canvas-19.10 PASSED
---- canvas-19.11 start
++++ canvas-19.11 PASSED
---- canvas-20.1 start
++++ canvas-20.1 PASSED
---- canvas-20.2 start
++++ canvas-20.2 PASSED
---- canvas-20.3 start
++++ canvas-20.3 PASSED
---- canvas-21.1 start
++++ canvas-21.1 PASSED
---- canvas-21.2 start
++++ canvas-21.2 PASSED
---- canvas-21.3 start
++++ canvas-21.3 PASSED
---- canvas-21.4 start
++++ canvas-21.4 PASSED
---- canvas-21.5 start
++++ canvas-21.5 PASSED
---- canvas-21.6 start
++++ canvas-21.6 PASSED
---- canvas-21.7 start
++++ canvas-21.7 PASSED
---- canvas-21.8 start
++++ canvas-21.8 PASSED
---- canvas-21.9 start
++++ canvas-21.9 PASSED
---- canvas-21.10 start
++++ canvas-21.10 PASSED
---- canvas-22.1 start
++++ canvas-22.1 PASSED
---- canvas-22.2 start
++++ canvas-22.2 PASSED
---- canvas-22.3 start
++++ canvas-22.3 PASSED
---- canvas-22.4 start
++++ canvas-22.4 PASSED
---- canvas-22.5 start
++++ canvas-22.5 PASSED
---- canvas-22.6 start
++++ canvas-22.6 PASSED
---- canvas-22.7 start
++++ canvas-22.7 PASSED
---- canvas-22.8 start
++++ canvas-22.8 PASSED
---- canvas-22.9 start
++++ canvas-22.9 PASSED
---- canvas-23.1 start
++++ canvas-23.1 PASSED
---- canvas-23.2 start
++++ canvas-23.2 PASSED
---- canvas-23.3 start
++++ canvas-23.3 PASSED
choosedir.test
---- choosedir-1.1 start
++++ choosedir-1.1 PASSED
---- choosedir-1.2 start
++++ choosedir-1.2 PASSED
---- choosedir-1.3 start
++++ choosedir-1.3 PASSED
---- choosedir-1.4 start
++++ choosedir-1.4 PASSED
++++ choosedir-1.5.1 SKIPPED: notAqua
---- choosedir-1.5.2 start
++++ choosedir-1.5.2 PASSED
---- choosedir-1.6 start
++++ choosedir-1.6 PASSED
++++ choosedir-2.1 SKIPPED: notAqua
++++ choosedir-3.1 SKIPPED: notAqua
++++ choosedir-3.2 SKIPPED: notAqua
++++ choosedir-4.1 SKIPPED: notAqua
++++ choosedir-4.2 SKIPPED: notAqua
++++ choosedir-4.3 SKIPPED: notAqua
++++ choosedir-5.1 SKIPPED: notAqua
clipboard.test
---- clipboard-1.1 start
++++ clipboard-1.1 PASSED
---- clipboard-1.2 start
++++ clipboard-1.2 PASSED
---- clipboard-1.3 start
++++ clipboard-1.3 PASSED
---- clipboard-1.4 start
++++ clipboard-1.4 PASSED
---- clipboard-1.5 start
++++ clipboard-1.5 PASSED
---- clipboard-1.6 start
++++ clipboard-1.6 PASSED
---- clipboard-1.7 start
++++ clipboard-1.7 PASSED
---- clipboard-1.8 start
++++ clipboard-1.8 PASSED
---- clipboard-1.9 start
++++ clipboard-1.9 PASSED
---- clipboard-2.1 start
++++ clipboard-2.1 PASSED
---- clipboard-3.1 start
++++ clipboard-3.1 PASSED
---- clipboard-4.1 start
++++ clipboard-4.1 PASSED
---- clipboard-4.2 start
++++ clipboard-4.2 PASSED
---- clipboard-4.3 start
++++ clipboard-4.3 PASSED
---- clipboard-4.4 start
++++ clipboard-4.4 PASSED
---- clipboard-4.5 start
++++ clipboard-4.5 PASSED
---- clipboard-5.1 start
++++ clipboard-5.1 PASSED
---- clipboard-5.2 start
++++ clipboard-5.2 PASSED
---- clipboard-6.1 start
++++ clipboard-6.1 PASSED
++++ clipboard-6.2 SKIPPED: x11
---- clipboard-6.3 start
++++ clipboard-6.3 PASSED
---- clipboard-7.1 start
++++ clipboard-7.1 PASSED
---- clipboard-7.2 start
++++ clipboard-7.2 PASSED
---- clipboard-7.3 start
++++ clipboard-7.3 PASSED
---- clipboard-7.4 start
++++ clipboard-7.4 PASSED
---- clipboard-7.5 start
++++ clipboard-7.5 PASSED
---- clipboard-7.6 start
++++ clipboard-7.6 PASSED
---- clipboard-7.7 start
++++ clipboard-7.7 PASSED
---- clipboard-7.8 start
++++ clipboard-7.8 PASSED
---- clipboard-7.9 start
++++ clipboard-7.9 PASSED
---- clipboard-7.10 start
++++ clipboard-7.10 PASSED
---- clipboard-7.11 start
++++ clipboard-7.11 PASSED
---- clipboard-7.12 start
++++ clipboard-7.12 PASSED
---- clipboard-7.13 start
++++ clipboard-7.13 PASSED
---- clipboard-7.14 start
++++ clipboard-7.14 PASSED
---- clipboard-7.15 start
++++ clipboard-7.15 PASSED
---- clipboard-7.16 start
++++ clipboard-7.16 PASSED
---- clipboard-7.17 start
++++ clipboard-7.17 PASSED
---- clipboard-7.18 start
++++ clipboard-7.18 PASSED
---- clipboard-7.19 start
++++ clipboard-7.19 PASSED
---- clipboard-7.20 start
++++ clipboard-7.20 PASSED
clrpick.test
---- clrpick-1.1 start
++++ clrpick-1.1 PASSED
---- clrpick-1.2 start
++++ clrpick-1.2 PASSED
---- clrpick-1.2.1 start
++++ clrpick-1.2.1 PASSED
---- clrpick-1.2.2 start
++++ clrpick-1.2.2 PASSED
---- clrpick-1.3 start
++++ clrpick-1.3 PASSED
---- clrpick-1.4 start
++++ clrpick-1.4 PASSED
---- clrpick-1.5 start
++++ clrpick-1.5 PASSED
---- clrpick-1.6 start
++++ clrpick-1.6 PASSED
---- clrpick-1.7 start
++++ clrpick-1.7 PASSED
++++ clrpick-2.1 SKIPPED: nonUnixUserInteraction
++++ clrpick-2.2 SKIPPED: nonUnixUserInteraction
++++ clrpick-2.3 SKIPPED: nonUnixUserInteraction
++++ clrpick-2.4 SKIPPED: nonUnixUserInteraction
++++ clrpick-3.1 SKIPPED: nonUnixUserInteraction
++++ clrpick-3.2 SKIPPED: nonUnixUserInteraction
++++ clrpick-4.1 SKIPPED: notAqua
cluster.test
---- cluster-1.0 start
++++ cluster-1.0 PASSED
---- cluster-1.1 start
++++ cluster-1.1 PASSED
---- cluster-1.2 start
++++ cluster-1.2 PASSED
---- cluster-1.3 start
++++ cluster-1.3 PASSED
---- cluster-1.4 start
++++ cluster-1.4 PASSED
---- cluster-1.5 start
++++ cluster-1.5 PASSED
---- cluster-1.6 start
++++ cluster-1.6 PASSED
---- cluster-1.7 start
++++ cluster-1.7 PASSED
---- cluster-2.0 start
++++ cluster-2.0 PASSED
---- cluster-2.1 start
++++ cluster-2.1 PASSED
---- cluster-2.2 start
++++ cluster-2.2 PASSED
---- cluster-2.3 start
++++ cluster-2.3 PASSED
---- cluster-2.4 start
++++ cluster-2.4 PASSED
---- cluster-2.5 start
++++ cluster-2.5 PASSED
---- cluster-2.6 start
++++ cluster-2.6 PASSED
---- cluster-2.7 start
++++ cluster-2.7 PASSED
---- cluster-3.0 start
++++ cluster-3.0 PASSED
---- cluster-3.1 start
++++ cluster-3.1 PASSED
---- cluster-3.2 start
++++ cluster-3.2 PASSED
---- cluster-3.3 start
++++ cluster-3.3 PASSED
---- cluster-3.4 start
++++ cluster-3.4 PASSED
---- cluster-3.5 start
++++ cluster-3.5 PASSED
---- cluster-3.6 start
++++ cluster-3.6 PASSED
---- cluster-3.7 start
++++ cluster-3.7 PASSED
---- cluster-3.8 start
++++ cluster-3.8 PASSED
---- cluster-3.9 start
++++ cluster-3.9 PASSED
---- cluster-4.0 start
++++ cluster-4.0 PASSED
---- cluster-4.1 start
++++ cluster-4.1 PASSED
---- cluster-4.2 start
++++ cluster-4.2 PASSED
---- cluster-4.3 start
++++ cluster-4.3 PASSED
---- cluster-4.4 start
++++ cluster-4.4 PASSED
---- cluster-4.5 start
++++ cluster-4.5 PASSED
---- cluster-4.6 start
++++ cluster-4.6 PASSED
---- cluster-4.7 start
++++ cluster-4.7 PASSED
---- cluster-4.8 start
++++ cluster-4.8 PASSED
---- cluster-4.9 start
++++ cluster-4.9 PASSED
---- cluster-5.0 start
++++ cluster-5.0 PASSED
---- cluster-5.1 start
++++ cluster-5.1 PASSED
---- cluster-5.2 start
++++ cluster-5.2 PASSED
---- cluster-5.3 start
++++ cluster-5.3 PASSED
---- cluster-5.4 start
++++ cluster-5.4 PASSED
---- cluster-5.5 start
++++ cluster-5.5 PASSED
---- cluster-5.6 start
++++ cluster-5.6 PASSED
---- cluster-5.7 start
++++ cluster-5.7 PASSED
---- cluster-5.8 start
++++ cluster-5.8 PASSED
---- cluster-5.9 start
++++ cluster-5.9 PASSED
---- cluster-6.0 start
++++ cluster-6.0 PASSED
---- cluster-6.1 start
++++ cluster-6.1 PASSED
---- cluster-6.2 start
++++ cluster-6.2 PASSED
---- cluster-6.3 start
++++ cluster-6.3 PASSED
---- cluster-6.4 start
++++ cluster-6.4 PASSED
---- cluster-6.5 start
++++ cluster-6.5 PASSED
---- cluster-6.6 start
++++ cluster-6.6 PASSED
---- cluster-6.7 start
++++ cluster-6.7 PASSED
---- cluster-6.8 start
++++ cluster-6.8 PASSED
---- cluster-6.9 start
++++ cluster-6.9 PASSED
---- cluster-7.0 start
++++ cluster-7.0 PASSED
---- cluster-7.1 start
++++ cluster-7.1 PASSED
---- cluster-7.2 start
++++ cluster-7.2 PASSED
---- cluster-7.3 start
++++ cluster-7.3 PASSED
---- cluster-7.4 start
++++ cluster-7.4 PASSED
---- cluster-7.5 start
++++ cluster-7.5 PASSED
---- cluster-7.6 start
++++ cluster-7.6 PASSED
---- cluster-7.7 start
++++ cluster-7.7 PASSED
---- cluster-7.8 start
++++ cluster-7.8 PASSED
---- cluster-7.9 start
++++ cluster-7.9 PASSED
---- cluster-8.0 start
++++ cluster-8.0 PASSED
---- cluster-8.1 start
++++ cluster-8.1 PASSED
---- cluster-8.2 start
++++ cluster-8.2 PASSED
---- cluster-8.3 start
++++ cluster-8.3 PASSED
---- cluster-8.4 start
++++ cluster-8.4 PASSED
---- cluster-8.5 start
++++ cluster-8.5 PASSED
---- cluster-8.6 start
++++ cluster-8.6 PASSED
cmds.test
---- cmds-1.1 start
++++ cmds-1.1 PASSED
---- cmds-1.2 start
++++ cmds-1.2 PASSED
---- cmds-1.3 start
++++ cmds-1.3 PASSED
---- cmds-1.4 start
++++ cmds-1.4 PASSED
---- cmds-1.5 start
++++ cmds-1.5 PASSED
---- cmds-1.6 start
++++ cmds-1.6 PASSED
color.test
++++ color-1.1 SKIPPED: colorsFree
++++ color-1.2 SKIPPED: colorsFree
++++ color-1.3 SKIPPED: colorsFree
++++ color-1.4 SKIPPED: colorsFree
++++ color-1.5 SKIPPED: nonPortable
++++ color-2.1 SKIPPED: colorsFree
++++ color-2.2 SKIPPED: colorsFree
++++ color-2.3 SKIPPED: colorsFree
++++ color-2.4 SKIPPED: colorsFree
++++ color-2.5 SKIPPED: colorsFree
++++ color-2.6 SKIPPED: colorsFree
++++ color-2.7 SKIPPED: colorsFree
---- color-2.8 start
++++ color-2.8 PASSED
---- color-2.9 start
++++ color-2.9 PASSED
---- color-2.10 start
++++ color-2.10 PASSED
---- color-2.11 start
++++ color-2.11 PASSED
++++ color-3.1 SKIPPED: colorsFree
++++ color-3.2 SKIPPED: colorsFree
++++ color-3.3 SKIPPED: colorsFree
++++ color-3.4 SKIPPED: colorsFree
++++ color-4.1 SKIPPED: colorsFree
config.test
---- config-1.1 start
++++ config-1.1 PASSED
---- config-1.2 start
++++ config-1.2 PASSED
---- config-1.3 start
++++ config-1.3 PASSED
---- config-1.4 start
++++ config-1.4 PASSED
---- config-1.5 start
++++ config-1.5 PASSED
---- config-1.6 start
++++ config-1.6 PASSED
---- config-1.7 start
++++ config-1.7 PASSED
---- config-1.8 start
++++ config-1.8 PASSED
---- config-1.9 start
++++ config-1.9 PASSED
---- config-2.1 start
++++ config-2.1 PASSED
---- config-3.1 start
++++ config-3.1 PASSED
---- config-3.2 start
++++ config-3.2 PASSED
---- config-3.3 start
++++ config-3.3 PASSED
---- config-3.4 start
++++ config-3.4 PASSED
---- config-3.5 start
++++ config-3.5 PASSED
---- config-3.6 start
++++ config-3.6 PASSED
---- config-3.7 start
++++ config-3.7 PASSED
---- config-3.8 start
++++ config-3.8 PASSED
---- config-3.9 start
++++ config-3.9 PASSED
---- config-4.1 start
++++ config-4.1 PASSED
---- config-4.2 start
++++ config-4.2 PASSED
---- config-4.3 start
++++ config-4.3 PASSED
---- config-4.4 start
++++ config-4.4 PASSED
---- config-4.5 start
++++ config-4.5 PASSED
---- config-4.6 start
++++ config-4.6 PASSED
---- config-4.7 start
++++ config-4.7 PASSED
---- config-4.8 start
++++ config-4.8 PASSED
---- config-4.9 start
++++ config-4.9 PASSED
---- config-4.10 start
++++ config-4.10 PASSED
---- config-4.11 start
++++ config-4.11 PASSED
---- config-4.12 start
++++ config-4.12 PASSED
---- config-4.13 start
++++ config-4.13 PASSED
---- config-4.14 start
++++ config-4.14 PASSED
---- config-4.15 start
++++ config-4.15 PASSED
---- config-4.16 start
++++ config-4.16 PASSED
---- config-4.17 start
++++ config-4.17 PASSED
---- config-4.18 start
++++ config-4.18 PASSED
---- config-4.19 start
++++ config-4.19 PASSED
---- config-4.20 start
++++ config-4.20 PASSED
---- config-4.21 start
++++ config-4.21 PASSED
---- config-4.22 start
++++ config-4.22 PASSED
---- config-4.23 start
++++ config-4.23 PASSED
---- config-4.24 start
++++ config-4.24 PASSED
---- config-4.25 start
++++ config-4.25 PASSED
---- config-4.26 start
++++ config-4.26 PASSED
---- config-4.27 start
++++ config-4.27 PASSED
---- config-4.28 start
++++ config-4.28 PASSED
---- config-4.29 start
++++ config-4.29 PASSED
---- config-4.29a start
++++ config-4.29a PASSED
---- config-4.30 start
++++ config-4.30 PASSED
---- config-4.31 start
++++ config-4.31 PASSED
---- config-4.32 start
++++ config-4.32 PASSED
---- config-4.33 start
++++ config-4.33 PASSED
---- config-4.34 start
++++ config-4.34 PASSED
---- config-4.35 start
++++ config-4.35 PASSED
---- config-4.36 start
++++ config-4.36 PASSED
---- config-4.37 start
++++ config-4.37 PASSED
---- config-4.38 start
++++ config-4.38 PASSED
---- config-4.39 start
++++ config-4.39 PASSED
---- config-4.40 start
++++ config-4.40 PASSED
---- config-4.41 start
++++ config-4.41 PASSED
---- config-4.42 start
++++ config-4.42 PASSED
---- config-4.43 start
++++ config-4.43 PASSED
---- config-4.44 start
++++ config-4.44 PASSED
---- config-4.45 start
++++ config-4.45 PASSED
---- config-4.46 start
++++ config-4.46 PASSED
---- config-4.47 start
++++ config-4.47 PASSED
---- config-4.48 start
++++ config-4.48 PASSED
---- config-4.49 start
++++ config-4.49 PASSED
---- config-4.50 start
++++ config-4.50 PASSED
---- config-4.51 start
++++ config-4.51 PASSED
---- config-4.52 start
++++ config-4.52 PASSED
---- config-4.53 start
++++ config-4.53 PASSED
---- config-4.54 start
++++ config-4.54 PASSED
---- config-4.55 start
++++ config-4.55 PASSED
---- config-4.56 start
++++ config-4.56 PASSED
---- config-4.57 start
++++ config-4.57 PASSED
---- config-4.58 start
++++ config-4.58 PASSED
---- config-4.59 start
++++ config-4.59 PASSED
---- config-4.60 start
++++ config-4.60 PASSED
---- config-4.61 start
++++ config-4.61 PASSED
---- config-4.62 start
++++ config-4.62 PASSED
---- config-4.63 start
++++ config-4.63 PASSED
---- config-4.64 start
++++ config-4.64 PASSED
---- config-4.65 start
++++ config-4.65 PASSED
---- config-4.66 start
++++ config-4.66 PASSED
---- config-4.67 start
++++ config-4.67 PASSED
---- config-4.68 start
++++ config-4.68 PASSED
---- config-4.69 start
++++ config-4.69 PASSED
---- config-4.70 start
++++ config-4.70 PASSED
---- config-4.71 start
++++ config-4.71 PASSED
---- config-4.72 start
++++ config-4.72 PASSED
---- config-4.73 start
++++ config-4.73 PASSED
---- config-4.74 start
++++ config-4.74 PASSED
---- config-4.75 start
++++ config-4.75 PASSED
---- config-4.76 start
++++ config-4.76 PASSED
---- config-4.77 start
++++ config-4.77 PASSED
---- config-4.78 start
++++ config-4.78 PASSED
---- config-4.79 start
++++ config-4.79 PASSED
---- config-4.80 start
++++ config-4.80 PASSED
---- config-4.81 start
++++ config-4.81 PASSED
---- config-4.82 start
++++ config-4.82 PASSED
---- config-4.83 start
++++ config-4.83 PASSED
---- config-4.84 start
++++ config-4.84 PASSED
---- config-4.85 start
++++ config-4.85 PASSED
---- config-4.86 start
++++ config-4.86 PASSED
---- config-4.87 start
++++ config-4.87 PASSED
---- config-4.88 start
++++ config-4.88 PASSED
---- config-4.89 start
++++ config-4.89 PASSED
---- config-4.90 start
++++ config-4.90 PASSED
---- config-4.91 start
++++ config-4.91 PASSED
---- config-4.92 start
++++ config-4.92 PASSED
---- config-4.93 start
++++ config-4.93 PASSED
---- config-4.94 start
++++ config-4.94 PASSED
---- config-4.95 start
++++ config-4.95 PASSED
---- config-4.96 start
++++ config-4.96 PASSED
---- config-4.97 start
++++ config-4.97 PASSED
---- config-4.98 start
++++ config-4.98 PASSED
---- config-4.99 start
++++ config-4.99 PASSED
---- config-4.100 start
++++ config-4.100 PASSED
---- config-4.101 start
++++ config-4.101 PASSED
---- config-4.102 start
++++ config-4.102 PASSED
---- config-4.103 start
++++ config-4.103 PASSED
---- config-4.104 start
++++ config-4.104 PASSED
---- config-4.105 start
++++ config-4.105 PASSED
---- config-4.106 start
++++ config-4.106 PASSED
---- config-4.107 start
++++ config-4.107 PASSED
---- config-4.108 start
++++ config-4.108 PASSED
---- config-4.109 start
++++ config-4.109 PASSED
---- config-4.110 start
++++ config-4.110 PASSED
---- config-4.111 start
++++ config-4.111 PASSED
---- config-4.112 start
++++ config-4.112 PASSED
---- config-4.113 start
++++ config-4.113 PASSED
---- config-4.114 start
++++ config-4.114 PASSED
---- config-4.115 start
++++ config-4.115 PASSED
---- config-5.1 start
++++ config-5.1 PASSED
---- config-5.2 start
++++ config-5.2 PASSED
---- config-5.3 start
++++ config-5.3 PASSED
---- config-6.1 start
++++ config-6.1 PASSED
---- config-6.2 start
++++ config-6.2 PASSED
---- config-6.3 start
++++ config-6.3 PASSED
---- config-6.4 start
++++ config-6.4 PASSED
---- config-6.5 start
++++ config-6.5 PASSED
---- config-6.6 start
++++ config-6.6 PASSED
---- config-7.1 start
++++ config-7.1 PASSED
---- config-7.2 start
++++ config-7.2 PASSED
---- config-7.3 start
++++ config-7.3 PASSED
---- config-7.4 start
++++ config-7.4 PASSED
---- config-7.5 start
++++ config-7.5 PASSED
---- config-7.6 start
++++ config-7.6 PASSED
---- config-7.7 start
++++ config-7.7 PASSED
---- config-7.8 start
++++ config-7.8 PASSED
---- config-7.9 start
++++ config-7.9 PASSED
---- config-7.10 start
++++ config-7.10 PASSED
---- config-7.11 start
++++ config-7.11 PASSED
---- config-7.12 start
++++ config-7.12 PASSED
---- config-7.13 start
++++ config-7.13 PASSED
---- config-7.14 start
++++ config-7.14 PASSED
---- config-8.1 start
++++ config-8.1 PASSED
---- config-8.2 start
++++ config-8.2 PASSED
---- config-8.3 start
++++ config-8.3 PASSED
---- config-8.4 start
++++ config-8.4 PASSED
---- config-8.5 start
++++ config-8.5 PASSED
---- config-8.6 start
++++ config-8.6 PASSED
---- config-8.7 start
++++ config-8.7 PASSED
---- config-8.8 start
++++ config-8.8 PASSED
---- config-8.9 start
++++ config-8.9 PASSED
---- config-8.10 start
++++ config-8.10 PASSED
---- config-8.11 start
++++ config-8.11 PASSED
++++ config-8.12 SKIPPED: nonPortable
---- config-8.13 start
++++ config-8.13 PASSED
---- config-8.14 start
++++ config-8.14 PASSED
---- config-8.15 start
++++ config-8.15 PASSED
---- config-8.16 start
++++ config-8.16 PASSED
---- config-8.17 start
++++ config-8.17 PASSED
---- config-8.18 start
++++ config-8.18 PASSED
---- config-8.19 start
++++ config-8.19 PASSED
---- config-8.20 start
++++ config-8.20 PASSED
---- config-9.1 start
++++ config-9.1 PASSED
---- config-9.2 start
++++ config-9.2 PASSED
---- config-9.3 start
++++ config-9.3 PASSED
---- config-9.4 start
++++ config-9.4 PASSED
---- config-9.5 start
++++ config-9.5 PASSED
---- config-9.6 start
++++ config-9.6 PASSED
---- config-9.7 start
++++ config-9.7 PASSED
---- config-9.8 start
++++ config-9.8 PASSED
---- config-9.9 start
++++ config-9.9 PASSED
---- config-9.10 start
++++ config-9.10 PASSED
---- config-9.11 start
++++ config-9.11 PASSED
---- config-9.12 start
++++ config-9.12 PASSED
---- config-9.13 start
++++ config-9.13 PASSED
---- config-10.1 start
++++ config-10.1 PASSED
---- config-10.2 start
++++ config-10.2 PASSED
---- config-10.3 start
++++ config-10.3 PASSED
---- config-10.4 start
++++ config-10.4 PASSED
---- config-11.1 start
++++ config-11.1 PASSED
---- config-11.2 start
++++ config-11.2 PASSED
---- config-11.3 start
++++ config-11.3 PASSED
---- config-12.1 start
++++ config-12.1 PASSED
---- config-12.2 start
++++ config-12.2 PASSED
---- config-12.3 start
++++ config-12.3 PASSED
---- config-12.4 start
++++ config-12.4 PASSED
---- config-12.5 start
++++ config-12.5 PASSED
---- config-12.6 start
++++ config-12.6 PASSED
---- config-12.7 start
++++ config-12.7 PASSED
---- config-12.8 start
++++ config-12.8 PASSED
---- config-12.9 start
++++ config-12.9 PASSED
---- config-12.10 start
++++ config-12.10 PASSED
---- config-12.11 start
++++ config-12.11 PASSED
---- config-12.12 start
++++ config-12.12 PASSED
---- config-12.13 start
++++ config-12.13 PASSED
---- config-12.14 start
++++ config-12.14 PASSED
---- config-12.15 start
++++ config-12.15 PASSED
---- config-12.16 start
++++ config-12.16 PASSED
---- config-12.17 start
++++ config-12.17 PASSED
---- config-13.1 start
++++ config-13.1 PASSED
---- config-13.2 start
++++ config-13.2 PASSED
---- config-13.3 start
++++ config-13.3 PASSED
---- config-13.4 start
++++ config-13.4 PASSED
---- config-13.5 start
++++ config-13.5 PASSED
---- config-13.6 start
++++ config-13.6 PASSED
---- config-13.7 start
++++ config-13.7 PASSED
---- config-13.8 start
++++ config-13.8 PASSED
---- config-13.9 start
++++ config-13.9 PASSED
---- config-13.10 start
++++ config-13.10 PASSED
---- config-13.11 start
++++ config-13.11 PASSED
---- config-13.12 start
++++ config-13.12 PASSED
---- config-13.13 start
++++ config-13.13 PASSED
---- config-14.1 start
++++ config-14.1 PASSED
---- config-14.2 start
++++ config-14.2 PASSED
---- config-14.3 start
++++ config-14.3 PASSED
---- config-14.4 start
++++ config-14.4 PASSED
---- config-14.5 start
++++ config-14.5 PASSED
---- config-14.6 start
++++ config-14.6 PASSED
---- config-14.7 start
++++ config-14.7 PASSED
---- config-14.8 start
++++ config-14.8 PASSED
---- config-14.9 start
++++ config-14.9 PASSED
---- config-14.10 start
++++ config-14.10 PASSED
---- config-14.11 start
++++ config-14.11 PASSED
---- config-14.12 start
++++ config-14.12 PASSED
---- config-14.13 start
++++ config-14.13 PASSED
---- config-14.14 start
++++ config-14.14 PASSED
cursor.test
---- cursor-1.1 start
++++ cursor-1.1 PASSED
---- cursor-1.2 start
++++ cursor-1.2 PASSED
---- cursor-1.3 start
++++ cursor-1.3 PASSED
---- cursor-2.1 start
++++ cursor-2.1 PASSED
---- cursor-2.2 start
++++ cursor-2.2 PASSED
++++ cursor-2.3 SKIPPED: win
++++ cursor-2.4 SKIPPED: win
---- cursor-3.1 start
++++ cursor-3.1 PASSED
---- cursor-4.1 start
++++ cursor-4.1 PASSED
---- cursor-5.1 start
++++ cursor-5.1 PASSED
---- cursor-6.1 start
++++ cursor-6.1 PASSED
---- cursor-6.2 start
++++ cursor-6.2 PASSED
---- cursor-6.3 start
++++ cursor-6.3 PASSED
---- cursor-6.4 start
++++ cursor-6.4 PASSED
---- cursor-6.5 start
++++ cursor-6.5 PASSED
---- cursor-6.6 start
++++ cursor-6.6 PASSED
---- cursor-6.7 start
++++ cursor-6.7 PASSED
---- cursor-6.8 start
++++ cursor-6.8 PASSED
---- cursor-6.9 start
++++ cursor-6.9 PASSED
---- cursor-6.10 start
++++ cursor-6.10 PASSED
---- cursor-6.11 start
++++ cursor-6.11 PASSED
---- cursor-6.12 start
++++ cursor-6.12 PASSED
---- cursor-6.13 start
++++ cursor-6.13 PASSED
---- cursor-6.14 start
++++ cursor-6.14 PASSED
---- cursor-6.15 start
++++ cursor-6.15 PASSED
---- cursor-6.16 start
++++ cursor-6.16 PASSED
---- cursor-6.17 start
++++ cursor-6.17 PASSED
---- cursor-6.18 start
++++ cursor-6.18 PASSED
---- cursor-6.19 start
++++ cursor-6.19 PASSED
---- cursor-6.20 start
++++ cursor-6.20 PASSED
---- cursor-6.21 start
++++ cursor-6.21 PASSED
---- cursor-6.22 start
++++ cursor-6.22 PASSED
---- cursor-6.23 start
++++ cursor-6.23 PASSED
---- cursor-6.24 start
++++ cursor-6.24 PASSED
---- cursor-6.25 start
++++ cursor-6.25 PASSED
---- cursor-6.26 start
++++ cursor-6.26 PASSED
---- cursor-6.27 start
++++ cursor-6.27 PASSED
---- cursor-6.28 start
++++ cursor-6.28 PASSED
---- cursor-6.29 start
++++ cursor-6.29 PASSED
---- cursor-6.30 start
++++ cursor-6.30 PASSED
---- cursor-6.31 start
++++ cursor-6.31 PASSED
---- cursor-6.32 start
++++ cursor-6.32 PASSED
---- cursor-6.33 start
++++ cursor-6.33 PASSED
---- cursor-6.34 start
++++ cursor-6.34 PASSED
---- cursor-6.35 start
++++ cursor-6.35 PASSED
---- cursor-6.36 start
++++ cursor-6.36 PASSED
---- cursor-6.37 start
++++ cursor-6.37 PASSED
---- cursor-6.38 start
++++ cursor-6.38 PASSED
---- cursor-6.39 start
++++ cursor-6.39 PASSED
---- cursor-6.40 start
++++ cursor-6.40 PASSED
---- cursor-6.41 start
++++ cursor-6.41 PASSED
---- cursor-6.42 start
++++ cursor-6.42 PASSED
---- cursor-6.43 start
++++ cursor-6.43 PASSED
---- cursor-6.44 start
++++ cursor-6.44 PASSED
---- cursor-6.45 start
++++ cursor-6.45 PASSED
---- cursor-6.46 start
++++ cursor-6.46 PASSED
---- cursor-6.47 start
++++ cursor-6.47 PASSED
---- cursor-6.48 start
++++ cursor-6.48 PASSED
---- cursor-6.49 start
++++ cursor-6.49 PASSED
---- cursor-6.50 start
++++ cursor-6.50 PASSED
---- cursor-6.51 start
++++ cursor-6.51 PASSED
---- cursor-6.52 start
++++ cursor-6.52 PASSED
---- cursor-6.53 start
++++ cursor-6.53 PASSED
---- cursor-6.54 start
++++ cursor-6.54 PASSED
---- cursor-6.55 start
++++ cursor-6.55 PASSED
---- cursor-6.56 start
++++ cursor-6.56 PASSED
---- cursor-6.57 start
++++ cursor-6.57 PASSED
---- cursor-6.58 start
++++ cursor-6.58 PASSED
---- cursor-6.59 start
++++ cursor-6.59 PASSED
---- cursor-6.60 start
++++ cursor-6.60 PASSED
---- cursor-6.61 start
++++ cursor-6.61 PASSED
---- cursor-6.62 start
++++ cursor-6.62 PASSED
---- cursor-6.63 start
++++ cursor-6.63 PASSED
---- cursor-6.64 start
++++ cursor-6.64 PASSED
---- cursor-6.65 start
++++ cursor-6.65 PASSED
---- cursor-6.66 start
++++ cursor-6.66 PASSED
---- cursor-6.67 start
++++ cursor-6.67 PASSED
---- cursor-6.68 start
++++ cursor-6.68 PASSED
---- cursor-6.69 start
++++ cursor-6.69 PASSED
---- cursor-6.70 start
++++ cursor-6.70 PASSED
---- cursor-6.71 start
++++ cursor-6.71 PASSED
---- cursor-6.72 start
++++ cursor-6.72 PASSED
---- cursor-6.73 start
++++ cursor-6.73 PASSED
---- cursor-6.74 start
++++ cursor-6.74 PASSED
---- cursor-6.75 start
++++ cursor-6.75 PASSED
---- cursor-6.76 start
++++ cursor-6.76 PASSED
---- cursor-6.77 start
++++ cursor-6.77 PASSED
---- cursor-6.78 start
++++ cursor-6.78 PASSED
---- cursor-6.79 start
++++ cursor-6.79 PASSED
---- cursor-6.80 start
++++ cursor-6.80 PASSED
---- cursor-6.81 start
++++ cursor-6.81 PASSED
++++ cursor-7.1 SKIPPED: win
++++ cursor-7.2 SKIPPED: win
++++ cursor-7.3 SKIPPED: win
++++ cursor-7.4 SKIPPED: win
++++ cursor-7.5 SKIPPED: win
++++ cursor-7.6 SKIPPED: win
++++ cursor-7.7 SKIPPED: win
++++ cursor-7.8 SKIPPED: win
++++ cursor-7.9 SKIPPED: win
dialog.test
---- dialog-1.1 start
++++ dialog-1.1 PASSED
---- dialog-1.2 start
++++ dialog-1.2 PASSED
---- dialog-1.3 start
++++ dialog-1.3 PASSED
---- dialog-2.1 start
++++ dialog-2.1 PASSED
---- dialog-2.2 start
++++ dialog-2.2 PASSED
---- dialog-2.3 start
++++ dialog-2.3 PASSED
embed.test
---- embed-1.1 start
++++ embed-1.1 PASSED
---- embed-1.2 start
++++ embed-1.2 PASSED
---- embed-1.3 start
++++ embed-1.3 PASSED
++++ embed-1.4.win SKIPPED: win
++++ embed-1.5.win SKIPPED: win
---- embed-1.4.nonwin start
++++ embed-1.4.nonwin PASSED
---- embed-1.5.nonwin start
++++ embed-1.5.nonwin PASSED
entry.test
---- entry-1.1 start
++++ entry-1.1 PASSED
---- entry-1.2 start
++++ entry-1.2 PASSED
---- entry-1.3 start
++++ entry-1.3 PASSED
---- entry-1.4 start
++++ entry-1.4 PASSED
---- entry-1.5 start
++++ entry-1.5 PASSED
---- entry-1.6 start
++++ entry-1.6 PASSED
---- entry-1.7 start
++++ entry-1.7 PASSED
---- entry-1.8 start
++++ entry-1.8 PASSED
---- entry-1.9 start
++++ entry-1.9 PASSED
---- entry-1.10 start
++++ entry-1.10 PASSED
---- entry-1.11 start
++++ entry-1.11 PASSED
---- entry-1.12 start
++++ entry-1.12 PASSED
---- entry-1.13 start
++++ entry-1.13 PASSED
---- entry-1.14 start
++++ entry-1.14 PASSED
---- entry-1.15 start
++++ entry-1.15 PASSED
---- entry-1.16 start
++++ entry-1.16 PASSED
---- entry-1.17 start
++++ entry-1.17 PASSED
---- entry-1.18 start
++++ entry-1.18 PASSED
---- entry-1.19 start
++++ entry-1.19 PASSED
---- entry-1.20 start
++++ entry-1.20 PASSED
---- entry-1.21 start
++++ entry-1.21 PASSED
---- entry-1.22 start
++++ entry-1.22 PASSED
---- entry-1.23 start
++++ entry-1.23 PASSED
---- entry-1.24 start
++++ entry-1.24 PASSED
---- entry-1.25 start
++++ entry-1.25 PASSED
---- entry-1.26 start
++++ entry-1.26 PASSED
---- entry-1.27 start
++++ entry-1.27 PASSED
---- entry-1.28 start
++++ entry-1.28 PASSED
---- entry-1.29 start
++++ entry-1.29 PASSED
---- entry-1.30 start
++++ entry-1.30 PASSED
---- entry-1.31 start
++++ entry-1.31 PASSED
---- entry-1.32 start
++++ entry-1.32 PASSED
---- entry-1.33 start
++++ entry-1.33 PASSED
---- entry-1.34 start
++++ entry-1.34 PASSED
---- entry-1.35 start
++++ entry-1.35 PASSED
---- entry-1.36 start
++++ entry-1.36 PASSED
---- entry-1.37 start
++++ entry-1.37 PASSED
---- entry-1.38 start
++++ entry-1.38 PASSED
---- entry-1.39 start
++++ entry-1.39 PASSED
---- entry-1.40 start
++++ entry-1.40 PASSED
---- entry-1.41 start
++++ entry-1.41 PASSED
---- entry-1.42 start
++++ entry-1.42 PASSED
---- entry-1.43 start
++++ entry-1.43 PASSED
---- entry-1.44 start
++++ entry-1.44 PASSED
---- entry-1.45 start
++++ entry-1.45 PASSED
---- entry-1.46 start
++++ entry-1.46 PASSED
---- entry-1.47 start
++++ entry-1.47 PASSED
---- entry-1.48 start
++++ entry-1.48 PASSED
---- entry-1.49 start
++++ entry-1.49 PASSED
---- entry-1.50 start
++++ entry-1.50 PASSED
---- entry-1.51 start
++++ entry-1.51 PASSED
---- entry-1.52 start
++++ entry-1.52 PASSED
---- entry-1.53 start
++++ entry-1.53 PASSED
---- entry-1.54 start
++++ entry-1.54 PASSED
---- entry-1.55 start
++++ entry-1.55 PASSED
---- entry-1.56 start
++++ entry-1.56 PASSED
---- entry-1.57 start
++++ entry-1.57 PASSED
---- entry-1.58 start
++++ entry-1.58 PASSED
---- entry-1.59 start
++++ entry-1.59 PASSED
---- entry-1.60 start
++++ entry-1.60 PASSED
---- entry-2.1 start
++++ entry-2.1 PASSED
---- entry-2.2 start
++++ entry-2.2 PASSED
---- entry-2.3 start
++++ entry-2.3 PASSED
---- entry-2.4 start
++++ entry-2.4 PASSED
---- entry-2.4.1 start
++++ entry-2.4.1 PASSED
---- entry-2.5 start
++++ entry-2.5 PASSED
---- entry-3.1 start
++++ entry-3.1 PASSED
---- entry-3.2 start
++++ entry-3.2 PASSED
---- entry-3.3 start
++++ entry-3.3 PASSED
---- entry-3.4 start
++++ entry-3.4 PASSED
---- entry-3.5 start
++++ entry-3.5 PASSED
++++ entry-3.6 SKIPPED: fonts
++++ entry-3.7 SKIPPED: fonts
++++ entry-3.8 SKIPPED: fonts
---- entry-3.9 start
++++ entry-3.9 PASSED
++++ entry-3.10 SKIPPED: fonts
---- entry-3.11 start
++++ entry-3.11 PASSED
---- entry-3.12 start
++++ entry-3.12 PASSED
---- entry-3.13 start
++++ entry-3.13 PASSED
---- entry-3.14 start
++++ entry-3.14 PASSED
---- entry-3.15 start
++++ entry-3.15 PASSED
---- entry-3.16 start
++++ entry-3.16 PASSED
---- entry-3.17 start
++++ entry-3.17 PASSED
---- entry-3.18 start
++++ entry-3.18 PASSED
---- entry-3.19 start
++++ entry-3.19 PASSED
---- entry-3.20 start
++++ entry-3.20 PASSED
---- entry-3.21 start
++++ entry-3.21 PASSED
---- entry-3.22 start
++++ entry-3.22 PASSED
---- entry-3.23 start
++++ entry-3.23 PASSED
---- entry-3.24 start
++++ entry-3.24 PASSED
---- entry-3.25 start
++++ entry-3.25 PASSED
---- entry-3.26 start
++++ entry-3.26 PASSED
---- entry-3.26a start
++++ entry-3.26a PASSED
---- entry-3.27 start
++++ entry-3.27 PASSED
---- entry-3.28 start
++++ entry-3.28 PASSED
---- entry-3.29 start
++++ entry-3.29 PASSED
---- entry-3.30 start
++++ entry-3.30 PASSED
---- entry-3.31 start
++++ entry-3.31 PASSED
---- entry-3.32 start
++++ entry-3.32 PASSED
---- entry-3.33 start
++++ entry-3.33 PASSED
---- entry-3.34 start
++++ entry-3.34 PASSED
---- entry-3.35 start
++++ entry-3.35 PASSED
---- entry-3.36 start
++++ entry-3.36 PASSED
---- entry-3.37 start
++++ entry-3.37 PASSED
---- entry-3.38 start
++++ entry-3.38 PASSED
---- entry-3.39 start
++++ entry-3.39 PASSED
---- entry-3.40 start
++++ entry-3.40 PASSED
---- entry-3.40a start
++++ entry-3.40a PASSED
---- entry-3.41 start
++++ entry-3.41 PASSED
---- entry-3.42 start
++++ entry-3.42 PASSED
---- entry-3.43 start
++++ entry-3.43 PASSED
---- entry-3.44 start
++++ entry-3.44 PASSED
---- entry-3.45 start
++++ entry-3.45 PASSED
++++ entry-3.46 SKIPPED: fonts
---- entry-3.47 start
++++ entry-3.47 PASSED
---- entry-3.48 start
++++ entry-3.48 PASSED
---- entry-3.49 start
++++ entry-3.49 PASSED
---- entry-3.50 start
++++ entry-3.50 PASSED
---- entry-3.50.1 start
++++ entry-3.50.1 PASSED
---- entry-3.51 start
++++ entry-3.51 PASSED
---- entry-3.52 start
++++ entry-3.52 PASSED
---- entry-3.53 start
++++ entry-3.53 PASSED
---- entry-3.54 start
++++ entry-3.54 PASSED
---- entry-3.55 start
++++ entry-3.55 PASSED
---- entry-3.56 start
++++ entry-3.56 PASSED
---- entry-3.57 start
++++ entry-3.57 PASSED
---- entry-3.58 start
++++ entry-3.58 PASSED
---- entry-3.59 start
++++ entry-3.59 PASSED
---- entry-3.60 start
++++ entry-3.60 PASSED
---- entry-3.61 start
++++ entry-3.61 PASSED
---- entry-3.62 start
++++ entry-3.62 PASSED
---- entry-3.63 start
++++ entry-3.63 PASSED
---- entry-3.64 start
++++ entry-3.64 PASSED
---- entry-3.64a start
++++ entry-3.64a PASSED
---- entry-3.64b start
++++ entry-3.64b PASSED
---- entry-3.65 start
++++ entry-3.65 PASSED
---- entry-3.66 start
++++ entry-3.66 PASSED
---- entry-3.67 start
++++ entry-3.67 PASSED
---- entry-3.68 start
++++ entry-3.68 PASSED
---- entry-3.69 start
++++ entry-3.69 PASSED
---- entry-3.70 start
++++ entry-3.70 PASSED
---- entry-3.71 start
++++ entry-3.71 PASSED
---- entry-3.72 start
++++ entry-3.72 PASSED
---- entry-3.73 start
++++ entry-3.73 PASSED
---- entry-3.74 start
++++ entry-3.74 PASSED
---- entry-3.75 start
++++ entry-3.75 PASSED
---- entry-3.76 start
++++ entry-3.76 PASSED
---- entry-3.77 start
++++ entry-3.77 PASSED
---- entry-3.78 start
++++ entry-3.78 PASSED
---- entry-3.79 start
++++ entry-3.79 PASSED
---- entry-3.80 start
++++ entry-3.80 PASSED
---- entry-3.86 start
++++ entry-3.86 PASSED
---- entry-3.82 start
++++ entry-3.82 PASSED
---- entry-4.1 start
++++ entry-4.1 PASSED
---- entry-5.1 start
++++ entry-5.1 PASSED
---- entry-5.2 start
++++ entry-5.2 PASSED
---- entry-5.3 start
++++ entry-5.3 PASSED
---- entry-5.4 start
++++ entry-5.4 PASSED
---- entry-5.5 start
++++ entry-5.5 PASSED
---- entry-5.6 start
++++ entry-5.6 PASSED
---- entry-5.6.1 start
++++ entry-5.6.1 PASSED
---- entry-5.7 start
++++ entry-5.7 PASSED
++++ entry-5.8 SKIPPED: fonts
++++ entry-5.9 SKIPPED: fonts
++++ entry-5.10 SKIPPED: fonts
---- entry-5.11 start
++++ entry-5.11 PASSED
++++ entry-6.1 SKIPPED: fonts
++++ entry-6.2 SKIPPED: fonts
++++ entry-6.3 SKIPPED: fonts
---- entry-6.4 start
++++ entry-6.4 PASSED
---- entry-6.5 start
++++ entry-6.5 PASSED
++++ entry-6.6 SKIPPED: fonts
++++ entry-6.7 SKIPPED: fonts
++++ entry-6.8 SKIPPED: fonts
++++ entry-6.9 SKIPPED: fonts
++++ entry-6.10 SKIPPED: fonts
++++ entry-6.11 SKIPPED: win
++++ entry-6.12 SKIPPED: fonts
---- entry-7.1 start
++++ entry-7.1 PASSED
---- entry-7.2 start
++++ entry-7.2 PASSED
---- entry-7.3 start
++++ entry-7.3 PASSED
---- entry-7.4 start
++++ entry-7.4 PASSED
---- entry-7.5 start
++++ entry-7.5 PASSED
---- entry-7.6 start
++++ entry-7.6 PASSED
---- entry-7.7 start
++++ entry-7.7 PASSED
---- entry-7.8 start
++++ entry-7.8 PASSED
---- entry-7.9 start
++++ entry-7.9 PASSED
---- entry-7.10 start
++++ entry-7.10 PASSED
++++ entry-7.11 SKIPPED: fonts
---- entry-8.1 start
++++ entry-8.1 PASSED
---- entry-8.2 start
++++ entry-8.2 PASSED
---- entry-8.3 start
++++ entry-8.3 PASSED
---- entry-8.4 start
++++ entry-8.4 PASSED
---- entry-8.5 start
++++ entry-8.5 PASSED
---- entry-8.6 start
++++ entry-8.6 PASSED
---- entry-8.7 start
++++ entry-8.7 PASSED
---- entry-8.8 start
++++ entry-8.8 PASSED
---- entry-8.9 start
++++ entry-8.9 PASSED
---- entry-8.10 start
++++ entry-8.10 PASSED
---- entry-8.11 start
++++ entry-8.11 PASSED
---- entry-8.12 start
++++ entry-8.12 PASSED
---- entry-8.13 start
++++ entry-8.13 PASSED
---- entry-8.14 start
++++ entry-8.14 PASSED
---- entry-8.15 start
++++ entry-8.15 PASSED
---- entry-8.16 start
++++ entry-8.16 PASSED
---- entry-8.17 start
++++ entry-8.17 PASSED
---- entry-8.18 start
++++ entry-8.18 PASSED
---- entry-9.1 start
++++ entry-9.1 PASSED
++++ entry-10.1 SKIPPED: fonts
---- entry-10.2 start
++++ entry-10.2 PASSED
---- entry-10.3 start
++++ entry-10.3 PASSED
---- entry-10.4 start
++++ entry-10.4 PASSED
---- entry-10.5 start
++++ entry-10.5 PASSED
---- entry-10.6 start
++++ entry-10.6 PASSED
---- entry-10.7 start
++++ entry-10.7 PASSED
---- entry-10.8 start
++++ entry-10.8 PASSED
---- entry-11.1 start
++++ entry-11.1 PASSED
---- entry-11.2 start
++++ entry-11.2 PASSED
---- entry-12.1 start
++++ entry-12.1 PASSED
---- entry-13.1 start
++++ entry-13.1 PASSED
---- entry-13.2 start
++++ entry-13.2 PASSED
---- entry-13.3 start
++++ entry-13.3 PASSED
---- entry-13.4 start
++++ entry-13.4 PASSED
---- entry-13.5 start
++++ entry-13.5 PASSED
---- entry-13.6 start
++++ entry-13.6 PASSED
---- entry-13.7 start
++++ entry-13.7 PASSED
---- entry-13.8 start
++++ entry-13.8 PASSED
---- entry-13.9 start
++++ entry-13.9 PASSED
++++ entry-13.10 SKIPPED: x11
---- entry-13.11 start
++++ entry-13.11 PASSED
++++ entry-13.12 SKIPPED: x11
---- entry-13.12.1 start
++++ entry-13.12.1 PASSED
++++ entry-13.13 SKIPPED: win
++++ entry-13.14 SKIPPED: win
++++ entry-13.14.1 SKIPPED: win
---- entry-13.15 start
++++ entry-13.15 PASSED
++++ entry-13.16 SKIPPED: fonts
++++ entry-13.17 SKIPPED: fonts
++++ entry-13.18 SKIPPED: fonts
++++ entry-13.19 SKIPPED: fonts
++++ entry-13.20 SKIPPED: fonts
---- entry-13.21 start
++++ entry-13.21 PASSED
---- entry-13.22 start
++++ entry-13.22 PASSED
---- entry-13.23 start
++++ entry-13.23 PASSED
---- entry-13.24 start
++++ entry-13.24 PASSED
---- entry-13.25 start
++++ entry-13.25 PASSED
++++ entry-13.26 SKIPPED: fonts
---- entry-14.1 start
++++ entry-14.1 PASSED
---- entry-14.2 start
++++ entry-14.2 PASSED
---- entry-14.3 start
++++ entry-14.3 PASSED
---- entry-15.1 start
++++ entry-15.1 PASSED
++++ entry-16.1 SKIPPED: fonts
++++ entry-16.2 SKIPPED: fonts
++++ entry-16.3 SKIPPED: win
---- entry-16.4 start
++++ entry-16.4 PASSED
---- entry-17.1 start
++++ entry-17.1 PASSED
---- entry-17.2 start
++++ entry-17.2 PASSED
---- entry-17.3 start
++++ entry-17.3 PASSED
---- entry-17.4 start
++++ entry-17.4 PASSED
---- entry-18.1 start
++++ entry-18.1 PASSED
---- entry-19.1 start
++++ entry-19.1 PASSED
---- entry-19.2 start
++++ entry-19.2 PASSED
---- entry-19.3 start
++++ entry-19.3 PASSED
---- entry-19.4 start
++++ entry-19.4 PASSED
---- entry-19.5 start
++++ entry-19.5 PASSED
---- entry-19.6 start
++++ entry-19.6 PASSED
---- entry-19.7 start
++++ entry-19.7 PASSED
---- entry-19.8 start
++++ entry-19.8 PASSED
---- entry-19.9 start
++++ entry-19.9 PASSED
---- entry-19.10 start
++++ entry-19.10 PASSED
---- entry-19.11 start
++++ entry-19.11 PASSED
---- entry-19.12 start
++++ entry-19.12 PASSED
---- entry-19.13 start
++++ entry-19.13 PASSED
---- entry-19.14 start
++++ entry-19.14 PASSED
---- entry-19.15 start
++++ entry-19.15 PASSED
---- entry-19.16 start
++++ entry-19.16 PASSED
---- entry-19.17 start
++++ entry-19.17 PASSED
---- entry-19.18 start
++++ entry-19.18 PASSED
---- entry-19.19 start
++++ entry-19.19 PASSED
---- entry-19.20 start
++++ entry-19.20 PASSED
---- entry-19.21 start
++++ entry-19.21 PASSED
---- entry-20.1 start
++++ entry-20.1 PASSED
---- entry-20.2 start
++++ entry-20.2 PASSED
---- entry-20.3 start
++++ entry-20.3 PASSED
---- entry-20.4 start
++++ entry-20.4 PASSED
---- entry-20.5 start
++++ entry-20.5 PASSED
---- entry-20.6 start
++++ entry-20.6 PASSED
---- entry-20.7 start
++++ entry-20.7 PASSED
---- entry-21.1 start
++++ entry-21.1 PASSED
---- entry-22.1 start
++++ entry-22.1 PASSED
---- entry-22.2 start
++++ entry-22.2 PASSED
---- entry-23.1 start
++++ entry-23.1 PASSED
---- entry-24.1 start
++++ entry-24.1 PASSED
---- entry-25.1 start
++++ entry-25.1 PASSED
---- entry-25.2 start
++++ entry-25.2 PASSED
---- entry-25.3 start
++++ entry-25.3 PASSED
event.test
---- event-1.1 start
++++ event-1.1 PASSED
---- event-1.2 start
++++ event-1.2 PASSED
---- event-2.1(keypress) start
++++ event-2.1(keypress) PASSED
---- event-2.2(keypress) start
++++ event-2.2(keypress) PASSED
---- event-2.3(keypress) start
++++ event-2.3(keypress) PASSED
---- event-2.4(keypress) start
++++ event-2.4(keypress) PASSED
---- event-2.5(keypress) start
++++ event-2.5(keypress) PASSED
---- event-2.6(keypress) start
++++ event-2.6(keypress) PASSED
---- event-3.1(click-drag) start
++++ event-3.1(click-drag) PASSED
---- event-3.2(click-drag) start
++++ event-3.2(click-drag) PASSED
---- event-4.1(double-click-drag) start
++++ event-4.1(double-click-drag) PASSED
---- event-4.2(double-click-drag) start
++++ event-4.2(double-click-drag) PASSED
---- event-5.1(triple-click-drag) start
++++ event-5.1(triple-click-drag) PASSED
---- event-6.1(button-state) start
++++ event-6.1(button-state) PASSED
---- event-7.1(double-click) start
++++ event-7.1(double-click) PASSED
---- event-7.2(double-click) start
++++ event-7.2(double-click) PASSED
++++ event-8 SKIPPED: nonPortable
---- event-9.1 start
++++ event-9.1 PASSED
++++ event-9.2 SKIPPED: notAqua
---- event-9.11 start
++++ event-9.11 PASSED
---- event-9.12 start
++++ event-9.12 PASSED
---- event-9.13 start
++++ event-9.13 PASSED
---- event-9.14 start
++++ event-9.14 PASSED
---- event-9.15 start
++++ event-9.15 PASSED
---- event-9.16 start
++++ event-9.16 PASSED
---- event-9.17 start
++++ event-9.17 PASSED
---- event-9.18 start
++++ event-9.18 PASSED
---- event-9.19 start
++++ event-9.19 PASSED
---- event-9.20 start
++++ event-9.20 PASSED
filebox.test
---- fileDialog-0.1 start
++++ fileDialog-0.1 PASSED
---- fileDialog-0.2 start
++++ fileDialog-0.2 PASSED
---- fileDialog-0.3 start
++++ fileDialog-0.3 PASSED
++++ filebox-1.1.1-0 SKIPPED: notAqua
---- filebox-1.1.2-0 start
++++ filebox-1.1.2-0 PASSED
---- filebox-1.2-0-command start
++++ filebox-1.2-0-command PASSED
---- filebox-1.2-0-defaultextension start
++++ filebox-1.2-0-defaultextension PASSED
---- filebox-1.2-0-filetypes start
++++ filebox-1.2-0-filetypes PASSED
---- filebox-1.2-0-initialdir start
++++ filebox-1.2-0-initialdir PASSED
---- filebox-1.2-0-initialfile start
++++ filebox-1.2-0-initialfile PASSED
---- filebox-1.2-0-message start
++++ filebox-1.2-0-message PASSED
---- filebox-1.2-0-multiple start
++++ filebox-1.2-0-multiple PASSED
---- filebox-1.2-0-parent start
++++ filebox-1.2-0-parent PASSED
---- filebox-1.2-0-title start
++++ filebox-1.2-0-title PASSED
---- filebox-1.2-0-typevariable start
++++ filebox-1.2-0-typevariable PASSED
++++ filebox-1.3.1-0 SKIPPED: notAqua
---- filebox-1.3.2-0 start
++++ filebox-1.3.2-0 PASSED
---- filebox-1.4-0 start
++++ filebox-1.4-0 PASSED
---- filebox-1.5-0 start
++++ filebox-1.5-0 PASSED
---- filebox-1.6-0 start
++++ filebox-1.6-0 PASSED
++++ filebox-2.1-0 SKIPPED: nonUnixUserInteraction
++++ filebox-2.2-0 SKIPPED: nonUnixUserInteraction
++++ filebox-2.3-0 SKIPPED: nonUnixUserInteraction
++++ filebox-2.4-0 SKIPPED: nonUnixUserInteraction
++++ filebox-2.5-0 SKIPPED: nonUnixUserInteraction
++++ filebox-2.6-0 SKIPPED: nonUnixUserInteraction
---- fileDialog-2.7-0 start
++++ fileDialog-2.7-0 PASSED
++++ filebox-3.1-0 SKIPPED: nonUnixUserInteraction
++++ filebox-3.2-0 SKIPPED: nonUnixUserInteraction
++++ filebox-3.3-0 SKIPPED: nonUnixUserInteraction
++++ filebox-3.4-0 SKIPPED: nonUnixUserInteraction
++++ filebox-3.5-0 SKIPPED: nonUnixUserInteraction
++++ filebox-4.1.1-0 SKIPPED: notAqua
---- filebox-4.1.2-0 start
++++ filebox-4.1.2-0 PASSED
---- filebox-4.2-0-command start
++++ filebox-4.2-0-command PASSED
---- filebox-4.2-0-confirmoverwrite start
++++ filebox-4.2-0-confirmoverwrite PASSED
---- filebox-4.2-0-defaultextension start
++++ filebox-4.2-0-defaultextension PASSED
---- filebox-4.2-0-filetypes start
++++ filebox-4.2-0-filetypes PASSED
---- filebox-4.2-0-initialdir start
++++ filebox-4.2-0-initialdir PASSED
---- filebox-4.2-0-initialfile start
++++ filebox-4.2-0-initialfile PASSED
---- filebox-4.2-0-message start
++++ filebox-4.2-0-message PASSED
---- filebox-4.2-0-parent start
++++ filebox-4.2-0-parent PASSED
---- filebox-4.2-0-title start
++++ filebox-4.2-0-title PASSED
---- filebox-4.2-0-typevariable start
++++ filebox-4.2-0-typevariable PASSED
++++ filebox-4.3.1-0 SKIPPED: notAqua
---- filebox-4.3.2-0 start
++++ filebox-4.3.2-0 PASSED
---- filebox-4.4-0 start
++++ filebox-4.4-0 PASSED
---- filebox-4.5-0 start
++++ filebox-4.5-0 PASSED
---- filebox-4.6-0 start
++++ filebox-4.6-0 PASSED
++++ filebox-5.1-0 SKIPPED: nonUnixUserInteraction
++++ filebox-5.2-0 SKIPPED: nonUnixUserInteraction
++++ filebox-5.3-0 SKIPPED: nonUnixUserInteraction
++++ filebox-5.4-0 SKIPPED: nonUnixUserInteraction
++++ filebox-5.5-0 SKIPPED: nonUnixUserInteraction
++++ filebox-5.6-0 SKIPPED: nonUnixUserInteraction
++++ filebox-6.1-0 SKIPPED: nonUnixUserInteraction
++++ filebox-6.2-0 SKIPPED: nonUnixUserInteraction
++++ filebox-6.3-0 SKIPPED: nonUnixUserInteraction
++++ filebox-7.1-0 SKIPPED: nonUnixUserInteraction
++++ filebox-7.2-0 SKIPPED: nonUnixUserInteraction
++++ filebox-1.1.1-1 SKIPPED: notAqua
---- filebox-1.1.2-1 start
++++ filebox-1.1.2-1 PASSED
---- filebox-1.2-1-command start
++++ filebox-1.2-1-command PASSED
---- filebox-1.2-1-defaultextension start
++++ filebox-1.2-1-defaultextension PASSED
---- filebox-1.2-1-filetypes start
++++ filebox-1.2-1-filetypes PASSED
---- filebox-1.2-1-initialdir start
++++ filebox-1.2-1-initialdir PASSED
---- filebox-1.2-1-initialfile start
++++ filebox-1.2-1-initialfile PASSED
---- filebox-1.2-1-message start
++++ filebox-1.2-1-message PASSED
---- filebox-1.2-1-multiple start
++++ filebox-1.2-1-multiple PASSED
---- filebox-1.2-1-parent start
++++ filebox-1.2-1-parent PASSED
---- filebox-1.2-1-title start
++++ filebox-1.2-1-title PASSED
---- filebox-1.2-1-typevariable start
++++ filebox-1.2-1-typevariable PASSED
++++ filebox-1.3.1-1 SKIPPED: notAqua
---- filebox-1.3.2-1 start
++++ filebox-1.3.2-1 PASSED
---- filebox-1.4-1 start
++++ filebox-1.4-1 PASSED
---- filebox-1.5-1 start
++++ filebox-1.5-1 PASSED
---- filebox-1.6-1 start
++++ filebox-1.6-1 PASSED
++++ filebox-2.1-1 SKIPPED: nonUnixUserInteraction
++++ filebox-2.2-1 SKIPPED: nonUnixUserInteraction
++++ filebox-2.3-1 SKIPPED: nonUnixUserInteraction
++++ filebox-2.4-1 SKIPPED: nonUnixUserInteraction
++++ filebox-2.5-1 SKIPPED: nonUnixUserInteraction
++++ filebox-2.6-1 SKIPPED: nonUnixUserInteraction
---- fileDialog-2.7-1 start
++++ fileDialog-2.7-1 PASSED
++++ filebox-3.1-1 SKIPPED: nonUnixUserInteraction
++++ filebox-3.2-1 SKIPPED: nonUnixUserInteraction
++++ filebox-3.3-1 SKIPPED: nonUnixUserInteraction
++++ filebox-3.4-1 SKIPPED: nonUnixUserInteraction
++++ filebox-3.5-1 SKIPPED: nonUnixUserInteraction
++++ filebox-4.1.1-1 SKIPPED: notAqua
---- filebox-4.1.2-1 start
++++ filebox-4.1.2-1 PASSED
---- filebox-4.2-1-command start
++++ filebox-4.2-1-command PASSED
---- filebox-4.2-1-confirmoverwrite start
++++ filebox-4.2-1-confirmoverwrite PASSED
---- filebox-4.2-1-defaultextension start
++++ filebox-4.2-1-defaultextension PASSED
---- filebox-4.2-1-filetypes start
++++ filebox-4.2-1-filetypes PASSED
---- filebox-4.2-1-initialdir start
++++ filebox-4.2-1-initialdir PASSED
---- filebox-4.2-1-initialfile start
++++ filebox-4.2-1-initialfile PASSED
---- filebox-4.2-1-message start
++++ filebox-4.2-1-message PASSED
---- filebox-4.2-1-parent start
++++ filebox-4.2-1-parent PASSED
---- filebox-4.2-1-title start
++++ filebox-4.2-1-title PASSED
---- filebox-4.2-1-typevariable start
++++ filebox-4.2-1-typevariable PASSED
++++ filebox-4.3.1-1 SKIPPED: notAqua
---- filebox-4.3.2-1 start
++++ filebox-4.3.2-1 PASSED
---- filebox-4.4-1 start
++++ filebox-4.4-1 PASSED
---- filebox-4.5-1 start
++++ filebox-4.5-1 PASSED
---- filebox-4.6-1 start
++++ filebox-4.6-1 PASSED
++++ filebox-5.1-1 SKIPPED: nonUnixUserInteraction
++++ filebox-5.2-1 SKIPPED: nonUnixUserInteraction
++++ filebox-5.3-1 SKIPPED: nonUnixUserInteraction
++++ filebox-5.4-1 SKIPPED: nonUnixUserInteraction
++++ filebox-5.5-1 SKIPPED: nonUnixUserInteraction
++++ filebox-5.6-1 SKIPPED: nonUnixUserInteraction
++++ filebox-6.1-1 SKIPPED: nonUnixUserInteraction
++++ filebox-6.2-1 SKIPPED: nonUnixUserInteraction
++++ filebox-6.3-1 SKIPPED: nonUnixUserInteraction
focus.test
---- focus-1.1 start
++++ focus-1.1 PASSED
++++ focus-1.2 SKIPPED: altDisplay
---- focus-1.3 start
++++ focus-1.3 PASSED
---- focus-1.4 start
++++ focus-1.4 PASSED
---- focus-1.5 start
++++ focus-1.5 PASSED
---- focus-1.6 start
++++ focus-1.6 PASSED
---- focus-1.7 start
++++ focus-1.7 PASSED
---- focus-1.8 start
++++ focus-1.8 PASSED
---- focus-1.9 start
++++ focus-1.9 PASSED
---- focus-1.10 start
++++ focus-1.10 PASSED
---- focus-1.11 start
++++ focus-1.11 PASSED
---- focus-1.12 start
++++ focus-1.12 PASSED
---- focus-1.13 start
++++ focus-1.13 PASSED
++++ focus-1.14 SKIPPED: altDisplay
---- focus-1.15 start
++++ focus-1.15 PASSED
---- focus-1.16 start
++++ focus-1.16 PASSED
---- focus-1.17 start
++++ focus-1.17 PASSED
---- focus-1.18 start
++++ focus-1.18 PASSED
---- focus-1.19 start
++++ focus-1.19 PASSED
---- focus-1.20 start
++++ focus-1.20 PASSED
---- focus-1.21 start
++++ focus-1.21 PASSED
---- focus-1.22 start
++++ focus-1.22 PASSED
---- focus-1.23 start
++++ focus-1.23 PASSED
---- focus-1.24 start
++++ focus-1.24 PASSED
---- focus-1.25 start
++++ focus-1.25 PASSED
++++ focus-2.1 SKIPPED: nonPortable
++++ focus-2.2 SKIPPED: nonPortable
++++ focus-2.3 SKIPPED: nonPortable
++++ focus-2.4 SKIPPED: nonPortable
++++ focus-2.5 SKIPPED: nonPortable
++++ focus-2.6 SKIPPED: testwrapper
++++ focus-2.7 SKIPPED: testwrapper
++++ focus-2.8 SKIPPED: testwrapper
++++ focus-2.9 SKIPPED: testwrapper
++++ focus-2.10 SKIPPED: testwrapper
++++ focus-2.11 SKIPPED: testwrapper
++++ focus-2.12 SKIPPED: testwrapper
++++ focus-2.13 SKIPPED: testwrapper
++++ focus-2.14 SKIPPED: testwrapper
++++ focus-2.15 SKIPPED: testwrapper
++++ focus-2.16 SKIPPED: testwrapper
++++ focus-2.17 SKIPPED: testwrapper
++++ focus-3.1 SKIPPED: testwrapper
++++ focus-3.2 SKIPPED: testwrapper
++++ focus-3.3 SKIPPED: testwrapper
++++ focus-3.4 SKIPPED: testwrapper
++++ focus-3.5 SKIPPED: testwrapper
++++ focus-3.6 SKIPPED: testwrapper
++++ focus-3.7 SKIPPED: nonPortable
++++ focus-4.1 SKIPPED: testwrapper
++++ focus-4.2 SKIPPED: testwrapper
++++ focus-4.3 SKIPPED: nonPortable
++++ focus-4.4 SKIPPED: testwrapper
++++ focus-5.1 SKIPPED: testwrapper
++++ focus-6.1 SKIPPED: testwrapper
++++ focus-6.2 SKIPPED: testwrapper
---- focus-7.1 start
++++ focus-7.1 PASSED
---- focus-8.1 start
++++ focus-8.1 PASSED
focusTcl.test
---- focusTcl-1.1 start
++++ focusTcl-1.1 PASSED
---- focusTcl-1.2 start
++++ focusTcl-1.2 PASSED
---- focusTcl-1.3 start
++++ focusTcl-1.3 PASSED
---- focusTcl-1.4 start
++++ focusTcl-1.4 PASSED
---- focusTcl-1.5 start
++++ focusTcl-1.5 PASSED
---- focusTcl-1.6 start
++++ focusTcl-1.6 PASSED
---- focusTcl-1.7 start
++++ focusTcl-1.7 PASSED
---- focusTcl-1.8 start
++++ focusTcl-1.8 PASSED
---- focusTcl-1.9 start
++++ focusTcl-1.9 PASSED
---- focusTcl-1.10 start
++++ focusTcl-1.10 PASSED
---- focusTcl-1.11 start
++++ focusTcl-1.11 PASSED
---- focusTcl-1.12 start
++++ focusTcl-1.12 PASSED
---- focusTcl-2.1 start
++++ focusTcl-2.1 PASSED
---- focusTcl-2.2 start
++++ focusTcl-2.2 PASSED
---- focusTcl-2.3 start
++++ focusTcl-2.3 PASSED
---- focusTcl-2.4 start
++++ focusTcl-2.4 PASSED
---- focusTcl-2.5 start
++++ focusTcl-2.5 PASSED
---- focusTcl-3.1 start
++++ focusTcl-3.1 PASSED
---- focusTcl-3.2 start
++++ focusTcl-3.2 PASSED
---- focusTcl-3.3 start
++++ focusTcl-3.3 PASSED
---- focusTcl-3.4 start
++++ focusTcl-3.4 PASSED
---- focusTcl-3.5 start
++++ focusTcl-3.5 PASSED
---- focusTcl-3.6 start
++++ focusTcl-3.6 PASSED
---- focusTcl-3.7 start
++++ focusTcl-3.7 PASSED
---- focusTcl-3.8 start
++++ focusTcl-3.8 PASSED
---- focusTcl-3.9 start
++++ focusTcl-3.9 PASSED
---- focusTcl-4.1 start
++++ focusTcl-4.1 PASSED
---- focusTcl-4.2 start
++++ focusTcl-4.2 PASSED
---- focusTcl-4.3 start
++++ focusTcl-4.3 PASSED
---- focusTcl-4.4 start
++++ focusTcl-4.4 PASSED
---- focusTcl-4.5 start
++++ focusTcl-4.5 PASSED
---- focusTcl-5.1 start
++++ focusTcl-5.1 PASSED
---- focusTcl-5.2 start
++++ focusTcl-5.2 PASSED
---- focusTcl-5.3 start
++++ focusTcl-5.3 PASSED
---- focusTcl-5.4 start
++++ focusTcl-5.4 PASSED
---- focusTcl-5.5 start
++++ focusTcl-5.5 PASSED
---- focusTcl-5.6 start
++++ focusTcl-5.6 PASSED
---- focusTcl-5.7 start
++++ focusTcl-5.7 PASSED
---- focusTcl-5.8 start
++++ focusTcl-5.8 PASSED
---- focusTcl-5.9 start
++++ focusTcl-5.9 PASSED
---- focusTcl-5.10 start
++++ focusTcl-5.10 PASSED
---- focusTcl-5.11 start
++++ focusTcl-5.11 PASSED
font.test
---- font-1.1 start
++++ font-1.1 PASSED
---- font-2.1 start
++++ font-2.1 PASSED
---- font-3.1 start
++++ font-3.1 PASSED
---- font-3.2 start
++++ font-3.2 PASSED
---- font-4.1 start
++++ font-4.1 PASSED
---- font-4.2 start
++++ font-4.2 PASSED
---- font-4.3 start
++++ font-4.3 PASSED
---- font-4.4 start
++++ font-4.4 PASSED
---- font-4.5 start
++++ font-4.5 PASSED
---- font-4.6 start
++++ font-4.6 PASSED
---- font-4.7 start
++++ font-4.7 PASSED
---- font-4.8 start
++++ font-4.8 PASSED
---- font-4.9 start
++++ font-4.9 PASSED
++++ font-4.10 SKIPPED: win
---- font-4.11 start
++++ font-4.11 PASSED
---- font-4.12 start
++++ font-4.12 PASSED
---- font-4.13 start
++++ font-4.13 PASSED
++++ font-4.14 SKIPPED: utfcompat
---- font-4.15 start
++++ font-4.15 PASSED
++++ font-4.16 SKIPPED: win
---- font-5.1 start
++++ font-5.1 PASSED
---- font-5.2 start
++++ font-5.2 PASSED
---- font-5.3 start
++++ font-5.3 PASSED
---- font-5.4 start
++++ font-5.4 PASSED
---- font-5.5 start
++++ font-5.5 PASSED
---- font-5.6 start
++++ font-5.6 PASSED
---- font-5.7 start
++++ font-5.7 PASSED
---- font-6.1 start
++++ font-6.1 PASSED
---- font-6.2 start
++++ font-6.2 PASSED
---- font-6.3 start
++++ font-6.3 PASSED
---- font-6.4 start
++++ font-6.4 PASSED
---- font-6.5 start
++++ font-6.5 PASSED
---- font-6.6 start
++++ font-6.6 PASSED
---- font-6.7 start
++++ font-6.7 PASSED
---- font-7.1 start
++++ font-7.1 PASSED
---- font-7.2 start
++++ font-7.2 PASSED
---- font-7.3 start
++++ font-7.3 PASSED
---- font-7.4 start
++++ font-7.4 PASSED
---- font-7.5 start
++++ font-7.5 PASSED
---- font-7.6 start
++++ font-7.6 PASSED
---- font-7.7 start
++++ font-7.7 PASSED
---- font-8.1 start
++++ font-8.1 PASSED
---- font-8.2 start
++++ font-8.2 PASSED
---- font-8.3 start
++++ font-8.3 PASSED
---- font-8.4 start
++++ font-8.4 PASSED
---- font-9.1 start
++++ font-9.1 PASSED
---- font-9.2 start
++++ font-9.2 PASSED
---- font-9.3 start
++++ font-9.3 PASSED
---- font-9.4 start
++++ font-9.4 PASSED
---- font-9.5 start
++++ font-9.5 PASSED
---- font-9.6 start
++++ font-9.6 PASSED
---- font-9.7 start
++++ font-9.7 PASSED
---- font-9.8 start
++++ font-9.8 PASSED
---- font-10.1 start
++++ font-10.1 PASSED
---- font-10.2 start
++++ font-10.2 PASSED
---- font-10.3 start
++++ font-10.3 PASSED
---- font-10.4 start
++++ font-10.4 PASSED
---- font-10.5 start
++++ font-10.5 PASSED
---- font-10.6 start
++++ font-10.6 PASSED
---- font-10.7 start
++++ font-10.7 PASSED
---- font-10.8 start
++++ font-10.8 PASSED
---- font-10.9 start
++++ font-10.9 PASSED
---- font-11.1 start
++++ font-11.1 PASSED
---- font-11.2 start
++++ font-11.2 PASSED
---- font-11.3 start
++++ font-11.3 PASSED
---- font-11.4 start
++++ font-11.4 PASSED
---- font-11.5 start
++++ font-11.5 PASSED
---- font-12.1 start
++++ font-12.1 PASSED
---- font-12.2 start
++++ font-12.2 PASSED
---- font-13.1 start
++++ font-13.1 PASSED
---- font-13.2 start
++++ font-13.2 PASSED
---- font-13.3 start
++++ font-13.3 PASSED
---- font-13.4 start
++++ font-13.4 PASSED
---- font-14.1 start
++++ font-14.1 PASSED
---- font-15.1 start
++++ font-15.1 PASSED
---- font-15.2 start
++++ font-15.2 PASSED
---- font-15.3 start
++++ font-15.3 PASSED
---- font-15.4 start
++++ font-15.4 PASSED
---- font-15.5 start
++++ font-15.5 PASSED
---- font-15.6 start
++++ font-15.6 PASSED
---- font-15.7 start
++++ font-15.7 PASSED
++++ font-15.8 SKIPPED: win
---- font-15.9 start
++++ font-15.9 PASSED
---- font-15.10 start
++++ font-15.10 PASSED
---- font-15.11 start
++++ font-15.11 PASSED
---- font-15.12 start
++++ font-15.12 PASSED
---- font-15.13 start
++++ font-15.13 PASSED
---- font-16.1 start
++++ font-16.1 PASSED
---- font-17.1 start
++++ font-17.1 PASSED
---- font-17.2 start
++++ font-17.2 PASSED
---- font-17.3 start
++++ font-17.3 PASSED
---- font-17.4 start
++++ font-17.4 PASSED
---- font-17.5 start
++++ font-17.5 PASSED
---- font-17.6 start
++++ font-17.6 PASSED
---- font-18.1 start
++++ font-18.1 PASSED
---- font-19.1 start
++++ font-19.1 PASSED
---- font-20.1 start
++++ font-20.1 PASSED
---- font-21.1 start
++++ font-21.1 PASSED
++++ font-21.2 SKIPPED: win
++++ font-21.3 SKIPPED: win
++++ font-21.4 SKIPPED: win
---- font-21.5 start
++++ font-21.5 PASSED
++++ font-21.6 SKIPPED: x11
---- font-21.7 start
++++ font-21.7 PASSED
---- font-21.8 start
++++ font-21.8 PASSED
---- font-21.9 start
++++ font-21.9 PASSED
---- font-21.10 start
++++ font-21.10 PASSED
---- font-21.11 start
++++ font-21.11 PASSED
---- font-21.12 start
++++ font-21.12 PASSED
---- font-21.13 start
++++ font-21.13 PASSED
---- font-21.14 start
++++ font-21.14 PASSED
---- font-21.15 start
++++ font-21.15 PASSED
---- font-21.16 start
++++ font-21.16 PASSED
---- font-21.17 start
++++ font-21.17 PASSED
---- font-21.18 start
++++ font-21.18 PASSED
---- font-21.19 start
++++ font-21.19 PASSED
---- font-21.20 start
++++ font-21.20 PASSED
---- font-21.21 start
++++ font-21.21 PASSED
---- font-21.22 start
++++ font-21.22 PASSED
---- font-21.23 start
++++ font-21.23 PASSED
---- font-21.24 start
++++ font-21.24 PASSED
---- font-21.25 start
++++ font-21.25 PASSED
---- font-21.26 start
++++ font-21.26 PASSED
---- font-21.27 start
++++ font-21.27 PASSED
---- font-21.28 start
++++ font-21.28 PASSED
---- font-21.29 start
++++ font-21.29 PASSED
---- font-21.30 start
++++ font-21.30 PASSED
---- font-21.31 start
++++ font-21.31 PASSED
---- font-21.32 start
++++ font-21.32 PASSED
---- font-21.33 start
++++ font-21.33 PASSED
---- font-21.34 start
++++ font-21.34 PASSED
---- font-21.35 start
++++ font-21.35 PASSED
---- font-21.36 start
++++ font-21.36 PASSED
---- font-21.37 start
++++ font-21.37 PASSED
---- font-21.38 start
++++ font-21.38 PASSED
---- font-21.39 start
++++ font-21.39 PASSED
---- font-21.40 start
++++ font-21.40 PASSED
---- font-21.41 start
++++ font-21.41 PASSED
---- font-21.42 start
++++ font-21.42 PASSED
---- font-21.43 start
++++ font-21.43 PASSED
---- font-21.44 start
++++ font-21.44 PASSED
---- font-21.45 start
++++ font-21.45 PASSED
---- font-21.46 start
++++ font-21.46 PASSED
++++ font-21.47 SKIPPED: win
++++ font-21.48 SKIPPED: win
++++ font-21.49 SKIPPED: win
++++ font-21.50 SKIPPED: win
++++ font-21.51 SKIPPED: win
++++ font-21.52 SKIPPED: win
++++ font-21.53 SKIPPED: win
++++ font-21.54 SKIPPED: win
++++ font-21.55 SKIPPED: win
++++ font-21.56 SKIPPED: win
++++ font-21.57 SKIPPED: win
++++ font-21.58 SKIPPED: win
++++ font-21.59 SKIPPED: win
++++ font-21.60 SKIPPED: win
++++ font-21.61 SKIPPED: win
++++ font-21.62 SKIPPED: win
++++ font-21.63 SKIPPED: win
++++ font-21.64 SKIPPED: win
++++ font-21.65 SKIPPED: win
++++ font-21.66 SKIPPED: win
---- font-22.1 start
++++ font-22.1 PASSED
---- font-23.1 start
++++ font-23.1 PASSED
---- font-24.1 start
++++ font-24.1 PASSED
---- font-24.2 start
++++ font-24.2 PASSED
---- font-24.3 start
++++ font-24.3 PASSED
---- font-24.4 start
++++ font-24.4 PASSED
---- font-24.5 start
++++ font-24.5 PASSED
---- font-24.6 start
++++ font-24.6 PASSED
---- font-24.7 start
++++ font-24.7 PASSED
---- font-24.8 start
++++ font-24.8 PASSED
---- font-24.9 start
++++ font-24.9 PASSED
---- font-24.10 start
++++ font-24.10 PASSED
---- font-24.11 start
++++ font-24.11 PASSED
---- font-24.12 start
++++ font-24.12 PASSED
---- font-24.13 start
++++ font-24.13 PASSED
---- font-24.14 start
++++ font-24.14 PASSED
---- font-24.15 start
++++ font-24.15 PASSED
---- font-25.1 start
++++ font-25.1 PASSED
---- font-26.1 start
++++ font-26.1 PASSED
---- font-26.2 start
++++ font-26.2 PASSED
---- font-26.3 start
++++ font-26.3 PASSED
---- font-26.4 start
++++ font-26.4 PASSED
---- font-26.5 start
++++ font-26.5 PASSED
---- font-26.6 start
++++ font-26.6 PASSED
---- font-27.1 start
++++ font-27.1 PASSED
---- font-27.2 start
++++ font-27.2 PASSED
---- font-27.3 start
++++ font-27.3 PASSED
---- font-28.1 start
++++ font-28.1 PASSED
---- font-28.2 start
++++ font-28.2 PASSED
---- font-28.3 start
++++ font-28.3 PASSED
---- font-28.4 start
++++ font-28.4 PASSED
---- font-28.5 start
++++ font-28.5 PASSED
---- font-28.6 start
++++ font-28.6 PASSED
---- font-28.7 start
++++ font-28.7 PASSED
---- font-28.8 start
++++ font-28.8 PASSED
---- font-28.9 start
++++ font-28.9 PASSED
---- font-28.10 start
++++ font-28.10 PASSED
---- font-28.11 start
++++ font-28.11 PASSED
---- font-29.1 start
++++ font-29.1 PASSED
---- font-29.2 start
++++ font-29.2 PASSED
---- font-29.3 start
++++ font-29.3 PASSED
---- font-29.4 start
++++ font-29.4 PASSED
---- font-29.5 start
++++ font-29.5 PASSED
---- font-29.6 start
++++ font-29.6 PASSED
---- font-30.1 start
++++ font-30.1 PASSED
---- font-30.2 start
++++ font-30.2 PASSED
---- font-30.3 start
++++ font-30.3 PASSED
---- font-30.4 start
++++ font-30.4 PASSED
---- font-30.5 start
++++ font-30.5 PASSED
---- font-30.6 start
++++ font-30.6 PASSED
---- font-30.7 start
++++ font-30.7 PASSED
---- font-30.8 start
++++ font-30.8 PASSED
---- font-30.9 start
++++ font-30.9 PASSED
---- font-30.10 start
++++ font-30.10 PASSED
---- font-30.11 start
++++ font-30.11 PASSED
---- font-30.12 start
++++ font-30.12 PASSED
---- font-30.13 start
++++ font-30.13 PASSED
---- font-31.1 start
++++ font-31.1 PASSED
---- font-31.2 start
++++ font-31.2 PASSED
---- font-31.3 start
++++ font-31.3 PASSED
---- font-31.4 start
++++ font-31.4 PASSED
---- font-31.5 start
++++ font-31.5 PASSED
---- font-31.6 start
++++ font-31.6 PASSED
---- font-31.7 start
++++ font-31.7 PASSED
---- font-32.1 start
++++ font-32.1 PASSED
---- font-33.1 start
++++ font-33.1 PASSED
---- font-34.1 start
++++ font-34.1 PASSED
---- font-34.2 start
++++ font-34.2 PASSED
---- font-34.3 start
++++ font-34.3 PASSED
---- font-34.4 start
++++ font-34.4 PASSED
---- font-34.5 start
++++ font-34.5 PASSED
---- font-34.6 start
++++ font-34.6 PASSED
---- font-34.7 start
++++ font-34.7 PASSED
---- font-34.8 start
++++ font-34.8 PASSED
---- font-34.9 start
++++ font-34.9 PASSED
---- font-34.10 start
++++ font-34.10 PASSED
---- font-34.11 start
++++ font-34.11 PASSED
---- font-34.12 start
++++ font-34.12 PASSED
---- font-34.13 start
++++ font-34.13 PASSED
---- font-35.1 start
++++ font-35.1 PASSED
---- font-36.1 start
++++ font-36.1 PASSED
---- font-37.1 start
++++ font-37.1 PASSED
---- font-37.2 start
++++ font-37.2 PASSED
---- font-37.3 start
++++ font-37.3 PASSED
---- font-37.4 start
++++ font-37.4 PASSED
---- font-37.5 start
++++ font-37.5 PASSED
---- font-37.6 start
++++ font-37.6 PASSED
---- font-37.7 start
++++ font-37.7 PASSED
---- font-38.1 start
++++ font-38.1 PASSED
---- font-38.2 start
++++ font-38.2 PASSED
---- font-38.3 start
++++ font-38.3 PASSED
---- font-38.4 start
++++ font-38.4 PASSED
---- font-38.5 start
++++ font-38.5 PASSED
---- font-38.6 start
++++ font-38.6 PASSED
---- font-38.7 start
++++ font-38.7 PASSED
---- font-38.8 start
++++ font-38.8 PASSED
---- font-38.9 start
++++ font-38.9 PASSED
---- font-38.10 start
++++ font-38.10 PASSED
---- font-38.11 start
++++ font-38.11 PASSED
---- font-38.12 start
++++ font-38.12 PASSED
---- font-38.13 start
++++ font-38.13 PASSED
---- font-38.14 start
++++ font-38.14 PASSED
---- font-39.1 start
++++ font-39.1 PASSED
---- font-40.1 start
++++ font-40.1 PASSED
---- font-40.2 start
++++ font-40.2 PASSED
---- font-40.3 start
++++ font-40.3 PASSED
---- font-40.4 start
++++ font-40.4 PASSED
---- font-40.5 start
++++ font-40.5 PASSED
---- font-41.1 start
++++ font-41.1 PASSED
---- font-42.1 start
++++ font-42.1 PASSED
---- font-42.2 start
++++ font-42.2 PASSED
---- font-42.3 start
++++ font-42.3 PASSED
---- font-42.4 start
++++ font-42.4 PASSED
---- font-42.5 start
++++ font-42.5 PASSED
---- font-43.1 start
++++ font-43.1 PASSED
---- font-44.1 start
++++ font-44.1 PASSED
---- font-44.2 start
++++ font-44.2 PASSED
---- font-44.3 start
++++ font-44.3 PASSED
---- font-45.1 start
++++ font-45.1 PASSED
++++ font-45.2 SKIPPED: win
---- font-45.3 start
++++ font-45.3 PASSED
---- font-46.1 start
++++ font-46.1 PASSED
---- font-46.2 start
++++ font-46.2 PASSED
---- font-46.3 start
++++ font-46.3 PASSED
---- font-46.4 start
++++ font-46.4 PASSED
---- font-46.5 start
++++ font-46.5 PASSED
---- font-47.1 start
++++ font-47.1 PASSED
---- font-47.2 start
++++ font-47.2 PASSED
---- font-47.3 start
++++ font-47.3 PASSED
fontchooser.test
---- fontchooser-1.1 start
++++ fontchooser-1.1 PASSED
---- fontchooser-1.2 start
++++ fontchooser-1.2 PASSED
---- fontchooser-1.3 start
++++ fontchooser-1.3 PASSED
---- fontchooser-1.4 start
++++ fontchooser-1.4 PASSED
---- fontchooser-1.5 start
++++ fontchooser-1.5 PASSED
---- fontchooser-1.6 start
++++ fontchooser-1.6 PASSED
---- fontchooser-1.7 start
++++ fontchooser-1.7 PASSED
---- fontchooser-1.8 start
++++ fontchooser-1.8 PASSED
---- fontchooser-1.9 start
++++ fontchooser-1.9 PASSED
++++ fontchooser-2.0 SKIPPED: scriptImpl
++++ fontchooser-2.1 SKIPPED: scriptImpl
++++ fontchooser-3.0 SKIPPED: scriptImpl
++++ fontchooser-3.1 SKIPPED: scriptImpl
++++ fontchooser-4.0 SKIPPED: scriptImpl
++++ fontchooser-4.1 SKIPPED: scriptImpl
++++ fontchooser-4.2 SKIPPED: scriptImpl
++++ fontchooser-4.3 SKIPPED: scriptImpl
++++ fontchooser-4.4 SKIPPED: scriptImpl
++++ fontchooser-5.1 SKIPPED: scriptImpl
frame.test
---- frame-1.1 start
++++ frame-1.1 PASSED
---- frame-1.2 start
++++ frame-1.2 PASSED
---- frame-1.3 start
++++ frame-1.3 PASSED
---- frame-1.4 start
++++ frame-1.4 PASSED
---- frame-1.5 start
++++ frame-1.5 PASSED
---- frame-1.6 start
++++ frame-1.6 PASSED
---- frame-1.7 start
++++ frame-1.7 PASSED
---- frame-1.8 start
++++ frame-1.8 PASSED
---- frame-1.9 start
++++ frame-1.9 PASSED
---- frame-1.10 start
++++ frame-1.10 PASSED
---- frame-1.11 start
++++ frame-1.11 PASSED
---- frame-1.12 start
++++ frame-1.12 PASSED
---- frame-1.13 start
++++ frame-1.13 PASSED
---- frame-1.14 start
++++ frame-1.14 PASSED
---- frame-1.15 start
++++ frame-1.15 PASSED
---- frame-1.16 start
++++ frame-1.16 PASSED
---- frame-1.17 start
++++ frame-1.17 PASSED
---- frame-1.18 start
++++ frame-1.18 PASSED
---- frame-1.19 start
++++ frame-1.19 PASSED
---- frame-1.20 start
++++ frame-1.20 PASSED
---- frame-1.21 start
++++ frame-1.21 PASSED
---- frame-1.22 start
++++ frame-1.22 PASSED
---- frame-1.23 start
++++ frame-1.23 PASSED
---- frame-1.24 start
++++ frame-1.24 PASSED
---- frame-1.25 start
++++ frame-1.25 PASSED
---- frame-1.26 start
++++ frame-1.26 PASSED
---- frame-1.27 start
++++ frame-1.27 PASSED
---- frame-1.28 start
++++ frame-1.28 PASSED
---- frame-1.29 start
++++ frame-1.29 PASSED
---- frame-1.30 start
++++ frame-1.30 PASSED
---- frame-1.31 start
++++ frame-1.31 PASSED
---- frame-1.32 start
++++ frame-1.32 PASSED
---- frame-1.33 start
++++ frame-1.33 PASSED
---- frame-1.34 start
++++ frame-1.34 PASSED
---- frame-1.35 start
++++ frame-1.35 PASSED
---- frame-1.36 start
++++ frame-1.36 PASSED
---- frame-1.37 start
++++ frame-1.37 PASSED
---- frame-1.38 start
++++ frame-1.38 PASSED
---- frame-1.39 start
++++ frame-1.39 PASSED
---- frame-2.1 start
++++ frame-2.1 PASSED
---- frame-2.2 start
++++ frame-2.2 PASSED
---- frame-2.3 start
++++ frame-2.3 PASSED
---- frame-2.4 start
++++ frame-2.4 PASSED
---- frame-2.5 start
++++ frame-2.5 PASSED
---- frame-2.6 start
++++ frame-2.6 PASSED
---- frame-2.7 start
++++ frame-2.7 PASSED
++++ frame-2.8 SKIPPED: win
++++ frame-2.9 SKIPPED: win
---- frame-2.10 start
++++ frame-2.10 PASSED
---- frame-2.11 start
++++ frame-2.11 PASSED
---- frame-2.12 start
++++ frame-2.12 PASSED
---- frame-2.13 start
++++ frame-2.13 PASSED
---- frame-2.14 start
++++ frame-2.14 PASSED
++++ frame-2.15 SKIPPED: haveDISPLAY
++++ frame-2.16 SKIPPED: haveDISPLAY
---- frame-2.17 start
++++ frame-2.17 PASSED
---- frame-2.18 start
++++ frame-2.18 PASSED
---- frame-2.19 start
++++ frame-2.19 PASSED
---- frame-2.20 start
++++ frame-2.20 PASSED
---- frame-2.21 start
++++ frame-2.21 PASSED
---- frame-2.22 start
++++ frame-2.22 PASSED
---- frame-2.23 start
++++ frame-2.23 PASSED
---- frame-2.24 start
++++ frame-2.24 PASSED
---- frame-2.25 start
++++ frame-2.25 PASSED
---- frame-2.26 start
++++ frame-2.26 PASSED
---- frame-2.27 start
++++ frame-2.27 PASSED
---- frame-2.28 start
++++ frame-2.28 PASSED
---- frame-2.29 start
++++ frame-2.29 PASSED
---- frame-2.30 start
++++ frame-2.30 PASSED
---- frame-2.31 start
++++ frame-2.31 PASSED
---- frame-2.32 start
++++ frame-2.32 PASSED
---- frame-2.33 start
++++ frame-2.33 PASSED
---- frame-2.34 start
++++ frame-2.34 PASSED
---- frame-2.35 start
++++ frame-2.35 PASSED
---- frame-2.36 start
++++ frame-2.36 PASSED
---- frame-2.37 start
++++ frame-2.37 PASSED
---- frame-2.38 start
++++ frame-2.38 PASSED
---- frame-2.39 start
++++ frame-2.39 PASSED
---- frame-2.40 start
++++ frame-2.40 PASSED
---- frame-2.41 start
++++ frame-2.41 PASSED
---- frame-2.42 start
++++ frame-2.42 PASSED
---- frame-2.43 start
++++ frame-2.43 PASSED
---- frame-3.1 start
++++ frame-3.1 PASSED
---- frame-3.2 start
++++ frame-3.2 PASSED
---- frame-3.3 start
++++ frame-3.3 PASSED
---- frame-3.4 start
++++ frame-3.4 PASSED
---- frame-3.5 start
++++ frame-3.5 PASSED
---- frame-3.7 start
++++ frame-3.7 PASSED
---- frame-3.8 start
++++ frame-3.8 PASSED
---- frame-3.9 start
++++ frame-3.9 PASSED
---- frame-3.10 start
++++ frame-3.10 PASSED
++++ frame-3.11 SKIPPED: defaultPseudocolor8
++++ frame-3.12 SKIPPED: defaultPseudocolor8
++++ frame-3.13 SKIPPED: defaultPseudocolor8
++++ frame-3.14 SKIPPED: defaultPseudocolor8
++++ frame-3.15 SKIPPED: defaultPseudocolor8
++++ frame-3.16 SKIPPED: defaultPseudocolor8
++++ frame-3.17 SKIPPED: defaultPseudocolor8
++++ frame-3.18 SKIPPED: defaultPseudocolor8
++++ frame-3.19 SKIPPED: defaultPseudocolor8
++++ frame-3.20 SKIPPED: defaultPseudocolor8
++++ frame-3.21 SKIPPED: defaultPseudocolor8
---- frame-3.22 start
++++ frame-3.22 PASSED
---- frame-3.23 start
++++ frame-3.23 PASSED
---- frame-3.24 start
++++ frame-3.24 PASSED
---- frame-4.1 start
++++ frame-4.1 PASSED
---- frame-4.2 start
++++ frame-4.2 PASSED
---- frame-5.1 start
++++ frame-5.1 PASSED
---- frame-5.2 start
++++ frame-5.2 PASSED
---- frame-5.3 start
++++ frame-5.3 PASSED
---- frame-5.4 start
++++ frame-5.4 PASSED
---- frame-5.5 start
++++ frame-5.5 PASSED
---- frame-5.6 start
++++ frame-5.6 PASSED
---- frame-5.7 start
++++ frame-5.7 PASSED
---- frame-5.8 start
++++ frame-5.8 PASSED
---- frame-5.9 start
++++ frame-5.9 PASSED
---- frame-5.10 start
++++ frame-5.10 PASSED
---- frame-5.11 start
++++ frame-5.11 PASSED
---- frame-5.12 start
++++ frame-5.12 PASSED
---- frame-5.13 start
++++ frame-5.13 PASSED
---- frame-6.1 start
++++ frame-6.1 PASSED
---- frame-6.2 start
++++ frame-6.2 PASSED
---- frame-6.3 start
++++ frame-6.3 PASSED
---- frame-7.1 start
++++ frame-7.1 PASSED
---- frame-7.2 start
++++ frame-7.2 PASSED
---- frame-8.1 start
++++ frame-8.1 PASSED
---- frame-8.2 start
++++ frame-8.2 PASSED
---- frame-9.1 start
++++ frame-9.1 PASSED
---- frame-9.2 start
++++ frame-9.2 PASSED
---- frame-9.3 start
++++ frame-9.3 PASSED
---- frame-10.1 start
++++ frame-10.1 PASSED
---- frame-11.1 start
++++ frame-11.1 PASSED
---- frame-11.2 start
++++ frame-11.2 PASSED
---- frame-12.1 start
++++ frame-12.1 PASSED
---- frame-12.2 start
++++ frame-12.2 PASSED
---- frame-12.3 start
++++ frame-12.3 PASSED
---- frame-13.1 start
++++ frame-13.1 PASSED
---- frame-13.2 start
++++ frame-13.2 PASSED
---- frame-13.3 start
++++ frame-13.3 PASSED
---- frame-13.4 start
++++ frame-13.4 PASSED
---- frame-13.5 start
++++ frame-13.5 PASSED
---- frame-13.6 start
++++ frame-13.6 PASSED
---- frame-13.7 start
++++ frame-13.7 PASSED
---- frame-13.8 start
++++ frame-13.8 PASSED
---- frame-13.9 start
++++ frame-13.9 PASSED
---- frame-13.10 start
++++ frame-13.10 PASSED
---- frame-13.11 start
++++ frame-13.11 PASSED
---- frame-13.12 start
++++ frame-13.12 PASSED
---- frame-13.13 start
++++ frame-13.13 PASSED
---- frame-13.14 start
++++ frame-13.14 PASSED
---- frame-13.15 start
++++ frame-13.15 PASSED
---- frame-13.16 start
++++ frame-13.16 PASSED
---- frame-13.17 start
++++ frame-13.17 PASSED
---- frame-13.18 start
++++ frame-13.18 PASSED
---- frame-13.19 start
++++ frame-13.19 PASSED
---- frame-13.20 start
++++ frame-13.20 PASSED
---- frame-13.21 start
++++ frame-13.21 PASSED
---- frame-13.22 start
++++ frame-13.22 PASSED
---- frame-13.23 start
++++ frame-13.23 PASSED
---- frame-13.24 start
++++ frame-13.24 PASSED
---- frame-13.25 start
++++ frame-13.25 PASSED
---- frame-13.26 start
++++ frame-13.26 PASSED
---- frame-13.27 start
++++ frame-13.27 PASSED
---- frame-13.28 start
++++ frame-13.28 PASSED
---- frame-13.29 start
++++ frame-13.29 PASSED
---- frame-13.30 start
++++ frame-13.30 PASSED
---- frame-13.31 start
++++ frame-13.31 PASSED
---- frame-13.32 start
++++ frame-13.32 PASSED
---- frame-13.33 start
++++ frame-13.33 PASSED
---- frame-13.34 start
++++ frame-13.34 PASSED
---- frame-13.35 start
++++ frame-13.35 PASSED
---- frame-13.36 start
++++ frame-13.36 PASSED
---- frame-13.37 start
++++ frame-13.37 PASSED
---- frame-13.38 start
++++ frame-13.38 PASSED
---- frame-13.39 start
++++ frame-13.39 PASSED
---- frame-13.40 start
++++ frame-13.40 PASSED
---- frame-13.41 start
++++ frame-13.41 PASSED
---- frame-13.42 start
++++ frame-13.42 PASSED
---- frame-13.43 start
++++ frame-13.43 PASSED
---- frame-13.44 start
++++ frame-13.44 PASSED
---- frame-14.1 start
++++ frame-14.1 PASSED
---- frame-14.2 start
++++ frame-14.2 PASSED
---- frame-14.3 start
++++ frame-14.3 PASSED
---- frame-14.4 start
++++ frame-14.4 PASSED
---- frame-14.5 start
++++ frame-14.5 PASSED
---- frame-14.6 start
++++ frame-14.6 PASSED
---- frame-15.1 start
++++ frame-15.1 PASSED
---- frame-15.2 start
++++ frame-15.2 PASSED
---- frame-15.3 start
++++ frame-15.3 PASSED
---- frame-15.4 start
++++ frame-15.4 PASSED
---- frame-15.5 start
++++ frame-15.5 PASSED
---- frame-15.6 start
++++ frame-15.6 PASSED
---- frame-15.6a start
++++ frame-15.6a PASSED
---- frame-15.7 start
++++ frame-15.7 PASSED
---- frame-15.7a start
++++ frame-15.7a PASSED
---- frame-15.7b start
++++ frame-15.7b PASSED
---- frame-15.7c start
++++ frame-15.7c PASSED
---- frame-15.8 start
++++ frame-15.8 PASSED
---- frame-15.9 start
++++ frame-15.9 PASSED
---- frame-15.10 start
++++ frame-15.10 PASSED
---- frame-15.11 start
++++ frame-15.11 PASSED
---- frame-15.12 start
++++ frame-15.12 PASSED
---- frame-15.13 start
++++ frame-15.13 PASSED
---- frame-15.14 start
++++ frame-15.14 PASSED
geometry.test
---- geometry-1.1 start
++++ geometry-1.1 PASSED
---- geometry-1.2 start
++++ geometry-1.2 PASSED
---- geometry-2.1 start
++++ geometry-2.1 PASSED
---- geometry-3.1 start
++++ geometry-3.1 PASSED
---- geometry-4.1 start
++++ geometry-4.1 PASSED
---- geometry-4.2 start
++++ geometry-4.2 PASSED
---- geometry-4.3 start
++++ geometry-4.3 PASSED
---- geometry-4.4 start
++++ geometry-4.4 PASSED
---- geometry-4.5 start
++++ geometry-4.5 PASSED
---- geometry-4.6 start
++++ geometry-4.6 PASSED
---- geometry-4.7 start
++++ geometry-4.7 PASSED
---- geometry-4.8 start
++++ geometry-4.8 PASSED
---- geometry-4.9 start
++++ geometry-4.9 PASSED
---- geometry-4.10 start
++++ geometry-4.10 PASSED
get.test
---- get-1.1 start
++++ get-1.1 PASSED
---- get-1.2 start
++++ get-1.2 PASSED
---- get-1.3 start
++++ get-1.3 PASSED
---- get-1.4 start
++++ get-1.4 PASSED
---- get-1.5 start
++++ get-1.5 PASSED
---- get-1.6 start
++++ get-1.6 PASSED
---- get-1.7 start
++++ get-1.7 PASSED
---- get-1.8 start
++++ get-1.8 PASSED
---- get-1.9 start
++++ get-1.9 PASSED
---- get-1.10 start
++++ get-1.10 PASSED
---- get-1.11 start
++++ get-1.11 PASSED
---- get-2.1 start
++++ get-2.1 PASSED
---- get-2.2 start
++++ get-2.2 PASSED
---- get-2.3 start
++++ get-2.3 PASSED
---- get-2.4 start
++++ get-2.4 PASSED
grab.test
---- grab-1.1 start
++++ grab-1.1 PASSED
---- grab-1.2 start
++++ grab-1.2 PASSED
---- grab-1.3 start
++++ grab-1.3 PASSED
---- grab-1.4 start
++++ grab-1.4 PASSED
---- grab-1.5 start
++++ grab-1.5 PASSED
---- grab-1.6 start
++++ grab-1.6 PASSED
---- grab-1.7 start
++++ grab-1.7 PASSED
---- grab-1.8 start
++++ grab-1.8 PASSED
---- grab-1.9 start
++++ grab-1.9 PASSED
---- grab-1.10 start
++++ grab-1.10 PASSED
---- grab-1.11 start
++++ grab-1.11 PASSED
---- grab-1.12 start
++++ grab-1.12 PASSED
---- grab-1.13 start
++++ grab-1.13 PASSED
---- grab-1.14 start
++++ grab-1.14 PASSED
---- grab-1.15 start
++++ grab-1.15 PASSED
---- grab-1.16 start
++++ grab-1.16 PASSED
---- grab-1.17 start
++++ grab-1.17 PASSED
---- grab-1.18 start
++++ grab-1.18 PASSED
---- grab-1.19 start
++++ grab-1.19 PASSED
---- grab-1.20 start
++++ grab-1.20 PASSED
---- grab-2.1 start
++++ grab-2.1 PASSED
---- grab-2.2 start
++++ grab-2.2 PASSED
---- grab-2.3 start
++++ grab-2.3 PASSED
---- grab-3.1 start
++++ grab-3.1 PASSED
---- grab-3.2 start
++++ grab-3.2 PASSED
---- grab-4.1 start
++++ grab-4.1 PASSED
---- grab-5.1 start
++++ grab-5.1 PASSED
---- grab-5.2 start
++++ grab-5.2 PASSED
---- grab-6.1 start
++++ grab-6.1 PASSED
grid.test
---- grid-1.1 start
++++ grid-1.1 PASSED
---- grid-1.2 start
++++ grid-1.2 PASSED
---- grid-1.3 start
++++ grid-1.3 PASSED
---- grid-1.4 start
++++ grid-1.4 PASSED
---- grid-1.5 start
++++ grid-1.5 PASSED
---- grid-1.6 start
++++ grid-1.6 PASSED
---- grid-1.7 start
++++ grid-1.7 PASSED
---- grid-1.8 start
++++ grid-1.8 PASSED
---- grid-1.9 start
++++ grid-1.9 PASSED
---- grid-2.1 start
++++ grid-2.1 PASSED
---- grid-2.2 start
++++ grid-2.2 PASSED
---- grid-2.3 start
++++ grid-2.3 PASSED
---- grid-2.4 start
++++ grid-2.4 PASSED
---- grid-2.5 start
++++ grid-2.5 PASSED
---- grid-2.6 start
++++ grid-2.6 PASSED
---- grid-2.7 start
++++ grid-2.7 PASSED
---- grid-2.8 start
++++ grid-2.8 PASSED
---- grid-2.9 start
++++ grid-2.9 PASSED
---- grid-2.10 start
++++ grid-2.10 PASSED
---- grid-3.1 start
++++ grid-3.1 PASSED
---- grid-3.2 start
++++ grid-3.2 PASSED
---- grid-3.3 start
++++ grid-3.3 PASSED
---- grid-3.4 start
++++ grid-3.4 PASSED
---- grid-3.5 start
++++ grid-3.5 PASSED
---- grid-3.6 start
++++ grid-3.6 PASSED
---- grid-3.7 start
++++ grid-3.7 PASSED
---- grid-3.8 start
++++ grid-3.8 PASSED
---- grid-3.9 start
++++ grid-3.9 PASSED
---- grid-3.10 start
++++ grid-3.10 PASSED
---- grid-3.11 start
++++ grid-3.11 PASSED
---- grid-3.12 start
++++ grid-3.12 PASSED
---- grid-4.1 start
++++ grid-4.1 PASSED
---- grid-4.2 start
++++ grid-4.2 PASSED
---- grid-4.3 start
++++ grid-4.3 PASSED
---- grid-4.4 start
++++ grid-4.4 PASSED
---- grid-4.5 start
++++ grid-4.5 PASSED
---- grid-5.1 start
++++ grid-5.1 PASSED
---- grid-5.2 start
++++ grid-5.2 PASSED
---- grid-5.3 start
++++ grid-5.3 PASSED
---- grid-5.4 start
++++ grid-5.4 PASSED
---- grid-6.1 start
++++ grid-6.1 PASSED
---- grid-6.2 start
++++ grid-6.2 PASSED
---- grid-6.3 start
++++ grid-6.3 PASSED
---- grid-6.4 start
++++ grid-6.4 PASSED
---- grid-6.5 start
++++ grid-6.5 PASSED
---- grid-6.6 start
++++ grid-6.6 PASSED
---- grid-6.7 start
++++ grid-6.7 PASSED
---- grid-6.8 start
++++ grid-6.8 PASSED
---- grid-6.9 start
++++ grid-6.9 PASSED
---- grid-7.1 start
++++ grid-7.1 PASSED
---- grid-7.2 start
++++ grid-7.2 PASSED
---- grid-7.3 start
++++ grid-7.3 PASSED
---- grid-7.4 start
++++ grid-7.4 PASSED
---- grid-7.5 start
++++ grid-7.5 PASSED
---- grid-7.6 start
++++ grid-7.6 PASSED
---- grid-7.7 start
++++ grid-7.7 PASSED
---- grid-8.1 start
++++ grid-8.1 PASSED
---- grid-8.2 start
++++ grid-8.2 PASSED
---- grid-8.3 start
++++ grid-8.3 PASSED
---- grid-8.4 start
++++ grid-8.4 PASSED
---- grid-8.5 start
++++ grid-8.5 PASSED
---- grid-8.6 start
++++ grid-8.6 PASSED
---- grid-9.1 start
++++ grid-9.1 PASSED
---- grid-9.2 start
++++ grid-9.2 PASSED
---- grid-9.3 start
++++ grid-9.3 PASSED
---- grid-9.4 start
++++ grid-9.4 PASSED
---- grid-9.5 start
++++ grid-9.5 PASSED
---- grid-9.6 start
++++ grid-9.6 PASSED
---- grid-9.7 start
++++ grid-9.7 PASSED
---- grid-9.8 start
++++ grid-9.8 PASSED
---- grid-9.9 start
++++ grid-9.9 PASSED
---- grid-9.10 start
++++ grid-9.10 PASSED
---- grid-9.11 start
++++ grid-9.11 PASSED
---- grid-10.1 start
++++ grid-10.1 PASSED
---- grid-10.2 start
++++ grid-10.2 PASSED
---- grid-10.3 start
++++ grid-10.3 PASSED
---- grid-10.4 start
++++ grid-10.4 PASSED
---- grid-10.5 start
++++ grid-10.5 PASSED
---- grid-10.6 start
++++ grid-10.6 PASSED
---- grid-10.7 start
++++ grid-10.7 PASSED
---- grid-10.8 start
++++ grid-10.8 PASSED
---- grid-10.9 start
++++ grid-10.9 PASSED
---- grid-10.10 start
++++ grid-10.10 PASSED
---- grid-10.11 start
++++ grid-10.11 PASSED
---- grid-10.12 start
++++ grid-10.12 PASSED
---- grid-10.13 start
++++ grid-10.13 PASSED
---- grid-10.14 start
++++ grid-10.14 PASSED
---- grid-10.15 start
++++ grid-10.15 PASSED
---- grid-10.16 start
++++ grid-10.16 PASSED
---- grid-10.17 start
++++ grid-10.17 PASSED
---- grid-10.18 start
++++ grid-10.18 PASSED
---- grid-10.19 start
++++ grid-10.19 PASSED
---- grid-10.20 start
++++ grid-10.20 PASSED
---- grid-10.21 start
++++ grid-10.21 PASSED
---- grid-10.22 start
++++ grid-10.22 PASSED
---- grid-10.23 start
++++ grid-10.23 PASSED
---- grid-10.24 start
++++ grid-10.24 PASSED
---- grid-10.25 start
++++ grid-10.25 PASSED
---- grid-10.26 start
++++ grid-10.26 PASSED
---- grid-10.27 start
++++ grid-10.27 PASSED
---- grid-10.28 start
++++ grid-10.28 PASSED
---- grid-10.29 start
++++ grid-10.29 PASSED
---- grid-10.30 start
++++ grid-10.30 PASSED
---- grid-10.31 start
++++ grid-10.31 PASSED
---- grid-10.32 start
++++ grid-10.32 PASSED
---- grid-10.33 start
++++ grid-10.33 PASSED
---- grid-10.34 start
++++ grid-10.34 PASSED
---- grid-10.35 start
++++ grid-10.35 PASSED
---- grid-10.36 start
++++ grid-10.36 PASSED
---- grid-11.1 start
++++ grid-11.1 PASSED
---- grid-11.2 start
++++ grid-11.2 PASSED
---- grid-11.3 start
++++ grid-11.3 PASSED
---- grid-11.4 start
++++ grid-11.4 PASSED
---- grid-11.5 start
++++ grid-11.5 PASSED
---- grid-11.6 start
++++ grid-11.6 PASSED
---- grid-11.7 start
++++ grid-11.7 PASSED
---- grid-11.8 start
++++ grid-11.8 PASSED
---- grid-11.9 start
++++ grid-11.9 PASSED
---- grid-11.10 start
++++ grid-11.10 PASSED
---- grid-11.11 start
++++ grid-11.11 PASSED
---- grid-11.12 start
++++ grid-11.12 PASSED
---- grid-11.13 start
++++ grid-11.13 PASSED
---- grid-11.14 start
++++ grid-11.14 PASSED
---- grid-11.15 start
++++ grid-11.15 PASSED
---- grid-11.16 start
++++ grid-11.16 PASSED
---- grid-11.17 start
++++ grid-11.17 PASSED
---- grid-11.18 start
++++ grid-11.18 PASSED
---- grid-11.19 start
++++ grid-11.19 PASSED
---- grid-12.1 start
++++ grid-12.1 PASSED
---- grid-12.2 start
++++ grid-12.2 PASSED
---- grid-12.3 start
++++ grid-12.3 PASSED
---- grid-13.1 start
++++ grid-13.1 PASSED
---- grid-13.2 start
++++ grid-13.2 PASSED
---- grid-13.3 start
++++ grid-13.3 PASSED
---- grid-13.4 start
++++ grid-13.4 PASSED
---- grid-13.5 start
++++ grid-13.5 PASSED
---- grid-13.6 start
++++ grid-13.6 PASSED
---- grid-13.7 start
++++ grid-13.7 PASSED
---- grid-13.8 start
++++ grid-13.8 PASSED
---- grid-13.9 start
++++ grid-13.9 PASSED
---- grid-13.10 start
++++ grid-13.10 PASSED
---- grid-13.11 start
++++ grid-13.11 PASSED
---- grid-13.12 start
++++ grid-13.12 PASSED
---- grid-13.13 start
++++ grid-13.13 PASSED
---- grid-13.14 start
++++ grid-13.14 PASSED
---- grid-13.15 start
++++ grid-13.15 PASSED
---- grid-13.16 start
++++ grid-13.16 PASSED
---- grid-13.17 start
++++ grid-13.17 PASSED
---- grid-13.18 start
++++ grid-13.18 PASSED
---- grid-13.19 start
++++ grid-13.19 PASSED
---- grid-13.20 start
++++ grid-13.20 PASSED
---- grid-14.1 start
++++ grid-14.1 PASSED
---- grid-14.2 start
++++ grid-14.2 PASSED
++++ grid-14.3 SKIPPED: nonPortable
---- grid-15.1 start
++++ grid-15.1 PASSED
---- grid-15.2 start
++++ grid-15.2 PASSED
---- grid-16.1 start
++++ grid-16.1 PASSED
---- grid-16.2 start
++++ grid-16.2 PASSED
---- grid-16.3 start
++++ grid-16.3 PASSED
---- grid-16.4 start
++++ grid-16.4 PASSED
---- grid-16.5 start
++++ grid-16.5 PASSED
---- grid-16.6 start
++++ grid-16.6 PASSED
---- grid-16.7 start
++++ grid-16.7 PASSED
---- grid-16.8 start
++++ grid-16.8 PASSED
---- grid-16.9 start
++++ grid-16.9 PASSED
---- grid-16.10 start
++++ grid-16.10 PASSED
---- grid-16.11 start
++++ grid-16.11 PASSED
---- grid-16.12 start
++++ grid-16.12 PASSED
---- grid-16.13 start
++++ grid-16.13 PASSED
---- grid-16.14 start
++++ grid-16.14 PASSED
---- grid-16.15 start
++++ grid-16.15 PASSED
---- grid-16.16 start
++++ grid-16.16 PASSED
---- grid-16.17 start
++++ grid-16.17 PASSED
---- grid-16.18 start
++++ grid-16.18 PASSED
++++ grid-16.19 SKIPPED: knownBug
---- grid-17.1 start
++++ grid-17.1 PASSED
---- grid-18.1 start
++++ grid-18.1 PASSED
---- grid-18.2 start
++++ grid-18.2 PASSED
---- grid-19.1 start
++++ grid-19.1 PASSED
---- grid-20.1 start
++++ grid-20.1 PASSED
---- grid-20.2 start
++++ grid-20.2 PASSED
---- grid-21.1 start
++++ grid-21.1 PASSED
---- grid-21.2 start
++++ grid-21.2 PASSED
---- grid-21.3 start
++++ grid-21.3 PASSED
---- grid-21.4 start
++++ grid-21.4 PASSED
---- grid-21.5 start
++++ grid-21.5 PASSED
---- grid-21.6 start
++++ grid-21.6 PASSED
---- grid-21.7 start
++++ grid-21.7 PASSED
---- grid-22.1 start
++++ grid-22.1 PASSED
---- grid-22.2 start
++++ grid-22.2 PASSED
---- grid-22.3 start
++++ grid-22.3 PASSED
---- grid-22.3.1 start
++++ grid-22.3.1 PASSED
---- grid-22.4 start
++++ grid-22.4 PASSED
---- grid-22.5 start
++++ grid-22.5 PASSED
---- grid-23 start
++++ grid-23 PASSED
---- grid-24.1 start
++++ grid-24.1 PASSED
---- grid-24.2 start
++++ grid-24.2 PASSED
---- grid-24.3 start
++++ grid-24.3 PASSED
---- grid-24.4 start
++++ grid-24.4 PASSED
---- grid-24.5 start
++++ grid-24.5 PASSED
---- grid-24.6 start
++++ grid-24.6 PASSED
---- grid-24.7 start
++++ grid-24.7 PASSED
---- grid-24.8 start
++++ grid-24.8 PASSED
image.test
---- image-1.1 start
++++ image-1.1 PASSED
---- image-1.2 start
++++ image-1.2 PASSED
---- image-1.3 start
++++ image-1.3 PASSED
---- image-1.4 start
++++ image-1.4 PASSED
---- image-1.5 start
++++ image-1.5 PASSED
---- image-1.6 start
++++ image-1.6 PASSED
---- image-1.7 start
++++ image-1.7 PASSED
---- image-1.8 start
++++ image-1.8 PASSED
---- image-1.9 start
++++ image-1.9 PASSED
---- image-1.10 start
++++ image-1.10 PASSED
---- image-1.11 start
++++ image-1.11 PASSED
---- image-1.12 start
++++ image-1.12 PASSED
---- image-1.13 start
++++ image-1.13 PASSED
---- image-2.1 start
++++ image-2.1 PASSED
---- image-2.2 start
++++ image-2.2 PASSED
---- image-2.3 start
++++ image-2.3 PASSED
---- image-2.4 start
++++ image-2.4 PASSED
---- image-3.1 start
++++ image-3.1 PASSED
---- image-3.2 start
++++ image-3.2 PASSED
---- image-3.3 start
++++ image-3.3 PASSED
---- image-3.4 start
++++ image-3.4 PASSED
---- image-4.1 start
++++ image-4.1 PASSED
---- image-4.2 start
++++ image-4.2 PASSED
---- image-4.3 start
++++ image-4.3 PASSED
---- image-5.1 start
++++ image-5.1 PASSED
---- image-5.2 start
++++ image-5.2 PASSED
---- image-5.3 start
++++ image-5.3 PASSED
---- image-5.4 start
++++ image-5.4 PASSED
---- image-5.5 start
++++ image-5.5 PASSED
---- image-6.1 start
++++ image-6.1 PASSED
---- image-6.2 start
++++ image-6.2 PASSED
---- image-7.1 start
++++ image-7.1 PASSED
---- image-7.2 start
++++ image-7.2 PASSED
---- image-7.3 start
++++ image-7.3 PASSED
---- image-7.4 start
++++ image-7.4 PASSED
---- image-8.1 start
++++ image-8.1 PASSED
---- image-9.1 start
++++ image-9.1 PASSED
---- image-9.2 start
++++ image-9.2 PASSED
---- image-10.1 start
++++ image-10.1 PASSED
---- image-10.2 start
++++ image-10.2 PASSED
---- image-11.1 start
++++ image-11.1 PASSED
---- image-11.2 start
++++ image-11.2 PASSED
++++ image-12.1 SKIPPED: nonPortable
++++ image-12.2 SKIPPED: nonPortable
++++ image-12.3 SKIPPED: nonPortable
++++ image-12.4 SKIPPED: nonPortable
++++ image-12.5 SKIPPED: nonPortable
++++ image-12.6 SKIPPED: nonPortable
---- image-13.1 start
++++ image-13.1 PASSED
---- image-13.2 start
++++ image-13.2 PASSED
---- image-14.1 start
++++ image-14.1 PASSED
---- image-15.1 start
++++ image-15.1 PASSED
imgBmap.test
---- imageBmap-1.1 start
++++ imageBmap-1.1 PASSED
---- imageBmap-1.2 start
++++ imageBmap-1.2 PASSED
---- imageBmap-1.3 start
++++ imageBmap-1.3 PASSED
---- imageBmap-1.4 start
++++ imageBmap-1.4 PASSED
---- imageBmap-1.5 start
++++ imageBmap-1.5 PASSED
---- imageBmap-1.6 start
++++ imageBmap-1.6 PASSED
---- imageBmap-1.7 start
++++ imageBmap-1.7 PASSED
---- imageBmap-1.8 start
++++ imageBmap-1.8 PASSED
---- imageBmap-1.9 start
++++ imageBmap-1.9 PASSED
---- imageBmap-1.10 start
++++ imageBmap-1.10 PASSED
---- imageBmap-1.11 start
++++ imageBmap-1.11 PASSED
---- imageBmap-1.12 start
++++ imageBmap-1.12 PASSED
---- imageBmap-2.1 start
++++ imageBmap-2.1 PASSED
---- imageBmap-2.2 start
++++ imageBmap-2.2 PASSED
---- imageBmap-3.1 start
++++ imageBmap-3.1 PASSED
---- imageBmap-3.2 start
++++ imageBmap-3.2 PASSED
---- imageBmap-3.3 start
++++ imageBmap-3.3 PASSED
---- imageBmap-3.4 start
++++ imageBmap-3.4 PASSED
---- imageBmap-3.5 start
++++ imageBmap-3.5 PASSED
---- imageBmap-3.6 start
++++ imageBmap-3.6 PASSED
---- imageBmap-3.7 start
++++ imageBmap-3.7 PASSED
---- imageBmap-4.1 start
++++ imageBmap-4.1 PASSED
---- imageBmap-5.1 start
++++ imageBmap-5.1 PASSED
---- imageBmap-5.2 start
++++ imageBmap-5.2 PASSED
---- imageBmap-5.3 start
++++ imageBmap-5.3 PASSED
---- imageBmap-5.4 start
++++ imageBmap-5.4 PASSED
---- imageBmap-5.5 start
++++ imageBmap-5.5 PASSED
---- imageBmap-5.6 start
++++ imageBmap-5.6 PASSED
---- imageBmap-5.7 start
++++ imageBmap-5.7 PASSED
---- imageBmap-5.8 start
++++ imageBmap-5.8 PASSED
---- imageBmap-5.9 start
++++ imageBmap-5.9 PASSED
---- imageBmap-5.10 start
++++ imageBmap-5.10 PASSED
---- imageBmap-5.11 start
++++ imageBmap-5.11 PASSED
---- imageBmap-5.12 start
++++ imageBmap-5.12 PASSED
---- imageBmap-5.13 start
++++ imageBmap-5.13 PASSED
---- imageBmap-5.14 start
++++ imageBmap-5.14 PASSED
---- imageBmap-5.15 start
++++ imageBmap-5.15 PASSED
---- imageBmap-5.16 start
++++ imageBmap-5.16 PASSED
---- imageBmap-5.17 start
++++ imageBmap-5.17 PASSED
---- imageBmap-6.1 start
++++ imageBmap-6.1 PASSED
---- imageBmap-6.2 start
++++ imageBmap-6.2 PASSED
---- imageBmap-6.3 start
++++ imageBmap-6.3 PASSED
---- imageBmap-7.1 start
++++ imageBmap-7.1 PASSED
---- imageBmap-7.2 start
++++ imageBmap-7.2 PASSED
---- imageBmap-7.3 start
++++ imageBmap-7.3 PASSED
---- imageBmap-7.4 start
++++ imageBmap-7.4 PASSED
---- imageBmap-7.5 start
++++ imageBmap-7.5 PASSED
---- imageBmap-7.6 start
++++ imageBmap-7.6 PASSED
---- imageBmap-7.7 start
++++ imageBmap-7.7 PASSED
---- imageBmap-7.8 start
++++ imageBmap-7.8 PASSED
---- imageBmap-7.9 start
++++ imageBmap-7.9 PASSED
---- imageBmap-7.10 start
++++ imageBmap-7.10 PASSED
---- imageBmap-8.1 start
++++ imageBmap-8.1 PASSED
---- imageBmap-9.1 start
++++ imageBmap-9.1 PASSED
---- imageBmap-9.2 start
++++ imageBmap-9.2 PASSED
---- imageBmap-10.1 start
++++ imageBmap-10.1 PASSED
---- imageBmap-10.2 start
++++ imageBmap-10.2 PASSED
---- imageBmap-11.1 start
++++ imageBmap-11.1 PASSED
---- imageBmap-11.2 start
++++ imageBmap-11.2 PASSED
---- imageBmap-12.1 start
++++ imageBmap-12.1 PASSED
imgListFormat.test
---- imgListFormat-1.1 start
++++ imgListFormat-1.1 PASSED
---- imgListFormat-1.2 start
++++ imgListFormat-1.2 PASSED
---- imgListFormat-1.3 start
++++ imgListFormat-1.3 PASSED
---- imgListFormat-1.4 start
++++ imgListFormat-1.4 PASSED
---- imgListFormat-1.5 start
++++ imgListFormat-1.5 PASSED
---- imgListFormat-1.6 start
++++ imgListFormat-1.6 PASSED
---- imgListFormat-1.7 start
++++ imgListFormat-1.7 PASSED
---- imgListFormat-1.8 start
++++ imgListFormat-1.8 PASSED
---- imgListFormat-1.9 start
++++ imgListFormat-1.9 PASSED
---- imgListFormat-1.10 start
++++ imgListFormat-1.10 PASSED
---- imgListFormat-1.11 start
++++ imgListFormat-1.11 PASSED
---- imgListFormat-3.1 start
++++ imgListFormat-3.1 PASSED
---- imgListFormat-3.2 start
++++ imgListFormat-3.2 PASSED
---- imgListFormat-3.3 start
++++ imgListFormat-3.3 PASSED
---- imgListFormat-3.4 start
++++ imgListFormat-3.4 PASSED
---- imgListFormat-3.5 start
++++ imgListFormat-3.5 PASSED
---- imgListFormat-4.1 start
++++ imgListFormat-4.1 PASSED
---- imgListFormat-4.2 start
++++ imgListFormat-4.2 PASSED
---- imgListFormat-4.3 start
++++ imgListFormat-4.3 PASSED
---- imgListFormat-4.4 start
++++ imgListFormat-4.4 PASSED
---- imgListFormat-4.5 start
++++ imgListFormat-4.5 PASSED
---- imgListFormat-5.1 start
++++ imgListFormat-5.1 PASSED
---- imgListFormat-5.2 start
++++ imgListFormat-5.2 PASSED
---- imgListFormat-5.3 start
++++ imgListFormat-5.3 PASSED
---- imgListFormat-5.4 start
++++ imgListFormat-5.4 PASSED
---- imgListFormat-5.5 start
++++ imgListFormat-5.5 PASSED
---- imgListFormat-5.6 start
++++ imgListFormat-5.6 PASSED
---- imgListFormat-5.7 start
++++ imgListFormat-5.7 PASSED
---- imgListFormat-5.8 start
++++ imgListFormat-5.8 PASSED
---- imgListFormat-5.9 start
++++ imgListFormat-5.9 PASSED
---- imgListFormat-5.10 start
++++ imgListFormat-5.10 PASSED
---- imgListFormat-6.1 start
++++ imgListFormat-6.1 PASSED
---- imgListFormat-6.2 start
++++ imgListFormat-6.2 PASSED
---- imgListFormat-6.3 start
++++ imgListFormat-6.3 PASSED
---- imgListFormat-6.4 start
++++ imgListFormat-6.4 PASSED
---- imgListFormat-6.5 start
++++ imgListFormat-6.5 PASSED
---- imgListFormat-6.6 start
++++ imgListFormat-6.6 PASSED
---- imgListFormat-6.7 start
++++ imgListFormat-6.7 PASSED
---- imgListFormat-6.8 start
++++ imgListFormat-6.8 PASSED
---- imgListFormat-7.1 start
++++ imgListFormat-7.1 PASSED
---- imgListFormat-7.2 start
++++ imgListFormat-7.2 PASSED
---- imgListFormat-7.3 start
++++ imgListFormat-7.3 PASSED
---- imgListFormat-7.4 start
++++ imgListFormat-7.4 PASSED
---- imgListFormat-7.5 start
++++ imgListFormat-7.5 PASSED
---- imgListFormat-7.6 start
++++ imgListFormat-7.6 PASSED
---- imgListFormat-7.7 start
++++ imgListFormat-7.7 PASSED
---- imgListFormat-7.8 start
++++ imgListFormat-7.8 PASSED
---- imgListFormat-7.9 start
++++ imgListFormat-7.9 PASSED
---- imgListFormat-7.10 start
++++ imgListFormat-7.10 PASSED
---- imgListFormat-8.1 start
++++ imgListFormat-8.1 PASSED
---- imgListFormat-8.2 start
++++ imgListFormat-8.2 PASSED
---- imgListFormat-8.3 start
++++ imgListFormat-8.3 PASSED
---- imgListFormat-8.4 start
++++ imgListFormat-8.4 PASSED
---- imgListFormat-9.1 start
++++ imgListFormat-9.1 PASSED
---- imgListFormat-9.2 start
++++ imgListFormat-9.2 PASSED
---- imgListFormat-9.3 start
++++ imgListFormat-9.3 PASSED
---- imgListFormat-9.4 start
++++ imgListFormat-9.4 PASSED
---- imgListFormat-9.5 start
++++ imgListFormat-9.5 PASSED
---- imgListFormat-9.6 start
++++ imgListFormat-9.6 PASSED
---- imgListFormat-9.7 start
++++ imgListFormat-9.7 PASSED
---- imgListFormat-9.8 start
++++ imgListFormat-9.8 PASSED
---- imgListFormat-9.9 start
++++ imgListFormat-9.9 PASSED
---- imgListFormat-9.10 start
++++ imgListFormat-9.10 PASSED
---- imgListFormat-9.11 start
++++ imgListFormat-9.11 PASSED
---- imgListFormat-9.12 start
++++ imgListFormat-9.12 PASSED
---- imgListFormat-9.13 start
++++ imgListFormat-9.13 PASSED
---- imgListFormat-9.14 start
++++ imgListFormat-9.14 PASSED
imgPNG.test
---- imgPNG-1.1 start
++++ imgPNG-1.1 PASSED
---- imgPNG-1.2 start
++++ imgPNG-1.2 PASSED
---- imgPNG-1.3 start
++++ imgPNG-1.3 PASSED
---- imgPNG-1.4 start
++++ imgPNG-1.4 PASSED
---- imgPNG-2.1 start
++++ imgPNG-2.1 PASSED
---- imgPNG-2.2 start
++++ imgPNG-2.2 PASSED
---- imgPNG-3.1 start
++++ imgPNG-3.1 PASSED
---- imgPNG-4.1 start
++++ imgPNG-4.1 PASSED
---- imgPNG-4.2 start
++++ imgPNG-4.2 PASSED
---- imgPNG-4.3 start
++++ imgPNG-4.3 PASSED
---- imgPNG-4.4 start
++++ imgPNG-4.4 PASSED
imgPPM.test
---- imgPPM-1.1 start
++++ imgPPM-1.1 PASSED
---- imgPPM-1.2 start
++++ imgPPM-1.2 PASSED
---- imgPPM-1.3 start
++++ imgPPM-1.3 PASSED
---- imgPPM-1.4 start
++++ imgPPM-1.4 PASSED
---- imgPPM-1.5 start
++++ imgPPM-1.5 PASSED
---- imgPPM-1.6 start
++++ imgPPM-1.6 PASSED
---- imgPPM-1.7 start
++++ imgPPM-1.7 PASSED
---- imgPPM-1.8 start
++++ imgPPM-1.8 PASSED
---- imgPPM-1.9 start
++++ imgPPM-1.9 PASSED
---- imgPPM-2.1 start
++++ imgPPM-2.1 PASSED
---- imgPPM-2.2 start
++++ imgPPM-2.2 PASSED
---- imgPPM-3.1 start
++++ imgPPM-3.1 PASSED
---- imgPPM-3.2 start
++++ imgPPM-3.2 PASSED
---- imgPPM-3.3 start
++++ imgPPM-3.3 PASSED
---- imgPPM-3.4 start
++++ imgPPM-3.4 PASSED
---- imgPPM-3.5 start
++++ imgPPM-3.5 PASSED
---- imgPPM-3.6 start
++++ imgPPM-3.6 PASSED
---- imgPPM-3.7 start
++++ imgPPM-3.7 PASSED
---- imgPPM-3.8 start
++++ imgPPM-3.8 PASSED
---- imgPPM-3.9 start
++++ imgPPM-3.9 PASSED
---- imgPPM-3.10 start
++++ imgPPM-3.10 PASSED
---- imgPPM-3.11 start
++++ imgPPM-3.11 PASSED
---- imgPPM-3.12 start
++++ imgPPM-3.12 PASSED
---- imgPPM-3.13 start
++++ imgPPM-3.13 PASSED
---- imgPPM-4.1 start
++++ imgPPM-4.1 PASSED
---- imgPPM-5.1 start
++++ imgPPM-5.1 PASSED
---- imgPPM-5.2 start
++++ imgPPM-5.2 PASSED
---- imgPPM-5.3 start
++++ imgPPM-5.3 PASSED
---- imgPPM-5.4 start
++++ imgPPM-5.4 PASSED
---- imgPPM-5.5 start
++++ imgPPM-5.5 PASSED
---- imgPPM-5.6 start
++++ imgPPM-5.6 PASSED
---- imgPPM-5.7 start
++++ imgPPM-5.7 PASSED
---- imgPPM-5.8 start
++++ imgPPM-5.8 PASSED
---- imgPPM-5.9 start
++++ imgPPM-5.9 PASSED
imgPhoto.test
---- imgPhoto-1.1 start
++++ imgPhoto-1.1 PASSED
---- imgPhoto-1.2 start
++++ imgPhoto-1.2 PASSED
---- imgPhoto-1.3 start
++++ imgPhoto-1.3 PASSED
---- imgPhoto-1.4 start
++++ imgPhoto-1.4 PASSED
---- imgPhoto-1.5 start
++++ imgPhoto-1.5 PASSED
---- imgPhoto-1.6 start
++++ imgPhoto-1.6 PASSED
---- imgPhoto-1.7 start
++++ imgPhoto-1.7 PASSED
---- imgPhoto-1.8 start
++++ imgPhoto-1.8 PASSED
---- imgPhoto-1.9 start
++++ imgPhoto-1.9 PASSED
---- imgPhoto-1.10 start
++++ imgPhoto-1.10 PASSED
---- imgPhoto-1.11 start
++++ imgPhoto-1.11 PASSED
---- imgPhoto-1.12 start
++++ imgPhoto-1.12 PASSED
---- imgPhoto-1.13 start
++++ imgPhoto-1.13 PASSED
---- imgPhoto-1.14 start
++++ imgPhoto-1.14 PASSED
---- imgPhoto-2.1 start
++++ imgPhoto-2.1 PASSED
---- imgPhoto-2.2 start
++++ imgPhoto-2.2 PASSED
---- imgPhoto-3.1 start
++++ imgPhoto-3.1 PASSED
---- imgPhoto-3.2 start
++++ imgPhoto-3.2 PASSED
---- imgPhoto-3.3 start
++++ imgPhoto-3.3 PASSED
---- imgPhoto-3.4 start
++++ imgPhoto-3.4 PASSED
---- imgPhoto-3.5 start
++++ imgPhoto-3.5 PASSED
---- imgPhoto-3.6 start
++++ imgPhoto-3.6 PASSED
---- imgPhoto-4.1 start
++++ imgPhoto-4.1 PASSED
---- imgPhoto-4.2 start
++++ imgPhoto-4.2 PASSED
---- imgPhoto-4.3 start
++++ imgPhoto-4.3 PASSED
---- imgPhoto-4.4 start
++++ imgPhoto-4.4 PASSED
---- imgPhoto-4.5 start
++++ imgPhoto-4.5 PASSED
---- imgPhoto-4.6 start
++++ imgPhoto-4.6 PASSED
---- imgPhoto-4.7 start
++++ imgPhoto-4.7 PASSED
---- imgPhoto-4.8 start
++++ imgPhoto-4.8 PASSED
---- imgPhoto-4.9 start
++++ imgPhoto-4.9 PASSED
---- imgPhoto-4.10 start
++++ imgPhoto-4.10 PASSED
---- imgPhoto-4.11 start
++++ imgPhoto-4.11 PASSED
---- imgPhoto-4.12 start
++++ imgPhoto-4.12 PASSED
---- imgPhoto-4.13 start
++++ imgPhoto-4.13 PASSED
---- imgPhoto-4.14 start
++++ imgPhoto-4.14 PASSED
---- imgPhoto-4.15 start
++++ imgPhoto-4.15 PASSED
---- imgPhoto-4.16 start
++++ imgPhoto-4.16 PASSED
---- imgPhoto-4.17 start
++++ imgPhoto-4.17 PASSED
---- imgPhoto-4.18 start
++++ imgPhoto-4.18 PASSED
---- imgPhoto-4.19 start
++++ imgPhoto-4.19 PASSED
---- imgPhoto-4.20 start
++++ imgPhoto-4.20 PASSED
---- imgPhoto-4.21 start
++++ imgPhoto-4.21 PASSED
---- imgPhoto-4.22 start
++++ imgPhoto-4.22 PASSED
---- imgPhoto-4.23 start
++++ imgPhoto-4.23 PASSED
---- imgPhoto-4.24 start
++++ imgPhoto-4.24 PASSED
---- imgPhoto-4.25 start
++++ imgPhoto-4.25 PASSED
---- imgPhoto-4.26 start
++++ imgPhoto-4.26 PASSED
---- imgPhoto-4.27 start
++++ imgPhoto-4.27 PASSED
---- imgPhoto-4.28 start
++++ imgPhoto-4.28 PASSED
---- imgPhoto-4.29 start
++++ imgPhoto-4.29 PASSED
---- imgPhoto-4.30 start
++++ imgPhoto-4.30 PASSED
---- imgPhoto-4.31 start
++++ imgPhoto-4.31 PASSED
---- imgPhoto-4.32 start
++++ imgPhoto-4.32 PASSED
---- imgPhoto-4.33 start
++++ imgPhoto-4.33 PASSED
---- imgPhoto-4.34 start
++++ imgPhoto-4.34 PASSED
---- imgPhoto-4.35 start
++++ imgPhoto-4.35 PASSED
---- imgPhoto-4.36 start
++++ imgPhoto-4.36 PASSED
---- imgPhoto-4.37 start
++++ imgPhoto-4.37 PASSED
---- imgPhoto-4.38 start
++++ imgPhoto-4.38 PASSED
---- imgPhoto-4.39 start
++++ imgPhoto-4.39 PASSED
---- imgPhoto-4.40 start
++++ imgPhoto-4.40 PASSED
---- imgPhoto-4.41 start
++++ imgPhoto-4.41 PASSED
---- imgPhoto-4.42 start
++++ imgPhoto-4.42 PASSED
---- imgPhoto-4.43 start
++++ imgPhoto-4.43 PASSED
---- imgPhoto-4.44 start
++++ imgPhoto-4.44 PASSED
---- imgPhoto-4.45 start
++++ imgPhoto-4.45 PASSED
---- imgPhoto-4.46 start
++++ imgPhoto-4.46 PASSED
---- imgPhoto-4.47 start
++++ imgPhoto-4.47 PASSED
---- imgPhoto-4.48 start
++++ imgPhoto-4.48 PASSED
---- imgPhoto-4.49 start
++++ imgPhoto-4.49 PASSED
---- imgPhoto-4.50 start
++++ imgPhoto-4.50 PASSED
---- imgPhoto-4.51 start
++++ imgPhoto-4.51 PASSED
---- imgPhoto-4.52 start
++++ imgPhoto-4.52 PASSED
---- imgPhoto-4.53 start
++++ imgPhoto-4.53 PASSED
---- imgPhoto-4.54 start
++++ imgPhoto-4.54 PASSED
---- imgPhoto-4.55 start
++++ imgPhoto-4.55 PASSED
---- imgPhoto-4.56 start
++++ imgPhoto-4.56 PASSED
---- imgPhoto-4.57 start
++++ imgPhoto-4.57 PASSED
---- imgPhoto-4.58 start
++++ imgPhoto-4.58 PASSED
---- imgPhoto-4.59 start
++++ imgPhoto-4.59 PASSED
---- imgPhoto-4.60 start
++++ imgPhoto-4.60 PASSED
---- imgPhoto-4.61 start
++++ imgPhoto-4.61 PASSED
---- imgPhoto-4.62 start
++++ imgPhoto-4.62 PASSED
---- imgPhoto-4.63 start
++++ imgPhoto-4.63 PASSED
---- imgPhoto-4.64 start
++++ imgPhoto-4.64 PASSED
---- imgPhoto-4.65 start
++++ imgPhoto-4.65 PASSED
---- imgPhoto-4.66 start
++++ imgPhoto-4.66 PASSED
---- imgPhoto-4.67 start
++++ imgPhoto-4.67 PASSED
---- imgPhoto-4.68 start
++++ imgPhoto-4.68 PASSED
---- imgPhoto-4.69 start
++++ imgPhoto-4.69 PASSED
---- imgPhoto-4.70 start
++++ imgPhoto-4.70 PASSED
---- imgPhoto-4.71 start
++++ imgPhoto-4.71 PASSED
---- imgPhoto-4.72 start
++++ imgPhoto-4.72 PASSED
---- imgPhoto-4.73 start
++++ imgPhoto-4.73 PASSED
---- imgPhoto-4.74 start
++++ imgPhoto-4.74 PASSED
---- imgPhoto-4.75 start
++++ imgPhoto-4.75 PASSED
---- imgPhoto-4.75.1 start
++++ imgPhoto-4.75.1 PASSED
---- imgPhoto-4.76 start
++++ imgPhoto-4.76 PASSED
---- imgPhoto-4.77 start
++++ imgPhoto-4.77 PASSED
---- imgPhoto-4.78 start
++++ imgPhoto-4.78 PASSED
---- imgPhoto-4.79 start
++++ imgPhoto-4.79 PASSED
---- imgPhoto-4.81 start
++++ imgPhoto-4.81 PASSED
---- imgPhoto-4.82 start
++++ imgPhoto-4.82 PASSED
---- imgPhoto-4.83 start
++++ imgPhoto-4.83 PASSED
---- imgPhoto-4.84 start
++++ imgPhoto-4.84 PASSED
---- imgPhoto-4.85 start
++++ imgPhoto-4.85 PASSED
---- imgPhoto-4.86 start
++++ imgPhoto-4.86 PASSED
---- imgPhoto-4.87 start
++++ imgPhoto-4.87 PASSED
---- imgPhoto-4.89 start
++++ imgPhoto-4.89 PASSED
---- imgPhoto-4.90 start
++++ imgPhoto-4.90 PASSED
---- imgPhoto-4.91 start
++++ imgPhoto-4.91 PASSED
---- imgPhoto-4.92 start
++++ imgPhoto-4.92 PASSED
---- imgPhoto-4.93 start
++++ imgPhoto-4.93 PASSED
---- imgPhoto-4.94 start
++++ imgPhoto-4.94 PASSED
---- imgPhoto-4.95 start
++++ imgPhoto-4.95 PASSED
---- imgPhoto-4.96 start
++++ imgPhoto-4.96 PASSED
---- imgPhoto-4.97 start
++++ imgPhoto-4.97 PASSED
---- imgPhoto-4.98 start
++++ imgPhoto-4.98 PASSED
---- imgPhoto-4.99 start
++++ imgPhoto-4.99 PASSED
---- imgPhoto-4.100 start
++++ imgPhoto-4.100 PASSED
---- imgPhoto-4.101 start
++++ imgPhoto-4.101 PASSED
---- imgPhoto-4.102 start
++++ imgPhoto-4.102 PASSED
---- imgPhoto-4.103 start
++++ imgPhoto-4.103 PASSED
---- imgPhoto-4.104 start
++++ imgPhoto-4.104 PASSED
---- imgPhoto-4.105 start
++++ imgPhoto-4.105 PASSED
---- imgPhoto-4.106 start
++++ imgPhoto-4.106 PASSED
---- imgPhoto-4.107 start
++++ imgPhoto-4.107 PASSED
---- imgPhoto-4.108 start
++++ imgPhoto-4.108 PASSED
---- imgPhoto-4.109 start
++++ imgPhoto-4.109 PASSED
---- imgPhoto-4.110 start
++++ imgPhoto-4.110 PASSED
---- imgPhoto-4.111 start
++++ imgPhoto-4.111 PASSED
---- imgPhoto-4.112 start
++++ imgPhoto-4.112 PASSED
---- imgPhoto-4.113 start
++++ imgPhoto-4.113 PASSED
---- imgPhoto-4.114 start
++++ imgPhoto-4.114 PASSED
---- imgPhoto-4.115 start
++++ imgPhoto-4.115 PASSED
---- imgPhoto-4.116 start
++++ imgPhoto-4.116 PASSED
---- imgPhoto-4.117 start
++++ imgPhoto-4.117 PASSED
---- imgPhoto-4.118 start
++++ imgPhoto-4.118 PASSED
---- imgPhoto-5.1 start
++++ imgPhoto-5.1 PASSED
---- imgPhoto-6.1 start
++++ imgPhoto-6.1 PASSED
---- imgPhoto-7.1 start
++++ imgPhoto-7.1 PASSED
---- imgPhoto-7.2 start
++++ imgPhoto-7.2 PASSED
---- imgPhoto-7.3 start
++++ imgPhoto-7.3 PASSED
---- imgPhoto-8.1 start
++++ imgPhoto-8.1 PASSED
---- imgPhoto-8.2 start
++++ imgPhoto-8.2 PASSED
---- imgPhoto-8.3 start
++++ imgPhoto-8.3 PASSED
---- imgPhoto-9.1 start
++++ imgPhoto-9.1 PASSED
---- imgPhoto-10.1 start
++++ imgPhoto-10.1 PASSED
---- imgPhoto-10.2 start
++++ imgPhoto-10.2 PASSED
---- imgPhoto-10.3 start
++++ imgPhoto-10.3 PASSED
---- imgPhoto-10.4 start
++++ imgPhoto-10.4 PASSED
---- imgPhoto-11.1 start
++++ imgPhoto-11.1 PASSED
---- imgPhoto-12.1 start
++++ imgPhoto-12.1 PASSED
---- imgPhoto-12.2 start
++++ imgPhoto-12.2 PASSED
---- imgPhoto-12.3 start
++++ imgPhoto-12.3 PASSED
---- imgPhoto-12.4 start
++++ imgPhoto-12.4 PASSED
---- imgPhoto-12.5 start
++++ imgPhoto-12.5 PASSED
---- imgPhoto-13.1 start
++++ imgPhoto-13.1 PASSED
---- imgPhoto-14.1 start
++++ imgPhoto-14.1 PASSED
---- imgPhoto-14.2 start
++++ imgPhoto-14.2 PASSED
---- imgPhoto-14.3 start
++++ imgPhoto-14.3 PASSED
---- imgPhoto-14.4 start
++++ imgPhoto-14.4 PASSED
---- imgPhoto-14.5 start
++++ imgPhoto-14.5 PASSED
---- imgPhoto-14.6 start
++++ imgPhoto-14.6 PASSED
++++ imgPhoto-15.1 SKIPPED: nonPortable
---- imgPhoto-16.1 start
++++ imgPhoto-16.1 PASSED
---- imgPhoto-17.1 start
++++ imgPhoto-17.1 PASSED
---- imgPhoto-17.2 start
++++ imgPhoto-17.2 PASSED
---- imgPhoto-17.3 start
++++ imgPhoto-17.3 PASSED
---- imgPhoto-17.4 start
++++ imgPhoto-17.4 PASSED
---- imgPhoto-17.5 start
++++ imgPhoto-17.5 PASSED
---- imgPhoto-18.1 start
++++ imgPhoto-18.1 PASSED
---- imgPhoto-19.1 start
++++ imgPhoto-19.1 PASSED
---- imgPhoto-19.2 start
++++ imgPhoto-19.2 PASSED
---- imgPhoto-19.3 start
++++ imgPhoto-19.3 PASSED
---- imgPhoto-19.4 start
++++ imgPhoto-19.4 PASSED
---- imgPhoto-19.5 start
++++ imgPhoto-19.5 PASSED
---- imgPhoto-19.6 start
++++ imgPhoto-19.6 PASSED
---- imgPhoto-19.7 start
++++ imgPhoto-19.7 PASSED
---- imgPhoto-19.8 start
++++ imgPhoto-19.8 PASSED
---- imgPhoto-20.1 start
++++ imgPhoto-20.1 PASSED
---- imgPhoto-20.2 start
++++ imgPhoto-20.2 PASSED
---- imgPhoto-20.3 start
++++ imgPhoto-20.3 PASSED
---- imgPhoto-20.4 start
++++ imgPhoto-20.4 PASSED
---- imgPhoto-20.5 start
++++ imgPhoto-20.5 PASSED
---- imgPhoto-20.6 start
++++ imgPhoto-20.6 PASSED
---- imgPhoto-20.6.1 start
++++ imgPhoto-20.6.1 PASSED
---- imgPhoto-20.6.2 start
++++ imgPhoto-20.6.2 PASSED
++++ imgPhoto-20.7 SKIPPED: nonPortable
++++ imgPhoto-20.8 SKIPPED: nonPortable
++++ imgPhoto-20.9 SKIPPED: nonPortable
---- imgPhoto-20.10 start
++++ imgPhoto-20.10 PASSED
---- imgPhoto-20.11 start
++++ imgPhoto-20.11 PASSED
---- imgPhoto-20.12 start
++++ imgPhoto-20.12 PASSED
---- imgPhoto-21.1 start
++++ imgPhoto-21.1 PASSED
---- imgPhoto-21.2 start
++++ imgPhoto-21.2 PASSED
---- imgPhoto-21.3 start
++++ imgPhoto-21.3 PASSED
---- imgPhoto-21.4 start
++++ imgPhoto-21.4 PASSED
---- imgPhoto-22.1 start
++++ imgPhoto-22.1 PASSED
---- imgPhoto-22.2 start
++++ imgPhoto-22.2 PASSED
---- imgPhoto-22.3 start
++++ imgPhoto-22.3 PASSED
---- imgPhoto-23.1 start
++++ imgPhoto-23.1 PASSED
---- imgPhoto-23.2 start
++++ imgPhoto-23.2 PASSED
---- imgPhoto-23.3 start
++++ imgPhoto-23.3 PASSED
---- imgPhoto-23.4 start
++++ imgPhoto-23.4 PASSED
---- imgPhoto-23.5 start
++++ imgPhoto-23.5 PASSED
---- imgPhoto-23.6 start
++++ imgPhoto-23.6 PASSED
---- imgPhoto-23.7 start
++++ imgPhoto-23.7 PASSED
---- imgPhoto-23.8 start
++++ imgPhoto-23.8 PASSED
---- imgPhoto-23.9 start
++++ imgPhoto-23.9 PASSED
---- imgPhoto-23.10 start
++++ imgPhoto-23.10 PASSED
---- imgPhoto-23.11 start
++++ imgPhoto-23.11 PASSED
---- imgPhoto-23.12 start
++++ imgPhoto-23.12 PASSED
---- imgPhoto-23.13 start
++++ imgPhoto-23.13 PASSED
---- imgPhoto-23.14 start
++++ imgPhoto-23.14 PASSED
---- imgPhoto-23.15 start
++++ imgPhoto-23.15 PASSED
---- imgPhoto-23.16 start
++++ imgPhoto-23.16 PASSED
---- imgPhoto-23.17 start
++++ imgPhoto-23.17 PASSED
---- imgPhoto-23.18 start
++++ imgPhoto-23.18 PASSED
---- imgPhoto-23.19 start
++++ imgPhoto-23.19 PASSED
---- imgPhoto-23.20 start
++++ imgPhoto-23.20 PASSED
---- imgPhoto-23.21 start
++++ imgPhoto-23.21 PASSED
---- imgPhoto-23.22 start
++++ imgPhoto-23.22 PASSED
---- imgPhoto-23.23 start
++++ imgPhoto-23.23 PASSED
---- imgPhoto-23.24 start
++++ imgPhoto-23.24 PASSED
---- imgPhoto-23.25 start
++++ imgPhoto-23.25 PASSED
---- imgPhoto-23.26 start
++++ imgPhoto-23.26 PASSED
---- imgPhoto-23.27 start
++++ imgPhoto-23.27 PASSED
---- imgPhoto-23.28 start
++++ imgPhoto-23.28 PASSED
---- imgPhoto-23.29 start
++++ imgPhoto-23.29 PASSED
---- imgPhoto-24.1 start
++++ imgPhoto-24.1 PASSED
---- imgPhoto-24.2 start
++++ imgPhoto-24.2 PASSED
---- imgPhoto-24.3 start
++++ imgPhoto-24.3 PASSED
---- imgPhoto-24.4 start
++++ imgPhoto-24.4 PASSED
---- imgPhoto-24.5 start
++++ imgPhoto-24.5 PASSED
---- imgPhoto-24.6 start
++++ imgPhoto-24.6 PASSED
---- imgPhoto-25.1 start
++++ imgPhoto-25.1 PASSED
---- imgPhoto-25.2 start
++++ imgPhoto-25.2 PASSED
---- imgPhoto-25.3 start
++++ imgPhoto-25.3 PASSED
---- imgPhoto-25.4 start
++++ imgPhoto-25.4 PASSED
---- imgPhoto-25.5 start
++++ imgPhoto-25.5 PASSED
---- imgPhoto-25.6 start
++++ imgPhoto-25.6 PASSED
imgSVGnano.test
---- imgSVGnano-1.1 start
++++ imgSVGnano-1.1 PASSED
---- imgSVGnano-1.2 start
++++ imgSVGnano-1.2 PASSED
---- imgSVGnano-1.3 start
++++ imgSVGnano-1.3 PASSED
---- imgSVGnano-1.4 start
++++ imgSVGnano-1.4 PASSED
---- imgSVGnano-1.5 start
++++ imgSVGnano-1.5 PASSED
---- imgSVGnano-1.6 start
++++ imgSVGnano-1.6 PASSED
---- imgSVGnano-1.7 start
++++ imgSVGnano-1.7 PASSED
---- imgSVGnano-1.8 start
++++ imgSVGnano-1.8 PASSED
---- imgSVGnano-2.1 start
++++ imgSVGnano-2.1 PASSED
---- imgSVGnano-2.2 start
++++ imgSVGnano-2.2 PASSED
---- imgSVGnano-2.3 start
++++ imgSVGnano-2.3 PASSED
---- imgSVGnano-2.4 start
++++ imgSVGnano-2.4 PASSED
---- imgSVGnano-3.1 start
++++ imgSVGnano-3.1 PASSED
---- imgSVGnano-3.2 start
++++ imgSVGnano-3.2 PASSED
---- imgSVGnano-3.3 start
++++ imgSVGnano-3.3 PASSED
---- imgSVGnano-3.4 start
++++ imgSVGnano-3.4 PASSED
---- imgSVGnano-3.5 start
++++ imgSVGnano-3.5 PASSED
---- imgSVGnano-3.6 start
++++ imgSVGnano-3.6 PASSED
---- imgSVGnano-3.7 start
++++ imgSVGnano-3.7 PASSED
---- imgSVGnano-3.8 start
++++ imgSVGnano-3.8 PASSED
---- imgSVGnano-3.10 start
++++ imgSVGnano-3.10 PASSED
---- imgSVGnano-4.1 start
++++ imgSVGnano-4.1 PASSED
---- imgSVGnano-4.2 start
++++ imgSVGnano-4.2 PASSED
---- imgSVGnano-5.0 start
++++ imgSVGnano-5.0 PASSED
---- imgSVGnano-5.1 start
++++ imgSVGnano-5.1 PASSED
---- imgSVGnano-5.2 start
++++ imgSVGnano-5.2 PASSED
listbox.test
---- listbox-1.1 start
++++ listbox-1.1 PASSED
---- listbox-1.2 start
++++ listbox-1.2 PASSED
---- listbox-1.3 start
++++ listbox-1.3 PASSED
---- listbox-1.4 start
++++ listbox-1.4 PASSED
---- listbox-1.5 start
++++ listbox-1.5 PASSED
---- listbox-1.6 start
++++ listbox-1.6 PASSED
---- listbox-1.7 start
++++ listbox-1.7 PASSED
---- listbox-1.8 start
++++ listbox-1.8 PASSED
---- listbox-1.9 start
++++ listbox-1.9 PASSED
---- listbox-1.10 start
++++ listbox-1.10 PASSED
---- listbox-1.11 start
++++ listbox-1.11 PASSED
---- listbox-1.12 start
++++ listbox-1.12 PASSED
---- listbox-1.13 start
++++ listbox-1.13 PASSED
---- listbox-1.14 start
++++ listbox-1.14 PASSED
---- listbox-1.15 start
++++ listbox-1.15 PASSED
---- listbox-1.16 start
++++ listbox-1.16 PASSED
---- listbox-1.17 start
++++ listbox-1.17 PASSED
---- listbox-1.18 start
++++ listbox-1.18 PASSED
---- listbox-1.19 start
++++ listbox-1.19 PASSED
---- listbox-1.21 start
++++ listbox-1.21 PASSED
---- listbox-1.22 start
++++ listbox-1.22 PASSED
---- listbox-1.23 start
++++ listbox-1.23 PASSED
---- listbox-1.24 start
++++ listbox-1.24 PASSED
---- listbox-1.25 start
++++ listbox-1.25 PASSED
---- listbox-1.26 start
++++ listbox-1.26 PASSED
---- listbox-1.27 start
++++ listbox-1.27 PASSED
---- listbox-1.28 start
++++ listbox-1.28 PASSED
---- listbox-1.29 start
++++ listbox-1.29 PASSED
---- listbox-1.30 start
++++ listbox-1.30 PASSED
---- listbox-1.31 start
++++ listbox-1.31 PASSED
---- listbox-1.32.1 start
++++ listbox-1.32.1 PASSED
---- listbox-1.32.2 start
++++ listbox-1.32.2 PASSED
---- listbox-1.33 start
++++ listbox-1.33 PASSED
---- listbox-1.34 start
++++ listbox-1.34 PASSED
---- listbox-1.35 start
++++ listbox-1.35 PASSED
---- listbox-1.36 start
++++ listbox-1.36 PASSED
---- listbox-1.37 start
++++ listbox-1.37 PASSED
---- listbox-1.38 start
++++ listbox-1.38 PASSED
---- listbox-1.39 start
++++ listbox-1.39 PASSED
---- listbox-1.40 start
++++ listbox-1.40 PASSED
---- listbox-1.41 start
++++ listbox-1.41 PASSED
---- listbox-1.43 start
++++ listbox-1.43 PASSED
---- listbox-1.44 start
++++ listbox-1.44 PASSED
---- listbox-1.45 start
++++ listbox-1.45 PASSED
---- listbox-1.46 start
++++ listbox-1.46 PASSED
---- listbox-1.47 start
++++ listbox-1.47 PASSED
---- listbox-1.49 start
++++ listbox-1.49 PASSED
---- listbox-1.50 start
++++ listbox-1.50 PASSED
---- listbox-1.51 start
++++ listbox-1.51 PASSED
---- listbox-1.53 start
++++ listbox-1.53 PASSED
---- listbox-1.55 start
++++ listbox-1.55 PASSED
---- listbox-2.1 start
++++ listbox-2.1 PASSED
---- listbox-2.2 start
++++ listbox-2.2 PASSED
---- listbox-2.3 start
++++ listbox-2.3 PASSED
---- listbox-2.4 start
++++ listbox-2.4 PASSED
---- listbox-2.4.1 start
++++ listbox-2.4.1 PASSED
---- listbox-2.5 start
++++ listbox-2.5 PASSED
---- listbox-3.1 start
++++ listbox-3.1 PASSED
---- listbox-3.2 start
++++ listbox-3.2 PASSED
---- listbox-3.3 start
++++ listbox-3.3 PASSED
---- listbox-3.4 start
++++ listbox-3.4 PASSED
---- listbox-3.5 start
++++ listbox-3.5 PASSED
---- listbox-3.6 start
++++ listbox-3.6 PASSED
---- listbox-3.7 start
++++ listbox-3.7 PASSED
---- listbox-3.8 start
++++ listbox-3.8 PASSED
---- listbox-3.9 start
++++ listbox-3.9 PASSED
---- listbox-3.10 start
++++ listbox-3.10 PASSED
---- listbox-3.11 start
++++ listbox-3.11 PASSED
---- listbox-3.12 start
++++ listbox-3.12 PASSED
---- listbox-3.13 start
++++ listbox-3.13 PASSED
++++ listbox-3.14 SKIPPED: fonts
++++ listbox-3.15 SKIPPED: fonts
++++ listbox-3.16 SKIPPED: fonts
++++ listbox-3.17 SKIPPED: fonts
++++ listbox-3.18 SKIPPED: fonts
++++ listbox-3.18a SKIPPED: fonts
---- listbox-3.18b start
++++ listbox-3.18b PASSED
---- listbox-3.19 start
++++ listbox-3.19 PASSED
---- listbox-3.20 start
++++ listbox-3.20 PASSED
---- listbox-3.21 start
++++ listbox-3.21 PASSED
---- listbox-3.22 start
++++ listbox-3.22 PASSED
---- listbox-3.23 start
++++ listbox-3.23 PASSED
---- listbox-3.24 start
++++ listbox-3.24 PASSED
---- listbox-3.25 start
++++ listbox-3.25 PASSED
---- listbox-3.26 start
++++ listbox-3.26 PASSED
---- listbox-3.27 start
++++ listbox-3.27 PASSED
---- listbox-3.28 start
++++ listbox-3.28 PASSED
---- listbox-3.29 start
++++ listbox-3.29 PASSED
---- listbox-3.30 start
++++ listbox-3.30 PASSED
---- listbox-3.31 start
++++ listbox-3.31 PASSED
---- listbox-3.32 start
++++ listbox-3.32 PASSED
---- listbox-3.33 start
++++ listbox-3.33 PASSED
---- listbox-3.34 start
++++ listbox-3.34 PASSED
---- listbox-3.35 start
++++ listbox-3.35 PASSED
---- listbox-3.36 start
++++ listbox-3.36 PASSED
---- listbox-3.37 start
++++ listbox-3.37 PASSED
---- listbox-3.38 start
++++ listbox-3.38 PASSED
---- listbox-3.39 start
++++ listbox-3.39 PASSED
---- listbox-3.40 start
++++ listbox-3.40 PASSED
---- listbox-3.41 start
++++ listbox-3.41 PASSED
---- listbox-3.42 start
++++ listbox-3.42 PASSED
---- listbox-3.43 start
++++ listbox-3.43 PASSED
---- listbox-3.44 start
++++ listbox-3.44 PASSED
---- listbox-3.45 start
++++ listbox-3.45 PASSED
---- listbox-3.46 start
++++ listbox-3.46 PASSED
---- listbox-3.47 start
++++ listbox-3.47 PASSED
---- listbox-3.48 start
++++ listbox-3.48 PASSED
---- listbox-3.49 start
++++ listbox-3.49 PASSED
---- listbox-3.50 start
++++ listbox-3.50 PASSED
---- listbox-3.51 start
++++ listbox-3.51 PASSED
---- listbox-3.52 start
++++ listbox-3.52 PASSED
---- listbox-3.53 start
++++ listbox-3.53 PASSED
---- listbox-3.54 start
++++ listbox-3.54 PASSED
---- listbox-3.55 start
++++ listbox-3.55 PASSED
---- listbox-3.56 start
++++ listbox-3.56 PASSED
---- listbox-3.57 start
++++ listbox-3.57 PASSED
---- listbox-3.58 start
++++ listbox-3.58 PASSED
---- listbox-3.59 start
++++ listbox-3.59 PASSED
---- listbox-3.60 start
++++ listbox-3.60 PASSED
---- listbox-3.61 start
++++ listbox-3.61 PASSED
---- listbox-3.62 start
++++ listbox-3.62 PASSED
---- listbox-3.63 start
++++ listbox-3.63 PASSED
---- listbox-3.64 start
++++ listbox-3.64 PASSED
---- listbox-3.65 start
++++ listbox-3.65 PASSED
---- listbox-3.66 start
++++ listbox-3.66 PASSED
---- listbox-3.67 start
++++ listbox-3.67 PASSED
---- listbox-3.68 start
++++ listbox-3.68 PASSED
---- listbox-3.69 start
++++ listbox-3.69 PASSED
---- listbox-3.70 start
++++ listbox-3.70 PASSED
---- listbox-3.71 start
++++ listbox-3.71 PASSED
---- listbox-3.72 start
++++ listbox-3.72 PASSED
---- listbox-3.73 start
++++ listbox-3.73 PASSED
---- listbox-3.74 start
++++ listbox-3.74 PASSED
---- listbox-3.75 start
++++ listbox-3.75 PASSED
---- listbox-3.76 start
++++ listbox-3.76 PASSED
---- listbox-3.77 start
++++ listbox-3.77 PASSED
++++ listbox-3.78 SKIPPED: fonts
---- listbox-3.79 start
++++ listbox-3.79 PASSED
---- listbox-3.80 start
++++ listbox-3.80 PASSED
---- listbox-3.81 start
++++ listbox-3.81 PASSED
---- listbox-3.82 start
++++ listbox-3.82 PASSED
---- listbox-3.83 start
++++ listbox-3.83 PASSED
---- listbox-3.84 start
++++ listbox-3.84 PASSED
---- listbox-3.85 start
++++ listbox-3.85 PASSED
---- listbox-3.86 start
++++ listbox-3.86 PASSED
---- listbox-3.87 start
++++ listbox-3.87 PASSED
---- listbox-3.88 start
++++ listbox-3.88 PASSED
---- listbox-3.89 start
++++ listbox-3.89 PASSED
---- listbox-3.90 start
++++ listbox-3.90 PASSED
---- listbox-3.91 start
++++ listbox-3.91 PASSED
---- listbox-3.92 start
++++ listbox-3.92 PASSED
---- listbox-3.93 start
++++ listbox-3.93 PASSED
---- listbox-3.94 start
++++ listbox-3.94 PASSED
---- listbox-3.95 start
++++ listbox-3.95 PASSED
---- listbox-3.96 start
++++ listbox-3.96 PASSED
---- listbox-3.97 start
++++ listbox-3.97 PASSED
---- listbox-3.98 start
++++ listbox-3.98 PASSED
---- listbox-3.99 start
++++ listbox-3.99 PASSED
---- listbox-3.100 start
++++ listbox-3.100 PASSED
---- listbox-3.101 start
++++ listbox-3.101 PASSED
---- listbox-3.102 start
++++ listbox-3.102 PASSED
---- listbox-3.103 start
++++ listbox-3.103 PASSED
---- listbox-3.104 start
++++ listbox-3.104 PASSED
---- listbox-3.105 start
++++ listbox-3.105 PASSED
---- listbox-3.106 start
++++ listbox-3.106 PASSED
---- listbox-3.107 start
++++ listbox-3.107 PASSED
---- listbox-3.108 start
++++ listbox-3.108 PASSED
---- listbox-3.109 start
++++ listbox-3.109 PASSED
---- listbox-3.110 start
++++ listbox-3.110 PASSED
---- listbox-3.111 start
++++ listbox-3.111 PASSED
---- listbox-3.112 start
++++ listbox-3.112 PASSED
---- listbox-3.113 start
++++ listbox-3.113 PASSED
---- listbox-3.114 start
++++ listbox-3.114 PASSED
---- listbox-3.115 start
++++ listbox-3.115 PASSED
++++ listbox-3.116 SKIPPED: fonts
---- listbox-3.117 start
++++ listbox-3.117 PASSED
---- listbox-3.118 start
++++ listbox-3.118 PASSED
++++ listbox-3.119 SKIPPED: fonts
++++ listbox-3.120 SKIPPED: fonts
++++ listbox-3.121 SKIPPED: fonts
++++ listbox-3.122 SKIPPED: fonts
---- listbox-3.123 start
++++ listbox-3.123 PASSED
---- listbox-3.124 start
++++ listbox-3.124 PASSED
---- listbox-3.125 start
++++ listbox-3.125 PASSED
---- listbox-3.126 start
++++ listbox-3.126 PASSED
---- listbox-3.127 start
++++ listbox-3.127 PASSED
---- listbox-3.128 start
++++ listbox-3.128 PASSED
---- listbox-3.129 start
++++ listbox-3.129 PASSED
---- listbox-3.130 start
++++ listbox-3.130 PASSED
---- listbox-3.131 start
++++ listbox-3.131 PASSED
---- listbox-3.132 start
++++ listbox-3.132 PASSED
---- listbox-3.133 start
++++ listbox-3.133 PASSED
---- listbox-3.134 start
++++ listbox-3.134 PASSED
---- listbox-3.135 start
++++ listbox-3.135 PASSED
---- listbox-3.136 start
++++ listbox-3.136 PASSED
---- listbox-3.137 start
++++ listbox-3.137 PASSED
++++ listbox-4.1 SKIPPED: fonts
---- listbox-4.2 start
++++ listbox-4.2 PASSED
---- listbox-4.3 start
++++ listbox-4.3 PASSED
---- listbox-4.4 start
++++ listbox-4.4 PASSED
---- listbox-4.5 start
++++ listbox-4.5 PASSED
++++ listbox-4.6 SKIPPED: fonts
---- listbox-4.7 start
++++ listbox-4.7 PASSED
---- listbox-4.8 start
++++ listbox-4.8 PASSED
---- listbox-4.9 start
++++ listbox-4.9 PASSED
---- listbox-4.10 start
++++ listbox-4.10 PASSED
---- listbox-4.11 start
++++ listbox-4.11 PASSED
---- listbox-4.12 start
++++ listbox-4.12 PASSED
---- listbox-4.13 start
++++ listbox-4.13 PASSED
---- listbox-4.14 start
++++ listbox-4.14 PASSED
---- listbox-4.15 start
++++ listbox-4.15 PASSED
---- listbox-4.16 start
++++ listbox-4.16 PASSED
---- listbox-4.17 start
++++ listbox-4.17 PASSED
---- listbox-4.18 start
++++ listbox-4.18 PASSED
---- listbox-4.19 start
++++ listbox-4.19 PASSED
++++ listbox-5.1 SKIPPED: fonts
++++ listbox-5.2 SKIPPED: fonts
++++ listbox-5.3 SKIPPED: fonts
++++ listbox-5.4 SKIPPED: fonts
++++ listbox-5.5 SKIPPED: fonts
---- listbox-5.6 start
++++ listbox-5.6 PASSED
---- listbox-6.1 start
++++ listbox-6.1 PASSED
---- listbox-6.2 start
++++ listbox-6.2 PASSED
---- listbox-6.3 start
++++ listbox-6.3 PASSED
---- listbox-6.4 start
++++ listbox-6.4 PASSED
---- listbox-6.5 start
++++ listbox-6.5 PASSED
---- listbox-6.6 start
++++ listbox-6.6 PASSED
---- listbox-6.7 start
++++ listbox-6.7 PASSED
---- listbox-6.8 start
++++ listbox-6.8 PASSED
---- listbox-6.9 start
++++ listbox-6.9 PASSED
---- listbox-6.10 start
++++ listbox-6.10 PASSED
---- listbox-6.11 start
++++ listbox-6.11 PASSED
++++ listbox-6.12 SKIPPED: fonts
---- listbox-6.13 start
++++ listbox-6.13 PASSED
---- listbox-6.14 start
++++ listbox-6.14 PASSED
---- listbox-6.15 start
++++ listbox-6.15 PASSED
---- listbox-7.1 start
++++ listbox-7.1 PASSED
---- listbox-7.2 start
++++ listbox-7.2 PASSED
---- listbox-7.3 start
++++ listbox-7.3 PASSED
---- listbox-7.4 start
++++ listbox-7.4 PASSED
---- listbox-7.5 start
++++ listbox-7.5 PASSED
---- listbox-7.6 start
++++ listbox-7.6 PASSED
---- listbox-7.7 start
++++ listbox-7.7 PASSED
---- listbox-7.8 start
++++ listbox-7.8 PASSED
---- listbox-7.9 start
++++ listbox-7.9 PASSED
---- listbox-7.10 start
++++ listbox-7.10 PASSED
---- listbox-7.11 start
++++ listbox-7.11 PASSED
---- listbox-7.12 start
++++ listbox-7.12 PASSED
---- listbox-7.13 start
++++ listbox-7.13 PASSED
---- listbox-7.14 start
++++ listbox-7.14 PASSED
---- listbox-7.15 start
++++ listbox-7.15 PASSED
---- listbox-7.16 start
++++ listbox-7.16 PASSED
---- listbox-7.17 start
++++ listbox-7.17 PASSED
---- listbox-7.18 start
++++ listbox-7.18 PASSED
---- listbox-7.19 start
++++ listbox-7.19 PASSED
++++ listbox-7.20 SKIPPED: fonts
---- listbox-7.21 start
++++ listbox-7.21 PASSED
++++ listbox-8.1 SKIPPED: fonts
++++ listbox-8.2 SKIPPED: fonts
---- listbox-8.3 start
++++ listbox-8.3 PASSED
---- listbox-9.1 start
++++ listbox-9.1 PASSED
++++ listbox-9.2 SKIPPED: fonts
---- listbox-10.1 start
++++ listbox-10.1 PASSED
---- listbox-10.2 start
++++ listbox-10.2 PASSED
---- listbox-10.3 start
++++ listbox-10.3 PASSED
---- listbox-10.4 start
++++ listbox-10.4 PASSED
---- listbox-10.5 start
++++ listbox-10.5 PASSED
---- listbox-10.6 start
++++ listbox-10.6 PASSED
---- listbox-10.7 start
++++ listbox-10.7 PASSED
---- listbox-10.8 start
++++ listbox-10.8 PASSED
---- listbox-10.9 start
++++ listbox-10.9 PASSED
---- listbox-10.10 start
++++ listbox-10.10 PASSED
---- listbox-10.11 start
++++ listbox-10.11 PASSED
---- listbox-10.12 start
++++ listbox-10.12 PASSED
---- listbox-10.13 start
++++ listbox-10.13 PASSED
++++ listbox-10.14 SKIPPED: fonts
---- listbox-10.15 start
++++ listbox-10.15 PASSED
---- listbox-10.16 start
++++ listbox-10.16 PASSED
---- listbox-10.17 start
++++ listbox-10.17 PASSED
---- listbox-10.18 start
++++ listbox-10.18 PASSED
---- listbox-10.19 start
++++ listbox-10.19 PASSED
---- listbox-10.20 start
++++ listbox-10.20 PASSED
---- listbox-11.1 start
++++ listbox-11.1 PASSED
---- listbox-11.2 start
++++ listbox-11.2 PASSED
---- listbox-11.3 start
++++ listbox-11.3 PASSED
---- listbox-11.4 start
++++ listbox-11.4 PASSED
---- listbox-11.5 start
++++ listbox-11.5 PASSED
---- listbox-11.6 start
++++ listbox-11.6 PASSED
++++ listbox-12.1 SKIPPED: fonts
++++ listbox-12.2 SKIPPED: fonts
++++ listbox-12.3 SKIPPED: fonts
++++ listbox-13.1 SKIPPED: fonts
++++ listbox-13.2 SKIPPED: fonts
++++ listbox-13.3 SKIPPED: fonts
---- listbox-14.1 start
++++ listbox-14.1 PASSED
++++ listbox-14.2 SKIPPED: fonts
++++ listbox-14.3 SKIPPED: fonts
++++ listbox-14.4 SKIPPED: fonts
---- listbox-15.1 start
++++ listbox-15.1 PASSED
---- listbox-15.2 start
++++ listbox-15.2 PASSED
---- listbox-15.3 start
++++ listbox-15.3 PASSED
---- listbox-15.4 start
++++ listbox-15.4 PASSED
---- listbox-15.5 start
++++ listbox-15.5 PASSED
---- listbox-15.6 start
++++ listbox-15.6 PASSED
---- listbox-15.7 start
++++ listbox-15.7 PASSED
---- listbox-15.8 start
++++ listbox-15.8 PASSED
---- listbox-15.9 start
++++ listbox-15.9 PASSED
---- listbox-15.10 start
++++ listbox-15.10 PASSED
---- listbox-16.1 start
++++ listbox-16.1 PASSED
---- listbox-16.2 start
++++ listbox-16.2 PASSED
---- listbox-16.3 start
++++ listbox-16.3 PASSED
---- listbox-17.1 start
++++ listbox-17.1 PASSED
---- listbox-17.2 start
++++ listbox-17.2 PASSED
---- listbox-18.1 start
++++ listbox-18.1 PASSED
---- listbox-18.2 start
++++ listbox-18.2 PASSED
---- listbox-18.3 start
++++ listbox-18.3 PASSED
++++ listbox-19.1 SKIPPED: fonts
---- listbox-19.2 start
++++ listbox-19.2 PASSED
---- listbox-20.1 start
++++ listbox-20.1 PASSED
---- listbox-21.1 start
++++ listbox-21.1 PASSED
---- listbox-21.2 start
++++ listbox-21.2 PASSED
---- listbox-21.3 start
++++ listbox-21.3 PASSED
---- listbox-21.4 start
++++ listbox-21.4 PASSED
---- listbox-21.5 start
++++ listbox-21.5 PASSED
---- listbox-21.6 start
++++ listbox-21.6 PASSED
---- listbox-21.7 start
++++ listbox-21.7 PASSED
---- listbox-21.8 start
++++ listbox-21.8 PASSED
---- listbox-21.9 start
++++ listbox-21.9 PASSED
---- listbox-21.10 start
++++ listbox-21.10 PASSED
---- listbox-21.11 start
++++ listbox-21.11 PASSED
---- listbox-21.12 start
++++ listbox-21.12 PASSED
---- listbox-21.12a start
++++ listbox-21.12a PASSED
---- listbox-21.13 start
++++ listbox-21.13 PASSED
---- listbox-21.14 start
++++ listbox-21.14 PASSED
---- listbox-21.15 start
++++ listbox-21.15 PASSED
---- listbox-21.16 start
++++ listbox-21.16 PASSED
---- listbox-22.1 start
++++ listbox-22.1 PASSED
---- listbox-23.1 start
++++ listbox-23.1 PASSED
---- listbox-23.2 start
++++ listbox-23.2 PASSED
---- listbox-23.3 start
++++ listbox-23.3 PASSED
---- listbox-23.4 start
++++ listbox-23.4 PASSED
---- listbox-23.5 start
++++ listbox-23.5 PASSED
---- listbox-23.6 start
++++ listbox-23.6 PASSED
---- listbox-23.7 start
++++ listbox-23.7 PASSED
---- listbox-23.8 start
++++ listbox-23.8 PASSED
---- listbox-23.9 start
++++ listbox-23.9 PASSED
---- listbox-23.10 start
++++ listbox-23.10 PASSED
---- listbox-23.11 start
++++ listbox-23.11 PASSED
---- listbox-23.12 start
++++ listbox-23.12 PASSED
---- listbox-23.13 start
++++ listbox-23.13 PASSED
---- listbox-23.14 start
++++ listbox-23.14 PASSED
---- listbox-23.15 start
++++ listbox-23.15 PASSED
---- listbox-23.16 start
++++ listbox-23.16 PASSED
---- listbox-23.17 start
++++ listbox-23.17 PASSED
---- listbox-24.1 start
++++ listbox-24.1 PASSED
---- listbox-24.2 start
++++ listbox-24.2 PASSED
---- listbox-24.3 start
++++ listbox-24.3 PASSED
---- listbox-24.4 start
++++ listbox-24.4 PASSED
---- listbox-25.1 start
++++ listbox-25.1 PASSED
---- listbox-25.2 start
++++ listbox-25.2 PASSED
---- listbox-26.1 start
++++ listbox-26.1 PASSED
---- listbox-26.2 start
++++ listbox-26.2 PASSED
---- listbox-26.3 start
++++ listbox-26.3 PASSED
---- listbox-26.4 start
++++ listbox-26.4 PASSED
---- listbox-26.5 start
++++ listbox-26.5 PASSED
---- listbox-27.1 start
++++ listbox-27.1 PASSED
---- listbox-28.1 start
++++ listbox-28.1 PASSED
---- listbox-28.2 start
++++ listbox-28.2 PASSED
++++ listbox-28.3 SKIPPED: win
---- listbox-28.4 start
++++ listbox-28.4 PASSED
---- listbox-29.1 start
++++ listbox-29.1 PASSED
---- listbox-30.1 start
++++ listbox-30.1 PASSED
---- listbox-31.1 start
++++ listbox-31.1 PASSED
---- listbox-31.2 start
++++ listbox-31.2 PASSED
---- listbox-32.1 start
++++ listbox-32.1 PASSED
---- listbox-32.2 start
++++ listbox-32.2 PASSED
main.test
---- main-1.1 start
++++ main-1.1 PASSED
---- main-2.1 start
++++ main-2.1 PASSED
---- main-2.2 start
++++ main-2.2 PASSED
---- main-2.3 start
++++ main-2.3 PASSED
---- main-3.1 start
++++ main-3.1 PASSED
---- main-3.2 start
++++ main-3.2 PASSED
---- main-3.3 start
++++ main-3.3 PASSED
menu.test
---- menu-1.1 start
++++ menu-1.1 PASSED
---- menu-1.2 start
++++ menu-1.2 PASSED
---- menu-1.3 start
++++ menu-1.3 PASSED
---- menu-1.4 start
++++ menu-1.4 PASSED
---- menu-1.5 start
++++ menu-1.5 PASSED
---- menu-1.6 start
++++ menu-1.6 PASSED
---- menu-1.7 start
++++ menu-1.7 PASSED
---- menu-1.8 start
++++ menu-1.8 PASSED
---- menu-1.9 start
++++ menu-1.9 PASSED
---- menu-1.10 start
++++ menu-1.10 PASSED
---- menu-1.11 start
++++ menu-1.11 PASSED
---- menu-1.12 start
++++ menu-1.12 PASSED
---- menu-1.13 start
++++ menu-1.13 PASSED
---- menu-1.14 start
++++ menu-1.14 PASSED
---- menu-2.1 start
++++ menu-2.1 PASSED
---- menu-2.2 start
++++ menu-2.2 PASSED
---- menu-2.3 start
++++ menu-2.3 PASSED
---- menu-2.4 start
++++ menu-2.4 PASSED
---- menu-2.5 start
++++ menu-2.5 PASSED
---- menu-2.6 start
++++ menu-2.6 PASSED
---- menu-2.6a start
++++ menu-2.6a PASSED
---- menu-2.6b start
++++ menu-2.6b PASSED
---- menu-2.7 start
++++ menu-2.7 PASSED
---- menu-2.8 start
++++ menu-2.8 PASSED
---- menu-2.9 start
++++ menu-2.9 PASSED
---- menu-2.10 start
++++ menu-2.10 PASSED
---- menu-2.11 start
++++ menu-2.11 PASSED
---- menu-2.12 start
++++ menu-2.12 PASSED
---- menu-2.13 start
++++ menu-2.13 PASSED
---- menu-2.14 start
++++ menu-2.14 PASSED
---- menu-2.15 start
++++ menu-2.15 PASSED
---- menu-2.16 start
++++ menu-2.16 PASSED
---- menu-2.17 start
++++ menu-2.17 PASSED
---- menu-2.18 start
++++ menu-2.18 PASSED
---- menu-2.19 start
++++ menu-2.19 PASSED
---- menu-2.20 start
++++ menu-2.20 PASSED
---- menu-2.21 start
++++ menu-2.21 PASSED
---- menu-2.22 start
++++ menu-2.22 PASSED
---- menu-2.23 start
++++ menu-2.23 PASSED
---- menu-2.24 start
++++ menu-2.24 PASSED
---- menu-2.25 start
++++ menu-2.25 PASSED
---- menu-2.26 start
++++ menu-2.26 PASSED
---- menu-2.27 start
++++ menu-2.27 PASSED
---- menu-2.28 start
++++ menu-2.28 PASSED
---- menu-2.29 start
++++ menu-2.29 PASSED
---- menu-2.30 start
++++ menu-2.30 PASSED
---- menu-2.31 start
++++ menu-2.31 PASSED
---- menu-2.32 start
++++ menu-2.32 PASSED
---- menu-2.33 start
++++ menu-2.33 PASSED
---- menu-2.34 start
++++ menu-2.34 PASSED
---- menu-2.35 start
++++ menu-2.35 PASSED
---- menu-2.36 start
++++ menu-2.36 PASSED
---- menu-2.37 start
++++ menu-2.37 PASSED
---- menu-2.38 start
++++ menu-2.38 PASSED
---- menu-2.39 start
++++ menu-2.39 PASSED
---- menu-2.40 start
++++ menu-2.40 PASSED
---- menu-2.41 start
++++ menu-2.41 PASSED
---- menu-2.42 start
++++ menu-2.42 PASSED
---- menu-2.43 start
++++ menu-2.43 PASSED
---- menu-2.44 start
++++ menu-2.44 PASSED
---- menu-2.45 start
++++ menu-2.45 PASSED
---- menu-2.46 start
++++ menu-2.46 PASSED
---- menu-2.47 start
++++ menu-2.47 PASSED
---- menu-2.48 start
++++ menu-2.48 PASSED
---- menu-2.49 start
++++ menu-2.49 PASSED
---- menu-2.50 start
++++ menu-2.50 PASSED
---- menu-2.51 start
++++ menu-2.51 PASSED
---- menu-2.52 start
++++ menu-2.52 PASSED
---- menu-2.53 start
++++ menu-2.53 PASSED
---- menu-2.54 start
++++ menu-2.54 PASSED
---- menu-2.55 start
++++ menu-2.55 PASSED
---- menu-2.56 start
++++ menu-2.56 PASSED
---- menu-2.57 start
++++ menu-2.57 PASSED
---- menu-2.58 start
++++ menu-2.58 PASSED
---- menu-2.59 start
++++ menu-2.59 PASSED
---- menu-2.60 start
++++ menu-2.60 PASSED
---- menu-2.61 start
++++ menu-2.61 PASSED
---- menu-2.62 start
++++ menu-2.62 PASSED
---- menu-2.63 start
++++ menu-2.63 PASSED
---- menu-2.64 start
++++ menu-2.64 PASSED
---- menu-2.65 start
++++ menu-2.65 PASSED
---- menu-2.66 start
++++ menu-2.66 PASSED
---- menu-2.67 start
++++ menu-2.67 PASSED
---- menu-2.68 start
++++ menu-2.68 PASSED
---- menu-2.69 start
++++ menu-2.69 PASSED
---- menu-2.70 start
++++ menu-2.70 PASSED
---- menu-2.71 start
++++ menu-2.71 PASSED
---- menu-2.72 start
++++ menu-2.72 PASSED
---- menu-2.73 start
++++ menu-2.73 PASSED
---- menu-2.74 start
++++ menu-2.74 PASSED
---- menu-2.75 start
++++ menu-2.75 PASSED
---- menu-2.76 start
++++ menu-2.76 PASSED
---- menu-2.77 start
++++ menu-2.77 PASSED
---- menu-2.78 start
++++ menu-2.78 PASSED
---- menu-2.79 start
++++ menu-2.79 PASSED
---- menu-2.80 start
++++ menu-2.80 PASSED
---- menu-2.81 start
++++ menu-2.81 PASSED
---- menu-2.82 start
++++ menu-2.82 PASSED
---- menu-2.83 start
++++ menu-2.83 PASSED
---- menu-2.84 start
++++ menu-2.84 PASSED
---- menu-2.85 start
++++ menu-2.85 PASSED
---- menu-2.86 start
++++ menu-2.86 PASSED
---- menu-2.87 start
++++ menu-2.87 PASSED
---- menu-2.88 start
++++ menu-2.88 PASSED
---- menu-2.89 start
++++ menu-2.89 PASSED
---- menu-2.90 start
++++ menu-2.90 PASSED
---- menu-2.91 start
++++ menu-2.91 PASSED
---- menu-2.92 start
++++ menu-2.92 PASSED
---- menu-2.93 start
++++ menu-2.93 PASSED
---- menu-2.94 start
++++ menu-2.94 PASSED
---- menu-2.95 start
++++ menu-2.95 PASSED
---- menu-2.96 start
++++ menu-2.96 PASSED
---- menu-2.97 start
++++ menu-2.97 PASSED
---- menu-2.98 start
++++ menu-2.98 PASSED
---- menu-2.99 start
++++ menu-2.99 PASSED
---- menu-2.100 start
++++ menu-2.100 PASSED
---- menu-2.101 start
++++ menu-2.101 PASSED
---- menu-2.102 start
++++ menu-2.102 PASSED
---- menu-2.103 start
++++ menu-2.103 PASSED
---- menu-2.104 start
++++ menu-2.104 PASSED
---- menu-2.105 start
++++ menu-2.105 PASSED
---- menu-2.106 start
++++ menu-2.106 PASSED
---- menu-2.107 start
++++ menu-2.107 PASSED
---- menu-2.108 start
++++ menu-2.108 PASSED
---- menu-2.109 start
++++ menu-2.109 PASSED
---- menu-2.110 start
++++ menu-2.110 PASSED
---- menu-2.111 start
++++ menu-2.111 PASSED
---- menu-2.112 start
++++ menu-2.112 PASSED
---- menu-2.113 start
++++ menu-2.113 PASSED
---- menu-2.114 start
++++ menu-2.114 PASSED
---- menu-2.115 start
++++ menu-2.115 PASSED
---- menu-2.116 start
++++ menu-2.116 PASSED
---- menu-2.117 start
++++ menu-2.117 PASSED
---- menu-2.118 start
++++ menu-2.118 PASSED
---- menu-2.119 start
++++ menu-2.119 PASSED
---- menu-2.120 start
++++ menu-2.120 PASSED
---- menu-2.121 start
++++ menu-2.121 PASSED
---- menu-2.122 start
++++ menu-2.122 PASSED
---- menu-2.123 start
++++ menu-2.123 PASSED
---- menu-2.124 start
++++ menu-2.124 PASSED
---- menu-2.125 start
++++ menu-2.125 PASSED
---- menu-2.126 start
++++ menu-2.126 PASSED
---- menu-2.127 start
++++ menu-2.127 PASSED
---- menu-2.128 start
++++ menu-2.128 PASSED
---- menu-2.129 start
++++ menu-2.129 PASSED
---- menu-2.130 start
++++ menu-2.130 PASSED
---- menu-2.131 start
++++ menu-2.131 PASSED
---- menu-2.132 start
++++ menu-2.132 PASSED
---- menu-2.133 start
++++ menu-2.133 PASSED
---- menu-2.134 start
++++ menu-2.134 PASSED
---- menu-2.135 start
++++ menu-2.135 PASSED
---- menu-2.136 start
++++ menu-2.136 PASSED
---- menu-2.137 start
++++ menu-2.137 PASSED
---- menu-2.138 start
++++ menu-2.138 PASSED
---- menu-2.139 start
++++ menu-2.139 PASSED
---- menu-2.140 start
++++ menu-2.140 PASSED
---- menu-2.141 start
++++ menu-2.141 PASSED
---- menu-2.142 start
++++ menu-2.142 PASSED
---- menu-2.143 start
++++ menu-2.143 PASSED
---- menu-2.144 start
++++ menu-2.144 PASSED
---- menu-2.145 start
++++ menu-2.145 PASSED
---- menu-2.146 start
++++ menu-2.146 PASSED
---- menu-2.147 start
++++ menu-2.147 PASSED
---- menu-2.148 start
++++ menu-2.148 PASSED
---- menu-2.149 start
++++ menu-2.149 PASSED
---- menu-2.150 start
++++ menu-2.150 PASSED
---- menu-2.151 start
++++ menu-2.151 PASSED
---- menu-2.152 start
++++ menu-2.152 PASSED
---- menu-2.153 start
++++ menu-2.153 PASSED
---- menu-2.154 start
++++ menu-2.154 PASSED
---- menu-2.155 start
++++ menu-2.155 PASSED
---- menu-2.156 start
++++ menu-2.156 PASSED
---- menu-2.157 start
++++ menu-2.157 PASSED
---- menu-2.158 start
++++ menu-2.158 PASSED
---- menu-2.159 start
++++ menu-2.159 PASSED
---- menu-2.160 start
++++ menu-2.160 PASSED
---- menu-2.161 start
++++ menu-2.161 PASSED
---- menu-2.162 start
++++ menu-2.162 PASSED
---- menu-2.163 start
++++ menu-2.163 PASSED
---- menu-2.164 start
++++ menu-2.164 PASSED
---- menu-2.165 start
++++ menu-2.165 PASSED
---- menu-2.166 start
++++ menu-2.166 PASSED
---- menu-2.167 start
++++ menu-2.167 PASSED
---- menu-2.168 start
++++ menu-2.168 PASSED
---- menu-2.169 start
++++ menu-2.169 PASSED
---- menu-2.170 start
++++ menu-2.170 PASSED
---- menu-2.171 start
++++ menu-2.171 PASSED
---- menu-2.172 start
++++ menu-2.172 PASSED
---- menu-2.173 start
++++ menu-2.173 PASSED
---- menu-2.174 start
++++ menu-2.174 PASSED
---- menu-2.175 start
++++ menu-2.175 PASSED
---- menu-2.176 start
++++ menu-2.176 PASSED
---- menu-2.177 start
++++ menu-2.177 PASSED
---- menu-2.178 start
++++ menu-2.178 PASSED
---- menu-2.179 start
++++ menu-2.179 PASSED
---- menu-2.180 start
++++ menu-2.180 PASSED
---- menu-2.181 start
++++ menu-2.181 PASSED
---- menu-2.182 start
++++ menu-2.182 PASSED
---- menu-2.183 start
++++ menu-2.183 PASSED
---- menu-2.184 start
++++ menu-2.184 PASSED
---- menu-2.185 start
++++ menu-2.185 PASSED
---- menu-2.186 start
++++ menu-2.186 PASSED
---- menu-2.187 start
++++ menu-2.187 PASSED
---- menu-2.188 start
++++ menu-2.188 PASSED
---- menu-2.189 start
++++ menu-2.189 PASSED
---- menu-2.190 start
++++ menu-2.190 PASSED
---- menu-2.191 start
++++ menu-2.191 PASSED
---- menu-2.192 start
++++ menu-2.192 PASSED
---- menu-2.193 start
++++ menu-2.193 PASSED
---- menu-2.194 start
++++ menu-2.194 PASSED
---- menu-2.195 start
++++ menu-2.195 PASSED
---- menu-2.196 start
++++ menu-2.196 PASSED
---- menu-2.197 start
++++ menu-2.197 PASSED
---- menu-2.198 start
++++ menu-2.198 PASSED
---- menu-2.199 start
++++ menu-2.199 PASSED
---- menu-2.200 start
++++ menu-2.200 PASSED
---- menu-2.201 start
++++ menu-2.201 PASSED
---- menu-2.202 start
++++ menu-2.202 PASSED
---- menu-2.203 start
++++ menu-2.203 PASSED
---- menu-2.204 start
++++ menu-2.204 PASSED
---- menu-2.205 start
++++ menu-2.205 PASSED
---- menu-2.206 start
++++ menu-2.206 PASSED
---- menu-2.207 start
++++ menu-2.207 PASSED
---- menu-2.208 start
++++ menu-2.208 PASSED
---- menu-2.209 start
++++ menu-2.209 PASSED
---- menu-2.210 start
++++ menu-2.210 PASSED
---- menu-2.211 start
++++ menu-2.211 PASSED
---- menu-2.212 start
++++ menu-2.212 PASSED
---- menu-2.213 start
++++ menu-2.213 PASSED
---- menu-2.214 start
++++ menu-2.214 PASSED
---- menu-2.215 start
++++ menu-2.215 PASSED
---- menu-2.216 start
++++ menu-2.216 PASSED
---- menu-2.217 start
++++ menu-2.217 PASSED
---- menu-2.218 start
++++ menu-2.218 PASSED
---- menu-2.219 start
++++ menu-2.219 PASSED
---- menu-2.220 start
++++ menu-2.220 PASSED
---- menu-2.221 start
++++ menu-2.221 PASSED
---- menu-2.222 start
++++ menu-2.222 PASSED
---- menu-2.223 start
++++ menu-2.223 PASSED
---- menu-2.224 start
++++ menu-2.224 PASSED
---- menu-2.225 start
++++ menu-2.225 PASSED
---- menu-2.226 start
++++ menu-2.226 PASSED
---- menu-2.227 start
++++ menu-2.227 PASSED
---- menu-2.228 start
++++ menu-2.228 PASSED
---- menu-3.1 start
++++ menu-3.1 PASSED
++++ menu-3.2 SKIPPED: nonUnixUserInteraction
---- menu-3.3 start
++++ menu-3.3 PASSED
---- menu-3.4 start
++++ menu-3.4 PASSED
---- menu-3.5 start
++++ menu-3.5 PASSED
---- menu-3.6 start
++++ menu-3.6 PASSED
---- menu-3.7 start
++++ menu-3.7 PASSED
---- menu-3.8 start
++++ menu-3.8 PASSED
---- menu-3.9 start
++++ menu-3.9 PASSED
---- menu-3.10 start
++++ menu-3.10 PASSED
---- menu-3.11 start
++++ menu-3.11 PASSED
---- menu-3.12 start
++++ menu-3.12 PASSED
---- menu-3.13 start
++++ menu-3.13 PASSED
---- menu-3.14 start
++++ menu-3.14 PASSED
---- menu-3.15 start
++++ menu-3.15 PASSED
---- menu-3.16 start
++++ menu-3.16 PASSED
---- menu-3.17 start
++++ menu-3.17 PASSED
---- menu-3.18 start
++++ menu-3.18 PASSED
---- menu-3.19 start
++++ menu-3.19 PASSED
---- menu-3.20 start
++++ menu-3.20 PASSED
---- menu-3.21 start
++++ menu-3.21 PASSED
---- menu-3.22 start
++++ menu-3.22 PASSED
---- menu-3.23 start
++++ menu-3.23 PASSED
---- menu-3.24 start
++++ menu-3.24 PASSED
---- menu-3.25 start
++++ menu-3.25 PASSED
---- menu-3.26 start
++++ menu-3.26 PASSED
---- menu-3.27 start
++++ menu-3.27 PASSED
---- menu-3.28 start
++++ menu-3.28 PASSED
---- menu-3.29 start
++++ menu-3.29 PASSED
---- menu-3.29+1 start
++++ menu-3.29+1 PASSED
---- menu-3.30 start
++++ menu-3.30 PASSED
---- menu-3.31 start
++++ menu-3.31 PASSED
---- menu-3.32 start
++++ menu-3.32 PASSED
---- menu-3.33 start
++++ menu-3.33 PASSED
---- menu-3.34 start
++++ menu-3.34 PASSED
---- menu-3.35 start
++++ menu-3.35 PASSED
---- menu-3.36 start
++++ menu-3.36 PASSED
---- menu-3.37 start
++++ menu-3.37 PASSED
---- menu-3.38 start
++++ menu-3.38 PASSED
---- menu-3.39 start
++++ menu-3.39 PASSED
---- menu-3.40 start
++++ menu-3.40 PASSED
---- menu-3.41 start
++++ menu-3.41 PASSED
---- menu-3.42 start
++++ menu-3.42 PASSED
---- menu-3.43 start
++++ menu-3.43 PASSED
---- menu-3.44 start
++++ menu-3.44 PASSED
---- menu-3.45 start
++++ menu-3.45 PASSED
---- menu-3.46 start
++++ menu-3.46 PASSED
---- menu-3.47 start
++++ menu-3.47 PASSED
---- menu-3.48 start
++++ menu-3.48 PASSED
---- menu-3.49 start
++++ menu-3.49 PASSED
++++ menu-3.50 SKIPPED: nonUnixUserInteraction
---- menu-3.51 start
++++ menu-3.51 PASSED
---- menu-3.52 start
++++ menu-3.52 PASSED
++++ menu-3.53 SKIPPED: nonUnixUserInteraction
---- menu-3.54 start
++++ menu-3.54 PASSED
---- menu-3.55 start
++++ menu-3.55 PASSED
---- menu-3.56 start
++++ menu-3.56 PASSED
---- menu-3.57 start
++++ menu-3.57 PASSED
---- menu-3.58 start
++++ menu-3.58 PASSED
---- menu-3.59 start
++++ menu-3.59 PASSED
---- menu-3.60 start
++++ menu-3.60 PASSED
---- menu-3.61 start
++++ menu-3.61 PASSED
---- menu-3.62 start
++++ menu-3.62 PASSED
---- menu-3.63 start
++++ menu-3.63 PASSED
++++ menu-3.64 SKIPPED: nonUnixUserInteraction
---- menu-3.65 start
++++ menu-3.65 PASSED
---- menu-3.66a start
++++ menu-3.66a PASSED
++++ menu-3.66b SKIPPED: notAqua
---- menu-3.66c start
++++ menu-3.66c PASSED
---- menu-3.67 start
++++ menu-3.67 PASSED
---- menu-3.68 start
++++ menu-3.68 PASSED
---- menu-3.69 start
++++ menu-3.69 PASSED
---- menu-3.70 start
++++ menu-3.70 PASSED
---- menu-3.71 start
++++ menu-3.71 PASSED
---- menu-4.1 start
++++ menu-4.1 PASSED
---- menu-4.2 start
++++ menu-4.2 PASSED
---- menu-4.3 start
++++ menu-4.3 PASSED
---- menu-4.4 start
++++ menu-4.4 PASSED
---- menu-4.5 start
++++ menu-4.5 PASSED
---- menu-4.6 start
++++ menu-4.6 PASSED
---- menu-4.7 start
++++ menu-4.7 PASSED
---- menu-4.8 start
++++ menu-4.8 PASSED
---- menu-4.9 start
++++ menu-4.9 PASSED
---- menu-4.10 start
++++ menu-4.10 PASSED
---- menu-4.11 start
++++ menu-4.11 PASSED
---- menu-4.12 start
++++ menu-4.12 PASSED
---- menu-5.1 start
++++ menu-5.1 PASSED
---- menu-5.2 start
++++ menu-5.2 PASSED
---- menu-5.3 start
++++ menu-5.3 PASSED
---- menu-5.4 start
++++ menu-5.4 PASSED
---- menu-5.5 start
++++ menu-5.5 PASSED
---- menu-5.6 start
++++ menu-5.6 PASSED
---- menu-5.7 start
++++ menu-5.7 PASSED
---- menu-5.8 start
++++ menu-5.8 PASSED
---- menu-5.9 start
++++ menu-5.9 PASSED
---- menu-5.10 start
++++ menu-5.10 PASSED
---- menu-5.11 start
++++ menu-5.11 PASSED
---- menu-5.12 start
++++ menu-5.12 PASSED
---- menu-5.13 start
++++ menu-5.13 PASSED
---- menu-6.1 start
++++ menu-6.1 PASSED
---- menu-6.2 start
++++ menu-6.2 PASSED
---- menu-6.3 start
++++ menu-6.3 PASSED
---- menu-6.4 start
++++ menu-6.4 PASSED
---- menu-6.5 start
++++ menu-6.5 PASSED
---- menu-6.6 start
++++ menu-6.6 PASSED
---- menu-6.7 start
++++ menu-6.7 PASSED
---- menu-6.8 start
++++ menu-6.8 PASSED
---- menu-6.9 start
++++ menu-6.9 PASSED
---- menu-6.10 start
++++ menu-6.10 PASSED
---- menu-6.11 start
++++ menu-6.11 PASSED
---- menu-6.12 start
++++ menu-6.12 PASSED
---- menu-6.13 start
++++ menu-6.13 PASSED
---- menu-6.14 start
++++ menu-6.14 PASSED
---- menu-6.15 start
++++ menu-6.15 PASSED
---- menu-6.16 start
++++ menu-6.16 PASSED
---- menu-6.17 start
++++ menu-6.17 PASSED
---- menu-7.1 start
++++ menu-7.1 PASSED
---- menu-7.2 start
++++ menu-7.2 PASSED
---- menu-7.3 start
++++ menu-7.3 PASSED
---- menu-7.4 start
++++ menu-7.4 PASSED
---- menu-7.5 start
++++ menu-7.5 PASSED
---- menu-7.6 start
++++ menu-7.6 PASSED
---- menu-7.7 start
++++ menu-7.7 PASSED
---- menu-7.8 start
++++ menu-7.8 PASSED
---- menu-7.9 start
++++ menu-7.9 PASSED
---- menu-8.1 start
++++ menu-8.1 PASSED
---- menu-8.2 start
++++ menu-8.2 PASSED
---- menu-8.3 start
++++ menu-8.3 PASSED
---- menu-8.4 start
++++ menu-8.4 PASSED
---- menu-8.5 start
++++ menu-8.5 PASSED
---- menu-8.6 start
++++ menu-8.6 PASSED
---- menu-8.7 start
++++ menu-8.7 PASSED
---- menu-9.1 start
++++ menu-9.1 PASSED
---- menu-9.2 start
++++ menu-9.2 PASSED
---- menu-9.3 start
++++ menu-9.3 PASSED
---- menu-9.4 start
++++ menu-9.4 PASSED
---- menu-9.5 start
++++ menu-9.5 PASSED
---- menu-9.6 start
++++ menu-9.6 PASSED
---- menu-9.7 start
++++ menu-9.7 PASSED
---- menu-9.8 start
++++ menu-9.8 PASSED
---- menu-9.9 start
++++ menu-9.9 PASSED
---- menu-10.1 start
++++ menu-10.1 PASSED
---- menu-10.2 start
++++ menu-10.2 PASSED
---- menu-11.1 start
++++ menu-11.1 PASSED
---- menu-11.2 start
++++ menu-11.2 PASSED
---- menu-11.3 start
++++ menu-11.3 PASSED
---- menu-11.4 start
++++ menu-11.4 PASSED
---- menu-11.5 start
++++ menu-11.5 PASSED
---- menu-11.6 start
++++ menu-11.6 PASSED
---- menu-11.7 start
++++ menu-11.7 PASSED
---- menu-11.8 start
++++ menu-11.8 PASSED
---- menu-11.9 start
++++ menu-11.9 PASSED
---- menu-11.10 start
++++ menu-11.10 PASSED
---- menu-11.11 start
++++ menu-11.11 PASSED
---- menu-11.12 start
++++ menu-11.12 PASSED
---- menu-11.13 start
++++ menu-11.13 PASSED
---- menu-11.14 start
++++ menu-11.14 PASSED
---- menu-11.15 start
++++ menu-11.15 PASSED
---- menu-11.16 start
++++ menu-11.16 PASSED
---- menu-11.17 start
++++ menu-11.17 PASSED
---- menu-11.18 start
++++ menu-11.18 PASSED
---- menu-11.19 start
++++ menu-11.19 PASSED
---- menu-11.20 start
++++ menu-11.20 PASSED
---- menu-11.21 start
++++ menu-11.21 PASSED
---- menu-12.1 start
++++ menu-12.1 PASSED
---- menu-12.2 start
++++ menu-12.2 PASSED
---- menu-12.3 start
++++ menu-12.3 PASSED
---- menu-12.4 start
++++ menu-12.4 PASSED
---- menu-13.1 start
++++ menu-13.1 PASSED
---- menu-13.2 start
++++ menu-13.2 PASSED
---- menu-13.3 start
++++ menu-13.3 PASSED
---- menu-13.4 start
++++ menu-13.4 PASSED
---- menu-13.5 start
++++ menu-13.5 PASSED
---- menu-13.6 start
++++ menu-13.6 PASSED
---- menu-13.7 start
++++ menu-13.7 PASSED
---- menu-13.8 start
++++ menu-13.8 PASSED
---- menu-13.9 start
++++ menu-13.9 PASSED
---- menu-13.10 start
++++ menu-13.10 PASSED
---- menu-13.11 start
++++ menu-13.11 PASSED
---- menu-13.12 start
++++ menu-13.12 PASSED
---- menu-14.1 start
++++ menu-14.1 PASSED
---- menu-14.2 start
++++ menu-14.2 PASSED
---- menu-15.1 start
++++ menu-15.1 PASSED
---- menu-15.2 start
++++ menu-15.2 PASSED
---- menu-15.3 start
++++ menu-15.3 PASSED
---- menu-15.4 start
++++ menu-15.4 PASSED
---- menu-16.1 start
++++ menu-16.1 PASSED
---- menu-16.2 start
++++ menu-16.2 PASSED
---- menu-16.3 start
++++ menu-16.3 PASSED
---- menu-16.4 start
++++ menu-16.4 PASSED
---- menu-16.5 start
++++ menu-16.5 PASSED
---- menu-16.6 start
++++ menu-16.6 PASSED
---- menu-16.7 start
++++ menu-16.7 PASSED
---- menu-16.8 start
++++ menu-16.8 PASSED
---- menu-16.9 start
++++ menu-16.9 PASSED
---- menu-16.10 start
++++ menu-16.10 PASSED
---- menu-16.11 start
++++ menu-16.11 PASSED
---- menu-16.12 start
++++ menu-16.12 PASSED
---- menu-16.13 start
++++ menu-16.13 PASSED
---- menu-16.14 start
++++ menu-16.14 PASSED
---- menu-16.15 start
++++ menu-16.15 PASSED
---- menu-16.16 start
++++ menu-16.16 PASSED
---- menu-16.17 start
++++ menu-16.17 PASSED
---- menu-16.18 start
++++ menu-16.18 PASSED
---- menu-16.19 start
++++ menu-16.19 PASSED
---- menu-17.1 start
++++ menu-17.1 PASSED
---- menu-17.2 start
++++ menu-17.2 PASSED
---- menu-17.3 start
++++ menu-17.3 PASSED
---- menu-17.4 start
++++ menu-17.4 PASSED
---- menu-17.5 start
++++ menu-17.5 PASSED
---- menu-17.6 start
++++ menu-17.6 PASSED
---- menu-17.7 start
++++ menu-17.7 PASSED
---- menu-18.1 start
++++ menu-18.1 PASSED
---- menu-18.2 start
++++ menu-18.2 PASSED
---- menu-18.3 start
++++ menu-18.3 PASSED
---- menu-18.4 start
++++ menu-18.4 PASSED
++++ menu-19.1 SKIPPED: nonUnixUserInteraction
++++ menu-19.2 SKIPPED: nonUnixUserInteraction
---- menu-20.1 start
++++ menu-20.1 PASSED
---- menu-20.2 start
++++ menu-20.2 PASSED
---- menu-20.3 start
++++ menu-20.3 PASSED
---- menu-20.4 start
++++ menu-20.4 PASSED
---- menu-20.5 start
++++ menu-20.5 PASSED
---- menu-20.6 start
++++ menu-20.6 PASSED
---- menu-20.7 start
++++ menu-20.7 PASSED
---- menu-20.8 start
++++ menu-20.8 PASSED
---- menu-20.9 start
++++ menu-20.9 PASSED
---- menu-20.10 start
++++ menu-20.10 PASSED
---- menu-20.11 start
++++ menu-20.11 PASSED
---- menu-20.12 start
++++ menu-20.12 PASSED
---- menu-20.13 start
++++ menu-20.13 PASSED
---- menu-20.14 start
++++ menu-20.14 PASSED
---- menu-20.15 start
++++ menu-20.15 PASSED
---- menu-20.16 start
++++ menu-20.16 PASSED
---- menu-21.1 start
++++ menu-21.1 PASSED
---- menu-21.2 start
++++ menu-21.2 PASSED
---- menu-22.1 start
++++ menu-22.1 PASSED
---- menu-22.2 start
++++ menu-22.2 PASSED
++++ menu-22.3 SKIPPED: x11
++++ menu-22.4 SKIPPED: x11
++++ menu-22.5 SKIPPED: x11
---- menu-22.6 start
++++ menu-22.6 PASSED
---- menu-22.7 start
++++ menu-22.7 PASSED
---- menu-22.8 start
++++ menu-22.8 PASSED
---- menu-22.9 start
++++ menu-22.9 PASSED
++++ menu-22.10 SKIPPED: x11
---- menu-23.1 start
++++ menu-23.1 PASSED
---- menu-23.2 start
++++ menu-23.2 PASSED
---- menu-24.1 start
++++ menu-24.1 PASSED
---- menu-24.2 start
++++ menu-24.2 PASSED
---- menu-24.3 start
++++ menu-24.3 PASSED
---- menu-25.1 start
++++ menu-25.1 PASSED
---- menu-25.2 start
++++ menu-25.2 PASSED
---- menu-25.3 start
++++ menu-25.3 PASSED
---- menu-25.4 start
++++ menu-25.4 PASSED
---- menu-25.5 start
++++ menu-25.5 PASSED
---- menu-25.6 start
++++ menu-25.6 PASSED
---- menu-25.7 start
++++ menu-25.7 PASSED
---- menu-25.8 start
++++ menu-25.8 PASSED
---- menu-25.9 start
++++ menu-25.9 PASSED
---- menu-25.10 start
++++ menu-25.10 PASSED
---- menu-25.11 start
++++ menu-25.11 PASSED
---- menu-25.12 start
++++ menu-25.12 PASSED
---- menu-25.13 start
++++ menu-25.13 PASSED
---- menu-25.14 start
++++ menu-25.14 PASSED
---- menu-25.15 start
++++ menu-25.15 PASSED
---- menu-25.16 start
++++ menu-25.16 PASSED
---- menu-26.1 start
++++ menu-26.1 PASSED
---- menu-27.1 start
++++ menu-27.1 PASSED
---- menu-28.1 start
++++ menu-28.1 PASSED
---- menu-28.2 start
++++ menu-28.2 PASSED
---- menu-29.1 start
++++ menu-29.1 PASSED
---- menu-30.1 start
++++ menu-30.1 PASSED
---- menu-31.1 start
++++ menu-31.1 PASSED
---- menu-31.2 start
++++ menu-31.2 PASSED
---- menu-31.3 start
++++ menu-31.3 PASSED
---- menu-31.4 start
++++ menu-31.4 PASSED
---- menu-32.1 start
++++ menu-32.1 PASSED
---- menu-32.2 start
++++ menu-32.2 PASSED
---- menu-32.3 start
++++ menu-32.3 PASSED
---- menu-32.4 start
++++ menu-32.4 PASSED
---- menu-32.5 start
++++ menu-32.5 PASSED
---- menu-32.6 start
++++ menu-32.6 PASSED
---- menu-32.7 start
++++ menu-32.7 PASSED
---- menu-32.8 start
++++ menu-32.8 PASSED
---- menu-32.9 start
++++ menu-32.9 PASSED
---- menu-33.1 start
++++ menu-33.1 PASSED
++++ menu-34.1 SKIPPED: altDisplay
---- menu-35.1 start
++++ menu-35.1 PASSED
---- menu-37.1 start
++++ menu-37.1 PASSED
++++ menu-38.1 SKIPPED: x11
---- menu-39.1 start
++++ menu-39.1 PASSED
---- menu-39.2 start
++++ menu-39.2 PASSED
---- menu-40.1 start
++++ menu-40.1 PASSED
---- menu-40.2 start
++++ menu-40.2 PASSED
---- menu-41.1 start
++++ menu-41.1 PASSED
---- menu-41.2 start
++++ menu-41.2 PASSED
---- menu-41.3 start
++++ menu-41.3 PASSED
---- menu-41.4 start
++++ menu-41.4 PASSED
---- menu-41.5 start
++++ menu-41.5 PASSED
---- menu-41.6 start
++++ menu-41.6 PASSED
---- menu-41.7 start
++++ menu-41.7 PASSED
---- menu-41.8 start
++++ menu-41.8 PASSED
---- menu-41.9 start
++++ menu-41.9 PASSED
---- menu-41.10 start
++++ menu-41.10 PASSED
---- menu-41.11 start
++++ menu-41.11 PASSED
---- menu-41.12 start
++++ menu-41.12 PASSED
---- menu-41.13 start
++++ menu-41.13 PASSED
---- menu-41.14 start
++++ menu-41.14 PASSED
menuDraw.test
---- menuDraw-1.1 start
++++ menuDraw-1.1 PASSED
---- menuDraw-2.1 start
++++ menuDraw-2.1 PASSED
---- menuDraw-3.1 start
++++ menuDraw-3.1 PASSED
---- menuDraw-4.1 start
++++ menuDraw-4.1 PASSED
---- menuDraw-4.2 start
++++ menuDraw-4.2 PASSED
---- menuDraw-5.1 start
++++ menuDraw-5.1 PASSED
---- menuDraw-5.2 start
++++ menuDraw-5.2 PASSED
---- menuDraw-5.3 start
++++ menuDraw-5.3 PASSED
---- menuDraw-6.1 start
++++ menuDraw-6.1 PASSED
---- menuDraw-6.2 start
++++ menuDraw-6.2 PASSED
---- menuDraw-6.3 start
++++ menuDraw-6.3 PASSED
---- menuDraw-6.4 start
++++ menuDraw-6.4 PASSED
---- menuDraw-6.5 start
++++ menuDraw-6.5 PASSED
---- menuDraw-6.6 start
++++ menuDraw-6.6 PASSED
---- menuDraw-6.7 start
++++ menuDraw-6.7 PASSED
---- menuDraw-6.8 start
++++ menuDraw-6.8 PASSED
---- menuDraw-6.9 start
++++ menuDraw-6.9 PASSED
---- menuDraw-6.10 start
++++ menuDraw-6.10 PASSED
---- menuDraw-6.11 start
++++ menuDraw-6.11 PASSED
---- menuDraw-6.12 start
++++ menuDraw-6.12 PASSED
---- menuDraw-6.13 start
++++ menuDraw-6.13 PASSED
---- menuDraw-6.14 start
++++ menuDraw-6.14 PASSED
---- menuDraw-6.15 start
++++ menuDraw-6.15 PASSED
---- menuDraw-6.16 start
++++ menuDraw-6.16 PASSED
---- menuDraw-7.1 start
++++ menuDraw-7.1 PASSED
---- menuDraw-7.2 start
++++ menuDraw-7.2 PASSED
++++ menuDraw-8.1 SKIPPED: win
---- menuDraw-9.1 start
++++ menuDraw-9.1 PASSED
---- menuDraw-9.2 start
++++ menuDraw-9.2 PASSED
---- menuDraw-10.1 start
++++ menuDraw-10.1 PASSED
---- menuDraw-10.2 start
++++ menuDraw-10.2 PASSED
---- menuDraw-10.3 start
++++ menuDraw-10.3 PASSED
---- menuDraw-10.4 start
++++ menuDraw-10.4 PASSED
---- menuDraw-11.1 start
++++ menuDraw-11.1 PASSED
---- menuDraw-11.2 start
++++ menuDraw-11.2 PASSED
---- menuDraw-11.3 start
++++ menuDraw-11.3 PASSED
---- menuDraw-12.1 start
++++ menuDraw-12.1 PASSED
---- menuDraw-12.2 start
++++ menuDraw-12.2 PASSED
---- menuDraw-12.3 start
++++ menuDraw-12.3 PASSED
---- menuDraw-12.4 start
++++ menuDraw-12.4 PASSED
---- menuDraw.12.5 start
++++ menuDraw.12.5 PASSED
---- menuDraw-12.5 start
++++ menuDraw-12.5 PASSED
---- menuDraw.12.7 start
++++ menuDraw.12.7 PASSED
---- menuDraw-12.6 start
++++ menuDraw-12.6 PASSED
---- menuDraw-12.7 start
++++ menuDraw-12.7 PASSED
---- menuDraw-13.1 start
++++ menuDraw-13.1 PASSED
---- menuDraw-13.2 start
++++ menuDraw-13.2 PASSED
---- menuDraw-13.4 start
++++ menuDraw-13.4 PASSED
---- menuDraw-13.5 start
++++ menuDraw-13.5 PASSED
---- menuDraw-14.1 start
++++ menuDraw-14.1 PASSED
---- menuDraw-14.2 start
++++ menuDraw-14.2 PASSED
---- menuDraw-15.1 start
++++ menuDraw-15.1 PASSED
---- menuDraw-15.2 start
++++ menuDraw-15.2 PASSED
---- menuDraw-15.3 start
++++ menuDraw-15.3 PASSED
---- menuDraw-15.4 start
++++ menuDraw-15.4 PASSED
---- menuDraw-15.5 start
++++ menuDraw-15.5 PASSED
---- menuDraw-15.6 start
++++ menuDraw-15.6 PASSED
++++ menuDraw-16.1 SKIPPED: nonUnixUserInteraction
++++ menuDraw-16.2 SKIPPED: nonUnixUserInteraction
---- menuDraw-16.3 start
++++ menuDraw-16.3 PASSED
---- menuDraw-16.4 start
++++ menuDraw-16.4 PASSED
---- menuDraw-16.5 start
++++ menuDraw-16.5 PASSED
++++ menuDraw-16.6 SKIPPED: win
---- menuDraw-17.1 start
++++ menuDraw-17.1 PASSED
++++ menuDraw-17.2 SKIPPED: win
menubut.test
---- menubutton-1.1 start
++++ menubutton-1.1 PASSED
---- menubutton-1.2 start
++++ menubutton-1.2 PASSED
---- menubutton-1.3 start
++++ menubutton-1.3 PASSED
---- menubutton-1.4 start
++++ menubutton-1.4 PASSED
---- menubutton-1.5 start
++++ menubutton-1.5 PASSED
---- menubutton-1.6 start
++++ menubutton-1.6 PASSED
---- menubutton-1.7 start
++++ menubutton-1.7 PASSED
---- menubutton-1.8 start
++++ menubutton-1.8 PASSED
---- menubutton-1.9 start
++++ menubutton-1.9 PASSED
---- menubutton-1.10 start
++++ menubutton-1.10 PASSED
---- menubutton-1.11 start
++++ menubutton-1.11 PASSED
---- menubutton-1.12 start
++++ menubutton-1.12 PASSED
---- menubutton-1.13 start
++++ menubutton-1.13 PASSED
---- menubutton-1.14 start
++++ menubutton-1.14 PASSED
---- menubutton-1.15 start
++++ menubutton-1.15 PASSED
---- menubutton-1.16 start
++++ menubutton-1.16 PASSED
---- menubutton-1.17 start
++++ menubutton-1.17 PASSED
---- menubutton-1.18 start
++++ menubutton-1.18 PASSED
---- menubutton-1.19 start
++++ menubutton-1.19 PASSED
---- menubutton-1.20 start
++++ menubutton-1.20 PASSED
---- menubutton-1.21 start
++++ menubutton-1.21 PASSED
---- menubutton-1.22 start
++++ menubutton-1.22 PASSED
---- menubutton-1.23 start
++++ menubutton-1.23 PASSED
---- menubutton-1.24 start
++++ menubutton-1.24 PASSED
---- menubutton-1.25 start
++++ menubutton-1.25 PASSED
---- menubutton-1.26 start
++++ menubutton-1.26 PASSED
---- menubutton-1.27 start
++++ menubutton-1.27 PASSED
---- menubutton-1.28 start
++++ menubutton-1.28 PASSED
---- menubutton-1.29 start
++++ menubutton-1.29 PASSED
---- menubutton-1.30 start
++++ menubutton-1.30 PASSED
---- menubutton-1.31 start
++++ menubutton-1.31 PASSED
---- menubutton-1.32 start
++++ menubutton-1.32 PASSED
---- menubutton-1.33 start
++++ menubutton-1.33 PASSED
---- menubutton-1.34 start
++++ menubutton-1.34 PASSED
---- menubutton-1.35 start
++++ menubutton-1.35 PASSED
---- menubutton-1.36 start
++++ menubutton-1.36 PASSED
---- menubutton-1.37 start
++++ menubutton-1.37 PASSED
---- menubutton-1.38 start
++++ menubutton-1.38 PASSED
---- menubutton-1.39 start
++++ menubutton-1.39 PASSED
---- menubutton-1.40 start
++++ menubutton-1.40 PASSED
---- menubutton-1.41 start
++++ menubutton-1.41 PASSED
---- menubutton-1.42 start
++++ menubutton-1.42 PASSED
---- menubutton-1.43 start
++++ menubutton-1.43 PASSED
---- menubutton-1.44 start
++++ menubutton-1.44 PASSED
---- menubutton-1.45 start
++++ menubutton-1.45 PASSED
---- menubutton-1.46 start
++++ menubutton-1.46 PASSED
---- menubutton-1.47 start
++++ menubutton-1.47 PASSED
---- menubutton-1.48 start
++++ menubutton-1.48 PASSED
---- menubutton-1.49 start
++++ menubutton-1.49 PASSED
---- menubutton-1.50 start
++++ menubutton-1.50 PASSED
---- menubutton-1.51 start
++++ menubutton-1.51 PASSED
---- menubutton-1.52 start
++++ menubutton-1.52 PASSED
---- menubutton-1.53 start
++++ menubutton-1.53 PASSED
---- menubutton-1.54 start
++++ menubutton-1.54 PASSED
---- menubutton-1.55 start
++++ menubutton-1.55 PASSED
---- menubutton-1.56 start
++++ menubutton-1.56 PASSED
---- menubutton-1.57 start
++++ menubutton-1.57 PASSED
---- menubutton-1.58 start
++++ menubutton-1.58 PASSED
---- menubutton-1.59 start
++++ menubutton-1.59 PASSED
---- menubutton-2.1 start
++++ menubutton-2.1 PASSED
---- menubutton-2.2 start
++++ menubutton-2.2 PASSED
---- menubutton-2.3 start
++++ menubutton-2.3 PASSED
---- menubutton-2.4 start
++++ menubutton-2.4 PASSED
---- menubutton-2.5 start
++++ menubutton-2.5 PASSED
---- menubutton-3.1 start
++++ menubutton-3.1 PASSED
---- menubutton-3.2 start
++++ menubutton-3.2 PASSED
---- menubutton-3.3 start
++++ menubutton-3.3 PASSED
---- menubutton-3.4 start
++++ menubutton-3.4 PASSED
---- menubutton-3.5 start
++++ menubutton-3.5 PASSED
---- menubutton-3.6 start
++++ menubutton-3.6 PASSED
---- menubutton-3.7 start
++++ menubutton-3.7 PASSED
---- menubutton-3.8 start
++++ menubutton-3.8 PASSED
---- menubutton-3.9 start
++++ menubutton-3.9 PASSED
---- menubutton-3.10 start
++++ menubutton-3.10 PASSED
---- menubutton-3.11 start
++++ menubutton-3.11 PASSED
---- menubutton-4.1 start
++++ menubutton-4.1 PASSED
---- menubutton-4.2 start
++++ menubutton-4.2 PASSED
---- menubutton-4.3 start
++++ menubutton-4.3 PASSED
---- menubutton-4.4 start
++++ menubutton-4.4 PASSED
---- menubutton-4.5 start
++++ menubutton-4.5 PASSED
---- menubutton-4.6 start
++++ menubutton-4.6 PASSED
---- menubutton-4.7 start
++++ menubutton-4.7 PASSED
---- menubutton-4.8 start
++++ menubutton-4.8 PASSED
++++ menubutton-4.9 SKIPPED: nonPortable
---- menubutton-4.10 start
++++ menubutton-4.10 PASSED
---- menubutton-4.11 start
++++ menubutton-4.11 PASSED
---- menubutton-5.1 start
++++ menubutton-5.1 PASSED
---- menubutton-6.1 start
++++ menubutton-6.1 PASSED
---- menubutton-7.1 start
++++ menubutton-7.1 PASSED
---- menubutton-7.2 start
++++ menubutton-7.2 PASSED
---- menubutton-7.3 start
++++ menubutton-7.3 PASSED
---- menubutton-7.4 start
++++ menubutton-7.4 PASSED
---- menubutton-7.5 start
++++ menubutton-7.5 PASSED
---- menubutton-7.6 start
++++ menubutton-7.6 PASSED
---- menubutton-7.7 start
++++ menubutton-7.7 PASSED
---- menubutton-7.8 start
++++ menubutton-7.8 PASSED
++++ menubutton-7.9 SKIPPED: fonts
++++ menubutton-7.10 SKIPPED: fonts
++++ menubutton-7.11 SKIPPED: fonts
++++ menubutton-7.12 SKIPPED: fonts
++++ menubutton-7.13 SKIPPED: nonPortable
++++ menubutton-7.14 SKIPPED: nonPortable
++++ menubutton-7.15 SKIPPED: win
---- menubutton-8.1 start
++++ menubutton-8.1 PASSED
---- menubutton-9.1 start
++++ menubutton-9.1 PASSED
---- menubutton-9.2 start
++++ menubutton-9.2 PASSED
message.test
---- message-1.1 start
++++ message-1.1 PASSED
---- message-1.2 start
++++ message-1.2 PASSED
---- message-1.3 start
++++ message-1.3 PASSED
---- message-1.4 start
++++ message-1.4 PASSED
---- message-1.5 start
++++ message-1.5 PASSED
---- message-1.6 start
++++ message-1.6 PASSED
---- message-1.7 start
++++ message-1.7 PASSED
---- message-1.8 start
++++ message-1.8 PASSED
---- message-1.9 start
++++ message-1.9 PASSED
---- message-1.10 start
++++ message-1.10 PASSED
---- message-1.11 start
++++ message-1.11 PASSED
---- message-1.12 start
++++ message-1.12 PASSED
---- message-1.13 start
++++ message-1.13 PASSED
---- message-1.14 start
++++ message-1.14 PASSED
---- message-1.15 start
++++ message-1.15 PASSED
---- message-1.16 start
++++ message-1.16 PASSED
---- message-1.17 start
++++ message-1.17 PASSED
---- message-1.18 start
++++ message-1.18 PASSED
---- message-1.19 start
++++ message-1.19 PASSED
---- message-1.20 start
++++ message-1.20 PASSED
---- message-1.21 start
++++ message-1.21 PASSED
---- message-1.22 start
++++ message-1.22 PASSED
---- message-1.23 start
++++ message-1.23 PASSED
---- message-1.24 start
++++ message-1.24 PASSED
---- message-1.25 start
++++ message-1.25 PASSED
---- message-1.26 start
++++ message-1.26 PASSED
---- message-1.27 start
++++ message-1.27 PASSED
---- message-1.28 start
++++ message-1.28 PASSED
---- message-1.29 start
++++ message-1.29 PASSED
---- message-1.30 start
++++ message-1.30 PASSED
---- message-1.31 start
++++ message-1.31 PASSED
---- message-1.32 start
++++ message-1.32 PASSED
---- message-1.33 start
++++ message-1.33 PASSED
---- message-1.34 start
++++ message-1.34 PASSED
---- message-1.35 start
++++ message-1.35 PASSED
---- message-1.36 start
++++ message-1.36 PASSED
---- message-1.37 start
++++ message-1.37 PASSED
---- message-1.38 start
++++ message-1.38 PASSED
---- message-1.39 start
++++ message-1.39 PASSED
---- message-2.1 start
++++ message-2.1 PASSED
---- message-2.2 start
++++ message-2.2 PASSED
---- message-2.3 start
++++ message-2.3 PASSED
---- message-2.4 start
++++ message-2.4 PASSED
---- message-2.5 start
++++ message-2.5 PASSED
---- message-3.1 start
++++ message-3.1 PASSED
---- message-3.2 start
++++ message-3.2 PASSED
---- message-3.3 start
++++ message-3.3 PASSED
---- message-3.4 start
++++ message-3.4 PASSED
---- message-3.5 start
++++ message-3.5 PASSED
---- message-3.6 start
++++ message-3.6 PASSED
---- message-3.7 start
++++ message-3.7 PASSED
---- message-4.1 start
++++ message-4.1 PASSED
---- message-4.2 start
++++ message-4.2 PASSED
msgbox.test
++++ msgbox-1.1.1 SKIPPED: notAqua
---- msgbox-1.1.2 start
++++ msgbox-1.1.2 PASSED
++++ msgbox-1.2.1 SKIPPED: notAqua
---- msgbox-1.2.2 start
++++ msgbox-1.2.2 PASSED
---- msgbox-1.3 start
++++ msgbox-1.3 PASSED
---- msgbox-1.4 start
++++ msgbox-1.4 PASSED
---- msgbox-1.5 start
++++ msgbox-1.5 PASSED
---- msgbox-1.6 start
++++ msgbox-1.6 PASSED
---- msgbox-1.7 start
++++ msgbox-1.7 PASSED
---- msgbox-1.8 start
++++ msgbox-1.8 PASSED
---- msgbox-1.9 start
++++ msgbox-1.9 PASSED
---- msgbox-1.10 start
++++ msgbox-1.10 PASSED
---- msgbox-1.11 start
++++ msgbox-1.11 PASSED
---- msgbox-1.13 start
++++ msgbox-1.13 PASSED
---- msgbox-1.14 start
++++ msgbox-1.14 PASSED
---- msgbox-1.16 start
++++ msgbox-1.16 PASSED
---- msgbox-1.18 start
++++ msgbox-1.18 PASSED
---- msgbox-1.19 start
++++ msgbox-1.19 PASSED
++++ msgbox-2.1 SKIPPED: nonUnixUserInteraction
++++ msgbox-2.2 SKIPPED: nonUnixUserInteraction
++++ msgbox-2.3 SKIPPED: nonUnixUserInteraction
++++ msgbox-2.4 SKIPPED: nonUnixUserInteraction
++++ msgbox-2.5 SKIPPED: nonUnixUserInteraction
++++ msgbox-2.6 SKIPPED: nonUnixUserInteraction
++++ msgbox-2.7 SKIPPED: nonUnixUserInteraction
++++ msgbox-2.8 SKIPPED: nonUnixUserInteraction
++++ msgbox-2.9 SKIPPED: nonUnixUserInteraction
++++ msgbox-2.10 SKIPPED: nonUnixUserInteraction
++++ msgbox-2.11 SKIPPED: nonUnixUserInteraction
++++ msgbox-2.12 SKIPPED: nonUnixUserInteraction
++++ msgbox-2.13 SKIPPED: nonUnixUserInteraction
++++ msgbox-2.14 SKIPPED: nonUnixUserInteraction
++++ msgbox-2.15 SKIPPED: nonUnixUserInteraction
++++ msgbox-2.16 SKIPPED: nonUnixUserInteraction
++++ msgbox-2.17 SKIPPED: nonUnixUserInteraction
++++ msgbox-2.18 SKIPPED: nonUnixUserInteraction
++++ msgbox-2.19 SKIPPED: nonUnixUserInteraction
++++ msgbox-2.20 SKIPPED: nonUnixUserInteraction
++++ msgbox-2.21 SKIPPED: nonUnixUserInteraction
++++ msgbox-2.22 SKIPPED: nonUnixUserInteraction
++++ msgbox-2.23 SKIPPED: nonUnixUserInteraction
++++ msgbox-2.24 SKIPPED: nonUnixUserInteraction
++++ msgbox-2.25 SKIPPED: nonUnixUserInteraction
++++ msgbox-2.26 SKIPPED: nonUnixUserInteraction
++++ msgbox-2.27 SKIPPED: nonUnixUserInteraction
++++ msgbox-2.28 SKIPPED: nonUnixUserInteraction
++++ msgbox-2.29 SKIPPED: nonUnixUserInteraction
++++ msgbox-2.30 SKIPPED: nonUnixUserInteraction
++++ msgbox-2.31 SKIPPED: nonUnixUserInteraction
++++ msgbox-2.32 SKIPPED: nonUnixUserInteraction
++++ msgbox-2.33 SKIPPED: nonUnixUserInteraction
++++ msgbox-2.34 SKIPPED: nonUnixUserInteraction
++++ msgbox-2.35 SKIPPED: nonUnixUserInteraction
++++ msgbox-2.36 SKIPPED: nonUnixUserInteraction
++++ msgbox-2.37 SKIPPED: nonUnixUserInteraction
++++ msgbox-2.38 SKIPPED: nonUnixUserInteraction
++++ msgbox-2.39 SKIPPED: nonUnixUserInteraction
++++ msgbox-2.40 SKIPPED: nonUnixUserInteraction
++++ msgbox-2.41 SKIPPED: nonUnixUserInteraction
++++ msgbox-2.42 SKIPPED: nonUnixUserInteraction
++++ msgbox-2.43 SKIPPED: nonUnixUserInteraction
++++ msgbox-3.1 SKIPPED: nonUnixUserInteraction
++++ msgbox-3.2 SKIPPED: nonUnixUserInteraction
obj.test
---- obj-1.1 start
++++ obj-1.1 PASSED
---- obj-2.1 start
++++ obj-2.1 PASSED
---- obj-3.1 start
++++ obj-3.1 PASSED
---- obj-4.1 start
++++ obj-4.1 PASSED
option.test
---- option-1.1 start
++++ option-1.1 PASSED
---- option-1.2 start
++++ option-1.2 PASSED
---- option-1.3 start
++++ option-1.3 PASSED
---- option-1.4 start
++++ option-1.4 PASSED
---- option-1.5 start
++++ option-1.5 PASSED
---- option-1.6 start
++++ option-1.6 PASSED
---- option-2.1 start
++++ option-2.1 PASSED
---- option-2.2 start
++++ option-2.2 PASSED
---- option-2.3 start
++++ option-2.3 PASSED
---- option-2.4 start
++++ option-2.4 PASSED
---- option-2.5 start
++++ option-2.5 PASSED
---- option-2.6 start
++++ option-2.6 PASSED
---- option-3.1 start
++++ option-3.1 PASSED
---- option-3.2 start
++++ option-3.2 PASSED
---- option-3.3 start
++++ option-3.3 PASSED
---- option-3.4 start
++++ option-3.4 PASSED
---- option-3.5 start
++++ option-3.5 PASSED
---- option-3.6 start
++++ option-3.6 PASSED
---- option-4.1 start
++++ option-4.1 PASSED
---- option-4.2 start
++++ option-4.2 PASSED
---- option-4.3 start
++++ option-4.3 PASSED
---- option-4.4 start
++++ option-4.4 PASSED
---- option-4.5 start
++++ option-4.5 PASSED
---- option-4.6 start
++++ option-4.6 PASSED
---- option-5.1 start
++++ option-5.1 PASSED
---- option-5.2 start
++++ option-5.2 PASSED
---- option-5.3 start
++++ option-5.3 PASSED
---- option-5.4 start
++++ option-5.4 PASSED
---- option-5.5 start
++++ option-5.5 PASSED
---- option-5.6 start
++++ option-5.6 PASSED
---- option-6.1 start
++++ option-6.1 PASSED
---- option-6.2 start
++++ option-6.2 PASSED
---- option-6.3 start
++++ option-6.3 PASSED
---- option-6.4 start
++++ option-6.4 PASSED
---- option-6.5 start
++++ option-6.5 PASSED
---- option-6.6 start
++++ option-6.6 PASSED
---- option-7.1 start
++++ option-7.1 PASSED
---- option-7.2 start
++++ option-7.2 PASSED
---- option-7.3 start
++++ option-7.3 PASSED
---- option-7.4 start
++++ option-7.4 PASSED
---- option-7.5 start
++++ option-7.5 PASSED
---- option-7.6 start
++++ option-7.6 PASSED
---- option-8.1 start
++++ option-8.1 PASSED
---- option-8.2 start
++++ option-8.2 PASSED
---- option-8.3 start
++++ option-8.3 PASSED
---- option-8.4 start
++++ option-8.4 PASSED
---- option-8.5 start
++++ option-8.5 PASSED
---- option-8.6 start
++++ option-8.6 PASSED
---- option-9.1 start
++++ option-9.1 PASSED
---- option-9.2 start
++++ option-9.2 PASSED
---- option-9.3 start
++++ option-9.3 PASSED
---- option-9.4 start
++++ option-9.4 PASSED
---- option-9.5 start
++++ option-9.5 PASSED
---- option-9.6 start
++++ option-9.6 PASSED
---- option-10.1 start
++++ option-10.1 PASSED
---- option-10.2 start
++++ option-10.2 PASSED
---- option-10.3 start
++++ option-10.3 PASSED
---- option-10.4 start
++++ option-10.4 PASSED
---- option-10.5 start
++++ option-10.5 PASSED
---- option-10.6 start
++++ option-10.6 PASSED
---- option-11.1 start
++++ option-11.1 PASSED
---- option-11.2 start
++++ option-11.2 PASSED
---- option-11.3 start
++++ option-11.3 PASSED
---- option-11.4 start
++++ option-11.4 PASSED
---- option-11.5 start
++++ option-11.5 PASSED
---- option-11.6 start
++++ option-11.6 PASSED
---- option-12.1 start
++++ option-12.1 PASSED
---- option-12.2 start
++++ option-12.2 PASSED
---- option-12.3 start
++++ option-12.3 PASSED
---- option-12.4 start
++++ option-12.4 PASSED
---- option-12.5 start
++++ option-12.5 PASSED
---- option-12.6 start
++++ option-12.6 PASSED
---- option-13.1 start
++++ option-13.1 PASSED
---- option-13.2 start
++++ option-13.2 PASSED
---- option-13.3 start
++++ option-13.3 PASSED
---- option-13.4 start
++++ option-13.4 PASSED
---- option-13.5 start
++++ option-13.5 PASSED
---- option-13.6 start
++++ option-13.6 PASSED
---- option-13.7 start
++++ option-13.7 PASSED
---- option-14.1 start
++++ option-14.1 PASSED
---- option-14.2 start
++++ option-14.2 PASSED
---- option-14.3 start
++++ option-14.3 PASSED
---- option-14.4 start
++++ option-14.4 PASSED
---- option-14.5 start
++++ option-14.5 PASSED
---- option-14.6 start
++++ option-14.6 PASSED
---- option-14.7 start
++++ option-14.7 PASSED
---- option-14.8 start
++++ option-14.8 PASSED
---- option-14.9 start
++++ option-14.9 PASSED
---- option-14.10 start
++++ option-14.10 PASSED
---- option-14.11 start
++++ option-14.11 PASSED
---- option-14.12 start
++++ option-14.12 PASSED
---- option-15.1 start
++++ option-15.1 PASSED
---- option-15.2 start
++++ option-15.2 PASSED
---- option-15.3 start
++++ option-15.3 PASSED
---- option-15.4 start
++++ option-15.4 PASSED
---- option-15.5 start
++++ option-15.5 PASSED
---- option-15.6 start
++++ option-15.6 PASSED
---- option-15.7 start
++++ option-15.7 PASSED
---- option-15.8 start
++++ option-15.8 PASSED
---- option-15.9 start
++++ option-15.9 PASSED
---- option-15.10 start
++++ option-15.10 PASSED
---- option-15.11 start
++++ option-15.11 PASSED
---- option-16.1 start
++++ option-16.1 PASSED
---- option-16.2 start
++++ option-16.2 PASSED
pack.test
---- pack-1.1 start
++++ pack-1.1 PASSED
---- pack-1.2 start
++++ pack-1.2 PASSED
---- pack-1.3 start
++++ pack-1.3 PASSED
---- pack-1.4 start
++++ pack-1.4 PASSED
---- pack-2.1 start
++++ pack-2.1 PASSED
---- pack-2.2 start
++++ pack-2.2 PASSED
---- pack-2.3 start
++++ pack-2.3 PASSED
---- pack-2.4 start
++++ pack-2.4 PASSED
---- pack-2.5 start
++++ pack-2.5 PASSED
---- pack-2.6 start
++++ pack-2.6 PASSED
---- pack-2.7 start
++++ pack-2.7 PASSED
---- pack-2.8 start
++++ pack-2.8 PASSED
---- pack-2.9 start
++++ pack-2.9 PASSED
---- pack-2.10 start
++++ pack-2.10 PASSED
---- pack-2.11 start
++++ pack-2.11 PASSED
---- pack-2.12 start
++++ pack-2.12 PASSED
---- pack-2.13 start
++++ pack-2.13 PASSED
---- pack-2.14 start
++++ pack-2.14 PASSED
---- pack-2.15 start
++++ pack-2.15 PASSED
---- pack-2.16 start
++++ pack-2.16 PASSED
---- pack-2.17 start
++++ pack-2.17 PASSED
---- pack-2.18 start
++++ pack-2.18 PASSED
---- pack-2.19 start
++++ pack-2.19 PASSED
---- pack-2.20 start
++++ pack-2.20 PASSED
---- pack-2.21 start
++++ pack-2.21 PASSED
---- pack-2.22 start
++++ pack-2.22 PASSED
---- pack-2.23 start
++++ pack-2.23 PASSED
---- pack-3.1 start
++++ pack-3.1 PASSED
---- pack-3.2 start
++++ pack-3.2 PASSED
---- pack-3.3 start
++++ pack-3.3 PASSED
---- pack-3.4 start
++++ pack-3.4 PASSED
---- pack-3.5 start
++++ pack-3.5 PASSED
---- pack-3.6 start
++++ pack-3.6 PASSED
---- pack-3.7 start
++++ pack-3.7 PASSED
---- pack-3.8 start
++++ pack-3.8 PASSED
---- pack-3.9 start
++++ pack-3.9 PASSED
---- pack-3.10 start
++++ pack-3.10 PASSED
---- pack-3.11 start
++++ pack-3.11 PASSED
---- pack-3.12 start
++++ pack-3.12 PASSED
---- pack-3.13 start
++++ pack-3.13 PASSED
---- pack-3.14 start
++++ pack-3.14 PASSED
---- pack-3.15 start
++++ pack-3.15 PASSED
---- pack-3.16 start
++++ pack-3.16 PASSED
---- pack-3.17 start
++++ pack-3.17 PASSED
---- pack-3.18 start
++++ pack-3.18 PASSED
---- pack-3.19 start
++++ pack-3.19 PASSED
---- pack-3.20 start
++++ pack-3.20 PASSED
---- pack-3.21 start
++++ pack-3.21 PASSED
---- pack-3.22 start
++++ pack-3.22 PASSED
---- pack-3.23 start
++++ pack-3.23 PASSED
---- pack-4.1 start
++++ pack-4.1 PASSED
---- pack-4.2 start
++++ pack-4.2 PASSED
---- pack-4.3 start
++++ pack-4.3 PASSED
---- pack-4.4 start
++++ pack-4.4 PASSED
---- pack-4.5 start
++++ pack-4.5 PASSED
---- pack-4.6 start
++++ pack-4.6 PASSED
---- pack-4.7 start
++++ pack-4.7 PASSED
---- pack-4.8 start
++++ pack-4.8 PASSED
---- pack-4.9 start
++++ pack-4.9 PASSED
---- pack-5.1 start
++++ pack-5.1 PASSED
---- pack-5.2 start
++++ pack-5.2 PASSED
---- pack-5.3 start
++++ pack-5.3 PASSED
---- pack-5.4 start
++++ pack-5.4 PASSED
---- pack-5.5 start
++++ pack-5.5 PASSED
---- pack-5.6 start
++++ pack-5.6 PASSED
---- pack-5.7 start
++++ pack-5.7 PASSED
---- pack-5.8 start
++++ pack-5.8 PASSED
---- pack-5.9 start
++++ pack-5.9 PASSED
---- pack-6.1 start
++++ pack-6.1 PASSED
---- pack-6.2 start
++++ pack-6.2 PASSED
---- pack-6.3 start
++++ pack-6.3 PASSED
---- pack-6.4 start
++++ pack-6.4 PASSED
---- pack-6.5 start
++++ pack-6.5 PASSED
---- pack-6.6 start
++++ pack-6.6 PASSED
---- pack-6.7 start
++++ pack-6.7 PASSED
---- pack-6.8 start
++++ pack-6.8 PASSED
---- pack-6.9 start
++++ pack-6.9 PASSED
---- pack-6.10 start
++++ pack-6.10 PASSED
---- pack-6.11 start
++++ pack-6.11 PASSED
---- pack-6.12 start
++++ pack-6.12 PASSED
---- pack-6.13 start
++++ pack-6.13 PASSED
---- pack-7.1 start
++++ pack-7.1 PASSED
---- pack-7.2 start
++++ pack-7.2 PASSED
---- pack-7.3 start
++++ pack-7.3 PASSED
---- pack-7.4 start
++++ pack-7.4 PASSED
---- pack-7.5 start
++++ pack-7.5 PASSED
---- pack-7.6 start
++++ pack-7.6 PASSED
---- pack-7.7 start
++++ pack-7.7 PASSED
---- pack-8.1 start
++++ pack-8.1 PASSED
---- pack-8.2 start
++++ pack-8.2 PASSED
---- pack-8.3 start
++++ pack-8.3 PASSED
---- pack-8.4 start
++++ pack-8.4 PASSED
---- pack-8.5 start
++++ pack-8.5 PASSED
---- pack-8.6 start
++++ pack-8.6 PASSED
---- pack-8.7 start
++++ pack-8.7 PASSED
---- pack-8.8 start
++++ pack-8.8 PASSED
---- pack-8.9 start
++++ pack-8.9 PASSED
---- pack-9.1 start
++++ pack-9.1 PASSED
---- pack-9.2 start
++++ pack-9.2 PASSED
---- pack-9.3 start
++++ pack-9.3 PASSED
---- pack-9.4 start
++++ pack-9.4 PASSED
---- pack-9.5 start
++++ pack-9.5 PASSED
---- pack-9.6 start
++++ pack-9.6 PASSED
---- pack-9.7 start
++++ pack-9.7 PASSED
---- pack-9.8 start
++++ pack-9.8 PASSED
---- pack-9.9 start
++++ pack-9.9 PASSED
---- pack-9.10 start
++++ pack-9.10 PASSED
---- pack-10.1 start
++++ pack-10.1 PASSED
---- pack-10.2 start
++++ pack-10.2 PASSED
---- pack-10.3 start
++++ pack-10.3 PASSED
---- pack-10.4 start
++++ pack-10.4 PASSED
---- pack-10.5 start
++++ pack-10.5 PASSED
---- pack-10.6 start
++++ pack-10.6 PASSED
---- pack-11.1 start
++++ pack-11.1 PASSED
---- pack-11.2 start
++++ pack-11.2 PASSED
---- pack-11.3 start
++++ pack-11.3 PASSED
---- pack-11.4 start
++++ pack-11.4 PASSED
---- pack-11.5 start
++++ pack-11.5 PASSED
---- pack-11.6 start
++++ pack-11.6 PASSED
---- pack-11.7 start
++++ pack-11.7 PASSED
---- pack-11.8 start
++++ pack-11.8 PASSED
---- pack-11.9 start
++++ pack-11.9 PASSED
---- pack-11.10 start
++++ pack-11.10 PASSED
---- pack-11.11 start
++++ pack-11.11 PASSED
---- pack-11.12 start
++++ pack-11.12 PASSED
---- pack-11.13 start
++++ pack-11.13 PASSED
---- pack-11.14 start
++++ pack-11.14 PASSED
---- pack-11.15 start
++++ pack-11.15 PASSED
---- pack-11.16 start
++++ pack-11.16 PASSED
---- pack-11.17 start
++++ pack-11.17 PASSED
---- pack-11.18 start
++++ pack-11.18 PASSED
---- pack-11.19 start
++++ pack-11.19 PASSED
---- pack-12.1 start
++++ pack-12.1 PASSED
---- pack-12.2 start
++++ pack-12.2 PASSED
---- pack-12.3 start
++++ pack-12.3 PASSED
---- pack-12.4 start
++++ pack-12.4 PASSED
---- pack-12.5 start
++++ pack-12.5 PASSED
---- pack-12.6 start
++++ pack-12.6 PASSED
---- pack-12.7 start
++++ pack-12.7 PASSED
---- pack-12.8 start
++++ pack-12.8 PASSED
---- pack-12.9 start
++++ pack-12.9 PASSED
---- pack-12.10 start
++++ pack-12.10 PASSED
---- pack-12.11 start
++++ pack-12.11 PASSED
---- pack-12.12 start
++++ pack-12.12 PASSED
---- pack-12.13 start
++++ pack-12.13 PASSED
---- pack-12.14 start
++++ pack-12.14 PASSED
---- pack-12.15 start
++++ pack-12.15 PASSED
---- pack-12.16 start
++++ pack-12.16 PASSED
---- pack-12.17 start
++++ pack-12.17 PASSED
---- pack-12.18 start
++++ pack-12.18 PASSED
---- pack-12.19 start
++++ pack-12.19 PASSED
---- pack-12.20 start
++++ pack-12.20 PASSED
---- pack-12.21 start
++++ pack-12.21 PASSED
---- pack-12.22 start
++++ pack-12.22 PASSED
---- pack-12.23 start
++++ pack-12.23 PASSED
---- pack-12.24 start
++++ pack-12.24 PASSED
---- pack-12.25 start
++++ pack-12.25 PASSED
---- pack-12.26 start
++++ pack-12.26 PASSED
---- pack-12.27 start
++++ pack-12.27 PASSED
---- pack-12.28 start
++++ pack-12.28 PASSED
---- pack-12.29 start
++++ pack-12.29 PASSED
---- pack-12.30 start
++++ pack-12.30 PASSED
---- pack-12.31 start
++++ pack-12.31 PASSED
---- pack-12.32 start
++++ pack-12.32 PASSED
---- pack-12.33 start
++++ pack-12.33 PASSED
---- pack-12.34 start
++++ pack-12.34 PASSED
---- pack-12.35 start
++++ pack-12.35 PASSED
---- pack-12.36 start
++++ pack-12.36 PASSED
---- pack-12.37 start
++++ pack-12.37 PASSED
---- pack-12.38 start
++++ pack-12.38 PASSED
---- pack-12.39 start
++++ pack-12.39 PASSED
---- pack-12.40 start
++++ pack-12.40 PASSED
---- pack-12.41 start
++++ pack-12.41 PASSED
---- pack-12.42 start
++++ pack-12.42 PASSED
---- pack-12.43 start
++++ pack-12.43 PASSED
---- pack-12.44 start
++++ pack-12.44 PASSED
---- pack-12.45 start
++++ pack-12.45 PASSED
---- pack-12.46 start
++++ pack-12.46 PASSED
---- pack-13.1 start
++++ pack-13.1 PASSED
---- pack-14.1 start
++++ pack-14.1 PASSED
---- pack-15.1 start
++++ pack-15.1 PASSED
---- pack-15.2 start
++++ pack-15.2 PASSED
---- pack-15.3 start
++++ pack-15.3 PASSED
---- pack-15.4 start
++++ pack-15.4 PASSED
---- pack-15.5 start
++++ pack-15.5 PASSED
---- pack-16.1 start
++++ pack-16.1 PASSED
---- pack-17.1 start
++++ pack-17.1 PASSED
---- pack-17.2 start
++++ pack-17.2 PASSED
---- pack-18.1.1 start
++++ pack-18.1.1 PASSED
++++ pack-18.1.2 SKIPPED: win
---- pack-18.2 start
++++ pack-18.2 PASSED
---- pack-19.1 start
++++ pack-19.1 PASSED
---- pack-19.2 start
++++ pack-19.2 PASSED
---- pack-20.1 start
++++ pack-20.1 PASSED
---- pack-20.2 start
++++ pack-20.2 PASSED
---- pack-20.3 start
++++ pack-20.3 PASSED
---- pack-20.4 start
++++ pack-20.4 PASSED
---- pack-20.5 start
++++ pack-20.5 PASSED
---- pack-20.6 start
++++ pack-20.6 PASSED
packgrid.test
---- packgrid-1.1 start
++++ packgrid-1.1 PASSED
---- packgrid-1.2 start
++++ packgrid-1.2 PASSED
---- packgrid-1.3 start
++++ packgrid-1.3 PASSED
---- packgrid-1.4 start
++++ packgrid-1.4 PASSED
---- packgrid-1.5 start
++++ packgrid-1.5 PASSED
---- packgrid-1.6 start
++++ packgrid-1.6 PASSED
---- packgrid-1.7 start
++++ packgrid-1.7 PASSED
---- packgrid-1.8 start
++++ packgrid-1.8 PASSED
---- packgrid-2.1 start
++++ packgrid-2.1 PASSED
---- packgrid-2.2 start
++++ packgrid-2.2 PASSED
---- packgrid-2.3 start
++++ packgrid-2.3 PASSED
---- packgrid-2.4 start
++++ packgrid-2.4 PASSED
---- packgrid-3.1 start
++++ packgrid-3.1 PASSED
---- packgrid-3.2 start
++++ packgrid-3.2 PASSED
---- packgrid-3.3 start
++++ packgrid-3.3 PASSED
---- packgrid-3.4 start
++++ packgrid-3.4 PASSED
---- packgrid-4.1 start
++++ packgrid-4.1 PASSED
---- packgrid-4.2 start
++++ packgrid-4.2 PASSED
panedwindow.test
---- panedwindow-1.1 start
++++ panedwindow-1.1 PASSED
---- panedwindow-1.2 start
++++ panedwindow-1.2 PASSED
---- panedwindow-1.3 start
++++ panedwindow-1.3 PASSED
---- panedwindow-1.4 start
++++ panedwindow-1.4 PASSED
---- panedwindow-1.5 start
++++ panedwindow-1.5 PASSED
---- panedwindow-1.6 start
++++ panedwindow-1.6 PASSED
---- panedwindow-1.7 start
++++ panedwindow-1.7 PASSED
---- panedwindow-1.8 start
++++ panedwindow-1.8 PASSED
---- panedwindow-1.9 start
++++ panedwindow-1.9 PASSED
---- panedwindow-1.10 start
++++ panedwindow-1.10 PASSED
---- panedwindow-1.11 start
++++ panedwindow-1.11 PASSED
---- panedwindow-1.12 start
++++ panedwindow-1.12 PASSED
---- panedwindow-1.13 start
++++ panedwindow-1.13 PASSED
---- panedwindow-1.14 start
++++ panedwindow-1.14 PASSED
---- panedwindow-1.15 start
++++ panedwindow-1.15 PASSED
---- panedwindow-1.16 start
++++ panedwindow-1.16 PASSED
---- panedwindow-1.17 start
++++ panedwindow-1.17 PASSED
---- panedwindow-1.18 start
++++ panedwindow-1.18 PASSED
---- panedwindow-1.19 start
++++ panedwindow-1.19 PASSED
---- panedwindow-1.20 start
++++ panedwindow-1.20 PASSED
---- panedwindow-1.21 start
++++ panedwindow-1.21 PASSED
---- panedwindow-1.22 start
++++ panedwindow-1.22 PASSED
---- panedwindow-1.23 start
++++ panedwindow-1.23 PASSED
---- panedwindow-1.24 start
++++ panedwindow-1.24 PASSED
---- panedwindow-1.25 start
++++ panedwindow-1.25 PASSED
---- panedwindow-1.26 start
++++ panedwindow-1.26 PASSED
---- panedwindow-1.27 start
++++ panedwindow-1.27 PASSED
---- panedwindow-1.28 start
++++ panedwindow-1.28 PASSED
---- panedwindow-1.29 start
++++ panedwindow-1.29 PASSED
---- panedwindow-1.30 start
++++ panedwindow-1.30 PASSED
---- panedwindow-1.31 start
++++ panedwindow-1.31 PASSED
---- panedwindow-1.32 start
++++ panedwindow-1.32 PASSED
---- panedwindow-1.33 start
++++ panedwindow-1.33 PASSED
---- panedwindow-1.34 start
++++ panedwindow-1.34 PASSED
---- panedwindow-1.35 start
++++ panedwindow-1.35 PASSED
---- panedwindow-1.36 start
++++ panedwindow-1.36 PASSED
---- panedwindow-1.37 start
++++ panedwindow-1.37 PASSED
---- panedwindow-1.38 start
++++ panedwindow-1.38 PASSED
---- panedwindow-1.39 start
++++ panedwindow-1.39 PASSED
---- panedwindow-1.40 start
++++ panedwindow-1.40 PASSED
---- panedwindow-1.41 start
++++ panedwindow-1.41 PASSED
---- panedwindow-1.42 start
++++ panedwindow-1.42 PASSED
---- panedwindow-1.43 start
++++ panedwindow-1.43 PASSED
---- panedwindow-1.44 start
++++ panedwindow-1.44 PASSED
---- panedwindow-1.45 start
++++ panedwindow-1.45 PASSED
---- panedwindow-1.46 start
++++ panedwindow-1.46 PASSED
---- panedwindow-1.47 start
++++ panedwindow-1.47 PASSED
---- panedwindow-1.48 start
++++ panedwindow-1.48 PASSED
---- panedwindow-1.49 start
++++ panedwindow-1.49 PASSED
---- panedwindow-1.50 start
++++ panedwindow-1.50 PASSED
---- panedwindow-1.51 start
++++ panedwindow-1.51 PASSED
---- panedwindow-1.52 start
++++ panedwindow-1.52 PASSED
---- panedwindow-1.53 start
++++ panedwindow-1.53 PASSED
---- panedwindow-1.54 start
++++ panedwindow-1.54 PASSED
---- panedwindow-1.55 start
++++ panedwindow-1.55 PASSED
---- panedwindow-1.56 start
++++ panedwindow-1.56 PASSED
---- panedwindow-1.57 start
++++ panedwindow-1.57 PASSED
---- panedwindow-1.58 start
++++ panedwindow-1.58 PASSED
---- panedwindow-2.1 start
++++ panedwindow-2.1 PASSED
---- panedwindow-3.1 start
++++ panedwindow-3.1 PASSED
---- panedwindow-4.1 start
++++ panedwindow-4.1 PASSED
---- panedwindow-4.2 start
++++ panedwindow-4.2 PASSED
---- panedwindow-4.3 start
++++ panedwindow-4.3 PASSED
---- panedwindow-4.4 start
++++ panedwindow-4.4 PASSED
---- panedwindow-4.5 start
++++ panedwindow-4.5 PASSED
---- panedwindow-4.6 start
++++ panedwindow-4.6 PASSED
---- panedwindow-5.1 start
++++ panedwindow-5.1 PASSED
---- panedwindow-5.2 start
++++ panedwindow-5.2 PASSED
---- panedwindow-6.1 start
++++ panedwindow-6.1 PASSED
---- panedwindow-6.2 start
++++ panedwindow-6.2 PASSED
---- panedwindow-6.3 start
++++ panedwindow-6.3 PASSED
---- panedwindow-6.4 start
++++ panedwindow-6.4 PASSED
---- panedwindow-6.5 start
++++ panedwindow-6.5 PASSED
---- panedwindow-6.6 start
++++ panedwindow-6.6 PASSED
---- panedwindow-6.7 start
++++ panedwindow-6.7 PASSED
---- panedwindow-6.8 start
++++ panedwindow-6.8 PASSED
---- panedwindow-6.9 start
++++ panedwindow-6.9 PASSED
---- panedwindow-6.10 start
++++ panedwindow-6.10 PASSED
---- panedwindow-7.1 start
++++ panedwindow-7.1 PASSED
---- panedwindow-7.2 start
++++ panedwindow-7.2 PASSED
---- panedwindow-7.3 start
++++ panedwindow-7.3 PASSED
---- panedwindow-7.4 start
++++ panedwindow-7.4 PASSED
---- panedwindow-7.5 start
++++ panedwindow-7.5 PASSED
---- panedwindow-7.6 start
++++ panedwindow-7.6 PASSED
---- panedwindow-7.7 start
++++ panedwindow-7.7 PASSED
---- panedwindow-8.1 start
++++ panedwindow-8.1 PASSED
---- panedwindow-8.2 start
++++ panedwindow-8.2 PASSED
---- panedwindow-8.3 start
++++ panedwindow-8.3 PASSED
---- panedwindow-8.4 start
++++ panedwindow-8.4 PASSED
---- panedwindow-8.5 start
++++ panedwindow-8.5 PASSED
---- panedwindow-9.1 start
++++ panedwindow-9.1 PASSED
---- panedwindow-9.2 start
++++ panedwindow-9.2 PASSED
---- panedwindow-9.3 start
++++ panedwindow-9.3 PASSED
---- panedwindow-10.1 start
++++ panedwindow-10.1 PASSED
---- panedwindow-10.2 start
++++ panedwindow-10.2 PASSED
---- panedwindow-10.3 start
++++ panedwindow-10.3 PASSED
---- panedwindow-10.4 start
++++ panedwindow-10.4 PASSED
---- panedwindow-10.5 start
++++ panedwindow-10.5 PASSED
---- panedwindow-10.6 start
++++ panedwindow-10.6 PASSED
---- panedwindow-10.7 start
++++ panedwindow-10.7 PASSED
---- panedwindow-10.8 start
++++ panedwindow-10.8 PASSED
---- panedwindow-10.9 start
++++ panedwindow-10.9 PASSED
---- panedwindow-11.1 start
++++ panedwindow-11.1 PASSED
---- panedwindow-11.2 start
++++ panedwindow-11.2 PASSED
---- panedwindow-11.3 start
++++ panedwindow-11.3 PASSED
---- panedwindow-11.4 start
++++ panedwindow-11.4 PASSED
---- panedwindow-11.5 start
++++ panedwindow-11.5 PASSED
---- panedwindow-11.6 start
++++ panedwindow-11.6 PASSED
---- panedwindow-11.7 start
++++ panedwindow-11.7 PASSED
---- panedwindow-11.8 start
++++ panedwindow-11.8 PASSED
---- panedwindow-11.9 start
++++ panedwindow-11.9 PASSED
---- panedwindow-11.10 start
++++ panedwindow-11.10 PASSED
---- panedwindow-11.11 start
++++ panedwindow-11.11 PASSED
---- panedwindow-11.12 start
++++ panedwindow-11.12 PASSED
---- panedwindow-11.13 start
++++ panedwindow-11.13 PASSED
---- panedwindow-11.14 start
++++ panedwindow-11.14 PASSED
---- panedwindow-11.15 start
++++ panedwindow-11.15 PASSED
---- panedwindow-12.1 start
++++ panedwindow-12.1 PASSED
---- panedwindow-12.2 start
++++ panedwindow-12.2 PASSED
---- panedwindow-12.3 start
++++ panedwindow-12.3 PASSED
---- panedwindow-12.4 start
++++ panedwindow-12.4 PASSED
---- panedwindow-12.5 start
++++ panedwindow-12.5 PASSED
---- panedwindow-12.6 start
++++ panedwindow-12.6 PASSED
---- panedwindow-12.7 start
++++ panedwindow-12.7 PASSED
---- panedwindow-12.8 start
++++ panedwindow-12.8 PASSED
---- panedwindow-12.9 start
++++ panedwindow-12.9 PASSED
---- panedwindow-12.10 start
++++ panedwindow-12.10 PASSED
---- panedwindow-12.11 start
++++ panedwindow-12.11 PASSED
---- panedwindow-12.12 start
++++ panedwindow-12.12 PASSED
---- panedwindow-12.13 start
++++ panedwindow-12.13 PASSED
---- panedwindow-12.14 start
++++ panedwindow-12.14 PASSED
---- panedwindow-13.1 start
++++ panedwindow-13.1 PASSED
---- panedwindow-13.2 start
++++ panedwindow-13.2 PASSED
---- panedwindow-14.1 start
++++ panedwindow-14.1 PASSED
---- panedwindow-14.2 start
++++ panedwindow-14.2 PASSED
---- panedwindow-14.3 start
++++ panedwindow-14.3 PASSED
---- panedwindow-14.4 start
++++ panedwindow-14.4 PASSED
---- panedwindow-14.5 start
++++ panedwindow-14.5 PASSED
---- panedwindow-14.6 start
++++ panedwindow-14.6 PASSED
---- panedwindow-14.7 start
++++ panedwindow-14.7 PASSED
---- panedwindow-14.8 start
++++ panedwindow-14.8 PASSED
---- panedwindow-14.9 start
++++ panedwindow-14.9 PASSED
---- panedwindow-14.10 start
++++ panedwindow-14.10 PASSED
---- panedwindow-14.11 start
++++ panedwindow-14.11 PASSED
---- panedwindow-14.12 start
++++ panedwindow-14.12 PASSED
---- panedwindow-14.13 start
++++ panedwindow-14.13 PASSED
---- panedwindow-14.14 start
++++ panedwindow-14.14 PASSED
---- panedwindow-14.15 start
++++ panedwindow-14.15 PASSED
---- panedwindow-15.1 start
++++ panedwindow-15.1 PASSED
---- panedwindow-15.2 start
++++ panedwindow-15.2 PASSED
---- panedwindow-15.3 start
++++ panedwindow-15.3 PASSED
---- panedwindow-15.4 start
++++ panedwindow-15.4 PASSED
---- panedwindow-15.5 start
++++ panedwindow-15.5 PASSED
---- panedwindow-15.6 start
++++ panedwindow-15.6 PASSED
---- panedwindow-15.7 start
++++ panedwindow-15.7 PASSED
---- panedwindow-15.8 start
++++ panedwindow-15.8 PASSED
---- panedwindow-15.9 start
++++ panedwindow-15.9 PASSED
---- panedwindow-15.10 start
++++ panedwindow-15.10 PASSED
---- panedwindow-15.11 start
++++ panedwindow-15.11 PASSED
---- panedwindow-15.12 start
++++ panedwindow-15.12 PASSED
---- panedwindow-15.13 start
++++ panedwindow-15.13 PASSED
---- panedwindow-15.14 start
++++ panedwindow-15.14 PASSED
---- panedwindow-15.15 start
++++ panedwindow-15.15 PASSED
---- panedwindow-15.16 start
++++ panedwindow-15.16 PASSED
---- panedwindow-16.1 start
++++ panedwindow-16.1 PASSED
---- panedwindow-17.1 start
++++ panedwindow-17.1 PASSED
---- panedwindow-17.2 start
++++ panedwindow-17.2 PASSED
---- panedwindow-17.3 start
++++ panedwindow-17.3 PASSED
---- panedwindow-17.4 start
++++ panedwindow-17.4 PASSED
---- panedwindow-17.5 start
++++ panedwindow-17.5 PASSED
---- panedwindow-17.6 start
++++ panedwindow-17.6 PASSED
---- panedwindow-17.7 start
++++ panedwindow-17.7 PASSED
---- panedwindow-17.8 start
++++ panedwindow-17.8 PASSED
---- panedwindow-17.9 start
++++ panedwindow-17.9 PASSED
---- panedwindow-17.10 start
++++ panedwindow-17.10 PASSED
---- panedwindow-17.11 start
++++ panedwindow-17.11 PASSED
---- panedwindow-17.12 start
++++ panedwindow-17.12 PASSED
---- panedwindow-17.13 start
++++ panedwindow-17.13 PASSED
---- panedwindow-17.14 start
++++ panedwindow-17.14 PASSED
---- panedwindow-17.15 start
++++ panedwindow-17.15 PASSED
---- panedwindow-17.16 start
++++ panedwindow-17.16 PASSED
---- panedwindow-17.17 start
++++ panedwindow-17.17 PASSED
---- panedwindow-17.18 start
++++ panedwindow-17.18 PASSED
---- panedwindow-18.1 start
++++ panedwindow-18.1 PASSED
---- panedwindow-18.2 start
++++ panedwindow-18.2 PASSED
---- panedwindow-18.3 start
++++ panedwindow-18.3 PASSED
---- panedwindow-18.4 start
++++ panedwindow-18.4 PASSED
---- panedwindow-18.5 start
++++ panedwindow-18.5 PASSED
---- panedwindow-18.6 start
++++ panedwindow-18.6 PASSED
---- panedwindow-18.7 start
++++ panedwindow-18.7 PASSED
---- panedwindow-18.8 start
++++ panedwindow-18.8 PASSED
---- panedwindow-18.9 start
++++ panedwindow-18.9 PASSED
---- panedwindow-18.10 start
++++ panedwindow-18.10 PASSED
---- panedwindow-18.11 start
++++ panedwindow-18.11 PASSED
---- panedwindow-18.12 start
++++ panedwindow-18.12 PASSED
---- panedwindow-18.13 start
++++ panedwindow-18.13 PASSED
---- panedwindow-18.14 start
++++ panedwindow-18.14 PASSED
---- panedwindow-18.15 start
++++ panedwindow-18.15 PASSED
---- panedwindow-18.16 start
++++ panedwindow-18.16 PASSED
---- panedwindow-18.17 start
++++ panedwindow-18.17 PASSED
---- panedwindow-18.18 start
++++ panedwindow-18.18 PASSED
---- panedwindow-19.1 start
++++ panedwindow-19.1 PASSED
---- panedwindow-19.2 start
++++ panedwindow-19.2 PASSED
---- panedwindow-19.3 start
++++ panedwindow-19.3 PASSED
---- panedwindow-19.4 start
++++ panedwindow-19.4 PASSED
---- panedwindow-19.5 start
++++ panedwindow-19.5 PASSED
---- panedwindow-19.6 start
++++ panedwindow-19.6 PASSED
---- panedwindow-19.7 start
++++ panedwindow-19.7 PASSED
---- panedwindow-19.8 start
++++ panedwindow-19.8 PASSED
---- panedwindow-19.9 start
++++ panedwindow-19.9 PASSED
---- panedwindow-19.10 start
++++ panedwindow-19.10 PASSED
---- panedwindow-19.11 start
++++ panedwindow-19.11 PASSED
---- panedwindow-19.12 start
++++ panedwindow-19.12 PASSED
---- panedwindow-19.13 start
++++ panedwindow-19.13 PASSED
---- panedwindow-19.14 start
++++ panedwindow-19.14 PASSED
---- panedwindow-19.15 start
++++ panedwindow-19.15 PASSED
---- panedwindow-19.16 start
++++ panedwindow-19.16 PASSED
---- panedwindow-19.17 start
++++ panedwindow-19.17 PASSED
---- panedwindow-19.18 start
++++ panedwindow-19.18 PASSED
---- panedwindow-19.19 start
++++ panedwindow-19.19 PASSED
---- panedwindow-19.20 start
++++ panedwindow-19.20 PASSED
---- panedwindow-19.21 start
++++ panedwindow-19.21 PASSED
---- panedwindow-19.22 start
++++ panedwindow-19.22 PASSED
---- panedwindow-19.23 start
++++ panedwindow-19.23 PASSED
---- panedwindow-19.24 start
++++ panedwindow-19.24 PASSED
---- panedwindow-19.25 start
++++ panedwindow-19.25 PASSED
---- panedwindow-19.26 start
++++ panedwindow-19.26 PASSED
---- panedwindow-19.27 start
++++ panedwindow-19.27 PASSED
---- panedwindow-19.28 start
++++ panedwindow-19.28 PASSED
---- panedwindow-19.29 start
++++ panedwindow-19.29 PASSED
---- panedwindow-19.30 start
++++ panedwindow-19.30 PASSED
---- panedwindow-19.31 start
++++ panedwindow-19.31 PASSED
---- panedwindow-19.32 start
++++ panedwindow-19.32 PASSED
---- panedwindow-19.33 start
++++ panedwindow-19.33 PASSED
---- panedwindow-19.34 start
++++ panedwindow-19.34 PASSED
---- panedwindow-19.35 start
++++ panedwindow-19.35 PASSED
---- panedwindow-19.36 start
++++ panedwindow-19.36 PASSED
---- panedwindow-19.37 start
++++ panedwindow-19.37 PASSED
---- panedwindow-19.38 start
++++ panedwindow-19.38 PASSED
---- panedwindow-19.39 start
++++ panedwindow-19.39 PASSED
---- panedwindow-19.40 start
++++ panedwindow-19.40 PASSED
---- panedwindow-19.41 start
++++ panedwindow-19.41 PASSED
---- panedwindow-19.42 start
++++ panedwindow-19.42 PASSED
---- panedwindow-19.43 start
++++ panedwindow-19.43 PASSED
---- panedwindow-19.44 start
++++ panedwindow-19.44 PASSED
---- panedwindow-19.45 start
++++ panedwindow-19.45 PASSED
---- panedwindow-19.46 start
++++ panedwindow-19.46 PASSED
---- panedwindow-19.47 start
++++ panedwindow-19.47 PASSED
---- panedwindow-19.48 start
++++ panedwindow-19.48 PASSED
---- panedwindow-19.49 start
++++ panedwindow-19.49 PASSED
---- panedwindow-19.50 start
++++ panedwindow-19.50 PASSED
---- panedwindow-19.51 start
++++ panedwindow-19.51 PASSED
---- panedwindow-19.52 start
++++ panedwindow-19.52 PASSED
---- panedwindow-19.53 start
++++ panedwindow-19.53 PASSED
---- panedwindow-19.54 start
++++ panedwindow-19.54 PASSED
---- panedwindow-19.55 start
++++ panedwindow-19.55 PASSED
---- panedwindow-19.56 start
++++ panedwindow-19.56 PASSED
---- panedwindow-19.57 start
++++ panedwindow-19.57 PASSED
---- panedwindow-19.58 start
++++ panedwindow-19.58 PASSED
---- panedwindow-19.59 start
++++ panedwindow-19.59 PASSED
---- panedwindow-19.60 start
++++ panedwindow-19.60 PASSED
---- panedwindow-19.61 start
++++ panedwindow-19.61 PASSED
---- panedwindow-19.62 start
++++ panedwindow-19.62 PASSED
---- panedwindow-19.63 start
++++ panedwindow-19.63 PASSED
---- panedwindow-19.64 start
++++ panedwindow-19.64 PASSED
---- panedwindow-19.65 start
++++ panedwindow-19.65 PASSED
---- panedwindow-19.66 start
++++ panedwindow-19.66 PASSED
---- panedwindow-19.67 start
++++ panedwindow-19.67 PASSED
---- panedwindow-19.68 start
++++ panedwindow-19.68 PASSED
---- panedwindow-19.69 start
++++ panedwindow-19.69 PASSED
---- panedwindow-19.70 start
++++ panedwindow-19.70 PASSED
---- panedwindow-19.71 start
++++ panedwindow-19.71 PASSED
---- panedwindow-19.72 start
++++ panedwindow-19.72 PASSED
---- panedwindow-19.73 start
++++ panedwindow-19.73 PASSED
---- panedwindow-19.74 start
++++ panedwindow-19.74 PASSED
---- panedwindow-19.75 start
++++ panedwindow-19.75 PASSED
---- panedwindow-19.76 start
++++ panedwindow-19.76 PASSED
---- panedwindow-19.77 start
++++ panedwindow-19.77 PASSED
---- panedwindow-19.78 start
++++ panedwindow-19.78 PASSED
---- panedwindow-19.79 start
++++ panedwindow-19.79 PASSED
---- panedwindow-19.80 start
++++ panedwindow-19.80 PASSED
---- panedwindow-19.81 start
++++ panedwindow-19.81 PASSED
---- panedwindow-19.82 start
++++ panedwindow-19.82 PASSED
---- panedwindow-19.83 start
++++ panedwindow-19.83 PASSED
---- panedwindow-19.84 start
++++ panedwindow-19.84 PASSED
---- panedwindow-19.85 start
++++ panedwindow-19.85 PASSED
---- panedwindow-19.86 start
++++ panedwindow-19.86 PASSED
---- panedwindow-19.87 start
++++ panedwindow-19.87 PASSED
---- panedwindow-19.88 start
++++ panedwindow-19.88 PASSED
---- panedwindow-19.89 start
++++ panedwindow-19.89 PASSED
---- panedwindow-19.90 start
++++ panedwindow-19.90 PASSED
---- panedwindow-19.91 start
++++ panedwindow-19.91 PASSED
---- panedwindow-19.92 start
++++ panedwindow-19.92 PASSED
---- panedwindow-19.93 start
++++ panedwindow-19.93 PASSED
---- panedwindow-19.94 start
++++ panedwindow-19.94 PASSED
---- panedwindow-19.95 start
++++ panedwindow-19.95 PASSED
---- panedwindow-19.96 start
++++ panedwindow-19.96 PASSED
---- panedwindow-19.97 start
++++ panedwindow-19.97 PASSED
---- panedwindow-19.98 start
++++ panedwindow-19.98 PASSED
---- panedwindow-19.99 start
++++ panedwindow-19.99 PASSED
---- panedwindow-19.100 start
++++ panedwindow-19.100 PASSED
---- panedwindow-19.101 start
++++ panedwindow-19.101 PASSED
---- panedwindow-19.102 start
++++ panedwindow-19.102 PASSED
---- panedwindow-19.103 start
++++ panedwindow-19.103 PASSED
---- panedwindow-19.104 start
++++ panedwindow-19.104 PASSED
---- panedwindow-19.105 start
++++ panedwindow-19.105 PASSED
---- panedwindow-19.106 start
++++ panedwindow-19.106 PASSED
---- panedwindow-19.107 start
++++ panedwindow-19.107 PASSED
---- panedwindow-19.108 start
++++ panedwindow-19.108 PASSED
---- panedwindow-19.109 start
++++ panedwindow-19.109 PASSED
---- panedwindow-19.110 start
++++ panedwindow-19.110 PASSED
---- panedwindow-19.111 start
++++ panedwindow-19.111 PASSED
---- panedwindow-19.112 start
++++ panedwindow-19.112 PASSED
---- panedwindow-19.113 start
++++ panedwindow-19.113 PASSED
---- panedwindow-19.114 start
++++ panedwindow-19.114 PASSED
---- panedwindow-19.115 start
++++ panedwindow-19.115 PASSED
---- panedwindow-19.116 start
++++ panedwindow-19.116 PASSED
---- panedwindow-19.117 start
++++ panedwindow-19.117 PASSED
---- panedwindow-19.118 start
++++ panedwindow-19.118 PASSED
---- panedwindow-19.119 start
++++ panedwindow-19.119 PASSED
---- panedwindow-19.120 start
++++ panedwindow-19.120 PASSED
---- panedwindow-19.121 start
++++ panedwindow-19.121 PASSED
---- panedwindow-19.122 start
++++ panedwindow-19.122 PASSED
---- panedwindow-19.123 start
++++ panedwindow-19.123 PASSED
---- panedwindow-19.124 start
++++ panedwindow-19.124 PASSED
---- panedwindow-19.125 start
++++ panedwindow-19.125 PASSED
---- panedwindow-19.126 start
++++ panedwindow-19.126 PASSED
---- panedwindow-19.127 start
++++ panedwindow-19.127 PASSED
---- panedwindow-19.128 start
++++ panedwindow-19.128 PASSED
---- panedwindow-19.129 start
++++ panedwindow-19.129 PASSED
---- panedwindow-19.130 start
++++ panedwindow-19.130 PASSED
---- panedwindow-19.131 start
++++ panedwindow-19.131 PASSED
---- panedwindow-19.132 start
++++ panedwindow-19.132 PASSED
---- panedwindow-19.133 start
++++ panedwindow-19.133 PASSED
---- panedwindow-19.134 start
++++ panedwindow-19.134 PASSED
---- panedwindow-20.1 start
++++ panedwindow-20.1 PASSED
---- panedwindow-20.2 start
++++ panedwindow-20.2 PASSED
---- panedwindow-21.1 start
++++ panedwindow-21.1 PASSED
---- panedwindow-21.2 start
++++ panedwindow-21.2 PASSED
---- panedwindow-21.3 start
++++ panedwindow-21.3 PASSED
---- panedwindow-21.4 start
++++ panedwindow-21.4 PASSED
---- panedwindow-21.5 start
++++ panedwindow-21.5 PASSED
---- panedwindow-21.6 start
++++ panedwindow-21.6 PASSED
---- panedwindow-21.7 start
++++ panedwindow-21.7 PASSED
---- panedwindow-21.8 start
++++ panedwindow-21.8 PASSED
---- panedwindow-21.9 start
++++ panedwindow-21.9 PASSED
---- panedwindow-21.10 start
++++ panedwindow-21.10 PASSED
---- panedwindow-21.11 start
++++ panedwindow-21.11 PASSED
---- panedwindow-21.12 start
++++ panedwindow-21.12 PASSED
---- panedwindow-21.13 start
++++ panedwindow-21.13 PASSED
---- panedwindow-21.14 start
++++ panedwindow-21.14 PASSED
---- panedwindow-21.15 start
++++ panedwindow-21.15 PASSED
---- panedwindow-22.1 start
++++ panedwindow-22.1 PASSED
---- panedwindow-22.2 start
++++ panedwindow-22.2 PASSED
---- panedwindow-23.1 start
++++ panedwindow-23.1 PASSED
---- panedwindow-23.2 start
++++ panedwindow-23.2 PASSED
---- panedwindow-23.3 start
++++ panedwindow-23.3 PASSED
---- panedwindow-23.4 start
++++ panedwindow-23.4 PASSED
---- panedwindow-23.5 start
++++ panedwindow-23.5 PASSED
---- panedwindow-23.6 start
++++ panedwindow-23.6 PASSED
---- panedwindow-23.7 start
++++ panedwindow-23.7 PASSED
---- panedwindow-23.8 start
++++ panedwindow-23.8 PASSED
---- panedwindow-23.9 start
++++ panedwindow-23.9 PASSED
---- panedwindow-23.10 start
++++ panedwindow-23.10 PASSED
---- panedwindow-23.11 start
++++ panedwindow-23.11 PASSED
---- panedwindow-23.12 start
++++ panedwindow-23.12 PASSED
---- panedwindow-23.13 start
++++ panedwindow-23.13 PASSED
---- panedwindow-23.14 start
++++ panedwindow-23.14 PASSED
---- panedwindow-23.15 start
++++ panedwindow-23.15 PASSED
---- panedwindow-23.16 start
++++ panedwindow-23.16 PASSED
---- panedwindow-23.17 start
++++ panedwindow-23.17 PASSED
---- panedwindow-23.18 start
++++ panedwindow-23.18 PASSED
---- panedwindow-23.19 start
++++ panedwindow-23.19 PASSED
---- panedwindow-23.20 start
++++ panedwindow-23.20 PASSED
---- panedwindow-23.21 start
++++ panedwindow-23.21 PASSED
---- panedwindow-23.22 start
++++ panedwindow-23.22 PASSED
---- panedwindow-23.23 start
++++ panedwindow-23.23 PASSED
---- panedwindow-23.24 start
++++ panedwindow-23.24 PASSED
---- panedwindow-23.25 start
++++ panedwindow-23.25 PASSED
---- panedwindow-23.26 start
++++ panedwindow-23.26 PASSED
---- panedwindow-23.27 start
++++ panedwindow-23.27 PASSED
---- panedwindow-23.28 start
++++ panedwindow-23.28 PASSED
---- panedwindow-23.29 start
++++ panedwindow-23.29 PASSED
---- panedwindow-23.30 start
++++ panedwindow-23.30 PASSED
---- panedwindow-23.30a start
++++ panedwindow-23.30a PASSED
---- panedwindow-23.31 start
++++ panedwindow-23.31 PASSED
---- panedwindow-23.32 start
++++ panedwindow-23.32 PASSED
---- panedwindow-23.33 start
++++ panedwindow-23.33 PASSED
---- panedwindow-23.34 start
++++ panedwindow-23.34 PASSED
---- panedwindow-23.35 start
++++ panedwindow-23.35 PASSED
---- panedwindow-23.36 start
++++ panedwindow-23.36 PASSED
---- panedwindow-24.1 start
++++ panedwindow-24.1 PASSED
---- panedwindow-25.1 start
++++ panedwindow-25.1 PASSED
---- panedwindow-25.2 start
++++ panedwindow-25.2 PASSED
---- panedwindow-26.1 start
++++ panedwindow-26.1 PASSED
---- panedwindow-26.2 start
++++ panedwindow-26.2 PASSED
---- panedwindow-26.3 start
++++ panedwindow-26.3 PASSED
---- panedwindow-26.4 start
++++ panedwindow-26.4 PASSED
---- panedwindow-26.5 start
++++ panedwindow-26.5 PASSED
---- panedwindow-26.6 start
++++ panedwindow-26.6 PASSED
---- panedwindow-26.7 start
++++ panedwindow-26.7 PASSED
---- panedwindow-26.8 start
++++ panedwindow-26.8 PASSED
---- panedwindow-26.9 start
++++ panedwindow-26.9 PASSED
---- panedwindow-26.10 start
++++ panedwindow-26.10 PASSED
---- panedwindow-26.11 start
++++ panedwindow-26.11 PASSED
---- panedwindow-26.12 start
++++ panedwindow-26.12 PASSED
---- panedwindow-26.13 start
++++ panedwindow-26.13 PASSED
---- panedwindow-26.14 start
++++ panedwindow-26.14 PASSED
---- panedwindow-26.15 start
++++ panedwindow-26.15 PASSED
---- panedwindow-26.16 start
++++ panedwindow-26.16 PASSED
---- panedwindow-26.17 start
++++ panedwindow-26.17 PASSED
---- panedwindow-26.18 start
++++ panedwindow-26.18 PASSED
---- panedwindow-26.19 start
++++ panedwindow-26.19 PASSED
---- panedwindow-26.20 start
++++ panedwindow-26.20 PASSED
---- panedwindow-26.21 start
++++ panedwindow-26.21 PASSED
---- panedwindow-26.22 start
++++ panedwindow-26.22 PASSED
---- panedwindow-26.23 start
++++ panedwindow-26.23 PASSED
---- panedwindow-26.24 start
++++ panedwindow-26.24 PASSED
---- panedwindow-26.25 start
++++ panedwindow-26.25 PASSED
---- panedwindow-26.26 start
++++ panedwindow-26.26 PASSED
---- panedwindow-26.27 start
++++ panedwindow-26.27 PASSED
---- panedwindow-27.1 start
++++ panedwindow-27.1 PASSED
---- panedwindow-27.2 start
++++ panedwindow-27.2 PASSED
---- panedwindow-28.1 start
++++ panedwindow-28.1 PASSED
---- panedwindow-28.2 start
++++ panedwindow-28.2 PASSED
++++ panedwindow-29.1 SKIPPED: pseudocolor8
++++ panedwindow-29.2 SKIPPED: pseudocolor8
pkgconfig.test
---- pkgconfig-1.1 start
++++ pkgconfig-1.1 PASSED
---- pkgconfig-1.2 start
++++ pkgconfig-1.2 PASSED
---- pkgconfig-1.3 start
++++ pkgconfig-1.3 PASSED
---- pkgconfig-2.0 start
++++ pkgconfig-2.0 PASSED
---- pkgconfig-2.1 start
++++ pkgconfig-2.1 PASSED
---- pkgconfig-2.2 start
++++ pkgconfig-2.2 PASSED
---- pkgconfig-2.3 start
++++ pkgconfig-2.3 PASSED
---- pkgconfig-2.4 start
++++ pkgconfig-2.4 PASSED
---- pkgconfig-2.5 start
++++ pkgconfig-2.5 PASSED
place.test
---- place-1.1 start
++++ place-1.1 PASSED
---- place-1.2 start
++++ place-1.2 PASSED
---- place-1.3 start
++++ place-1.3 PASSED
---- place-2.1 start
++++ place-2.1 PASSED
---- place-2.2 start
++++ place-2.2 PASSED
---- place-2.3 start
++++ place-2.3 PASSED
---- place-3.1 start
++++ place-3.1 PASSED
---- place-3.2 start
++++ place-3.2 PASSED
---- place-3.3 start
++++ place-3.3 PASSED
---- place-4.1 start
++++ place-4.1 PASSED
---- place-4.2 start
++++ place-4.2 PASSED
---- place-4.3 start
++++ place-4.3 PASSED
---- place-4.4 start
++++ place-4.4 PASSED
---- place-4.5 start
++++ place-4.5 PASSED
---- place-4.6 start
++++ place-4.6 PASSED
---- place-4.7 start
++++ place-4.7 PASSED
---- place-5.1 start
++++ place-5.1 PASSED
---- place-5.2 start
++++ place-5.2 PASSED
---- place-5.3 start
++++ place-5.3 PASSED
---- place-6.1 start
++++ place-6.1 PASSED
---- place-6.2 start
++++ place-6.2 PASSED
---- place-6.3 start
++++ place-6.3 PASSED
---- place-7.1 start
++++ place-7.1 PASSED
---- place-7.2 start
++++ place-7.2 PASSED
---- place-7.3 start
++++ place-7.3 PASSED
---- place-7.4 start
++++ place-7.4 PASSED
---- place-7.5 start
++++ place-7.5 PASSED
---- place-7.6 start
++++ place-7.6 PASSED
---- place-7.7 start
++++ place-7.7 PASSED
---- place-7.8 start
++++ place-7.8 PASSED
---- place-7.9 start
++++ place-7.9 PASSED
---- place-7.10 start
++++ place-7.10 PASSED
---- place-8.1 start
++++ place-8.1 PASSED
---- place-8.2 start
++++ place-8.2 PASSED
---- place-9.1 start
++++ place-9.1 PASSED
---- place-9.2 start
++++ place-9.2 PASSED
---- place-9.3 start
++++ place-9.3 PASSED
---- place-9.4 start
++++ place-9.4 PASSED
---- place-9.5 start
++++ place-9.5 PASSED
---- place-9.6 start
++++ place-9.6 PASSED
---- place-9.7 start
++++ place-9.7 PASSED
---- place-9.8 start
++++ place-9.8 PASSED
---- place-9.9 start
++++ place-9.9 PASSED
---- place-9.10 start
++++ place-9.10 PASSED
---- place-9.11 start
++++ place-9.11 PASSED
---- place-9.12 start
++++ place-9.12 PASSED
---- place-10.1 start
++++ place-10.1 PASSED
---- place-10.2 start
++++ place-10.2 PASSED
---- place-10.3 start
++++ place-10.3 PASSED
---- place-10.4 start
++++ place-10.4 PASSED
---- place-11.1 start
++++ place-11.1 PASSED
---- place-11.2 start
++++ place-11.2 PASSED
---- place-12.1 start
++++ place-12.1 PASSED
---- place-13.1 start
++++ place-13.1 PASSED
++++ place-14.1 SKIPPED: memory
raise.test
---- raise-1.1 start
++++ raise-1.1 PASSED
---- raise-1.2 start
++++ raise-1.2 PASSED
---- raise-1.3 start
++++ raise-1.3 PASSED
---- raise-1.4 start
++++ raise-1.4 PASSED
---- raise-1.5 start
++++ raise-1.5 PASSED
---- raise-2.1 start
++++ raise-2.1 PASSED
---- raise-2.2 start
++++ raise-2.2 PASSED
---- raise-2.3 start
++++ raise-2.3 PASSED
---- raise-2.4 start
++++ raise-2.4 PASSED
---- raise-2.5 start
++++ raise-2.5 PASSED
---- raise-3.1 start
++++ raise-3.1 PASSED
---- raise-3.2 start
++++ raise-3.2 PASSED
---- raise-3.3 start
++++ raise-3.3 PASSED
---- raise-3.4 start
++++ raise-3.4 PASSED
---- raise-4.1 start
++++ raise-4.1 PASSED
---- raise-4.2 start
++++ raise-4.2 PASSED
---- raise-5.1 start
++++ raise-5.1 PASSED
---- raise-5.2 start
++++ raise-5.2 PASSED
---- raise-5.3 start
++++ raise-5.3 PASSED
---- raise-5.4 start
++++ raise-5.4 PASSED
++++ raise-6.1 SKIPPED: nonPortable
++++ raise-6.2 SKIPPED: nonPortable
++++ raise-6.3 SKIPPED: nonPortable
++++ raise-6.4 SKIPPED: nonPortable
++++ raise-6.5 SKIPPED: nonPortable
++++ raise-6.6 SKIPPED: nonPortable
---- raise-7.1 start
++++ raise-7.1 PASSED
---- raise-7.2 start
++++ raise-7.2 PASSED
---- raise-7.3 start
++++ raise-7.3 PASSED
---- raise-7.4 start
++++ raise-7.4 PASSED
---- raise-7.5 start
++++ raise-7.5 PASSED
---- raise-7.6 start
++++ raise-7.6 PASSED
---- raise-7.7 start
++++ raise-7.7 PASSED
---- raise-7.8 start
++++ raise-7.8 PASSED
safe.test
---- safe-1.1 start
++++ safe-1.1 PASSED
---- safe-1.2 start
++++ safe-1.2 PASSED
---- safe-1.3 start
++++ safe-1.3 PASSED
---- safe-2.1 start
++++ safe-2.1 PASSED
---- safe-2.2 start
++++ safe-2.2 PASSED
---- safe-2.3 start
++++ safe-2.3 PASSED
---- safe-2.4 start
++++ safe-2.4 PASSED
---- safe-3.1 start
++++ safe-3.1 PASSED
---- safe-3.2 start
++++ safe-3.2 PASSED
---- safe-4.1 start
++++ safe-4.1 PASSED
---- safe-4.2 start
++++ safe-4.2 PASSED
---- safe-5.1 start
++++ safe-5.1 PASSED
---- safe-5.2 start
++++ safe-5.2 PASSED
---- safe-6.1 start
++++ safe-6.1 PASSED
---- safe-6.2 start
++++ safe-6.2 PASSED
---- safe-7.1 start
++++ safe-7.1 PASSED
safePrimarySelection.test
---- safePrimarySelection-1.1 start
++++ safePrimarySelection-1.1 PASSED
---- safePrimarySelection-1.2 start
++++ safePrimarySelection-1.2 PASSED
---- safePrimarySelection-1.3 start
++++ safePrimarySelection-1.3 PASSED
---- safePrimarySelection-1.4 start
++++ safePrimarySelection-1.4 PASSED
---- safePrimarySelection-1.5 start
++++ safePrimarySelection-1.5 PASSED
---- safePrimarySelection-1.6 start
++++ safePrimarySelection-1.6 PASSED
---- safePrimarySelection-1.7 start
++++ safePrimarySelection-1.7 PASSED
---- safePrimarySelection-1.8 start
++++ safePrimarySelection-1.8 PASSED
---- safePrimarySelection-1.9 start
++++ safePrimarySelection-1.9 PASSED
---- safePrimarySelection-1.10 start
++++ safePrimarySelection-1.10 PASSED
---- safePrimarySelection-2.1 start
++++ safePrimarySelection-2.1 PASSED
---- safePrimarySelection-2.2 start
++++ safePrimarySelection-2.2 PASSED
---- safePrimarySelection-2.3 start
++++ safePrimarySelection-2.3 PASSED
---- safePrimarySelection-2.4 start
++++ safePrimarySelection-2.4 PASSED
---- safePrimarySelection-2.5 start
++++ safePrimarySelection-2.5 PASSED
---- safePrimarySelection-2.6 start
++++ safePrimarySelection-2.6 PASSED
---- safePrimarySelection-2.7 start
++++ safePrimarySelection-2.7 PASSED
---- safePrimarySelection-2.8 start
++++ safePrimarySelection-2.8 PASSED
---- safePrimarySelection-2.9 start
++++ safePrimarySelection-2.9 PASSED
---- safePrimarySelection-2.10 start
++++ safePrimarySelection-2.10 PASSED
---- safePrimarySelection-3.1 start
++++ safePrimarySelection-3.1 PASSED
---- safePrimarySelection-3.2 start
++++ safePrimarySelection-3.2 PASSED
---- safePrimarySelection-3.3 start
++++ safePrimarySelection-3.3 PASSED
---- safePrimarySelection-3.4 start
++++ safePrimarySelection-3.4 PASSED
---- safePrimarySelection-3.5 start
++++ safePrimarySelection-3.5 PASSED
---- safePrimarySelection-3.6 start
++++ safePrimarySelection-3.6 PASSED
---- safePrimarySelection-3.7 start
++++ safePrimarySelection-3.7 PASSED
---- safePrimarySelection-3.8 start
++++ safePrimarySelection-3.8 PASSED
---- safePrimarySelection-3.9 start
++++ safePrimarySelection-3.9 PASSED
---- safePrimarySelection-3.10 start
++++ safePrimarySelection-3.10 PASSED
---- safePrimarySelection-4.1 start
++++ safePrimarySelection-4.1 PASSED
---- safePrimarySelection-4.2 start
++++ safePrimarySelection-4.2 PASSED
---- safePrimarySelection-4.3 start
++++ safePrimarySelection-4.3 PASSED
---- safePrimarySelection-4.4 start
++++ safePrimarySelection-4.4 PASSED
---- safePrimarySelection-4.5 start
++++ safePrimarySelection-4.5 PASSED
---- safePrimarySelection-4.6 start
++++ safePrimarySelection-4.6 PASSED
---- safePrimarySelection-4.7 start
++++ safePrimarySelection-4.7 PASSED
---- safePrimarySelection-4.8 start
++++ safePrimarySelection-4.8 PASSED
---- safePrimarySelection-4.9 start
++++ safePrimarySelection-4.9 PASSED
---- safePrimarySelection-4.10 start
++++ safePrimarySelection-4.10 PASSED
---- safePrimarySelection-5.1 start
++++ safePrimarySelection-5.1 PASSED
---- safePrimarySelection-5.2 start
++++ safePrimarySelection-5.2 PASSED
---- safePrimarySelection-5.3 start
++++ safePrimarySelection-5.3 PASSED
---- safePrimarySelection-5.4 start
++++ safePrimarySelection-5.4 PASSED
---- safePrimarySelection-5.5 start
++++ safePrimarySelection-5.5 PASSED
---- safePrimarySelection-5.6 start
++++ safePrimarySelection-5.6 PASSED
---- safePrimarySelection-5.7 start
++++ safePrimarySelection-5.7 PASSED
---- safePrimarySelection-5.8 start
++++ safePrimarySelection-5.8 PASSED
---- safePrimarySelection-5.9 start
++++ safePrimarySelection-5.9 PASSED
---- safePrimarySelection-5.10 start
++++ safePrimarySelection-5.10 PASSED
---- safePrimarySelection-6.1 start
++++ safePrimarySelection-6.1 PASSED
---- safePrimarySelection-6.2 start
++++ safePrimarySelection-6.2 PASSED
---- safePrimarySelection-6.3 start
++++ safePrimarySelection-6.3 PASSED
---- safePrimarySelection-6.4 start
++++ safePrimarySelection-6.4 PASSED
---- safePrimarySelection-6.5 start
++++ safePrimarySelection-6.5 PASSED
---- safePrimarySelection-6.6 start
++++ safePrimarySelection-6.6 PASSED
---- safePrimarySelection-6.7 start
++++ safePrimarySelection-6.7 PASSED
---- safePrimarySelection-6.8 start
++++ safePrimarySelection-6.8 PASSED
---- safePrimarySelection-6.9 start
++++ safePrimarySelection-6.9 PASSED
---- safePrimarySelection-6.10 start
++++ safePrimarySelection-6.10 PASSED
scale.test
---- scale-1.1 start
++++ scale-1.1 PASSED
---- scale-1.2 start
++++ scale-1.2 PASSED
---- scale-1.3 start
++++ scale-1.3 PASSED
---- scale-1.4 start
++++ scale-1.4 PASSED
---- scale-1.5 start
++++ scale-1.5 PASSED
---- scale-1.6 start
++++ scale-1.6 PASSED
---- scale-1.7 start
++++ scale-1.7 PASSED
---- scale-1.8 start
++++ scale-1.8 PASSED
---- scale-1.9 start
++++ scale-1.9 PASSED
---- scale-1.10 start
++++ scale-1.10 PASSED
---- scale-1.11 start
++++ scale-1.11 PASSED
---- scale-1.12 start
++++ scale-1.12 PASSED
---- scale-1.13 start
++++ scale-1.13 PASSED
---- scale-1.15 start
++++ scale-1.15 PASSED
---- scale-1.16 start
++++ scale-1.16 PASSED
---- scale-1.17 start
++++ scale-1.17 PASSED
---- scale-1.18 start
++++ scale-1.18 PASSED
---- scale-1.19 start
++++ scale-1.19 PASSED
---- scale-1.20 start
++++ scale-1.20 PASSED
---- scale-1.21 start
++++ scale-1.21 PASSED
---- scale-1.23 start
++++ scale-1.23 PASSED
---- scale-1.24 start
++++ scale-1.24 PASSED
---- scale-1.25 start
++++ scale-1.25 PASSED
---- scale-1.26 start
++++ scale-1.26 PASSED
---- scale-1.27 start
++++ scale-1.27 PASSED
---- scale-1.28 start
++++ scale-1.28 PASSED
---- scale-1.29 start
++++ scale-1.29 PASSED
---- scale-1.30 start
++++ scale-1.30 PASSED
---- scale-1.31 start
++++ scale-1.31 PASSED
---- scale-1.32 start
++++ scale-1.32 PASSED
---- scale-1.33 start
++++ scale-1.33 PASSED
---- scale-1.35 start
++++ scale-1.35 PASSED
---- scale-1.36 start
++++ scale-1.36 PASSED
---- scale-1.37 start
++++ scale-1.37 PASSED
---- scale-1.38 start
++++ scale-1.38 PASSED
---- scale-1.39 start
++++ scale-1.39 PASSED
---- scale-1.41 start
++++ scale-1.41 PASSED
---- scale-1.42 start
++++ scale-1.42 PASSED
---- scale-1.43 start
++++ scale-1.43 PASSED
---- scale-1.44 start
++++ scale-1.44 PASSED
---- scale-1.45 start
++++ scale-1.45 PASSED
---- scale-1.46 start
++++ scale-1.46 PASSED
---- scale-1.47 start
++++ scale-1.47 PASSED
---- scale-1.48 start
++++ scale-1.48 PASSED
---- scale-1.49 start
++++ scale-1.49 PASSED
---- scale-1.50 start
++++ scale-1.50 PASSED
---- scale-1.51 start
++++ scale-1.51 PASSED
---- scale-1.52 start
++++ scale-1.52 PASSED
---- scale-1.53 start
++++ scale-1.53 PASSED
---- scale-1.54 start
++++ scale-1.54 PASSED
---- scale-1.55 start
++++ scale-1.55 PASSED
---- scale-1.56 start
++++ scale-1.56 PASSED
---- scale-1.57 start
++++ scale-1.57 PASSED
---- scale-1.59 start
++++ scale-1.59 PASSED
---- scale-1.61 start
++++ scale-1.61 PASSED
---- scale-1.62 start
++++ scale-1.62 PASSED
---- scale-1.63 start
++++ scale-1.63 PASSED
---- scale-1.64 start
++++ scale-1.64 PASSED
---- scale-1.65 start
++++ scale-1.65 PASSED
---- scale-1.66 start
++++ scale-1.66 PASSED
---- scale-1.67 start
++++ scale-1.67 PASSED
---- scale-1.69 start
++++ scale-1.69 PASSED
---- scale-1.70 start
++++ scale-1.70 PASSED
---- scale-2.1 start
++++ scale-2.1 PASSED
---- scale-2.2 start
++++ scale-2.2 PASSED
---- scale-2.3 start
++++ scale-2.3 PASSED
---- scale-2.4 start
++++ scale-2.4 PASSED
---- scale-2.5 start
++++ scale-2.5 PASSED
---- scale-3.1 start
++++ scale-3.1 PASSED
---- scale-3.2 start
++++ scale-3.2 PASSED
---- scale-3.3 start
++++ scale-3.3 PASSED
---- scale-3.4 start
++++ scale-3.4 PASSED
---- scale-3.5 start
++++ scale-3.5 PASSED
---- scale-3.6 start
++++ scale-3.6 PASSED
---- scale-3.7 start
++++ scale-3.7 PASSED
---- scale-3.8 start
++++ scale-3.8 PASSED
---- scale-3.9 start
++++ scale-3.9 PASSED
---- scale-3.10 start
++++ scale-3.10 PASSED
++++ scale-3.11 SKIPPED: fonts
++++ scale-3.12 SKIPPED: fonts
---- scale-3.13 start
++++ scale-3.13 PASSED
---- scale-3.14 start
++++ scale-3.14 PASSED
---- scale-3.15 start
++++ scale-3.15 PASSED
---- scale-3.16 start
++++ scale-3.16 PASSED
---- scale-3.17 start
++++ scale-3.17 PASSED
---- scale-3.18 start
++++ scale-3.18 PASSED
---- scale-3.19 start
++++ scale-3.19 PASSED
---- scale-3.20 start
++++ scale-3.20 PASSED
---- scale-3.21 start
++++ scale-3.21 PASSED
---- scale-3.22 start
++++ scale-3.22 PASSED
++++ scale-3.23 SKIPPED: fonts
---- scale-3.24 start
++++ scale-3.24 PASSED
---- scale-3.25 start
++++ scale-3.25 PASSED
---- scale-3.26 start
++++ scale-3.26 PASSED
---- scale-3.27 start
++++ scale-3.27 PASSED
---- scale-3.28 start
++++ scale-3.28 PASSED
---- scale-3.29 start
++++ scale-3.29 PASSED
---- scale-3.30 start
++++ scale-3.30 PASSED
---- scale-3.31 start
++++ scale-3.31 PASSED
---- scale-3.32 start
++++ scale-3.32 PASSED
---- scale-4.1 start
++++ scale-4.1 PASSED
---- scale-5.1 start
++++ scale-5.1 PASSED
---- scale-5.2 start
++++ scale-5.2 PASSED
---- scale-5.3 start
++++ scale-5.3 PASSED
---- scale-5.4 start
++++ scale-5.4 PASSED
---- scale-5.5 start
++++ scale-5.5 PASSED
---- scale-5.6 start
++++ scale-5.6 PASSED
---- scale-5.7 start
++++ scale-5.7 PASSED
---- scale-6.1 start
++++ scale-6.1 PASSED
---- scale-6.2 start
++++ scale-6.2 PASSED
---- scale-6.3 start
++++ scale-6.3 PASSED
---- scale-6.4 start
++++ scale-6.4 PASSED
---- scale-6.5 start
++++ scale-6.5 PASSED
++++ scale-6.6 SKIPPED: nonPortable
---- scale-6.7 start
++++ scale-6.7 PASSED
---- scale-6.8 start
++++ scale-6.8 PASSED
---- scale-6.9 start
++++ scale-6.9 PASSED
---- scale-6.10 start
++++ scale-6.10 PASSED
---- scale-6.11 start
++++ scale-6.11 PASSED
---- scale-6.12 start
++++ scale-6.12 PASSED
---- scale-6.13 start
++++ scale-6.13 PASSED
---- scale-6.14 start
++++ scale-6.14 PASSED
---- scale-6.15 start
++++ scale-6.15 PASSED
---- scale-6.16 start
++++ scale-6.16 PASSED
---- scale-6.17 start
++++ scale-6.17 PASSED
---- scale-6.18 start
++++ scale-6.18 PASSED
---- scale-6.19 start
++++ scale-6.19 PASSED
---- scale-6.20 start
++++ scale-6.20 PASSED
---- scale-6.21 start
++++ scale-6.21 PASSED
++++ scale-7.1 SKIPPED: nonPortable
++++ scale-7.2 SKIPPED: fonts
++++ scale-7.3 SKIPPED: fonts
++++ scale-7.4 SKIPPED: fonts
++++ scale-7.5 SKIPPED: nonPortable
++++ scale-7.6 SKIPPED: fonts
++++ scale-7.7 SKIPPED: fonts
---- scale-7.8 start
++++ scale-7.8 PASSED
++++ scale-8.1 SKIPPED: fonts
++++ scale-8.2 SKIPPED: fonts
++++ scale-8.3 SKIPPED: fonts
---- scale-8.4 start
++++ scale-8.4 PASSED
++++ scale-8.5 SKIPPED: fonts
++++ scale-8.6 SKIPPED: fonts
---- scale-8.7 start
++++ scale-8.7 PASSED
---- scale-8.8 start
++++ scale-8.8 PASSED
---- scale-8.9 start
++++ scale-8.9 PASSED
---- scale-9.1 start
++++ scale-9.1 PASSED
---- scale-9.2 start
++++ scale-9.2 PASSED
---- scale-9.3 start
++++ scale-9.3 PASSED
---- scale-9.4 start
++++ scale-9.4 PASSED
---- scale-9.5 start
++++ scale-9.5 PASSED
---- scale-9.6 start
++++ scale-9.6 PASSED
---- scale-9.7 start
++++ scale-9.7 PASSED
---- scale-9.8 start
++++ scale-9.8 PASSED
---- scale-9.9 start
++++ scale-9.9 PASSED
++++ scale-10.1 SKIPPED: fonts
++++ scale-10.2 SKIPPED: fonts
---- scale-11.1 start
++++ scale-11.1 PASSED
---- scale-11.2 start
++++ scale-11.2 PASSED
---- scale-12.1 start
++++ scale-12.1 PASSED
---- scale-13.1 start
++++ scale-13.1 PASSED
---- scale-13.2 start
++++ scale-13.2 PASSED
---- scale-13.3 start
++++ scale-13.3 PASSED
---- scale-13.4 start
++++ scale-13.4 PASSED
---- scale-13.5 start
++++ scale-13.5 PASSED
---- scale-13.6 start
++++ scale-13.6 PASSED
---- scale-14.1 start
++++ scale-14.1 PASSED
---- scale-14.2 start
++++ scale-14.2 PASSED
---- scale-14.3 start
++++ scale-14.3 PASSED
---- scale-14.4 start
++++ scale-14.4 PASSED
---- scale-14.5 start
++++ scale-14.5 PASSED
---- scale-14.6 start
++++ scale-14.6 PASSED
---- scale-14.7 start
++++ scale-14.7 PASSED
---- scale-14.8 start
++++ scale-14.8 PASSED
---- scale-14.9 start
++++ scale-14.9 PASSED
---- scale-14.10 start
++++ scale-14.10 PASSED
---- scale-14.11 start
++++ scale-14.11 PASSED
---- scale-14.12 start
++++ scale-14.12 PASSED
---- scale-14.13 start
++++ scale-14.13 PASSED
---- scale-14a.1 start
++++ scale-14a.1 PASSED
---- scale-14a.2 start
++++ scale-14a.2 PASSED
---- scale-15.1 start
++++ scale-15.1 PASSED
---- scale-15.2 start
++++ scale-15.2 PASSED
---- scale-15.3 start
++++ scale-15.3 PASSED
---- scale-15.4 start
++++ scale-15.4 PASSED
---- scale-15.5 start
++++ scale-15.5 PASSED
---- scale-15.6 start
++++ scale-15.6 PASSED
---- scale-15.7 start
++++ scale-15.7 PASSED
---- scale-15.8 start
++++ scale-15.8 PASSED
---- scale-16.1 start
++++ scale-16.1 PASSED
---- scale-17.1 start
++++ scale-17.1 PASSED
---- scale-18.1 start
++++ scale-18.1 PASSED
---- scale-18.2 start
++++ scale-18.2 PASSED
---- scale-18.3 start
++++ scale-18.3 PASSED
---- scale-18.4 start
++++ scale-18.4 PASSED
---- scale-19 start
++++ scale-19 PASSED
---- scale-20.1 start
++++ scale-20.1 PASSED
---- scale-20.2 start
++++ scale-20.2 PASSED
---- scale-20.3 start
++++ scale-20.3 PASSED
---- scale-20.4 start
++++ scale-20.4 PASSED
---- scale-20.5 start
++++ scale-20.5 PASSED
---- scale-20.6 start
++++ scale-20.6 PASSED
---- scale-20.7 start
++++ scale-20.7 PASSED
---- scale-20.8 start
++++ scale-20.8 PASSED
---- scale-21.1 start
++++ scale-21.1 PASSED
---- scale-21.2 start
++++ scale-21.2 PASSED
---- scale-22.1 start
++++ scale-22.1 PASSED
---- scale-22.2 start
++++ scale-22.2 PASSED
scrollbar.test
---- scrollbar-1.1 start
++++ scrollbar-1.1 PASSED
---- scrollbar-1.2 start
++++ scrollbar-1.2 PASSED
---- scrollbar-1.3 start
++++ scrollbar-1.3 PASSED
---- scrollbar-1.4 start
++++ scrollbar-1.4 PASSED
---- scrollbar-1.5 start
++++ scrollbar-1.5 PASSED
---- scrollbar-1.6 start
++++ scrollbar-1.6 PASSED
---- scrollbar-1.7 start
++++ scrollbar-1.7 PASSED
---- scrollbar-1.8 start
++++ scrollbar-1.8 PASSED
---- scrollbar-1.9 start
++++ scrollbar-1.9 PASSED
---- scrollbar-1.10 start
++++ scrollbar-1.10 PASSED
---- scrollbar-1.11 start
++++ scrollbar-1.11 PASSED
---- scrollbar-1.12 start
++++ scrollbar-1.12 PASSED
---- scrollbar-1.13 start
++++ scrollbar-1.13 PASSED
---- scrollbar-1.14 start
++++ scrollbar-1.14 PASSED
---- scrollbar-1.15 start
++++ scrollbar-1.15 PASSED
---- scrollbar-1.16 start
++++ scrollbar-1.16 PASSED
---- scrollbar-1.17 start
++++ scrollbar-1.17 PASSED
---- scrollbar-1.18 start
++++ scrollbar-1.18 PASSED
---- scrollbar-1.19 start
++++ scrollbar-1.19 PASSED
---- scrollbar-1.20 start
++++ scrollbar-1.20 PASSED
---- scrollbar-1.21 start
++++ scrollbar-1.21 PASSED
---- scrollbar-1.22 start
++++ scrollbar-1.22 PASSED
---- scrollbar-1.23 start
++++ scrollbar-1.23 PASSED
---- scrollbar-1.24 start
++++ scrollbar-1.24 PASSED
---- scrollbar-1.25 start
++++ scrollbar-1.25 PASSED
---- scrollbar-1.26 start
++++ scrollbar-1.26 PASSED
---- scrollbar-1.27 start
++++ scrollbar-1.27 PASSED
---- scrollbar-1.28 start
++++ scrollbar-1.28 PASSED
---- scrollbar-1.29 start
++++ scrollbar-1.29 PASSED
---- scrollbar-1.30 start
++++ scrollbar-1.30 PASSED
---- scrollbar-1.31 start
++++ scrollbar-1.31 PASSED
---- scrollbar-1.32 start
++++ scrollbar-1.32 PASSED
---- scrollbar-1.33 start
++++ scrollbar-1.33 PASSED
---- scrollbar-1.34 start
++++ scrollbar-1.34 PASSED
---- scrollbar-1.35 start
++++ scrollbar-1.35 PASSED
---- scrollbar-1.36 start
++++ scrollbar-1.36 PASSED
---- scrollbar-1.37 start
++++ scrollbar-1.37 PASSED
---- scrollbar-1.38 start
++++ scrollbar-1.38 PASSED
---- scrollbar-1.39 start
++++ scrollbar-1.39 PASSED
---- scrollbar-1.40 start
++++ scrollbar-1.40 PASSED
---- scrollbar-1.41 start
++++ scrollbar-1.41 PASSED
---- scrollbar-2.1 start
++++ scrollbar-2.1 PASSED
---- scrollbar-2.2 start
++++ scrollbar-2.2 PASSED
---- scrollbar-2.3 start
++++ scrollbar-2.3 PASSED
---- scrollbar-2.4 start
++++ scrollbar-2.4 PASSED
---- scrollbar-2.5 start
++++ scrollbar-2.5 PASSED
---- scrollbar-3.1 start
++++ scrollbar-3.1 PASSED
---- scrollbar-3.2 start
++++ scrollbar-3.2 PASSED
---- scrollbar-3.3 start
++++ scrollbar-3.3 PASSED
---- scrollbar-3.4 start
++++ scrollbar-3.4 PASSED
---- scrollbar-3.5 start
++++ scrollbar-3.5 PASSED
---- scrollbar-3.6 start
++++ scrollbar-3.6 PASSED
---- scrollbar-3.7 start
++++ scrollbar-3.7 PASSED
---- scrollbar-3.8 start
++++ scrollbar-3.8 PASSED
---- scrollbar-3.9 start
++++ scrollbar-3.9 PASSED
---- scrollbar-3.10 start
++++ scrollbar-3.10 PASSED
---- scrollbar-3.11 start
++++ scrollbar-3.11 PASSED
++++ scrollbar-3.12 SKIPPED: emptyTest
++++ scrollbar-3.12.1 SKIPPED: emptyTest
---- scrollbar-3.13 start
++++ scrollbar-3.13 PASSED
++++ scrollbar-3.14 SKIPPED: emptyTest
++++ scrollbar-3.14.1 SKIPPED: emptyTest
---- scrollbar-3.15 start
++++ scrollbar-3.15 PASSED
---- scrollbar-3.16 start
++++ scrollbar-3.16 PASSED
---- scrollbar-3.17 start
++++ scrollbar-3.17 PASSED
---- scrollbar-3.18 start
++++ scrollbar-3.18 PASSED
---- scrollbar-3.19 start
++++ scrollbar-3.19 PASSED
---- scrollbar-3.20 start
++++ scrollbar-3.20 PASSED
---- scrollbar-3.21 start
++++ scrollbar-3.21 PASSED
---- scrollbar-3.22 start
++++ scrollbar-3.22 PASSED
---- scrollbar-3.23 start
++++ scrollbar-3.23 PASSED
---- scrollbar-3.24 start
++++ scrollbar-3.24 PASSED
---- scrollbar-3.25 start
++++ scrollbar-3.25 PASSED
---- scrollbar-3.26 start
++++ scrollbar-3.26 PASSED
---- scrollbar-3.27 start
++++ scrollbar-3.27 PASSED
---- scrollbar-3.28 start
++++ scrollbar-3.28 PASSED
---- scrollbar-3.29 start
++++ scrollbar-3.29 PASSED
---- scrollbar-3.30 start
++++ scrollbar-3.30 PASSED
---- scrollbar-3.31 start
++++ scrollbar-3.31 PASSED
---- scrollbar-3.32 start
++++ scrollbar-3.32 PASSED
---- scrollbar-3.33 start
++++ scrollbar-3.33 PASSED
---- scrollbar-3.34 start
++++ scrollbar-3.34 PASSED
---- scrollbar-3.35 start
++++ scrollbar-3.35 PASSED
---- scrollbar-3.36 start
++++ scrollbar-3.36 PASSED
++++ scrollbar-3.37 SKIPPED: testmetrics
---- scrollbar-3.38 start
++++ scrollbar-3.38 PASSED
++++ scrollbar-3.39 SKIPPED: testmetrics
---- scrollbar-3.41 start
++++ scrollbar-3.41 PASSED
---- scrollbar-3.42 start
++++ scrollbar-3.42 PASSED
---- scrollbar-3.43 start
++++ scrollbar-3.43 PASSED
---- scrollbar-3.45 start
++++ scrollbar-3.45 PASSED
---- scrollbar-3.46 start
++++ scrollbar-3.46 PASSED
---- scrollbar-3.47 start
++++ scrollbar-3.47 PASSED
---- scrollbar-3.48 start
++++ scrollbar-3.48 PASSED
---- scrollbar-3.49 start
++++ scrollbar-3.49 PASSED
++++ scrollbar-3.50.1 SKIPPED: notAqua
---- scrollbar-3.50.2 start
++++ scrollbar-3.50.2 PASSED
---- scrollbar-3.51 start
++++ scrollbar-3.51 PASSED
---- scrollbar-3.52 start
++++ scrollbar-3.52 PASSED
---- scrollbar-3.53 start
++++ scrollbar-3.53 PASSED
++++ scrollbar-3.54.1 SKIPPED: notAqua
---- scrollbar-3.54.2 start
++++ scrollbar-3.54.2 PASSED
---- scrollbar-3.56 start
++++ scrollbar-3.56 PASSED
---- scrollbar-3.57 start
++++ scrollbar-3.57 PASSED
---- scrollbar-3.58 start
++++ scrollbar-3.58 PASSED
---- scrollbar-3.59 start
++++ scrollbar-3.59 PASSED
---- scrollbar-3.60 start
++++ scrollbar-3.60 PASSED
---- scrollbar-3.61 start
++++ scrollbar-3.61 PASSED
---- scrollbar-3.62 start
++++ scrollbar-3.62 PASSED
---- scrollbar-3.63 start
++++ scrollbar-3.63 PASSED
---- scrollbar-3.71 start
++++ scrollbar-3.71 PASSED
---- scrollbar-3.72 start
++++ scrollbar-3.72 PASSED
---- scrollbar-3.73 start
++++ scrollbar-3.73 PASSED
---- scrollbar-3.74 start
++++ scrollbar-3.74 PASSED
---- scrollbar-4.1 start
++++ scrollbar-4.1 PASSED
---- scrollbar-5.1 start
++++ scrollbar-5.1 PASSED
---- scrollbar-6.1 start
++++ scrollbar-6.1 PASSED
---- scrollbar-6.3 start
++++ scrollbar-6.3 PASSED
---- scrollbar-6.4 start
++++ scrollbar-6.4 PASSED
---- scrollbar-6.6 start
++++ scrollbar-6.6 PASSED
---- scrollbar-6.7 start
++++ scrollbar-6.7 PASSED
---- scrollbar-6.8 start
++++ scrollbar-6.8 PASSED
---- scrollbar-6.9 start
++++ scrollbar-6.9 PASSED
---- scrollbar-6.10 start
++++ scrollbar-6.10 PASSED
++++ scrollbar-6.11.1 SKIPPED: x11
---- scrollbar-6.11.2 start
++++ scrollbar-6.11.2 PASSED
++++ scrollbar-6.12.1 SKIPPED: x11
---- scrollbar-6.12.2 start
++++ scrollbar-6.12.2 PASSED
++++ scrollbar-6.14 SKIPPED: win
++++ scrollbar-6.15 SKIPPED: testmetrics
---- scrollbar-6.16 start
++++ scrollbar-6.16 PASSED
++++ scrollbar-6.17 SKIPPED: nonPortable
++++ scrollbar-6.18 SKIPPED: testmetrics
++++ scrollbar-6.19 SKIPPED: testmetrics
---- scrollbar-6.20 start
++++ scrollbar-6.20 PASSED
++++ scrollbar-6.21 SKIPPED: nonPortable
++++ scrollbar-6.22 SKIPPED: testmetrics
++++ scrollbar-6.23 SKIPPED: testmetrics
---- scrollbar-6.24 start
++++ scrollbar-6.24 PASSED
---- scrollbar-6.25 start
++++ scrollbar-6.25 PASSED
++++ scrollbar-6.27 SKIPPED: testmetrics
++++ scrollbar-6.28 SKIPPED: testmetrics
++++ scrollbar-6.29.1 SKIPPED: x11
---- scrollbar-6.29.2 start
++++ scrollbar-6.29.2 PASSED
++++ scrollbar-6.30.1 SKIPPED: x11
---- scrollbar-6.30.2 start
++++ scrollbar-6.30.2 PASSED
++++ scrollbar-6.32 SKIPPED: testmetrics
++++ scrollbar-6.33 SKIPPED: win
---- scrollbar-6.34 start
++++ scrollbar-6.34 PASSED
---- scrollbar-6.35 start
++++ scrollbar-6.35 PASSED
++++ scrollbar-6.37 SKIPPED: win
++++ scrollbar-6.38 SKIPPED: win
++++ scrollbar-6.39.1 SKIPPED: x11
---- scrollbar-6.39.2 start
++++ scrollbar-6.39.2 PASSED
++++ scrollbar-6.40 SKIPPED: win
++++ scrollbar-6.41.1 SKIPPED: x11
---- scrollbar-6.41.2 start
++++ scrollbar-6.41.2 PASSED
++++ scrollbar-6.43 SKIPPED: testmetrics
---- scrollbar-6.44 start
++++ scrollbar-6.44 PASSED
++++ scrollbar-6.46 SKIPPED: win
---- scrollbar-7.1 start
++++ scrollbar-7.1 PASSED
++++ scrollbar-8.1 SKIPPED: notAqua
++++ scrollbar-8.2 SKIPPED: notAqua
---- scrollbar-9.1 start
++++ scrollbar-9.1 PASSED
---- scrollbar-10.1 start
++++ scrollbar-10.1 PASSED
---- scrollbar-10.2 start
++++ scrollbar-10.2 PASSED
---- scrollbar-10.3 start
++++ scrollbar-10.3 PASSED
---- scrollbar-11.1 start
++++ scrollbar-11.1 PASSED
---- scrollbar-11.2 start
++++ scrollbar-11.2 PASSED
select.test
---- select-1.1 start
++++ select-1.1 PASSED
---- select-1.2 start
++++ select-1.2 PASSED
---- select-1.3 start
++++ select-1.3 PASSED
---- select-1.4.1 start
++++ select-1.4.1 PASSED
++++ select-1.4.2 SKIPPED: win
---- select-1.5 start
++++ select-1.5 PASSED
---- select-1.6.1 start
++++ select-1.6.1 PASSED
++++ select-1.6.2 SKIPPED: win
---- select-1.7.1 start
++++ select-1.7.1 PASSED
++++ select-1.7.2 SKIPPED: win
---- select-1.8 start
++++ select-1.8 PASSED
---- select-2.1 start
++++ select-2.1 PASSED
---- select-2.2 start
++++ select-2.2 PASSED
---- select-2.3 start
++++ select-2.3 PASSED
++++ select-2.4 SKIPPED: win
++++ select-2.5 SKIPPED: win
++++ select-2.6 SKIPPED: win
---- select-2.7 start
++++ select-2.7 PASSED
---- select-3.1 start
++++ select-3.1 PASSED
---- select-3.2 start
++++ select-3.2 PASSED
---- select-3.3 start
++++ select-3.3 PASSED
---- select-3.4 start
++++ select-3.4 PASSED
---- select-3.5 start
++++ select-3.5 PASSED
---- select-3.6 start
++++ select-3.6 PASSED
++++ select-3.7 SKIPPED: x11
---- select-3.8 start
++++ select-3.8 PASSED
---- select-3.9 start
++++ select-3.9 PASSED
++++ select-3.10 SKIPPED: altDisplay
++++ select-3.11 SKIPPED: altDisplay
---- select-4.1 start
++++ select-4.1 PASSED
---- select-4.2 start
++++ select-4.2 PASSED
---- select-4.3 start
++++ select-4.3 PASSED
++++ select-4.4 SKIPPED: x11
++++ select-4.5 SKIPPED: altDisplay
++++ select-4.6 SKIPPED: x11
---- select-5.1 start
++++ select-5.1 PASSED
---- select-5.2 start
++++ select-5.2 PASSED
---- select-5.3 start
++++ select-5.3 PASSED
---- select-5.4 start
++++ select-5.4 PASSED
---- select-5.5 start
++++ select-5.5 PASSED
---- select-5.6 start
++++ select-5.6 PASSED
---- select-5.7 start
++++ select-5.7 PASSED
---- select-5.8 start
++++ select-5.8 PASSED
++++ select-5.9 SKIPPED: x11
++++ select-5.10 SKIPPED: x11
++++ select-5.11 SKIPPED: altDisplay
++++ select-5.12 SKIPPED: altDisplay
++++ select-5.13 SKIPPED: x11
++++ select-5.14 SKIPPED: x11
---- select-5.15 start
++++ select-5.15 PASSED
---- select-6.1 start
++++ select-6.1 PASSED
---- select-6.2 start
++++ select-6.2 PASSED
---- select-6.3 start
++++ select-6.3 PASSED
---- select-6.4 start
++++ select-6.4 PASSED
---- select-6.5 start
++++ select-6.5 PASSED
---- select-6.6 start
++++ select-6.6 PASSED
---- select-6.7 start
++++ select-6.7 PASSED
---- select-6.8 start
++++ select-6.8 PASSED
---- select-6.9 start
++++ select-6.9 PASSED
---- select-6.10 start
++++ select-6.10 PASSED
---- select-6.11 start
++++ select-6.11 PASSED
---- select-6.12 start
++++ select-6.12 PASSED
---- select-6.13 start
++++ select-6.13 PASSED
---- select-6.14 start
++++ select-6.14 PASSED
---- select-6.15 start
++++ select-6.15 PASSED
---- select-6.16 start
++++ select-6.16 PASSED
---- select-6.17 start
++++ select-6.17 PASSED
---- select-6.18 start
++++ select-6.18 PASSED
---- select-6.19 start
++++ select-6.19 PASSED
---- select-6.20 start
++++ select-6.20 PASSED
---- select-6.21 start
++++ select-6.21 PASSED
---- select-6.22 start
++++ select-6.22 PASSED
---- select-6.23 start
++++ select-6.23 PASSED
---- select-6.24 start
++++ select-6.24 PASSED
---- select-6.25 start
++++ select-6.25 PASSED
---- select-6.26 start
++++ select-6.26 PASSED
---- select-6.27 start
++++ select-6.27 PASSED
---- select-6.28 start
++++ select-6.28 PASSED
---- select-6.29 start
++++ select-6.29 PASSED
---- select-6.30 start
++++ select-6.30 PASSED
---- select-6.31 start
++++ select-6.31 PASSED
---- select-6.32 start
++++ select-6.32 PASSED
---- select-6.33 start
++++ select-6.33 PASSED
---- select-6.34 start
++++ select-6.34 PASSED
---- select-6.35 start
++++ select-6.35 PASSED
---- select-6.36 start
++++ select-6.36 PASSED
---- select-6.37 start
++++ select-6.37 PASSED
---- select-6.38 start
++++ select-6.38 PASSED
---- select-6.39 start
++++ select-6.39 PASSED
++++ select-7.1 SKIPPED: nonPortable
++++ select-8.1 SKIPPED: x11
++++ select-9.1 SKIPPED: x11
++++ select-9.2 SKIPPED: x11
++++ select-9.3 SKIPPED: x11
++++ select-9.4 SKIPPED: x11
++++ select-9.5 SKIPPED: x11
++++ select-10.1 SKIPPED: x11
++++ select-10.2 SKIPPED: x11
++++ select-10.3 SKIPPED: x11
++++ select-10.4 SKIPPED: x11
++++ select-10.5 SKIPPED: x11
++++ select-10.6 SKIPPED: x11
++++ select-11.1 SKIPPED: x11
++++ select-12.1 SKIPPED: x11
++++ select-12.2 SKIPPED: x11
++++ select-12.3 SKIPPED: x11
++++ select-12.4 SKIPPED: x11
++++ select-12.5 SKIPPED: x11
---- select-12.6 start
++++ select-12.6 PASSED
++++ select-13.1 SKIPPED: x11
++++ select-14.1 SKIPPED: cliboardManagerPresent
send.test
++++ send-1.1 SKIPPED: testsend
++++ send-1.2 SKIPPED: testsend
++++ send-1.3 SKIPPED: testsend
++++ send-2.1 SKIPPED: testsend
++++ send-2.2 SKIPPED: testsend
++++ send-2.3 SKIPPED: testsend
++++ send-2.4 SKIPPED: testsend
++++ send-3.1 SKIPPED: testsend
++++ send-3.2 SKIPPED: testsend
++++ send-3.3 SKIPPED: testsend
++++ send-3.4 SKIPPED: testsend
++++ send-3.5 SKIPPED: testsend
++++ send-4.1 SKIPPED: testsend
++++ send-4.2 SKIPPED: testsend
++++ send-5.1 SKIPPED: testsend
++++ send-5.2 SKIPPED: testsend
++++ send-5.3 SKIPPED: testsend
++++ send-5.4 SKIPPED: testsend
++++ send-6.1 SKIPPED: nonPortable
++++ send-6.2 SKIPPED: nonPortable
++++ send-6.3 SKIPPED: nonPortable
++++ send-7.1 SKIPPED: testsend
++++ send-7.2 SKIPPED: testsend
++++ send-7.3 SKIPPED: testsend
++++ send-7.4 SKIPPED: testsend
++++ send-8.1 SKIPPED: notAqua
++++ send-8.2 SKIPPED: altDisplay
++++ send-8.3 SKIPPED: notAqua
---- send-8.4 start
++++ send-8.4 PASSED
---- send-8.5 start
++++ send-8.5 PASSED
---- send-8.6 start
++++ send-8.6 PASSED
---- send-8.7 start
++++ send-8.7 PASSED
---- send-8.8 start
++++ send-8.8 PASSED
---- send-8.9 start
++++ send-8.9 PASSED
++++ send-8.10 SKIPPED: notAqua
++++ send-8.11 SKIPPED: testsend
++++ send-8.12 SKIPPED: testsend
++++ send-8.13 SKIPPED: testsend
++++ send-8.14 SKIPPED: testsend
++++ send-8.15 SKIPPED: testsend
++++ send-8.16 SKIPPED: testsend
++++ send-8.17 SKIPPED: nonPortable
---- send-8.18 start
++++ send-8.18 PASSED
---- send-8.19 start
++++ send-8.19 PASSED
++++ send-9.1 SKIPPED: testsend
++++ send-9.2 SKIPPED: testsend
++++ send-9.3 SKIPPED: testsend
++++ send-10.1 SKIPPED: testsend
++++ send-10.2 SKIPPED: testsend
++++ send-10.3 SKIPPED: testsend
++++ send-10.4 SKIPPED: testsend
++++ send-10.5 SKIPPED: testsend
++++ send-10.6 SKIPPED: testsend
++++ send-10.7 SKIPPED: testsend
++++ send-10.8 SKIPPED: testsend
++++ send-10.9 SKIPPED: testsend
++++ send-10.10 SKIPPED: testsend
++++ send-10.11 SKIPPED: testsend
++++ send-10.12 SKIPPED: testsend
++++ send-10.13 SKIPPED: testsend
++++ send-10.14 SKIPPED: testsend
++++ send-10.15 SKIPPED: testsend
++++ send-10.16 SKIPPED: testsend
++++ send-10.17 SKIPPED: testsend
++++ send-10.18 SKIPPED: testsend
++++ send-10.19 SKIPPED: testsend
++++ send-11.1 SKIPPED: testsend
++++ send-11.2 SKIPPED: testsend
++++ send-12.1 SKIPPED: testsend
++++ send-12.2 SKIPPED: notAqua
++++ send-13.1 SKIPPED: notAqua
++++ send-13.2 SKIPPED: notAqua
++++ send-14.1 SKIPPED: altDisplay
++++ send-15.1 SKIPPED: testsend
spinbox.test
---- spinbox-1.1 start
++++ spinbox-1.1 PASSED
---- spinbox-1.2 start
++++ spinbox-1.2 PASSED
---- spinbox-1.3 start
++++ spinbox-1.3 PASSED
---- spinbox-1.4 start
++++ spinbox-1.4 PASSED
---- spinbox-1.5 start
++++ spinbox-1.5 PASSED
---- spinbox-1.6 start
++++ spinbox-1.6 PASSED
---- spinbox-1.7 start
++++ spinbox-1.7 PASSED
---- spinbox-1.8 start
++++ spinbox-1.8 PASSED
---- spinbox-1.9 start
++++ spinbox-1.9 PASSED
---- spinbox-1.10 start
++++ spinbox-1.10 PASSED
---- spinbox-1.11 start
++++ spinbox-1.11 PASSED
---- spinbox-1.12 start
++++ spinbox-1.12 PASSED
---- spinbox-1.13 start
++++ spinbox-1.13 PASSED
---- spinbox-1.14 start
++++ spinbox-1.14 PASSED
---- spinbox-1.15 start
++++ spinbox-1.15 PASSED
---- spinbox-1.16 start
++++ spinbox-1.16 PASSED
---- spinbox-1.17 start
++++ spinbox-1.17 PASSED
---- spinbox-1.18 start
++++ spinbox-1.18 PASSED
---- spinbox-1.19 start
++++ spinbox-1.19 PASSED
---- spinbox-1.20 start
++++ spinbox-1.20 PASSED
---- spinbox-1.21 start
++++ spinbox-1.21 PASSED
---- spinbox-1.22 start
++++ spinbox-1.22 PASSED
---- spinbox-1.23 start
++++ spinbox-1.23 PASSED
---- spinbox-1.24 start
++++ spinbox-1.24 PASSED
---- spinbox-1.25 start
++++ spinbox-1.25 PASSED
---- spinbox-1.26 start
++++ spinbox-1.26 PASSED
---- spinbox-1.27 start
++++ spinbox-1.27 PASSED
---- spinbox-1.28 start
++++ spinbox-1.28 PASSED
---- spinbox-1.29 start
++++ spinbox-1.29 PASSED
---- spinbox-1.30 start
++++ spinbox-1.30 PASSED
---- spinbox-1.31 start
++++ spinbox-1.31 PASSED
---- spinbox-1.32 start
++++ spinbox-1.32 PASSED
---- spinbox-1.33 start
++++ spinbox-1.33 PASSED
---- spinbox-1.34 start
++++ spinbox-1.34 PASSED
---- spinbox-1.35 start
++++ spinbox-1.35 PASSED
---- spinbox-1.36 start
++++ spinbox-1.36 PASSED
---- spinbox-1.37 start
++++ spinbox-1.37 PASSED
---- spinbox-1.38 start
++++ spinbox-1.38 PASSED
---- spinbox-1.39 start
++++ spinbox-1.39 PASSED
---- spinbox-1.40 start
++++ spinbox-1.40 PASSED
---- spinbox-1.41 start
++++ spinbox-1.41 PASSED
---- spinbox-1.42 start
++++ spinbox-1.42 PASSED
---- spinbox-1.43 start
++++ spinbox-1.43 PASSED
---- spinbox-1.44 start
++++ spinbox-1.44 PASSED
---- spinbox-1.45 start
++++ spinbox-1.45 PASSED
---- spinbox-1.46 start
++++ spinbox-1.46 PASSED
---- spinbox-1.47 start
++++ spinbox-1.47 PASSED
---- spinbox-1.48 start
++++ spinbox-1.48 PASSED
---- spinbox-1.49 start
++++ spinbox-1.49 PASSED
---- spinbox-1.50 start
++++ spinbox-1.50 PASSED
---- spinbox-1.51 start
++++ spinbox-1.51 PASSED
---- spinbox-1.52 start
++++ spinbox-1.52 PASSED
---- spinbox-1.53 start
++++ spinbox-1.53 PASSED
---- spinbox-1.54 start
++++ spinbox-1.54 PASSED
---- spinbox-1.55 start
++++ spinbox-1.55 PASSED
---- spinbox-1.56 start
++++ spinbox-1.56 PASSED
---- spinbox-1.57 start
++++ spinbox-1.57 PASSED
---- spinbox-1.58 start
++++ spinbox-1.58 PASSED
---- spinbox-1.59 start
++++ spinbox-1.59 PASSED
---- spinbox-1.60 start
++++ spinbox-1.60 PASSED
---- spinbox-1.61 start
++++ spinbox-1.61 PASSED
---- spinbox-1.62 start
++++ spinbox-1.62 PASSED
---- spinbox-1.63 start
++++ spinbox-1.63 PASSED
---- spinbox-1.64 start
++++ spinbox-1.64 PASSED
---- spinbox-1.65 start
++++ spinbox-1.65 PASSED
---- spinbox-1.66 start
++++ spinbox-1.66 PASSED
---- spinbox-1.67 start
++++ spinbox-1.67 PASSED
---- spinbox-1.68 start
++++ spinbox-1.68 PASSED
---- spinbox-1.69 start
++++ spinbox-1.69 PASSED
---- spinbox-1.70 start
++++ spinbox-1.70 PASSED
---- spinbox-1.71 start
++++ spinbox-1.71 PASSED
---- spinbox-1.72 start
++++ spinbox-1.72 PASSED
---- spinbox-1.73 start
++++ spinbox-1.73 PASSED
---- spinbox-1.74 start
++++ spinbox-1.74 PASSED
---- spinbox-1.75 start
++++ spinbox-1.75 PASSED
---- spinbox-1.76 start
++++ spinbox-1.76 PASSED
---- spinbox-1.77 start
++++ spinbox-1.77 PASSED
---- spinbox-1.78 start
++++ spinbox-1.78 PASSED
---- spinbox-1.79 start
++++ spinbox-1.79 PASSED
---- spinbox-1.80 start
++++ spinbox-1.80 PASSED
---- spinbox-1.81 start
++++ spinbox-1.81 PASSED
---- spinbox-1.82 start
++++ spinbox-1.82 PASSED
---- spinbox-1.83 start
++++ spinbox-1.83 PASSED
---- spinbox-1.84 start
++++ spinbox-1.84 PASSED
---- spinbox-1.85 start
++++ spinbox-1.85 PASSED
---- spinbox-2.1 start
++++ spinbox-2.1 PASSED
---- spinbox-2.2 start
++++ spinbox-2.2 PASSED
---- spinbox-2.3 start
++++ spinbox-2.3 PASSED
---- spinbox-2.4 start
++++ spinbox-2.4 PASSED
---- spinbox-2.4.1 start
++++ spinbox-2.4.1 PASSED
---- spinbox-2.5 start
++++ spinbox-2.5 PASSED
---- spinbox-3.1 start
++++ spinbox-3.1 PASSED
---- spinbox-3.2 start
++++ spinbox-3.2 PASSED
---- spinbox-3.3 start
++++ spinbox-3.3 PASSED
---- spinbox-3.4 start
++++ spinbox-3.4 PASSED
---- spinbox-3.5 start
++++ spinbox-3.5 PASSED
++++ spinbox-3.6 SKIPPED: fonts
++++ spinbox-3.7 SKIPPED: fonts
++++ spinbox-3.8 SKIPPED: fonts
---- spinbox-3.9 start
++++ spinbox-3.9 PASSED
++++ spinbox-3.10 SKIPPED: fonts
---- spinbox-3.11 start
++++ spinbox-3.11 PASSED
---- spinbox-3.12 start
++++ spinbox-3.12 PASSED
---- spinbox-3.13 start
++++ spinbox-3.13 PASSED
---- spinbox-3.14 start
++++ spinbox-3.14 PASSED
---- spinbox-3.15 start
++++ spinbox-3.15 PASSED
---- spinbox-3.16 start
++++ spinbox-3.16 PASSED
---- spinbox-3.17 start
++++ spinbox-3.17 PASSED
---- spinbox-3.18 start
++++ spinbox-3.18 PASSED
---- spinbox-3.19 start
++++ spinbox-3.19 PASSED
---- spinbox-3.20 start
++++ spinbox-3.20 PASSED
---- spinbox-3.21 start
++++ spinbox-3.21 PASSED
---- spinbox-3.22 start
++++ spinbox-3.22 PASSED
---- spinbox-3.23 start
++++ spinbox-3.23 PASSED
---- spinbox-3.24 start
++++ spinbox-3.24 PASSED
---- spinbox-3.25 start
++++ spinbox-3.25 PASSED
---- spinbox-3.26 start
++++ spinbox-3.26 PASSED
---- spinbox-3.26.1 start
++++ spinbox-3.26.1 PASSED
---- spinbox-3.27 start
++++ spinbox-3.27 PASSED
---- spinbox-3.28 start
++++ spinbox-3.28 PASSED
---- spinbox-3.29 start
++++ spinbox-3.29 PASSED
---- spinbox-3.30 start
++++ spinbox-3.30 PASSED
---- spinbox-3.31 start
++++ spinbox-3.31 PASSED
---- spinbox-3.32 start
++++ spinbox-3.32 PASSED
---- spinbox-3.33 start
++++ spinbox-3.33 PASSED
---- spinbox-3.34 start
++++ spinbox-3.34 PASSED
---- spinbox-3.35 start
++++ spinbox-3.35 PASSED
---- spinbox-3.36 start
++++ spinbox-3.36 PASSED
---- spinbox-3.37 start
++++ spinbox-3.37 PASSED
---- spinbox-3.38 start
++++ spinbox-3.38 PASSED
---- spinbox-3.39 start
++++ spinbox-3.39 PASSED
---- spinbox-3.40 start
++++ spinbox-3.40 PASSED
---- spinbox-3.40.1 start
++++ spinbox-3.40.1 PASSED
---- spinbox-3.41 start
++++ spinbox-3.41 PASSED
---- spinbox-3.42 start
++++ spinbox-3.42 PASSED
---- spinbox-3.43 start
++++ spinbox-3.43 PASSED
---- spinbox-3.44 start
++++ spinbox-3.44 PASSED
---- spinbox-3.45 start
++++ spinbox-3.45 PASSED
++++ spinbox-3.46 SKIPPED: fonts
---- spinbox-3.47 start
++++ spinbox-3.47 PASSED
---- spinbox-3.48 start
++++ spinbox-3.48 PASSED
---- spinbox-3.49 start
++++ spinbox-3.49 PASSED
---- spinbox-3.50 start
++++ spinbox-3.50 PASSED
---- spinbox-3.50.1 start
++++ spinbox-3.50.1 PASSED
---- spinbox-3.51 start
++++ spinbox-3.51 PASSED
---- spinbox-3.52 start
++++ spinbox-3.52 PASSED
---- spinbox-3.53 start
++++ spinbox-3.53 PASSED
---- spinbox-3.54 start
++++ spinbox-3.54 PASSED
---- spinbox-3.55 start
++++ spinbox-3.55 PASSED
---- spinbox-3.56 start
++++ spinbox-3.56 PASSED
---- spinbox-3.57 start
++++ spinbox-3.57 PASSED
---- spinbox-3.58 start
++++ spinbox-3.58 PASSED
---- spinbox-3.59 start
++++ spinbox-3.59 PASSED
---- spinbox-3.60 start
++++ spinbox-3.60 PASSED
---- spinbox-3.61 start
++++ spinbox-3.61 PASSED
---- spinbox-3.62 start
++++ spinbox-3.62 PASSED
---- spinbox-3.63 start
++++ spinbox-3.63 PASSED
---- spinbox-3.64 start
++++ spinbox-3.64 PASSED
---- spinbox-3.64.1 start
++++ spinbox-3.64.1 PASSED
---- spinbox-3.64.2 start
++++ spinbox-3.64.2 PASSED
---- spinbox-3.65 start
++++ spinbox-3.65 PASSED
---- spinbox-3.66 start
++++ spinbox-3.66 PASSED
---- spinbox-3.67 start
++++ spinbox-3.67 PASSED
---- spinbox-3.68 start
++++ spinbox-3.68 PASSED
---- spinbox-3.69 start
++++ spinbox-3.69 PASSED
---- spinbox-3.70 start
++++ spinbox-3.70 PASSED
---- spinbox-3.71 start
++++ spinbox-3.71 PASSED
---- spinbox-3.72 start
++++ spinbox-3.72 PASSED
---- spinbox-3.73 start
++++ spinbox-3.73 PASSED
---- spinbox-3.74 start
++++ spinbox-3.74 PASSED
---- spinbox-3.75 start
++++ spinbox-3.75 PASSED
---- spinbox-3.76 start
++++ spinbox-3.76 PASSED
---- spinbox-3.77 start
++++ spinbox-3.77 PASSED
---- spinbox-3.78 start
++++ spinbox-3.78 PASSED
---- spinbox-3.79 start
++++ spinbox-3.79 PASSED
---- spinbox-3.80 start
++++ spinbox-3.80 PASSED
---- spinbox-3.81 start
++++ spinbox-3.81 PASSED
---- spinbox-3.82 start
++++ spinbox-3.82 PASSED
---- spinbox-5.1 start
++++ spinbox-5.1 PASSED
---- spinbox-5.2 start
++++ spinbox-5.2 PASSED
---- spinbox-5.3 start
++++ spinbox-5.3 PASSED
---- spinbox-5.4 start
++++ spinbox-5.4 PASSED
---- spinbox-5.5 start
++++ spinbox-5.5 PASSED
---- spinbox-5.6 start
++++ spinbox-5.6 PASSED
---- spinbox-5.6.1 start
++++ spinbox-5.6.1 PASSED
---- spinbox-5.7 start
++++ spinbox-5.7 PASSED
++++ spinbox-5.8 SKIPPED: fonts
++++ spinbox-5.9 SKIPPED: fonts
++++ spinbox-5.10 SKIPPED: fonts
---- spinbox-5.11 start
++++ spinbox-5.11 PASSED
---- spinbox-5.12 start
++++ spinbox-5.12 PASSED
++++ spinbox-6.1 SKIPPED: fonts
++++ spinbox-6.2 SKIPPED: fonts
++++ spinbox-6.3 SKIPPED: fonts
---- spinbox-6.4 start
++++ spinbox-6.4 PASSED
---- spinbox-6.5 start
++++ spinbox-6.5 PASSED
++++ spinbox-6.6 SKIPPED: fonts
++++ spinbox-6.7 SKIPPED: fonts
++++ spinbox-6.8 SKIPPED: fonts
++++ spinbox-6.9 SKIPPED: fonts
---- spinbox-7.1 start
++++ spinbox-7.1 PASSED
---- spinbox-7.2 start
++++ spinbox-7.2 PASSED
---- spinbox-7.3 start
++++ spinbox-7.3 PASSED
---- spinbox-7.4 start
++++ spinbox-7.4 PASSED
---- spinbox-7.5 start
++++ spinbox-7.5 PASSED
---- spinbox-7.6 start
++++ spinbox-7.6 PASSED
---- spinbox-7.7 start
++++ spinbox-7.7 PASSED
---- spinbox-7.8 start
++++ spinbox-7.8 PASSED
---- spinbox-7.9 start
++++ spinbox-7.9 PASSED
---- spinbox-7.10 start
++++ spinbox-7.10 PASSED
++++ spinbox-7.11 SKIPPED: fonts
---- spinbox-8.1 start
++++ spinbox-8.1 PASSED
---- spinbox-8.2 start
++++ spinbox-8.2 PASSED
---- spinbox-8.3 start
++++ spinbox-8.3 PASSED
---- spinbox-8.4 start
++++ spinbox-8.4 PASSED
---- spinbox-8.5 start
++++ spinbox-8.5 PASSED
---- spinbox-8.6 start
++++ spinbox-8.6 PASSED
---- spinbox-8.7 start
++++ spinbox-8.7 PASSED
---- spinbox-8.8 start
++++ spinbox-8.8 PASSED
---- spinbox-8.9 start
++++ spinbox-8.9 PASSED
---- spinbox-8.10 start
++++ spinbox-8.10 PASSED
---- spinbox-8.11 start
++++ spinbox-8.11 PASSED
---- spinbox-8.12 start
++++ spinbox-8.12 PASSED
---- spinbox-8.13 start
++++ spinbox-8.13 PASSED
---- spinbox-8.14 start
++++ spinbox-8.14 PASSED
---- spinbox-8.15 start
++++ spinbox-8.15 PASSED
---- spinbox-8.16 start
++++ spinbox-8.16 PASSED
---- spinbox-8.17 start
++++ spinbox-8.17 PASSED
---- spinbox-8.18 start
++++ spinbox-8.18 PASSED
---- spinbox-9.1 start
++++ spinbox-9.1 PASSED
++++ spinbox-10.1 SKIPPED: fonts
---- spinbox-10.2 start
++++ spinbox-10.2 PASSED
---- spinbox-10.3 start
++++ spinbox-10.3 PASSED
---- spinbox-10.4 start
++++ spinbox-10.4 PASSED
---- spinbox-10.5 start
++++ spinbox-10.5 PASSED
---- spinbox-10.6 start
++++ spinbox-10.6 PASSED
---- spinbox-10.7 start
++++ spinbox-10.7 PASSED
---- spinbox-10.8 start
++++ spinbox-10.8 PASSED
---- spinbox-11.1 start
++++ spinbox-11.1 PASSED
---- spinbox-11.2 start
++++ spinbox-11.2 PASSED
---- spinbox-12.1 start
++++ spinbox-12.1 PASSED
---- spinbox-13.1 start
++++ spinbox-13.1 PASSED
---- spinbox-13.2 start
++++ spinbox-13.2 PASSED
---- spinbox-13.3 start
++++ spinbox-13.3 PASSED
---- spinbox-13.4 start
++++ spinbox-13.4 PASSED
---- spinbox-13.5 start
++++ spinbox-13.5 PASSED
---- spinbox-13.6 start
++++ spinbox-13.6 PASSED
---- spinbox-13.7 start
++++ spinbox-13.7 PASSED
---- spinbox-13.8 start
++++ spinbox-13.8 PASSED
---- spinbox-13.9 start
++++ spinbox-13.9 PASSED
++++ spinbox-13.10 SKIPPED: x11
---- spinbox-13.11 start
++++ spinbox-13.11 PASSED
++++ spinbox-13.12 SKIPPED: x11
---- spinbox-13.12.1 start
++++ spinbox-13.12.1 PASSED
++++ spinbox-13.13 SKIPPED: win
++++ spinbox-13.14 SKIPPED: win
++++ spinbox-13.14.1 SKIPPED: win
---- spinbox-13.15 start
++++ spinbox-13.15 PASSED
++++ spinbox-13.16 SKIPPED: fonts
++++ spinbox-13.17 SKIPPED: fonts
++++ spinbox-13.18 SKIPPED: fonts
++++ spinbox-13.19 SKIPPED: fonts
++++ spinbox-13.20 SKIPPED: fonts
---- spinbox-13.21 start
++++ spinbox-13.21 PASSED
---- spinbox-13.22 start
++++ spinbox-13.22 PASSED
---- spinbox-13.23 start
++++ spinbox-13.23 PASSED
---- spinbox-13.24 start
++++ spinbox-13.24 PASSED
---- spinbox-13.25 start
++++ spinbox-13.25 PASSED
---- spinbox-14.1 start
++++ spinbox-14.1 PASSED
---- spinbox-14.3 start
++++ spinbox-14.3 PASSED
---- spinbox-15.1 start
++++ spinbox-15.1 PASSED
++++ spinbox-16.1 SKIPPED: fonts
---- spinbox-16.2 start
++++ spinbox-16.2 PASSED
---- spinbox-17.1 start
++++ spinbox-17.1 PASSED
---- spinbox-17.2 start
++++ spinbox-17.2 PASSED
---- spinbox-17.3 start
++++ spinbox-17.3 PASSED
---- spinbox-17.4 start
++++ spinbox-17.4 PASSED
---- spinbox-18.1 start
++++ spinbox-18.1 PASSED
---- spinbox-19.1 start
++++ spinbox-19.1 PASSED
---- spinbox-19.2 start
++++ spinbox-19.2 PASSED
---- spinbox-19.3 start
++++ spinbox-19.3 PASSED
---- spinbox-19.4 start
++++ spinbox-19.4 PASSED
---- spinbox-19.5 start
++++ spinbox-19.5 PASSED
---- spinbox-19.6 start
++++ spinbox-19.6 PASSED
---- spinbox-19.7 start
++++ spinbox-19.7 PASSED
---- spinbox-19.8 start
++++ spinbox-19.8 PASSED
---- spinbox-19.9 start
++++ spinbox-19.9 PASSED
---- spinbox-19.10 start
++++ spinbox-19.10 PASSED
---- spinbox-19.11 start
++++ spinbox-19.11 PASSED
---- spinbox-19.12 start
++++ spinbox-19.12 PASSED
---- spinbox-19.13 start
++++ spinbox-19.13 PASSED
---- spinbox-19.14 start
++++ spinbox-19.14 PASSED
---- spinbox-19.15 start
++++ spinbox-19.15 PASSED
---- spinbox-19.16 start
++++ spinbox-19.16 PASSED
---- spinbox-19.17 start
++++ spinbox-19.17 PASSED
---- spinbox-19.18 start
++++ spinbox-19.18 PASSED
---- spinbox-19.19 start
++++ spinbox-19.19 PASSED
---- spinbox-19.20 start
++++ spinbox-19.20 PASSED
---- spinbox-19.21 start
++++ spinbox-19.21 PASSED
---- spinbox-20.1 start
++++ spinbox-20.1 PASSED
---- spinbox-20.2 start
++++ spinbox-20.2 PASSED
---- spinbox-20.3 start
++++ spinbox-20.3 PASSED
---- spinbox-20.4 start
++++ spinbox-20.4 PASSED
---- spinbox-20.5 start
++++ spinbox-20.5 PASSED
---- spinbox-20.6 start
++++ spinbox-20.6 PASSED
---- spinbox-20.7 start
++++ spinbox-20.7 PASSED
---- spinbox-20.8 start
++++ spinbox-20.8 PASSED
---- spinbox-20.9 start
++++ spinbox-20.9 PASSED
---- spinbox-20.10 start
++++ spinbox-20.10 PASSED
---- spinbox-20.11 start
++++ spinbox-20.11 PASSED
---- spinbox-20.12 start
++++ spinbox-20.12 PASSED
---- spinbox-21.1 start
++++ spinbox-21.1 PASSED
---- spinbox-22.1 start
++++ spinbox-22.1 PASSED
---- spinbox-22.2 start
++++ spinbox-22.2 PASSED
---- spinbox-22.3 start
++++ spinbox-22.3 PASSED
---- spinbox-23.1 start
++++ spinbox-23.1 PASSED
---- spinbox-24.1 start
++++ spinbox-24.1 PASSED
---- spinbox-25.1 start
++++ spinbox-25.1 PASSED
---- spinbox-25.3 start
++++ spinbox-25.3 PASSED
systray.test
---- systray-1 start
++++ systray-1 PASSED
---- systray-2 start
++++ systray-2 PASSED
---- systray-3 start
++++ systray-3 PASSED
---- systray-4 start
++++ systray-4 PASSED
---- systray-5 start
++++ systray-5 PASSED
---- systray-6 start
++++ systray-6 PASSED
---- systray-7 start
++++ systray-7 PASSED
---- systray-8 start
++++ systray-8 PASSED
---- systray-9 start
++++ systray-9 PASSED
---- systray-10 start
++++ systray-10 PASSED
---- systray-11 start
++++ systray-11 PASSED
---- systray-12 start
++++ systray-12 PASSED
---- systray-13 start
++++ systray-13 PASSED
---- systray-14 start
++++ systray-14 PASSED
---- systray-15 start
++++ systray-15 PASSED
---- systray-16 start
++++ systray-16 PASSED
---- systray-17 start
++++ systray-17 PASSED
---- systray-18 start
++++ systray-18 PASSED
---- sysnotify-1 start
++++ sysnotify-1 PASSED
++++ sysnotify-2.1 SKIPPED: win
---- sysnotify-2.2 start
++++ sysnotify-2.2 PASSED
text.test
---- text-1.1 start
++++ text-1.1 PASSED
---- text-1.1b start
++++ text-1.1b PASSED
---- text-1.2 start
++++ text-1.2 PASSED
---- text-1.3 start
++++ text-1.3 PASSED
---- text-1.4 start
++++ text-1.4 PASSED
---- text-1.5 start
++++ text-1.5 PASSED
---- text-1.6 start
++++ text-1.6 PASSED
---- text-1.7 start
++++ text-1.7 PASSED
---- text-1.8 start
++++ text-1.8 PASSED
---- text-1.9 start
++++ text-1.9 PASSED
---- text-1.10 start
++++ text-1.10 PASSED
---- text-1.11 start
++++ text-1.11 PASSED
---- text-1.12 start
++++ text-1.12 PASSED
---- text-1.13 start
++++ text-1.13 PASSED
---- text-1.14 start
++++ text-1.14 PASSED
---- text-1.15 start
++++ text-1.15 PASSED
---- text-1.16 start
++++ text-1.16 PASSED
---- text-1.17 start
++++ text-1.17 PASSED
---- text-1.18 start
++++ text-1.18 PASSED
---- text-1.19 start
++++ text-1.19 PASSED
---- text-1.20 start
++++ text-1.20 PASSED
---- text-1.21 start
++++ text-1.21 PASSED
---- text-1.22 start
++++ text-1.22 PASSED
---- text-1.23 start
++++ text-1.23 PASSED
---- text-1.24 start
++++ text-1.24 PASSED
---- text-1.25 start
++++ text-1.25 PASSED
---- text-1.26 start
++++ text-1.26 PASSED
---- text-1.27 start
++++ text-1.27 PASSED
---- text-1.28 start
++++ text-1.28 PASSED
---- text-1.29 start
++++ text-1.29 PASSED
---- text-1.30 start
++++ text-1.30 PASSED
---- text-1.31 start
++++ text-1.31 PASSED
---- text-1.32 start
++++ text-1.32 PASSED
---- text-1.33 start
++++ text-1.33 PASSED
---- text-1.34 start
++++ text-1.34 PASSED
---- text-1.35 start
++++ text-1.35 PASSED
---- text-1.36 start
++++ text-1.36 PASSED
---- text-1.37 start
++++ text-1.37 PASSED
---- text-1.38 start
++++ text-1.38 PASSED
---- text-1.39 start
++++ text-1.39 PASSED
---- text-1.40 start
++++ text-1.40 PASSED
---- text-1.41 start
++++ text-1.41 PASSED
---- text-1.42 start
++++ text-1.42 PASSED
---- text-1.43 start
++++ text-1.43 PASSED
---- text-1.43b start
++++ text-1.43b PASSED
---- text-1.44 start
++++ text-1.44 PASSED
---- text-1.45 start
++++ text-1.45 PASSED
---- text-1.46 start
++++ text-1.46 PASSED
---- text-1.47 start
++++ text-1.47 PASSED
---- text-1.48 start
++++ text-1.48 PASSED
---- text-1.49 start
++++ text-1.49 PASSED
---- text-1.50 start
++++ text-1.50 PASSED
---- text-1.51 start
++++ text-1.51 PASSED
---- text-1.52 start
++++ text-1.52 PASSED
---- text-1.53 start
++++ text-1.53 PASSED
---- text-1.54 start
++++ text-1.54 PASSED
---- text-1.55 start
++++ text-1.55 PASSED
---- text-1.56 start
++++ text-1.56 PASSED
---- text-1.57 start
++++ text-1.57 PASSED
---- text-1.58 start
++++ text-1.58 PASSED
---- text-1.59 start
++++ text-1.59 PASSED
---- text-1.60 start
++++ text-1.60 PASSED
---- text-1.61 start
++++ text-1.61 PASSED
---- text-1.62 start
++++ text-1.62 PASSED
---- text-1.63 start
++++ text-1.63 PASSED
---- text-1.64 start
++++ text-1.64 PASSED
---- text-1.65 start
++++ text-1.65 PASSED
---- text-1.66 start
++++ text-1.66 PASSED
---- text-1.67 start
++++ text-1.67 PASSED
---- text-1.68 start
++++ text-1.68 PASSED
---- text-1.69 start
++++ text-1.69 PASSED
---- text-1.70 start
++++ text-1.70 PASSED
---- text-1.71 start
++++ text-1.71 PASSED
---- text-1.72 start
++++ text-1.72 PASSED
---- text-1.73 start
++++ text-1.73 PASSED
---- text-1.74 start
++++ text-1.74 PASSED
---- text-1.75 start
++++ text-1.75 PASSED
---- text-1.75b start
++++ text-1.75b PASSED
---- text-1.76 start
++++ text-1.76 PASSED
---- text-1.77 start
++++ text-1.77 PASSED
---- text-1.78 start
++++ text-1.78 PASSED
---- text-1.79 start
++++ text-1.79 PASSED
---- text-1.80 start
++++ text-1.80 PASSED
---- text-1.81 start
++++ text-1.81 PASSED
---- text-1.82 start
++++ text-1.82 PASSED
---- text-1.83 start
++++ text-1.83 PASSED
---- text-1.83.1 start
++++ text-1.83.1 PASSED
---- text-1.84 start
++++ text-1.84 PASSED
---- text-1.85 start
++++ text-1.85 PASSED
---- text-1.86 start
++++ text-1.86 PASSED
---- text-2.1 start
++++ text-2.1 PASSED
---- text-2.2 start
++++ text-2.2 PASSED
---- text-2.3 start
++++ text-2.3 PASSED
---- text-2.4 start
++++ text-2.4 PASSED
---- text-2.5 start
++++ text-2.5 PASSED
---- text-2.6 start
++++ text-2.6 PASSED
++++ text-2.7 SKIPPED: win
---- text-2.8 start
++++ text-2.8 PASSED
++++ text-2.9 SKIPPED: notAqua
---- text-2.10 start
++++ text-2.10 PASSED
---- text-3.1 start
++++ text-3.1 PASSED
---- text-3.2 start
++++ text-3.2 PASSED
---- text-4.1 start
++++ text-4.1 PASSED
---- text-4.2 start
++++ text-4.2 PASSED
---- text-4.3 start
++++ text-4.3 PASSED
---- text-5.1 start
++++ text-5.1 PASSED
---- text-5.2 start
++++ text-5.2 PASSED
---- text-5.3 start
++++ text-5.3 PASSED
---- text-5.4 start
++++ text-5.4 PASSED
---- text-6.1 start
++++ text-6.1 PASSED
---- text-6.2 start
++++ text-6.2 PASSED
---- text-6.3 start
++++ text-6.3 PASSED
---- text-6.4 start
++++ text-6.4 PASSED
---- text-6.5 start
++++ text-6.5 PASSED
---- text-6.6 start
++++ text-6.6 PASSED
---- text-6.7 start
++++ text-6.7 PASSED
---- text-6.8 start
++++ text-6.8 PASSED
---- text-6.9 start
++++ text-6.9 PASSED
---- text-6.10 start
++++ text-6.10 PASSED
---- text-6.11 start
++++ text-6.11 PASSED
---- text-6.12 start
++++ text-6.12 PASSED
---- text-6.13 start
++++ text-6.13 PASSED
---- text-6.14 start
++++ text-6.14 PASSED
---- text-7.1 start
++++ text-7.1 PASSED
---- text-7.2 start
++++ text-7.2 PASSED
---- text-7.3 start
++++ text-7.3 PASSED
---- text-7.4 start
++++ text-7.4 PASSED
---- text-8.1 start
++++ text-8.1 PASSED
---- text-8.2 start
++++ text-8.2 PASSED
---- text-8.3 start
++++ text-8.3 PASSED
---- text-8.4 start
++++ text-8.4 PASSED
---- text-8.5 start
++++ text-8.5 PASSED
---- text-8.6 start
++++ text-8.6 PASSED
---- text-8.7 start
++++ text-8.7 PASSED
---- text-8.8 start
++++ text-8.8 PASSED
---- text-8.9 start
++++ text-8.9 PASSED
---- text-8.10 start
++++ text-8.10 PASSED
---- text-8.11 start
++++ text-8.11 PASSED
---- text-8.12 start
++++ text-8.12 PASSED
---- text-8.13 start
++++ text-8.13 PASSED
---- text-8.14 start
++++ text-8.14 PASSED
---- text-8.15 start
++++ text-8.15 PASSED
---- text-8.16 start
++++ text-8.16 PASSED
---- text-8.17 start
++++ text-8.17 PASSED
---- text-8.18 start
++++ text-8.18 PASSED
---- text-8.19 start
++++ text-8.19 PASSED
---- text-8.20 start
++++ text-8.20 PASSED
---- text-8.21 start
++++ text-8.21 PASSED
---- text-8.22 start
++++ text-8.22 PASSED
---- text-8.23 start
++++ text-8.23 PASSED
---- text-8.24 start
++++ text-8.24 PASSED
---- text-8.25 start
++++ text-8.25 PASSED
---- text-8.26 start
++++ text-8.26 PASSED
---- text-8.27 start
++++ text-8.27 PASSED
---- text-8.28 start
++++ text-8.28 PASSED
---- text-9.1 start
++++ text-9.1 PASSED
---- text-9.2 start
++++ text-9.2 PASSED
---- text-9.3 start
++++ text-9.3 PASSED
---- text-9.4 start
++++ text-9.4 PASSED
---- text-9.5 start
++++ text-9.5 PASSED
---- text-9.6 start
++++ text-9.6 PASSED
---- text-9.7 start
++++ text-9.7 PASSED
---- text-9.8 start
++++ text-9.8 PASSED
---- text-9.9 start
++++ text-9.9 PASSED
---- text-9.10 start
++++ text-9.10 PASSED
---- text-9.11 start
++++ text-9.11 PASSED
---- text-9.12 start
++++ text-9.12 PASSED
---- text-9.13 start
++++ text-9.13 PASSED
---- text-9.14 start
++++ text-9.14 PASSED
---- text-9.15 start
++++ text-9.15 PASSED
---- text-9.16 start
++++ text-9.16 PASSED
---- text-9.17 start
++++ text-9.17 PASSED
---- text-9.18 start
++++ text-9.18 PASSED
---- text-9.19 start
++++ text-9.19 PASSED
---- text-9.20 start
++++ text-9.20 PASSED
---- text-9.21 start
++++ text-9.21 PASSED
---- text-9.22 start
++++ text-9.22 PASSED
---- text-9.23 start
++++ text-9.23 PASSED
---- text-9.24 start
++++ text-9.24 PASSED
---- text-9.25 start
++++ text-9.25 PASSED
---- text-9.26 start
++++ text-9.26 PASSED
---- text-9.27 start
++++ text-9.27 PASSED
---- text-9.28 start
++++ text-9.28 PASSED
---- text-9.29 start
++++ text-9.29 PASSED
---- text-9.30 start
++++ text-9.30 PASSED
---- text-9.31 start
++++ text-9.31 PASSED
---- text-10.1 start
++++ text-10.1 PASSED
---- text-10.2 start
++++ text-10.2 PASSED
---- text-10.3 start
++++ text-10.3 PASSED
---- text-10.4 start
++++ text-10.4 PASSED
---- text-10.5 start
++++ text-10.5 PASSED
---- text-10.6 start
++++ text-10.6 PASSED
---- text-10.7 start
++++ text-10.7 PASSED
---- text-10.8 start
++++ text-10.8 PASSED
---- text-10.9 start
++++ text-10.9 PASSED
---- text-10.10 start
++++ text-10.10 PASSED
---- text-10.11 start
++++ text-10.11 PASSED
---- text-10.12 start
++++ text-10.12 PASSED
---- text-10.13 start
++++ text-10.13 PASSED
---- text-10.14 start
++++ text-10.14 PASSED
---- text-10.15 start
++++ text-10.15 PASSED
---- text-10.16 start
++++ text-10.16 PASSED
---- text-10.17 start
++++ text-10.17 PASSED
---- text-10.18 start
++++ text-10.18 PASSED
---- text-10.19 start
++++ text-10.19 PASSED
---- text-10.20 start
++++ text-10.20 PASSED
---- text-10.21 start
++++ text-10.21 PASSED
---- text-10.22 start
++++ text-10.22 PASSED
---- text-10.23 start
++++ text-10.23 PASSED
---- text-10.24 start
++++ text-10.24 PASSED
---- text-10.25 start
++++ text-10.25 PASSED
---- text-10.26 start
++++ text-10.26 PASSED
---- text-10.27 start
++++ text-10.27 PASSED
---- text-10.28 start
++++ text-10.28 PASSED
---- text-10.29 start
++++ text-10.29 PASSED
---- text-10.30 start
++++ text-10.30 PASSED
---- text-10.31 start
++++ text-10.31 PASSED
---- text-10.32 start
++++ text-10.32 PASSED
---- text-10.33 start
++++ text-10.33 PASSED
---- text-10.34 start
++++ text-10.34 PASSED
---- text-10.35 start
++++ text-10.35 PASSED
---- text-10.36 start
++++ text-10.36 PASSED
---- text-10.37 start
++++ text-10.37 PASSED
---- text-10.38 start
++++ text-10.38 PASSED
---- text-10.39 start
++++ text-10.39 PASSED
---- text-10.40 start
++++ text-10.40 PASSED
---- text-10.41 start
++++ text-10.41 PASSED
---- text-10.42 start
++++ text-10.42 PASSED
---- text-11.1 start
++++ text-11.1 PASSED
---- text-11.2 start
++++ text-11.2 PASSED
---- text-11.3 start
++++ text-11.3 PASSED
---- text-11.4 start
++++ text-11.4 PASSED
---- text-11.5 start
++++ text-11.5 PASSED
---- text-11.6 start
++++ text-11.6 PASSED
---- text-11.7 start
++++ text-11.7 PASSED
---- text-11.8 start
++++ text-11.8 PASSED
---- text-11.9 start
++++ text-11.9 PASSED
---- text-11a.1 start
++++ text-11a.1 PASSED
---- text-11a.2 start
++++ text-11a.2 PASSED
---- text-11a.11 start
++++ text-11a.11 PASSED
---- text-11a.12 start
++++ text-11a.12 PASSED
---- text-11a.21 start
++++ text-11a.21 PASSED
---- text-11a.22 start
++++ text-11a.22 PASSED
---- text-11a.31 start
++++ text-11a.31 PASSED
---- text-11a.41 start
++++ text-11a.41 PASSED
---- text-11a.51 start
++++ text-11a.51 PASSED
---- text-12.1 start
++++ text-12.1 PASSED
---- text-12.2 start
++++ text-12.2 PASSED
---- text-12.3 start
++++ text-12.3 PASSED
---- text-12.4 start
++++ text-12.4 PASSED
---- text-12.5 start
++++ text-12.5 PASSED
---- text-13.1 start
++++ text-13.1 PASSED
---- text-13.2 start
++++ text-13.2 PASSED
---- text-13.3 start
++++ text-13.3 PASSED
---- text-13.4 start
++++ text-13.4 PASSED
---- text-13.5 start
++++ text-13.5 PASSED
---- text-13.6 start
++++ text-13.6 PASSED
---- text-13.7 start
++++ text-13.7 PASSED
---- text-13.8 start
++++ text-13.8 PASSED
---- text-13.9 start
++++ text-13.9 PASSED
---- text-13.10 start
++++ text-13.10 PASSED
---- text-14.1 start
++++ text-14.1 PASSED
---- text-14.2 start
++++ text-14.2 PASSED
---- text-14.3 start
++++ text-14.3 PASSED
---- text-14.4 start
++++ text-14.4 PASSED
---- text-14.5 start
++++ text-14.5 PASSED
---- text-14.6 start
++++ text-14.6 PASSED
---- text-14.7 start
++++ text-14.7 PASSED
---- text-14.8 start
++++ text-14.8 PASSED
---- text-14.9 start
++++ text-14.9 PASSED
---- text-14.10 start
++++ text-14.10 PASSED
---- text-14.11 start
++++ text-14.11 PASSED
---- text-14.12 start
++++ text-14.12 PASSED
---- text-14.13 start
++++ text-14.13 PASSED
---- text-14.14 start
++++ text-14.14 PASSED
---- text-14.15 start
++++ text-14.15 PASSED
---- text-14.16 start
++++ text-14.16 PASSED
---- text-14.17 start
++++ text-14.17 PASSED
++++ text-14.18 SKIPPED: fonts
---- text-14.19 start
++++ text-14.19 PASSED
---- text-14.20 start
++++ text-14.20 PASSED
++++ text-15.1 SKIPPED: fonts
---- text-16.1 start
++++ text-16.1 PASSED
---- text-17.1 start
++++ text-17.1 PASSED
++++ text-17.2 SKIPPED: fonts
---- text-18.1 start
++++ text-18.1 PASSED
---- text-18.2 start
++++ text-18.2 PASSED
---- text-18.3 start
++++ text-18.3 PASSED
---- text-18.4 start
++++ text-18.4 PASSED
---- text-18.5 start
++++ text-18.5 PASSED
---- text-18.6 start
++++ text-18.6 PASSED
---- text-18.7 start
++++ text-18.7 PASSED
---- text-19.1 start
++++ text-19.1 PASSED
---- text-19.2 start
++++ text-19.2 PASSED
---- text-19.3 start
++++ text-19.3 PASSED
---- text-19.4 start
++++ text-19.4 PASSED
---- text-19.5 start
++++ text-19.5 PASSED
---- text-19.6 start
++++ text-19.6 PASSED
---- text-19.7 start
++++ text-19.7 PASSED
---- text-19.8 start
++++ text-19.8 PASSED
---- text-19.9 start
++++ text-19.9 PASSED
---- text-19.10 start
++++ text-19.10 PASSED
---- text-19.11 start
++++ text-19.11 PASSED
---- text-19.12 start
++++ text-19.12 PASSED
---- text-19.13 start
++++ text-19.13 PASSED
---- text-19.14 start
++++ text-19.14 PASSED
---- text-19.15 start
++++ text-19.15 PASSED
---- text-19.16 start
++++ text-19.16 PASSED
---- text-20.1 start
++++ text-20.1 PASSED
---- text-20.2 start
++++ text-20.2 PASSED
---- text-20.3 start
++++ text-20.3 PASSED
---- text-20.4 start
++++ text-20.4 PASSED
---- text-20.5 start
++++ text-20.5 PASSED
++++ text-21.1 SKIPPED: x11
---- text-21.2 start
++++ text-21.2 PASSED
---- text-21.3 start
++++ text-21.3 PASSED
---- text-21.4 start
++++ text-21.4 PASSED
---- text-22.1 start
++++ text-22.1 PASSED
---- text-22.2 start
++++ text-22.2 PASSED
---- text-22.3 start
++++ text-22.3 PASSED
---- text-22.4 start
++++ text-22.4 PASSED
---- text-22.5 start
++++ text-22.5 PASSED
---- text-22.6 start
++++ text-22.6 PASSED
---- text-22.7 start
++++ text-22.7 PASSED
---- text-22.8 start
++++ text-22.8 PASSED
---- text-22.9 start
++++ text-22.9 PASSED
---- text-22.10 start
++++ text-22.10 PASSED
---- text-22.11 start
++++ text-22.11 PASSED
---- text-22.12 start
++++ text-22.12 PASSED
---- text-22.13 start
++++ text-22.13 PASSED
---- text-22.14 start
++++ text-22.14 PASSED
---- text-22.15 start
++++ text-22.15 PASSED
---- text-22.16 start
++++ text-22.16 PASSED
---- text-22.17 start
++++ text-22.17 PASSED
---- text-22.18 start
++++ text-22.18 PASSED
---- text-22.19 start
++++ text-22.19 PASSED
---- text-22.20 start
++++ text-22.20 PASSED
---- text-22.21 start
++++ text-22.21 PASSED
---- text-22.22 start
++++ text-22.22 PASSED
---- text-22.23 start
++++ text-22.23 PASSED
---- text-22.24 start
++++ text-22.24 PASSED
---- text-22.25 start
++++ text-22.25 PASSED
---- text-22.26 start
++++ text-22.26 PASSED
---- text-22.27 start
++++ text-22.27 PASSED
---- text-22.28 start
++++ text-22.28 PASSED
---- text-22.29 start
++++ text-22.29 PASSED
---- text-22.30 start
++++ text-22.30 PASSED
---- text-22.31 start
++++ text-22.31 PASSED
---- text-22.32 start
++++ text-22.32 PASSED
---- text-22.33 start
++++ text-22.33 PASSED
---- text-22.34 start
++++ text-22.34 PASSED
---- text-22.35 start
++++ text-22.35 PASSED
---- text-22.36 start
++++ text-22.36 PASSED
---- text-22.37 start
++++ text-22.37 PASSED
---- text-22.38 start
++++ text-22.38 PASSED
---- text-22.39 start
++++ text-22.39 PASSED
---- text-22.40 start
++++ text-22.40 PASSED
---- text-22.41 start
++++ text-22.41 PASSED
---- text-22.42 start
++++ text-22.42 PASSED
---- text-22.43 start
++++ text-22.43 PASSED
---- text-22.44 start
++++ text-22.44 PASSED
---- text-22.45 start
++++ text-22.45 PASSED
---- text-22.46 start
++++ text-22.46 PASSED
---- text-22.47 start
++++ text-22.47 PASSED
---- text-22.48 start
++++ text-22.48 PASSED
---- text-22.49 start
++++ text-22.49 PASSED
---- text-22.50 start
++++ text-22.50 PASSED
---- text-22.51 start
++++ text-22.51 PASSED
---- text-22.52 start
++++ text-22.52 PASSED
---- text-22.53 start
++++ text-22.53 PASSED
---- text-22.54 start
++++ text-22.54 PASSED
---- text-22.55 start
++++ text-22.55 PASSED
---- text-22.56 start
++++ text-22.56 PASSED
---- text-22.57 start
++++ text-22.57 PASSED
---- text-22.58 start
++++ text-22.58 PASSED
---- text-22.59 start
++++ text-22.59 PASSED
---- text-22.60 start
++++ text-22.60 PASSED
---- text-22.61 start
++++ text-22.61 PASSED
---- text-22.62 start
++++ text-22.62 PASSED
---- text-22.63 start
++++ text-22.63 PASSED
---- text-22.64 start
++++ text-22.64 PASSED
---- text-22.65 start
++++ text-22.65 PASSED
---- text-22.66 start
++++ text-22.66 PASSED
---- text-22.67 start
++++ text-22.67 PASSED
---- text-22.68 start
++++ text-22.68 PASSED
---- text-22.69 start
++++ text-22.69 PASSED
---- text-22.70 start
++++ text-22.70 PASSED
---- text-22.71 start
++++ text-22.71 PASSED
---- text-22.72 start
++++ text-22.72 PASSED
---- text-22.73 start
++++ text-22.73 PASSED
---- text-22.74 start
++++ text-22.74 PASSED
---- text-22.75 start
++++ text-22.75 PASSED
---- text-22.76 start
++++ text-22.76 PASSED
---- text-22.77 start
++++ text-22.77 PASSED
---- text-22.78 start
++++ text-22.78 PASSED
---- text-22.79 start
++++ text-22.79 PASSED
---- text-22.80 start
++++ text-22.80 PASSED
---- text-22.81 start
++++ text-22.81 PASSED
---- text-22.82 start
++++ text-22.82 PASSED
---- text-22.83 start
++++ text-22.83 PASSED
---- text-22.84 start
++++ text-22.84 PASSED
---- text-22.85 start
++++ text-22.85 PASSED
---- text-22.86 start
++++ text-22.86 PASSED
---- text-22.87 start
++++ text-22.87 PASSED
---- text-22.88 start
++++ text-22.88 PASSED
---- text-22.89 start
++++ text-22.89 PASSED
---- text-22.90 start
++++ text-22.90 PASSED
---- text-22.91 start
++++ text-22.91 PASSED
---- text-22.92 start
++++ text-22.92 PASSED
---- text-22.93 start
++++ text-22.93 PASSED
---- text-22.94 start
++++ text-22.94 PASSED
---- text-22.95 start
++++ text-22.95 PASSED
---- text-22.96 start
++++ text-22.96 PASSED
---- text-22.97 start
++++ text-22.97 PASSED
---- text-22.98 start
++++ text-22.98 PASSED
---- text-22.99 start
++++ text-22.99 PASSED
---- text-22.100 start
++++ text-22.100 PASSED
---- text-22.101 start
++++ text-22.101 PASSED
---- text-22.102 start
++++ text-22.102 PASSED
---- text-22.103 start
++++ text-22.103 PASSED
---- text-22.104 start
++++ text-22.104 PASSED
---- text-22.105 start
++++ text-22.105 PASSED
---- text-22.106 start
++++ text-22.106 PASSED
---- text-22.107 start
++++ text-22.107 PASSED
---- text-22.108 start
++++ text-22.108 PASSED
---- text-22.109 start
++++ text-22.109 PASSED
---- text-22.110 start
++++ text-22.110 PASSED
---- text-22.111 start
++++ text-22.111 PASSED
---- text-22.112 start
++++ text-22.112 PASSED
---- text-22.113 start
++++ text-22.113 PASSED
---- text-22.114 start
++++ text-22.114 PASSED
---- text-22.115 start
++++ text-22.115 PASSED
---- text-22.116 start
++++ text-22.116 PASSED
---- text-22.117 start
++++ text-22.117 PASSED
---- text-22.118 start
++++ text-22.118 PASSED
---- text-22.119 start
++++ text-22.119 PASSED
---- text-22.120 start
++++ text-22.120 PASSED
---- text-22.121 start
++++ text-22.121 PASSED
---- text-22.122 start
++++ text-22.122 PASSED
---- text-22.123 start
++++ text-22.123 PASSED
---- text-22.124 start
++++ text-22.124 PASSED
---- text-22.125 start
++++ text-22.125 PASSED
---- text-22.126 start
++++ text-22.126 PASSED
---- text-22.127 start
++++ text-22.127 PASSED
---- text-22.128 start
++++ text-22.128 PASSED
---- text-22.129 start
++++ text-22.129 PASSED
---- text-22.130 start
++++ text-22.130 PASSED
---- text-22.131 start
++++ text-22.131 PASSED
---- text-22.132 start
++++ text-22.132 PASSED
---- text-22.133 start
++++ text-22.133 PASSED
---- text-22.134 start
++++ text-22.134 PASSED
---- text-22.135 start
++++ text-22.135 PASSED
---- text-22.136 start
++++ text-22.136 PASSED
---- text-22.137 start
++++ text-22.137 PASSED
---- text-22.138 start
++++ text-22.138 PASSED
---- text-22.139 start
++++ text-22.139 PASSED
---- text-22.140 start
++++ text-22.140 PASSED
---- text-22.141 start
++++ text-22.141 PASSED
---- text-22.142 start
++++ text-22.142 PASSED
---- text-22.143 start
++++ text-22.143 PASSED
---- text-22.144 start
++++ text-22.144 PASSED
---- text-22.145 start
++++ text-22.145 PASSED
---- text-22.146 start
++++ text-22.146 PASSED
---- text-22.147 start
++++ text-22.147 PASSED
---- text-22.148 start
++++ text-22.148 PASSED
---- text-22.149 start
++++ text-22.149 PASSED
---- text-22.150 start
++++ text-22.150 PASSED
---- text-22.151 start
++++ text-22.151 PASSED
---- text-22.152 start
++++ text-22.152 PASSED
---- text-22.153 start
++++ text-22.153 PASSED
---- text-22.154 start
++++ text-22.154 PASSED
---- text-22.155 start
++++ text-22.155 PASSED
---- text-22.156 start
++++ text-22.156 PASSED
---- text-22.157 start
++++ text-22.157 PASSED
---- text-22.158 start
++++ text-22.158 PASSED
---- text-22.159 start
++++ text-22.159 PASSED
---- text-22.160 start
++++ text-22.160 PASSED
---- text-22.161 start
++++ text-22.161 PASSED
---- text-22.162 start
++++ text-22.162 PASSED
---- text-22.163 start
++++ text-22.163 PASSED
---- text-22.164 start
++++ text-22.164 PASSED
---- text-22.165 start
++++ text-22.165 PASSED
---- text-22.166 start
++++ text-22.166 PASSED
---- text-22.167 start
++++ text-22.167 PASSED
---- text-22.168 start
++++ text-22.168 PASSED
---- text-22.169 start
++++ text-22.169 PASSED
---- text-22.170 start
++++ text-22.170 PASSED
---- text-22.171 start
++++ text-22.171 PASSED
---- text-22.172 start
++++ text-22.172 PASSED
---- text-22.173 start
++++ text-22.173 PASSED
---- text-22.174 start
++++ text-22.174 PASSED
---- text-22.175 start
++++ text-22.175 PASSED
---- text-22.176 start
++++ text-22.176 PASSED
---- text-22.177 start
++++ text-22.177 PASSED
---- text-22.178 start
++++ text-22.178 PASSED
---- text-22.179 start
++++ text-22.179 PASSED
---- text-22.180 start
++++ text-22.180 PASSED
---- text-22.181 start
++++ text-22.181 PASSED
---- text-22.182 start
++++ text-22.182 PASSED
---- text-22.183 start
++++ text-22.183 PASSED
---- text-22.184 start
++++ text-22.184 PASSED
---- text-22.185 start
++++ text-22.185 PASSED
---- text-22.186 start
++++ text-22.186 PASSED
---- text-22.187 start
++++ text-22.187 PASSED
---- text-22.188 start
++++ text-22.188 PASSED
---- text-22.189 start
++++ text-22.189 PASSED
---- text-22.190 start
++++ text-22.190 PASSED
---- text-22.191 start
++++ text-22.191 PASSED
---- text-22.192 start
++++ text-22.192 PASSED
---- text-22.193 start
++++ text-22.193 PASSED
---- text-22.194 start
++++ text-22.194 PASSED
---- text-22.195 start
++++ text-22.195 PASSED
---- text-22.196 start
++++ text-22.196 PASSED
---- text-22.197 start
++++ text-22.197 PASSED
---- text-22.198 start
++++ text-22.198 PASSED
---- text-22.199 start
++++ text-22.199 PASSED
---- text-22.200 start
++++ text-22.200 PASSED
---- text-22.201 start
++++ text-22.201 PASSED
---- text-22.202 start
++++ text-22.202 PASSED
---- text-22.203 start
++++ text-22.203 PASSED
---- text-22.204 start
++++ text-22.204 PASSED
---- text-22.205 start
++++ text-22.205 PASSED
---- text-22.206 start
++++ text-22.206 PASSED
---- text-22.207 start
++++ text-22.207 PASSED
---- text-22.208 start
++++ text-22.208 PASSED
---- text-22.209 start
++++ text-22.209 PASSED
---- text-22.210 start
++++ text-22.210 PASSED
---- text-22.211 start
++++ text-22.211 PASSED
---- text-22.212 start
++++ text-22.212 PASSED
---- text-22.213 start
++++ text-22.213 PASSED
---- text-22.214 start
++++ text-22.214 PASSED
---- text-22.215 start
++++ text-22.215 PASSED
---- text-22.216 start
++++ text-22.216 PASSED
---- text-22.217 start
++++ text-22.217 PASSED
---- text-22.217.1 start
++++ text-22.217.1 PASSED
---- text-22.218 start
++++ text-22.218 PASSED
---- text-22.219 start
++++ text-22.219 PASSED
---- text-22.220 start
++++ text-22.220 PASSED
---- text-22.221 start
++++ text-22.221 PASSED
---- text-22.222 start
++++ text-22.222 PASSED
---- text-22.223 start
++++ text-22.223 PASSED
---- text-22.224 start
++++ text-22.224 PASSED
---- text-22.225 start
++++ text-22.225 PASSED
---- text-22.226 start
++++ text-22.226 PASSED
---- text-22.227 start
++++ text-22.227 PASSED
---- text-22.228 start
++++ text-22.228 PASSED
---- text-22.229 start
++++ text-22.229 PASSED
---- text-22.230 start
++++ text-22.230 PASSED
---- text-22.231 start
++++ text-22.231 PASSED
---- text-22.232 start
++++ text-22.232 PASSED
---- text-22.233 start
++++ text-22.233 PASSED
---- text-22.234 start
++++ text-22.234 PASSED
---- text-22.235 start
++++ text-22.235 PASSED
---- text-22.236 start
++++ text-22.236 PASSED
---- text-22.237 start
++++ text-22.237 PASSED
---- text-22.238 start
++++ text-22.238 PASSED
---- text-22.239 start
++++ text-22.239 PASSED
---- text-22.240 start
++++ text-22.240 PASSED
---- text-22.241 start
++++ text-22.241 PASSED
---- text-22.242 start
++++ text-22.242 PASSED
---- text-22.243 start
++++ text-22.243 PASSED
---- text-22.244 start
++++ text-22.244 PASSED
---- text-22.245 start
++++ text-22.245 PASSED
---- text-22.246 start
++++ text-22.246 PASSED
---- text-22.247 start
++++ text-22.247 PASSED
---- text-22.248 start
++++ text-22.248 PASSED
---- text-22.249 start
++++ text-22.249 PASSED
---- text-22.250 start
++++ text-22.250 PASSED
---- text-23.1 start
++++ text-23.1 PASSED
---- text-23.2 start
++++ text-23.2 PASSED
---- text-23.3 start
++++ text-23.3 PASSED
---- text-23.4 start
++++ text-23.4 PASSED
---- text-23.5 start
++++ text-23.5 PASSED
---- text-23.6 start
++++ text-23.6 PASSED
---- text-23.7 start
++++ text-23.7 PASSED
---- text-24.1 start
++++ text-24.1 PASSED
---- text-24.2 start
++++ text-24.2 PASSED
---- text-24.3 start
++++ text-24.3 PASSED
---- text-24.4 start
++++ text-24.4 PASSED
---- text-24.5 start
++++ text-24.5 PASSED
---- text-24.6 start
++++ text-24.6 PASSED
---- text-24.7 start
++++ text-24.7 PASSED
---- text-24.8 start
++++ text-24.8 PASSED
---- text-24.9 start
++++ text-24.9 PASSED
---- text-24.10 start
++++ text-24.10 PASSED
---- text-24.11 start
++++ text-24.11 PASSED
---- text-24.12 start
++++ text-24.12 PASSED
---- text-24.13 start
++++ text-24.13 PASSED
---- text-24.14 start
++++ text-24.14 PASSED
---- text-24.15 start
++++ text-24.15 PASSED
---- text-24.16 start
++++ text-24.16 PASSED
---- text-24.17 start
++++ text-24.17 PASSED
---- text-24.18 start
++++ text-24.18 PASSED
---- text-24.19 start
++++ text-24.19 PASSED
---- text-24.20 start
++++ text-24.20 PASSED
---- text-24.21 start
++++ text-24.21 PASSED
---- text-24.22 start
++++ text-24.22 PASSED
---- text-24.23 start
++++ text-24.23 PASSED
---- text-24.24 start
++++ text-24.24 PASSED
---- text-24.25 start
++++ text-24.25 PASSED
---- text-24.26 start
++++ text-24.26 PASSED
---- text-24.27 start
++++ text-24.27 PASSED
---- text-25.1 start
++++ text-25.1 PASSED
---- text-26.1 start
++++ text-26.1 PASSED
---- text-27.1 start
++++ text-27.1 PASSED
---- text-27.2 start
++++ text-27.2 PASSED
---- text-27.3 start
++++ text-27.3 PASSED
---- text-27.4 start
++++ text-27.4 PASSED
---- text-27.5 start
++++ text-27.5 PASSED
---- text-27.6 start
++++ text-27.6 PASSED
---- text-27.7 start
++++ text-27.7 PASSED
---- text-27.8 start
++++ text-27.8 PASSED
---- text-27.9 start
++++ text-27.9 PASSED
---- text-27.10 start
++++ text-27.10 PASSED
---- text-27.11 start
++++ text-27.11 PASSED
---- text-27.12 start
++++ text-27.12 PASSED
---- text-27.13 start
++++ text-27.13 PASSED
---- text-27.14 start
++++ text-27.14 PASSED
---- text-27.14a start
++++ text-27.14a PASSED
---- text-27.15 start
++++ text-27.15 PASSED
---- text-27.15a start
++++ text-27.15a PASSED
---- text-27.15b start
++++ text-27.15b PASSED
---- text-27.15c start
++++ text-27.15c PASSED
---- text-27.15d start
++++ text-27.15d PASSED
---- text-27.15e start
++++ text-27.15e PASSED
---- text-27.15f start
++++ text-27.15f PASSED
---- text-27.15g start
++++ text-27.15g PASSED
---- text-27.16 start
++++ text-27.16 PASSED
---- text-27.16a start
++++ text-27.16a PASSED
---- text-27.16b start
++++ text-27.16b PASSED
---- text-27.17 start
++++ text-27.17 PASSED
---- text-27.18 start
++++ text-27.18 PASSED
---- text-27.19 start
++++ text-27.19 PASSED
---- text-27.20 start
++++ text-27.20 PASSED
---- text-27.21 start
++++ text-27.21 PASSED
---- text-27.22 start
++++ text-27.22 PASSED
---- text-27.23 start
++++ text-27.23 PASSED
---- text-27.24 start
++++ text-27.24 PASSED
---- text-27.25 start
++++ text-27.25 PASSED
---- text-27.26 start
++++ text-27.26 PASSED
---- text-27.27 start
++++ text-27.27 PASSED
---- text-27.28 start
++++ text-27.28 PASSED
---- text-27.29 start
++++ text-27.29 PASSED
---- text-28.1 start
++++ text-28.1 PASSED
---- text-29.1 start
++++ text-29.1 PASSED
---- text-29.2 start
++++ text-29.2 PASSED
++++ text-29.3 SKIPPED: knownBug
---- text-29.4 start
++++ text-29.4 PASSED
---- text-30.1 start
++++ text-30.1 PASSED
---- text-30.2 start
++++ text-30.2 PASSED
---- text-30.3 start
++++ text-30.3 PASSED
---- text-30.4 start
++++ text-30.4 PASSED
---- text-31.1 start
++++ text-31.1 PASSED
---- text-31.2 start
++++ text-31.2 PASSED
---- text-31.3 start
++++ text-31.3 PASSED
---- text-31.4 start
++++ text-31.4 PASSED
---- text-31.5 start
++++ text-31.5 PASSED
---- text-31.6 start
++++ text-31.6 PASSED
---- text-31.7 start
++++ text-31.7 PASSED
---- text-31.8 start
++++ text-31.8 PASSED
---- text-31.9 start
++++ text-31.9 PASSED
---- text-31.10 start
++++ text-31.10 PASSED
---- text-31.11 start
++++ text-31.11 PASSED
---- text-31.12 start
++++ text-31.12 PASSED
---- text-31.13 start
++++ text-31.13 PASSED
---- text-31.14 start
++++ text-31.14 PASSED
---- text-31.15 start
++++ text-31.15 PASSED
---- text-31.16 start
++++ text-31.16 PASSED
---- text-31.17 start
++++ text-31.17 PASSED
---- text-31.18 start
++++ text-31.18 PASSED
---- text-31.19 start
++++ text-31.19 PASSED
---- text-32.1 start
++++ text-32.1 PASSED
---- text-32.2 start
++++ text-32.2 PASSED
---- text-32.3 start
++++ text-32.3 PASSED
---- text-32.4 start
++++ text-32.4 PASSED
---- text-33.1 start
++++ text-33.1 PASSED
---- text-33.2 start
++++ text-33.2 PASSED
---- text-33.3 start
++++ text-33.3 PASSED
---- text-33.4 start
++++ text-33.4 PASSED
---- text-33.5 start
++++ text-33.5 PASSED
---- text-33.6 start
++++ text-33.6 PASSED
---- text-33.7 start
++++ text-33.7 PASSED
---- text-33.8 start
++++ text-33.8 PASSED
---- text-33.9 start
++++ text-33.9 PASSED
---- text-33.10 start
++++ text-33.10 PASSED
---- text-33.11 start
++++ text-33.11 PASSED
---- text-34.1 start
++++ text-34.1 PASSED
---- text-35.1 start
++++ text-35.1 PASSED
---- text-35.2 start
++++ text-35.2 PASSED
---- text-35.3 start
++++ text-35.3 PASSED
---- text-36.1 start
++++ text-36.1 PASSED
---- text-36.2 start
++++ text-36.2 PASSED
---- text-36.3 start
++++ text-36.3 PASSED
---- text-37.1 start
++++ text-37.1 PASSED
---- text-38.1 start
++++ text-38.1 PASSED
textBTree.test
---- btree-1.1 start
++++ btree-1.1 PASSED
---- btree-1.2 start
++++ btree-1.2 PASSED
---- btree-1.3 start
++++ btree-1.3 PASSED
---- btree-1.4 start
++++ btree-1.4 PASSED
---- btree-1.5 start
++++ btree-1.5 PASSED
---- btree-1.6 start
++++ btree-1.6 PASSED
---- btree-1.7 start
++++ btree-1.7 PASSED
---- btree-1.8 start
++++ btree-1.8 PASSED
---- btree-1.9 start
++++ btree-1.9 PASSED
---- btree-1.10 start
++++ btree-1.10 PASSED
---- btree-1.11 start
++++ btree-1.11 PASSED
---- btree-2.1 start
++++ btree-2.1 PASSED
---- btree-2.2 start
++++ btree-2.2 PASSED
---- btree-2.3 start
++++ btree-2.3 PASSED
---- btree-2.4 start
++++ btree-2.4 PASSED
---- btree-2.5 start
++++ btree-2.5 PASSED
---- btree-2.6 start
++++ btree-2.6 PASSED
---- btree-2.7 start
++++ btree-2.7 PASSED
---- btree-2.8 start
++++ btree-2.8 PASSED
---- btree-2.9 start
++++ btree-2.9 PASSED
---- btree-2.10 start
++++ btree-2.10 PASSED
---- btree-2.11 start
++++ btree-2.11 PASSED
---- btree-2.12 start
++++ btree-2.12 PASSED
---- btree-2.13 start
++++ btree-2.13 PASSED
---- btree-2.14 start
++++ btree-2.14 PASSED
---- btree-2.15 start
++++ btree-2.15 PASSED
---- btree-2.16 start
++++ btree-2.16 PASSED
---- btree-2.17 start
++++ btree-2.17 PASSED
---- btree-2.18 start
++++ btree-2.18 PASSED
---- btree-2.19 start
++++ btree-2.19 PASSED
---- btree-2.20 start
++++ btree-2.20 PASSED
---- btree-2.21 start
++++ btree-2.21 PASSED
---- btree-2.22 start
++++ btree-2.22 PASSED
---- btree-2.23 start
++++ btree-2.23 PASSED
---- btree-2.24 start
++++ btree-2.24 PASSED
---- btree-2.25 start
++++ btree-2.25 PASSED
---- btree-2.26 start
++++ btree-2.26 PASSED
---- btree-3.1 start
++++ btree-3.1 PASSED
---- btree-3.2 start
++++ btree-3.2 PASSED
---- btree-3.3 start
++++ btree-3.3 PASSED
---- btree-3.4 start
++++ btree-3.4 PASSED
---- btree-3.5 start
++++ btree-3.5 PASSED
---- btree-3.6 start
++++ btree-3.6 PASSED
---- btree-4.1 start
++++ btree-4.1 PASSED
---- btree-4.2 start
++++ btree-4.2 PASSED
---- btree-4.3 start
++++ btree-4.3 PASSED
---- btree-4.4 start
++++ btree-4.4 PASSED
---- btree-4.5 start
++++ btree-4.5 PASSED
---- btree-4.6 start
++++ btree-4.6 PASSED
---- btree-4.7 start
++++ btree-4.7 PASSED
---- btree-4.8 start
++++ btree-4.8 PASSED
---- btree-5.1 start
++++ btree-5.1 PASSED
---- btree-5.2 start
++++ btree-5.2 PASSED
---- btree-5.3 start
++++ btree-5.3 PASSED
---- btree-6.1 start
++++ btree-6.1 PASSED
---- btree-6.2 start
++++ btree-6.2 PASSED
---- btree-6.3 start
++++ btree-6.3 PASSED
---- btree-6.4 start
++++ btree-6.4 PASSED
---- btree-6.5 start
++++ btree-6.5 PASSED
---- btree-6.6 start
++++ btree-6.6 PASSED
---- btree-7.1 start
++++ btree-7.1 PASSED
---- btree-7.2 start
++++ btree-7.2 PASSED
---- btree-7.3 start
++++ btree-7.3 PASSED
---- btree-7.4 start
++++ btree-7.4 PASSED
---- btree-7.5 start
++++ btree-7.5 PASSED
---- btree-7.6 start
++++ btree-7.6 PASSED
---- btree-7.7 start
++++ btree-7.7 PASSED
---- btree-7.8 start
++++ btree-7.8 PASSED
---- btree-7.9 start
++++ btree-7.9 PASSED
---- btree-7.10 start
++++ btree-7.10 PASSED
---- btree-7.11 start
++++ btree-7.11 PASSED
---- btree-8.1 start
++++ btree-8.1 PASSED
---- btree-8.2 start
++++ btree-8.2 PASSED
---- btree-8.3 start
++++ btree-8.3 PASSED
---- btree-8.4 start
++++ btree-8.4 PASSED
---- btree-8.5 start
++++ btree-8.5 PASSED
---- btree-8.6 start
++++ btree-8.6 PASSED
---- btree-8.7 start
++++ btree-8.7 PASSED
---- btree-8.8 start
++++ btree-8.8 PASSED
---- btree-9.1 start
++++ btree-9.1 PASSED
---- btree-9.2 start
++++ btree-9.2 PASSED
---- btree-9.3 start
++++ btree-9.3 PASSED
---- btree-9.4 start
++++ btree-9.4 PASSED
---- btree-10.1 start
++++ btree-10.1 PASSED
---- btree-10.2 start
++++ btree-10.2 PASSED
---- btree-10.3 start
++++ btree-10.3 PASSED
---- btree-11.1 start
++++ btree-11.1 PASSED
---- btree-11.2 start
++++ btree-11.2 PASSED
---- btree-11.3 start
++++ btree-11.3 PASSED
---- btree-11.4 start
++++ btree-11.4 PASSED
---- btree-11.5 start
++++ btree-11.5 PASSED
---- btree-11.6 start
++++ btree-11.6 PASSED
---- btree-12.1 start
++++ btree-12.1 PASSED
---- btree-12.2 start
++++ btree-12.2 PASSED
---- btree-12.3 start
++++ btree-12.3 PASSED
---- btree-12.4 start
++++ btree-12.4 PASSED
---- btree-12.5 start
++++ btree-12.5 PASSED
---- btree-12.6 start
++++ btree-12.6 PASSED
---- btree-12.7 start
++++ btree-12.7 PASSED
---- btree-13.1 start
++++ btree-13.1 PASSED
---- btree-13.2 start
++++ btree-13.2 PASSED
---- btree-13.3 start
++++ btree-13.3 PASSED
---- btree-13.4 start
++++ btree-13.4 PASSED
---- btree-13.5 start
++++ btree-13.5 PASSED
---- btree-13.6 start
++++ btree-13.6 PASSED
---- btree-13.7 start
++++ btree-13.7 PASSED
---- btree-13.8 start
++++ btree-13.8 PASSED
---- btree-14.1 start
++++ btree-14.1 PASSED
---- btree-14.2 start
++++ btree-14.2 PASSED
---- btree-15.1 start
++++ btree-15.1 PASSED
---- btree-16.1 start
++++ btree-16.1 PASSED
---- btree-16.2 start
++++ btree-16.2 PASSED
---- btree-16.3 start
++++ btree-16.3 PASSED
---- btree-16.4 start
++++ btree-16.4 PASSED
---- btree-16.5 start
++++ btree-16.5 PASSED
---- btree-16.6 start
++++ btree-16.6 PASSED
---- btree-16.7 start
++++ btree-16.7 PASSED
---- btree-16.8 start
++++ btree-16.8 PASSED
---- btree-16.9 start
++++ btree-16.9 PASSED
---- btree-16.10 start
++++ btree-16.10 PASSED
---- btree-16.11 start
++++ btree-16.11 PASSED
---- btree-16.12 start
++++ btree-16.12 PASSED
---- btree-16.13 start
++++ btree-16.13 PASSED
---- btree-17.1 start
++++ btree-17.1 PASSED
---- btree-17.2 start
++++ btree-17.2 PASSED
---- btree-17.3 start
++++ btree-17.3 PASSED
---- btree-17.4 start
++++ btree-17.4 PASSED
---- btree-17.5 start
++++ btree-17.5 PASSED
---- btree-17.6 start
++++ btree-17.6 PASSED
---- btree-18.1 start
++++ btree-18.1 PASSED
---- btree-18.2 start
++++ btree-18.2 PASSED
---- btree-18.3 start
++++ btree-18.3 PASSED
---- btree-18.4 start
++++ btree-18.4 PASSED
---- btree-18.5 start
++++ btree-18.5 PASSED
---- btree-18.6 start
++++ btree-18.6 PASSED
---- btree-18.7 start
++++ btree-18.7 PASSED
---- btree-18.8 start
++++ btree-18.8 PASSED
---- btree-18.9 start
++++ btree-18.9 PASSED
textDisp.test
---- textDisp-0.1 start
++++ textDisp-0.1 PASSED
---- textDisp-0.2 start
++++ textDisp-0.2 PASSED
---- textDisp-0.3 start
++++ textDisp-0.3 PASSED
---- textDisp-0.4 start
++++ textDisp-0.4 PASSED
---- textDisp-0.5 start
++++ textDisp-0.5 PASSED
---- textDisp-1.1 start
++++ textDisp-1.1 PASSED
---- textDisp-1.2 start
++++ textDisp-1.2 PASSED
---- textDisp-2.1 start
++++ textDisp-2.1 PASSED
---- textDisp-2.2 start
++++ textDisp-2.2 PASSED
---- textDisp-2.3 start
++++ textDisp-2.3 PASSED
---- textDisp-2.4 start
++++ textDisp-2.4 PASSED
---- textDisp-2.5 start
++++ textDisp-2.5 PASSED
---- textDisp-2.6 start
++++ textDisp-2.6 PASSED
---- textDisp-2.7 start
++++ textDisp-2.7 PASSED
---- textDisp-2.8 start
++++ textDisp-2.8 PASSED
---- textDisp-2.9 start
++++ textDisp-2.9 PASSED
---- textDisp-2.10 start
++++ textDisp-2.10 PASSED
---- textDisp-2.11 start
++++ textDisp-2.11 PASSED
---- textDisp-2.12 start
++++ textDisp-2.12 PASSED
---- textDisp-2.13 start
++++ textDisp-2.13 PASSED
---- textDisp-2.14 start
++++ textDisp-2.14 PASSED
---- textDisp-2.15 start
++++ textDisp-2.15 PASSED
---- textDisp-2.16 start
++++ textDisp-2.16 PASSED
---- textDisp-2.17 start
++++ textDisp-2.17 PASSED
---- textDisp-2.18 start
++++ textDisp-2.18 PASSED
---- textDisp-2.19 start
++++ textDisp-2.19 PASSED
---- textDisp-2.20 start
++++ textDisp-2.20 PASSED
---- textDisp-2.21 start
++++ textDisp-2.21 PASSED
---- textDisp-2.22 start
++++ textDisp-2.22 PASSED
---- textDisp-2.23 start
++++ textDisp-2.23 PASSED
---- textDisp-2.24 start
++++ textDisp-2.24 PASSED
---- textDisp-2.25 start
++++ textDisp-2.25 PASSED
++++ textDisp-2.26 SKIPPED: notAqua
---- textDisp-2.27 start
++++ textDisp-2.27 PASSED
---- textDisp-2.28 start
++++ textDisp-2.28 PASSED
---- textDisp-2.29 start
++++ textDisp-2.29 PASSED
---- textDisp-2.30 start
++++ textDisp-2.30 PASSED
---- textDisp-3.1 start
++++ textDisp-3.1 PASSED
---- textDisp-4.1 start
++++ textDisp-4.1 PASSED
---- textDisp-4.2 start
++++ textDisp-4.2 PASSED
---- textDisp-4.3 start
++++ textDisp-4.3 PASSED
---- textDisp-4.4 start
++++ textDisp-4.4 PASSED
---- textDisp-4.5 start
++++ textDisp-4.5 PASSED
---- textDisp-4.6 start
++++ textDisp-4.6 PASSED
---- textDisp-4.7 start
++++ textDisp-4.7 PASSED
---- textDisp-4.8 start
++++ textDisp-4.8 PASSED
---- textDisp-4.9 start
++++ textDisp-4.9 PASSED
---- textDisp-4.10 start
++++ textDisp-4.10 PASSED
---- textDisp-4.11 start
++++ textDisp-4.11 PASSED
---- textDisp-4.12 start
++++ textDisp-4.12 PASSED
---- textDisp-4.13 start
++++ textDisp-4.13 PASSED
---- textDisp-4.14 start
++++ textDisp-4.14 PASSED
---- textDisp-4.15 start
++++ textDisp-4.15 PASSED
---- textDisp-4.16 start
++++ textDisp-4.16 PASSED
---- textDisp-4.17 start
++++ textDisp-4.17 PASSED
---- textDisp-4.18 start
++++ textDisp-4.18 PASSED
---- textDisp-4.19 start
++++ textDisp-4.19 PASSED
---- textDisp-4.20 start
++++ textDisp-4.20 PASSED
---- textDisp-4.21 start
++++ textDisp-4.21 PASSED
---- textDisp-4.22 start
++++ textDisp-4.22 PASSED
---- textDisp-4.23 start
++++ textDisp-4.23 PASSED
---- textDisp-5.1 start
++++ textDisp-5.1 PASSED
---- textDisp-5.2 start
++++ textDisp-5.2 PASSED
---- textDisp-6.1 start
++++ textDisp-6.1 PASSED
---- textDisp-6.2 start
++++ textDisp-6.2 PASSED
---- textDisp-6.3 start
++++ textDisp-6.3 PASSED
---- textDisp-6.4 start
++++ textDisp-6.4 PASSED
++++ textDisp-6.5 SKIPPED: aquaKnownBug
++++ textDisp-6.6 SKIPPED: aquaKnownBug
---- textDisp-6.7 start
++++ textDisp-6.7 PASSED
---- textDisp-6.8 start
++++ textDisp-6.8 PASSED
---- textDisp-6.9 start
++++ textDisp-6.9 PASSED
---- textDisp-6.10 start
++++ textDisp-6.10 PASSED
++++ textDisp-7.1 SKIPPED: aquaKnownBug
++++ textDisp-7.2 SKIPPED: aquaKnownBug
++++ textDisp-7.3 SKIPPED: aquaKnownBug
++++ textDisp-7.4 SKIPPED: aquaKnownBug
++++ textDisp-7.5 SKIPPED: aquaKnownBug
++++ textDisp-7.6 SKIPPED: aquaKnownBug
++++ textDisp-7.7 SKIPPED: aquaKnownBug
++++ textDisp-7.8 SKIPPED: aquaKnownBug
---- textDisp-8.1 start
++++ textDisp-8.1 PASSED
---- textDisp-8.2 start
++++ textDisp-8.2 PASSED
---- textDisp-8.3 start
++++ textDisp-8.3 PASSED
---- textDisp-8.4 start
++++ textDisp-8.4 PASSED
---- textDisp-8.5 start
++++ textDisp-8.5 PASSED
---- textDisp-8.6 start
++++ textDisp-8.6 PASSED
---- textDisp-8.7 start
++++ textDisp-8.7 PASSED
---- textDisp-8.8 start
++++ textDisp-8.8 PASSED
---- textDisp-8.9 start
++++ textDisp-8.9 PASSED
---- textDisp-8.10 start
++++ textDisp-8.10 PASSED
---- textDisp-8.11 start
++++ textDisp-8.11 PASSED
---- textDisp-8.12 start
++++ textDisp-8.12 PASSED
---- textDisp-8.13 start
++++ textDisp-8.13 PASSED
---- textDisp-9.1 start
++++ textDisp-9.1 PASSED
---- textDisp-9.2 start
++++ textDisp-9.2 PASSED
---- textDisp-9.3 start
++++ textDisp-9.3 PASSED
---- textDisp-9.4 start
++++ textDisp-9.4 PASSED
---- textDisp-9.5 start
++++ textDisp-9.5 PASSED
---- textDisp-9.6 start
++++ textDisp-9.6 PASSED
---- textDisp-9.7 start
++++ textDisp-9.7 PASSED
---- textDisp-9.8 start
++++ textDisp-9.8 PASSED
---- textDisp-9.9 start
++++ textDisp-9.9 PASSED
---- textDisp-9.10 start
++++ textDisp-9.10 PASSED
---- textDisp-9.11 start
++++ textDisp-9.11 PASSED
---- textDisp-9.12 start
++++ textDisp-9.12 PASSED
---- textDisp-9.13 start
++++ textDisp-9.13 PASSED
---- textDisp-9.14 start
++++ textDisp-9.14 PASSED
---- textDisp-10.1 start
++++ textDisp-10.1 PASSED
---- textDisp-10.2 start
++++ textDisp-10.2 PASSED
---- textDisp-11.1 start
++++ textDisp-11.1 PASSED
---- textDisp-11.2 start
++++ textDisp-11.2 PASSED
---- textDisp-11.3 start
++++ textDisp-11.3 PASSED
---- textDisp-11.4 start
++++ textDisp-11.4 PASSED
---- textDisp-11.5 start
++++ textDisp-11.5 PASSED
---- textDisp-11.6 start
++++ textDisp-11.6 PASSED
---- textDisp-11.7 start
++++ textDisp-11.7 PASSED
---- textDisp-11.8 start
++++ textDisp-11.8 PASSED
---- textDisp-11.9 start
++++ textDisp-11.9 PASSED
---- textDisp-11.10 start
++++ textDisp-11.10 PASSED
---- textDisp-11.11 start
++++ textDisp-11.11 PASSED
---- textDisp-11.12 start
++++ textDisp-11.12 PASSED
---- textDisp-11.13 start
++++ textDisp-11.13 PASSED
---- textDisp-11.14 start
++++ textDisp-11.14 PASSED
---- textDisp-11.15 start
++++ textDisp-11.15 PASSED
---- textDisp-11.16 start
++++ textDisp-11.16 PASSED
---- textDisp-11.17 start
++++ textDisp-11.17 PASSED
---- textDisp-11.18 start
++++ textDisp-11.18 PASSED
---- textDisp-11.19 start
++++ textDisp-11.19 PASSED
---- textDisp-11.20 start
++++ textDisp-11.20 PASSED
---- textDisp-11.21 start
++++ textDisp-11.21 PASSED
---- textDisp-11.22 start
++++ textDisp-11.22 PASSED
---- textDisp-12.1 start
++++ textDisp-12.1 PASSED
---- textDisp-12.2 start
++++ textDisp-12.2 PASSED
---- textDisp-12.3 start
++++ textDisp-12.3 PASSED
---- textDisp-12.4 start
++++ textDisp-12.4 PASSED
---- textDisp-12.5 start
++++ textDisp-12.5 PASSED
---- textDisp-13.1 start
++++ textDisp-13.1 PASSED
---- textDisp-13.2 start
++++ textDisp-13.2 PASSED
---- textDisp-13.3 start
++++ textDisp-13.3 PASSED
---- textDisp-13.4 start
++++ textDisp-13.4 PASSED
---- textDisp-13.5 start
++++ textDisp-13.5 PASSED
---- textDisp-13.6 start
++++ textDisp-13.6 PASSED
---- textDisp-13.7 start
++++ textDisp-13.7 PASSED
---- textDisp-13.8 start
++++ textDisp-13.8 PASSED
---- textDisp-13.9 start
++++ textDisp-13.9 PASSED
---- textDisp-13.10 start
++++ textDisp-13.10 PASSED
---- textDisp-13.11 start
++++ textDisp-13.11 PASSED
---- textDisp-14.1 start
++++ textDisp-14.1 PASSED
---- textDisp-14.2 start
++++ textDisp-14.2 PASSED
---- textDisp-14.3 start
++++ textDisp-14.3 PASSED
---- textDisp-14.4 start
++++ textDisp-14.4 PASSED
---- textDisp-14.5 start
++++ textDisp-14.5 PASSED
---- textDisp-14.6 start
++++ textDisp-14.6 PASSED
---- textDisp-14.7 start
++++ textDisp-14.7 PASSED
---- textDisp-14.8 start
++++ textDisp-14.8 PASSED
---- textDisp-14.9 start
++++ textDisp-14.9 PASSED
---- textDisp-14.10 start
++++ textDisp-14.10 PASSED
---- textDisp-14.11 start
++++ textDisp-14.11 PASSED
---- textDisp-14.12 start
++++ textDisp-14.12 PASSED
---- textDisp-14.13 start
++++ textDisp-14.13 PASSED
---- textDisp-14.14 start
++++ textDisp-14.14 PASSED
---- textDisp-14.15 start
++++ textDisp-14.15 PASSED
---- textDisp-14.16 start
++++ textDisp-14.16 PASSED
---- textDisp-15.1 start
++++ textDisp-15.1 PASSED
---- textDisp-15.2 start
++++ textDisp-15.2 PASSED
---- textDisp-15.3 start
++++ textDisp-15.3 PASSED
---- textDisp-15.4 start
++++ textDisp-15.4 PASSED
---- textDisp-15.5 start
++++ textDisp-15.5 PASSED
---- textDisp-15.6 start
++++ textDisp-15.6 PASSED
---- textDisp-15.7 start
++++ textDisp-15.7 PASSED
---- textDisp-15.8 start
++++ textDisp-15.8 PASSED
---- textDisp-16.1 start
++++ textDisp-16.1 PASSED
---- textDisp-16.2 start
++++ textDisp-16.2 PASSED
---- textDisp-16.3 start
++++ textDisp-16.3 PASSED
---- textDisp-16.4 start
++++ textDisp-16.4 PASSED
---- textDisp-16.5 start
++++ textDisp-16.5 PASSED
---- textDisp-16.6 start
++++ textDisp-16.6 PASSED
---- textDisp-16.7 start
++++ textDisp-16.7 PASSED
---- textDisp-16.8 start
++++ textDisp-16.8 PASSED
---- textDisp-16.9 start
++++ textDisp-16.9 PASSED
---- textDisp-16.10 start
++++ textDisp-16.10 PASSED
---- textDisp-16.11 start
++++ textDisp-16.11 PASSED
---- textDisp-16.12 start
++++ textDisp-16.12 PASSED
---- textDisp-16.13 start
++++ textDisp-16.13 PASSED
---- textDisp-16.14 start
++++ textDisp-16.14 PASSED
---- textDisp-16.15 start
++++ textDisp-16.15 PASSED
---- textDisp-16.16 start
++++ textDisp-16.16 PASSED
---- textDisp-16.17 start
++++ textDisp-16.17 PASSED
---- textDisp-16.18 start
++++ textDisp-16.18 PASSED
---- textDisp-16.19 start
++++ textDisp-16.19 PASSED
---- textDisp-16.20 start
++++ textDisp-16.20 PASSED
---- textDisp-16.21 start
++++ textDisp-16.21 PASSED
---- textDisp-16.21.2 start
++++ textDisp-16.21.2 PASSED
---- textDisp-16.22 start
++++ textDisp-16.22 PASSED
---- textDisp-16.22.1 start
++++ textDisp-16.22.1 PASSED
---- textDisp-16.23 start
++++ textDisp-16.23 PASSED
---- textDisp-16.24 start
++++ textDisp-16.24 PASSED
---- textDisp-16.25 start
++++ textDisp-16.25 PASSED
---- textDisp-16.26 start
++++ textDisp-16.26 PASSED
---- textDisp-16.27 start
++++ textDisp-16.27 PASSED
---- textDisp-16.28 start
++++ textDisp-16.28 PASSED
---- textDisp-16.29 start
++++ textDisp-16.29 PASSED
---- textDisp-16.30 start
++++ textDisp-16.30 PASSED
---- textDisp-16.31 start
++++ textDisp-16.31 PASSED
---- textDisp-16.32 start
++++ textDisp-16.32 PASSED
---- textDisp-16.33 start
++++ textDisp-16.33 PASSED
---- textDisp-16.34 start
++++ textDisp-16.34 PASSED
---- textDisp-16.35 start
++++ textDisp-16.35 PASSED
---- textDisp-16.36 start
++++ textDisp-16.36 PASSED
---- textDisp-16.37 start
++++ textDisp-16.37 PASSED
---- textDisp-16.38 start
++++ textDisp-16.38 PASSED
---- textDisp-16.39 start
++++ textDisp-16.39 PASSED
---- textDisp-16.40 start
++++ textDisp-16.40 PASSED
---- textDisp-16.41 start
++++ textDisp-16.41 PASSED
---- textDisp-16.42 start
++++ textDisp-16.42 PASSED
---- textDisp-16.43 start
++++ textDisp-16.43 PASSED
---- textDisp-16.44 start
++++ textDisp-16.44 PASSED
---- textDisp-17.1 start
++++ textDisp-17.1 PASSED
---- textDisp-17.2 start
++++ textDisp-17.2 PASSED
---- textDisp-17.3 start
++++ textDisp-17.3 PASSED
---- textDisp-17.4 start
++++ textDisp-17.4 PASSED
---- textDisp-17.5 start
++++ textDisp-17.5 PASSED
---- textDisp-17.6 start
++++ textDisp-17.6 PASSED
---- textDisp-17.7 start
++++ textDisp-17.7 PASSED
---- textDisp-17.8 start
++++ textDisp-17.8 PASSED
---- textDisp-17.9 start
++++ textDisp-17.9 PASSED
---- textDisp-17.10 start
++++ textDisp-17.10 PASSED
---- textDisp-18.1 start
++++ textDisp-18.1 PASSED
---- textDisp-18.2 start
++++ textDisp-18.2 PASSED
---- textDisp-18.3 start
++++ textDisp-18.3 PASSED
---- textDisp-18.4 start
++++ textDisp-18.4 PASSED
---- textDisp-18.5 start
++++ textDisp-18.5 PASSED
---- textDisp-18.6 start
++++ textDisp-18.6 PASSED
---- textDisp-18.7 start
++++ textDisp-18.7 PASSED
---- textDisp-18.8 start
++++ textDisp-18.8 PASSED
---- textDisp-19.1 start
++++ textDisp-19.1 PASSED
---- textDisp-19.2 start
++++ textDisp-19.2 PASSED
---- textDisp-19.3 start
++++ textDisp-19.3 PASSED
---- textDisp-19.4 start
++++ textDisp-19.4 PASSED
---- textDisp-19.5 start
++++ textDisp-19.5 PASSED
---- textDisp-19.6 start
++++ textDisp-19.6 PASSED
---- textDisp-19.7 start
++++ textDisp-19.7 PASSED
---- textDisp-19.8 start
++++ textDisp-19.8 PASSED
---- textDisp-19.9 start
++++ textDisp-19.9 PASSED
---- textDisp-19.10 start
++++ textDisp-19.10 PASSED
---- textDisp-19.10.1 start
++++ textDisp-19.10.1 PASSED
---- textDisp-19.11 start
++++ textDisp-19.11 PASSED
---- textDisp-19.11.2 start
++++ textDisp-19.11.2 PASSED
---- textDisp-19.11.3 start
++++ textDisp-19.11.3 PASSED
---- textDisp-19.11.4 start
++++ textDisp-19.11.4 PASSED
---- textDisp-19.11.5 start
++++ textDisp-19.11.5 PASSED
---- textDisp-19.11.5.1 start
++++ textDisp-19.11.5.1 PASSED
---- textDisp-19.11.6 start
++++ textDisp-19.11.6 PASSED
---- textDisp-19.11.7 start
++++ textDisp-19.11.7 PASSED
---- textDisp-19.11.8 start
++++ textDisp-19.11.8 PASSED
---- textDisp-19.11.9 start
++++ textDisp-19.11.9 PASSED
---- textDisp-19.11.10 start
++++ textDisp-19.11.10 PASSED
---- textDisp-19.11.11 start
++++ textDisp-19.11.11 PASSED
---- textDisp-19.11.12 start
++++ textDisp-19.11.12 PASSED
---- textDisp-19.11.13 start
++++ textDisp-19.11.13 PASSED
---- textDisp-19.11.14 start
++++ textDisp-19.11.14 PASSED
---- textDisp-19.11.15 start
++++ textDisp-19.11.15 PASSED
---- textDisp-19.11.15a start
++++ textDisp-19.11.15a PASSED
---- textDisp-19.11.16 start
++++ textDisp-19.11.16 PASSED
---- textDisp-19.11.17 start
++++ textDisp-19.11.17 PASSED
---- textDisp-19.11.18 start
++++ textDisp-19.11.18 PASSED
---- textDisp-19.11.19 start
++++ textDisp-19.11.19 PASSED
---- textDisp-19.11.20 start
++++ textDisp-19.11.20 PASSED
---- textDisp-19.11.21 start
++++ textDisp-19.11.21 PASSED
---- textDisp-19.11.22 start
++++ textDisp-19.11.22 PASSED
---- textDisp-19.11.23 start
++++ textDisp-19.11.23 PASSED
---- textDisp-19.11.24 start
++++ textDisp-19.11.24 PASSED
---- textDisp-19.12 start
++++ textDisp-19.12 PASSED
---- textDisp-19.13 start
++++ textDisp-19.13 PASSED
---- textDisp-19.14 start
++++ textDisp-19.14 PASSED
---- textDisp-19.15 start
++++ textDisp-19.15 PASSED
---- textDisp-19.16 start
++++ textDisp-19.16 PASSED
---- textDisp-19.17 start
++++ textDisp-19.17 PASSED
---- textDisp-19.18 start
++++ textDisp-19.18 PASSED
---- textDisp-19.19 start
++++ textDisp-19.19 PASSED
---- textDisp-20.1 start
++++ textDisp-20.1 PASSED
---- textDisp-20.2 start
++++ textDisp-20.2 PASSED
---- textDisp-20.3 start
++++ textDisp-20.3 PASSED
---- textDisp-20.4 start
++++ textDisp-20.4 PASSED
---- textDisp-20.5 start
++++ textDisp-20.5 PASSED
---- textDisp-21.1 start
++++ textDisp-21.1 PASSED
---- textDisp-21.2 start
++++ textDisp-21.2 PASSED
---- textDisp-21.3 start
++++ textDisp-21.3 PASSED
---- textDisp-21.4 start
++++ textDisp-21.4 PASSED
---- textDisp-22.1 start
++++ textDisp-22.1 PASSED
---- textDisp-22.2 start
++++ textDisp-22.2 PASSED
---- textDisp-22.3 start
++++ textDisp-22.3 PASSED
---- textDisp-22.4 start
++++ textDisp-22.4 PASSED
---- textDisp-22.5 start
++++ textDisp-22.5 PASSED
---- textDisp-22.6 start
++++ textDisp-22.6 PASSED
---- textDisp-22.7 start
++++ textDisp-22.7 PASSED
---- textDisp-22.8 start
++++ textDisp-22.8 PASSED
---- textDisp-22.9 start
++++ textDisp-22.9 PASSED
---- textDisp-22.10 start
++++ textDisp-22.10 PASSED
---- textDisp-22.11 start
++++ textDisp-22.11 PASSED
---- textDisp-23.1 start
++++ textDisp-23.1 PASSED
---- textDisp-23.2 start
++++ textDisp-23.2 PASSED
---- textDisp-23.3 start
++++ textDisp-23.3 PASSED
---- textDisp-23.4 start
++++ textDisp-23.4 PASSED
---- textDisp-23.5 start
++++ textDisp-23.5 PASSED
---- textDisp-23.6 start
++++ textDisp-23.6 PASSED
---- textDisp-23.7 start
++++ textDisp-23.7 PASSED
---- textDisp-24.1 start
++++ textDisp-24.1 PASSED
---- textDisp-24.2 start
++++ textDisp-24.2 PASSED
---- textDisp-24.3 start
++++ textDisp-24.3 PASSED
---- textDisp-24.4 start
++++ textDisp-24.4 PASSED
---- textDisp-24.5 start
++++ textDisp-24.5 PASSED
---- textDisp-24.6 start
++++ textDisp-24.6 PASSED
---- textDisp-24.7 start
++++ textDisp-24.7 PASSED
---- textDisp-24.8 start
++++ textDisp-24.8 PASSED
---- textDisp-24.9 start
++++ textDisp-24.9 PASSED
---- textDisp-24.10 start
++++ textDisp-24.10 PASSED
---- textDisp-24.11 start
++++ textDisp-24.11 PASSED
---- textDisp-24.12 start
++++ textDisp-24.12 PASSED
---- textDisp-24.13 start
++++ textDisp-24.13 PASSED
---- textDisp-24.14 start
++++ textDisp-24.14 PASSED
---- textDisp-24.15 start
++++ textDisp-24.15 PASSED
---- textDisp-24.16 start
++++ textDisp-24.16 PASSED
---- textDisp-24.17 start
++++ textDisp-24.17 PASSED
---- textDisp-24.18 start
++++ textDisp-24.18 PASSED
---- textDisp-24.19 start
++++ textDisp-24.19 PASSED
---- textDisp-24.20 start
++++ textDisp-24.20 PASSED
---- textDisp-24.21 start
++++ textDisp-24.21 PASSED
---- textDisp-24.22 start
++++ textDisp-24.22 PASSED
---- textDisp-24.23 start
++++ textDisp-24.23 PASSED
++++ textDisp-24.24 SKIPPED: notAqua
---- textDisp-24.25 start
++++ textDisp-24.25 PASSED
---- textDisp-25.1 start
++++ textDisp-25.1 PASSED
---- textDisp-26.1 start
++++ textDisp-26.1 PASSED
---- textDisp-26.1.2 start
++++ textDisp-26.1.2 PASSED
---- textDisp-26.2 start
++++ textDisp-26.2 PASSED
---- textDisp-26.3 start
++++ textDisp-26.3 PASSED
---- textDisp-26.4 start
++++ textDisp-26.4 PASSED
---- textDisp-26.5 start
++++ textDisp-26.5 PASSED
---- textDisp-26.6 start
++++ textDisp-26.6 PASSED
---- textDisp-26.7 start
++++ textDisp-26.7 PASSED
---- textDisp-26.8 start
++++ textDisp-26.8 PASSED
---- textDisp-26.9 start
++++ textDisp-26.9 PASSED
---- textDisp-26.10 start
++++ textDisp-26.10 PASSED
---- textDisp-26.11 start
++++ textDisp-26.11 PASSED
---- textDisp-26.12 start
++++ textDisp-26.12 PASSED
---- textDisp-26.13 start
++++ textDisp-26.13 PASSED
---- textDisp-26.13.2 start
++++ textDisp-26.13.2 PASSED
---- textDisp-26.14 start
++++ textDisp-26.14 PASSED
---- textDisp-26.14.2 start
++++ textDisp-26.14.2 PASSED
---- textDisp-27.1 start
++++ textDisp-27.1 PASSED
---- textDisp-27.1.1 start
++++ textDisp-27.1.1 PASSED
---- textDisp-27.2 start
++++ textDisp-27.2 PASSED
---- textDisp-27.3 start
++++ textDisp-27.3 PASSED
---- textDisp-27.4 start
++++ textDisp-27.4 PASSED
---- textDisp-27.5 start
++++ textDisp-27.5 PASSED
---- textDisp-27.6 start
++++ textDisp-27.6 PASSED
---- textDisp-27.7 start
++++ textDisp-27.7 PASSED
---- textDisp-27.7.1 start
++++ textDisp-27.7.1 PASSED
---- textDisp-27.7.2 start
++++ textDisp-27.7.2 PASSED
---- textDisp-27.8 start
++++ textDisp-27.8 PASSED
---- textDisp-27.9 start
++++ textDisp-27.9 PASSED
---- textDisp-27.10 start
++++ textDisp-27.10 PASSED
---- textDisp-27.11 start
++++ textDisp-27.11 PASSED
---- textDisp-28.1 start
++++ textDisp-28.1 PASSED
---- textDisp-29.1 start
++++ textDisp-29.1 PASSED
---- textDisp-29.2 start
++++ textDisp-29.2 PASSED
---- textDisp-29.2.1 start
++++ textDisp-29.2.1 PASSED
---- textDisp-29.2.2 start
++++ textDisp-29.2.2 PASSED
---- textDisp-29.2.3 start
++++ textDisp-29.2.3 PASSED
---- textDisp-29.2.4 start
++++ textDisp-29.2.4 PASSED
---- textDisp-29.2.5 start
++++ textDisp-29.2.5 PASSED
---- textDisp-29.3 start
++++ textDisp-29.3 PASSED
---- textDisp-30.1 start
++++ textDisp-30.1 PASSED
---- textDisp-30.2 start
++++ textDisp-30.2 PASSED
---- textDisp-31.1 start
++++ textDisp-31.1 PASSED
---- textDisp-31.2 start
++++ textDisp-31.2 PASSED
---- textDisp-31.3 start
++++ textDisp-31.3 PASSED
---- textDisp-31.4 start
++++ textDisp-31.4 PASSED
---- textDisp-31.5 start
++++ textDisp-31.5 PASSED
---- textDisp-31.6 start
++++ textDisp-31.6 PASSED
---- textDisp-31.7 start
++++ textDisp-31.7 PASSED
---- textDisp-32.0 start
++++ textDisp-32.0 PASSED
---- textDisp-32.1 start
++++ textDisp-32.1 PASSED
---- textDisp-32.2 start
++++ textDisp-32.2 PASSED
---- textDisp-32.3 start
++++ textDisp-32.3 PASSED
---- textDisp-32.4 start
++++ textDisp-32.4 PASSED
---- textDisp-33.0 start
++++ textDisp-33.0 PASSED
---- textDisp-33.1 start
++++ textDisp-33.1 PASSED
---- textDisp-33.2 start
++++ textDisp-33.2 PASSED
---- textDisp-33.3 start
++++ textDisp-33.3 PASSED
---- textDisp-33.4 start
++++ textDisp-33.4 PASSED
++++ textDisp-33.5 SKIPPED: win
---- textDisp-34.1 start
++++ textDisp-34.1 PASSED
---- textDisp-35.1 start
++++ textDisp-35.1 PASSED
++++ textDisp-36.1 SKIPPED: knownBug
textImage.test
---- textImage-1.1 start
++++ textImage-1.1 PASSED
---- textImage-1.2 start
++++ textImage-1.2 PASSED
---- textImage-1.3 start
++++ textImage-1.3 PASSED
---- textImage-1.4 start
++++ textImage-1.4 PASSED
---- textImage-1.5 start
++++ textImage-1.5 PASSED
---- textImage-1.6 start
++++ textImage-1.6 PASSED
---- textImage-1.7 start
++++ textImage-1.7 PASSED
---- textImage-1.8 start
++++ textImage-1.8 PASSED
---- textImage-1.9 start
++++ textImage-1.9 PASSED
---- textImage-1.10 start
++++ textImage-1.10 PASSED
---- textImage-1.11 start
++++ textImage-1.11 PASSED
---- textImage-1.12 start
++++ textImage-1.12 PASSED
---- textImage-1.13 start
++++ textImage-1.13 PASSED
---- textImage-1.14 start
++++ textImage-1.14 PASSED
---- textImage-1.15 start
++++ textImage-1.15 PASSED
---- textImage-1.16 start
++++ textImage-1.16 PASSED
---- textImage-1.17 start
++++ textImage-1.17 PASSED
---- textImage-1.18 start
++++ textImage-1.18 PASSED
---- textImage-1.19 start
++++ textImage-1.19 PASSED
---- textImage-2.1 start
++++ textImage-2.1 PASSED
---- textImage-3.1 start
++++ textImage-3.1 PASSED
---- textImage-3.2 start
++++ textImage-3.2 PASSED
---- textImage-4.1 start
++++ textImage-4.1 PASSED
---- textImage-4.2 start
++++ textImage-4.2 PASSED
++++ textImage-4.3 SKIPPED: fonts
---- textImage-5.1 start
++++ textImage-5.1 PASSED
textIndex.test
---- textIndex-1.1 start
++++ textIndex-1.1 PASSED
---- textIndex-1.2 start
++++ textIndex-1.2 PASSED
---- textIndex-1.3 start
++++ textIndex-1.3 PASSED
---- textIndex-1.4 start
++++ textIndex-1.4 PASSED
---- textIndex-1.5 start
++++ textIndex-1.5 PASSED
---- textIndex-1.6 start
++++ textIndex-1.6 PASSED
---- textIndex-1.7 start
++++ textIndex-1.7 PASSED
---- textIndex-1.8 start
++++ textIndex-1.8 PASSED
---- textIndex-1.9 start
++++ textIndex-1.9 PASSED
---- textIndex-1.10 start
++++ textIndex-1.10 PASSED
---- textIndex-1.11 start
++++ textIndex-1.11 PASSED
---- textIndex-1.12 start
++++ textIndex-1.12 PASSED
---- textIndex-1.13 start
++++ textIndex-1.13 PASSED
---- textIndex-1.14 start
++++ textIndex-1.14 PASSED
---- textIndex-1.15 start
++++ textIndex-1.15 PASSED
---- textIndex-1.16 start
++++ textIndex-1.16 PASSED
---- textIndex-1.17 start
++++ textIndex-1.17 PASSED
---- textIndex-1.18 start
++++ textIndex-1.18 PASSED
---- textIndex-2.1 start
++++ textIndex-2.1 PASSED
---- textIndex-2.2 start
++++ textIndex-2.2 PASSED
---- textIndex-2.3 start
++++ textIndex-2.3 PASSED
---- textIndex-2.4 start
++++ textIndex-2.4 PASSED
---- textIndex-2.5 start
++++ textIndex-2.5 PASSED
---- textIndex-2.6 start
++++ textIndex-2.6 PASSED
---- textIndex-2.7 start
++++ textIndex-2.7 PASSED
---- textIndex-2.8 start
++++ textIndex-2.8 PASSED
---- textIndex-2.9 start
++++ textIndex-2.9 PASSED
---- textIndex-2.10 start
++++ textIndex-2.10 PASSED
---- textIndex-2.11 start
++++ textIndex-2.11 PASSED
---- textIndex-2.12 start
++++ textIndex-2.12 PASSED
---- textIndex-2.13 start
++++ textIndex-2.13 PASSED
---- textIndex-2.14 start
++++ textIndex-2.14 PASSED
---- textIndex-3.1 start
++++ textIndex-3.1 PASSED
++++ textIndex-3.2 SKIPPED: knownBug
---- textIndex-3.3 start
++++ textIndex-3.3 PASSED
++++ textIndex-3.4 SKIPPED: knownBug
---- textIndex-3.5 start
++++ textIndex-3.5 PASSED
++++ textIndex-3.6 SKIPPED: knownBug
---- textIndex-4.1 start
++++ textIndex-4.1 PASSED
---- textIndex-4.2 start
++++ textIndex-4.2 PASSED
---- textIndex-4.3 start
++++ textIndex-4.3 PASSED
---- textIndex-4.4 start
++++ textIndex-4.4 PASSED
---- textIndex-4.5 start
++++ textIndex-4.5 PASSED
---- textIndex-4.6 start
++++ textIndex-4.6 PASSED
---- textIndex-4.7 start
++++ textIndex-4.7 PASSED
---- textIndex-4.8 start
++++ textIndex-4.8 PASSED
++++ textIndex-5.1 SKIPPED: fonts
++++ textIndex-5.2 SKIPPED: fonts
++++ textIndex-5.3 SKIPPED: fonts
++++ textIndex-5.4 SKIPPED: fonts
++++ textIndex-5.5 SKIPPED: fonts
++++ textIndex-5.6 SKIPPED: fonts
++++ textIndex-5.7 SKIPPED: fonts
++++ textIndex-5.8 SKIPPED: fonts
---- textIndex-6.1 start
++++ textIndex-6.1 PASSED
---- textIndex-6.2 start
++++ textIndex-6.2 PASSED
---- textIndex-6.3 start
++++ textIndex-6.3 PASSED
---- textIndex-6.4 start
++++ textIndex-6.4 PASSED
---- textIndex-6.5 start
++++ textIndex-6.5 PASSED
---- textIndex-7.1 start
++++ textIndex-7.1 PASSED
---- textIndex-7.2 start
++++ textIndex-7.2 PASSED
---- textIndex-7.3 start
++++ textIndex-7.3 PASSED
---- textIndex-8.1 start
++++ textIndex-8.1 PASSED
---- textIndex-8.2 start
++++ textIndex-8.2 PASSED
---- textIndex-8.3 start
++++ textIndex-8.3 PASSED
---- textIndex-8.4 start
++++ textIndex-8.4 PASSED
---- textIndex-8.5 start
++++ textIndex-8.5 PASSED
---- textIndex-8.6 start
++++ textIndex-8.6 PASSED
---- textIndex-9.1 start
++++ textIndex-9.1 PASSED
---- textIndex-9.2 start
++++ textIndex-9.2 PASSED
---- textIndex-9.3 start
++++ textIndex-9.3 PASSED
---- textIndex-9.4 start
++++ textIndex-9.4 PASSED
---- textIndex-9.5 start
++++ textIndex-9.5 PASSED
---- textIndex-10.1 start
++++ textIndex-10.1 PASSED
---- textIndex-10.2 start
++++ textIndex-10.2 PASSED
---- textIndex-10.3 start
++++ textIndex-10.3 PASSED
---- textIndex-10.4 start
++++ textIndex-10.4 PASSED
---- textIndex-10.5 start
++++ textIndex-10.5 PASSED
---- textIndex-10.6 start
++++ textIndex-10.6 PASSED
---- textIndex-10.7 start
++++ textIndex-10.7 PASSED
---- textIndex-10.8 start
++++ textIndex-10.8 PASSED
---- textIndex-10.9 start
++++ textIndex-10.9 PASSED
---- textIndex-10.10 start
++++ textIndex-10.10 PASSED
---- textIndex-11.1 start
++++ textIndex-11.1 PASSED
---- textIndex-11.2 start
++++ textIndex-11.2 PASSED
---- textIndex-11.3 start
++++ textIndex-11.3 PASSED
---- textIndex-11.4 start
++++ textIndex-11.4 PASSED
---- textIndex-11.5 start
++++ textIndex-11.5 PASSED
---- textIndex-11.6 start
++++ textIndex-11.6 PASSED
---- textIndex-11.7 start
++++ textIndex-11.7 PASSED
---- textIndex-12.1 start
++++ textIndex-12.1 PASSED
---- textIndex-12.2 start
++++ textIndex-12.2 PASSED
---- textIndex-12.3 start
++++ textIndex-12.3 PASSED
---- textIndex-12.4 start
++++ textIndex-12.4 PASSED
---- textIndex-12.5 start
++++ textIndex-12.5 PASSED
---- textIndex-12.6 start
++++ textIndex-12.6 PASSED
---- textIndex-12.7 start
++++ textIndex-12.7 PASSED
---- textIndex-12.8 start
++++ textIndex-12.8 PASSED
---- textIndex-12.9 start
++++ textIndex-12.9 PASSED
---- textIndex-12.10 start
++++ textIndex-12.10 PASSED
---- textIndex-12.11 start
++++ textIndex-12.11 PASSED
---- textIndex-12.12 start
++++ textIndex-12.12 PASSED
---- textIndex-12.13 start
++++ textIndex-12.13 PASSED
---- textIndex-12.14 start
++++ textIndex-12.14 PASSED
---- textIndex-13.1 start
++++ textIndex-13.1 PASSED
---- textIndex-13.2 start
++++ textIndex-13.2 PASSED
---- textIndex-13.3 start
++++ textIndex-13.3 PASSED
---- textIndex-13.4 start
++++ textIndex-13.4 PASSED
---- textIndex-13.5 start
++++ textIndex-13.5 PASSED
---- textIndex-13.6 start
++++ textIndex-13.6 PASSED
---- textIndex-14.1 start
++++ textIndex-14.1 PASSED
---- textIndex-14.2 start
++++ textIndex-14.2 PASSED
---- textIndex-14.3 start
++++ textIndex-14.3 PASSED
---- textIndex-14.4 start
++++ textIndex-14.4 PASSED
---- textIndex-14.5 start
++++ textIndex-14.5 PASSED
---- textIndex-14.6 start
++++ textIndex-14.6 PASSED
---- textIndex-14.7 start
++++ textIndex-14.7 PASSED
---- textIndex-14.8 start
++++ textIndex-14.8 PASSED
---- textIndex-14.9 start
++++ textIndex-14.9 PASSED
---- textIndex-14.10 start
++++ textIndex-14.10 PASSED
---- textIndex-14.11 start
++++ textIndex-14.11 PASSED
---- textIndex-14.12 start
++++ textIndex-14.12 PASSED
---- textIndex-14.13 start
++++ textIndex-14.13 PASSED
---- textIndex-14.14 start
++++ textIndex-14.14 PASSED
---- textIndex-14.15 start
++++ textIndex-14.15 PASSED
---- textIndex-14.16 start
++++ textIndex-14.16 PASSED
---- textIndex-14.17 start
++++ textIndex-14.17 PASSED
---- textIndex-15.1 start
++++ textIndex-15.1 PASSED
---- textIndex-15.2 start
++++ textIndex-15.2 PASSED
---- textIndex-15.3 start
++++ textIndex-15.3 PASSED
---- textIndex-15.4 start
++++ textIndex-15.4 PASSED
---- textIndex-15.5 start
++++ textIndex-15.5 PASSED
---- textIndex-15.6 start
++++ textIndex-15.6 PASSED
---- textIndex-15.7 start
++++ textIndex-15.7 PASSED
---- textIndex-15.8 start
++++ textIndex-15.8 PASSED
---- textIndex-15.9 start
++++ textIndex-15.9 PASSED
---- textIndex-15.10 start
++++ textIndex-15.10 PASSED
---- textIndex-15.11 start
++++ textIndex-15.11 PASSED
---- textIndex-15.12 start
++++ textIndex-15.12 PASSED
---- textIndex-15.13 start
++++ textIndex-15.13 PASSED
---- textIndex-15.14 start
++++ textIndex-15.14 PASSED
---- textIndex-15.15 start
++++ textIndex-15.15 PASSED
---- textIndex-16.1 start
++++ textIndex-16.1 PASSED
---- textIndex-16.2 start
++++ textIndex-16.2 PASSED
---- textIndex-17.1 start
++++ textIndex-17.1 PASSED
---- textIndex-18.1 start
++++ textIndex-18.1 PASSED
---- textIndex-19.1 start
++++ textIndex-19.1 PASSED
---- textIndex-19.2 start
++++ textIndex-19.2 PASSED
---- textIndex-19.3 start
++++ textIndex-19.3 PASSED
---- textIndex-19.4 start
++++ textIndex-19.4 PASSED
---- textIndex-19.5 start
++++ textIndex-19.5 PASSED
---- textIndex-19.6 start
++++ textIndex-19.6 PASSED
---- textIndex-19.7 start
++++ textIndex-19.7 PASSED
---- textIndex-19.8 start
++++ textIndex-19.8 PASSED
---- textIndex-19.9 start
++++ textIndex-19.9 PASSED
---- textIndex-19.10 start
++++ textIndex-19.10 PASSED
---- textIndex-19.11 start
++++ textIndex-19.11 PASSED
---- textIndex-19.12 start
++++ textIndex-19.12 PASSED
---- textIndex-19.12.1 start
++++ textIndex-19.12.1 PASSED
---- textIndex-19.12.2 start
++++ textIndex-19.12.2 PASSED
---- textIndex-19.13 start
++++ textIndex-19.13 PASSED
---- textIndex-19.14 start
++++ textIndex-19.14 PASSED
---- textIndex-21.4 start
++++ textIndex-21.4 PASSED
---- textIndex-21.5 start
++++ textIndex-21.5 PASSED
---- textIndex-21.6 start
++++ textIndex-21.6 PASSED
---- textIndex-21.7 start
++++ textIndex-21.7 PASSED
---- textIndex-21.8 start
++++ textIndex-21.8 PASSED
---- textIndex-21.9 start
++++ textIndex-21.9 PASSED
---- textIndex-21.10 start
++++ textIndex-21.10 PASSED
---- textIndex-21.11 start
++++ textIndex-21.11 PASSED
---- textIndex-21.12 start
++++ textIndex-21.12 PASSED
---- textIndex-21.13 start
++++ textIndex-21.13 PASSED
---- textIndex-21.14 start
++++ textIndex-21.14 PASSED
---- textIndex-22.5 start
++++ textIndex-22.5 PASSED
---- textIndex-22.6 start
++++ textIndex-22.6 PASSED
---- textIndex-22.7 start
++++ textIndex-22.7 PASSED
---- textIndex-22.8 start
++++ textIndex-22.8 PASSED
---- textIndex-22.9 start
++++ textIndex-22.9 PASSED
---- textIndex-22.10 start
++++ textIndex-22.10 PASSED
---- textIndex-22.11 start
++++ textIndex-22.11 PASSED
---- textIndex-22.12 start
++++ textIndex-22.12 PASSED
---- textIndex-22.13 start
++++ textIndex-22.13 PASSED
---- textIndex-22.14 start
++++ textIndex-22.14 PASSED
---- textIndex-22.15 start
++++ textIndex-22.15 PASSED
---- textIndex-22.16 start
++++ textIndex-22.16 PASSED
---- textIndex-23.1 start
++++ textIndex-23.1 PASSED
---- textIndex-24.1 start
++++ textIndex-24.1 PASSED
---- textIndex-25.1 start
++++ textIndex-25.1 PASSED
---- textIndex-26.1 start
++++ textIndex-26.1 PASSED
---- textIndex-26.2 start
++++ textIndex-26.2 PASSED
textMark.test
---- textMark-1.1 start
++++ textMark-1.1 PASSED
---- textMark-1.2 start
++++ textMark-1.2 PASSED
---- textMark-1.3 start
++++ textMark-1.3 PASSED
---- textMark-1.4 start
++++ textMark-1.4 PASSED
---- textMark-1.5 start
++++ textMark-1.5 PASSED
---- textMark-1.6 start
++++ textMark-1.6 PASSED
---- textMark-1.7 start
++++ textMark-1.7 PASSED
---- textMark-1.8 start
++++ textMark-1.8 PASSED
---- textMark-2.1 start
++++ textMark-2.1 PASSED
---- textMark-2.2 start
++++ textMark-2.2 PASSED
---- textMark-2.3 start
++++ textMark-2.3 PASSED
---- textMark-3.1 start
++++ textMark-3.1 PASSED
---- textMark-3.2 start
++++ textMark-3.2 PASSED
---- textMark-3.3 start
++++ textMark-3.3 PASSED
---- textMark-3.4 start
++++ textMark-3.4 PASSED
---- textMark-3.5 start
++++ textMark-3.5 PASSED
---- textMark-4.1 start
++++ textMark-4.1 PASSED
---- textMark-4.2 start
++++ textMark-4.2 PASSED
---- textMark-4.2.1 start
++++ textMark-4.2.1 PASSED
---- textMark-4.3 start
++++ textMark-4.3 PASSED
---- textMark-5.1 start
++++ textMark-5.1 PASSED
---- textMark-5.2 start
++++ textMark-5.2 PASSED
---- textMark-6.1 start
++++ textMark-6.1 PASSED
---- textMark-6.2 start
++++ textMark-6.2 PASSED
---- textMark-6.3 start
++++ textMark-6.3 PASSED
---- textMark-6.4 start
++++ textMark-6.4 PASSED
---- textMark-6.5 start
++++ textMark-6.5 PASSED
---- textMark-6.6 start
++++ textMark-6.6 PASSED
---- textMark-7.1 start
++++ textMark-7.1 PASSED
---- textMark-7.2 start
++++ textMark-7.2 PASSED
---- textMark-7.3 start
++++ textMark-7.3 PASSED
---- textMark-7.4 start
++++ textMark-7.4 PASSED
---- textMark-7.5 start
++++ textMark-7.5 PASSED
---- textMark-7.6 start
++++ textMark-7.6 PASSED
---- textMark-7.7 start
++++ textMark-7.7 PASSED
---- textMark-7.8 start
++++ textMark-7.8 PASSED
---- textMark-7.9 start
++++ textMark-7.9 PASSED
---- textMark-8.1 start
++++ textMark-8.1 PASSED
---- textMark-8.2 start
++++ textMark-8.2 PASSED
---- textMark-8.3 start
++++ textMark-8.3 PASSED
---- textMark-8.4 start
++++ textMark-8.4 PASSED
---- textMark-8.5 start
++++ textMark-8.5 PASSED
---- textMark-8.6 start
++++ textMark-8.6 PASSED
---- textMark-8.7 start
++++ textMark-8.7 PASSED
---- textMark-8.8 start
++++ textMark-8.8 PASSED
---- textMark-8.9 start
++++ textMark-8.9 PASSED
textTag.test
---- textTag-1.1 start
++++ textTag-1.1 PASSED
---- textTag-1.2 start
++++ textTag-1.2 PASSED
---- textTag-1.3 start
++++ textTag-1.3 PASSED
---- textTag-1.4 start
++++ textTag-1.4 PASSED
---- textTag-1.5 start
++++ textTag-1.5 PASSED
---- textTag-1.6 start
++++ textTag-1.6 PASSED
---- textTag-1.7 start
++++ textTag-1.7 PASSED
---- textTag-1.8 start
++++ textTag-1.8 PASSED
---- textTag-1.9 start
++++ textTag-1.9 PASSED
---- textTag-1.10 start
++++ textTag-1.10 PASSED
---- textTag-1.11 start
++++ textTag-1.11 PASSED
---- textTag-1.12 start
++++ textTag-1.12 PASSED
---- textTag-1.13 start
++++ textTag-1.13 PASSED
---- textTag-1.14 start
++++ textTag-1.14 PASSED
---- textTag-1.15 start
++++ textTag-1.15 PASSED
---- textTag-1.16 start
++++ textTag-1.16 PASSED
---- textTag-1.17 start
++++ textTag-1.17 PASSED
---- textTag-1.17a start
++++ textTag-1.17a PASSED
---- textTag-1.17b start
++++ textTag-1.17b PASSED
---- textTag-1.18 start
++++ textTag-1.18 PASSED
---- textTag-1.19 start
++++ textTag-1.19 PASSED
---- textTag-1.20 start
++++ textTag-1.20 PASSED
---- textTag-1.21 start
++++ textTag-1.21 PASSED
---- textTag-1.21a start
++++ textTag-1.21a PASSED
---- textTag-1.21b start
++++ textTag-1.21b PASSED
---- textTag-1.22 start
++++ textTag-1.22 PASSED
---- textTag-1.23 start
++++ textTag-1.23 PASSED
---- textTag-1.24 start
++++ textTag-1.24 PASSED
---- textTag-1.25 start
++++ textTag-1.25 PASSED
---- textTag-1.25a start
++++ textTag-1.25a PASSED
---- textTag-1.25b start
++++ textTag-1.25b PASSED
---- textTag-1.25c start
++++ textTag-1.25c PASSED
---- textTag-1.25d start
++++ textTag-1.25d PASSED
---- textTag-1.25e start
++++ textTag-1.25e PASSED
---- textTag-1.25f start
++++ textTag-1.25f PASSED
---- textTag-1.26 start
++++ textTag-1.26 PASSED
---- textTag-1.27 start
++++ textTag-1.27 PASSED
---- textTag-1.28 start
++++ textTag-1.28 PASSED
---- textTag-1.29 start
++++ textTag-1.29 PASSED
---- textTag-1.30 start
++++ textTag-1.30 PASSED
---- textTag-1.31 start
++++ textTag-1.31 PASSED
---- textTag-1.32 start
++++ textTag-1.32 PASSED
---- textTag-1.33 start
++++ textTag-1.33 PASSED
---- textTag-1.34 start
++++ textTag-1.34 PASSED
---- textTag-1.35 start
++++ textTag-1.35 PASSED
---- textTag-1.36 start
++++ textTag-1.36 PASSED
---- textTag-1.37 start
++++ textTag-1.37 PASSED
---- textTag-2.1 start
++++ textTag-2.1 PASSED
---- textTag-2.2 start
++++ textTag-2.2 PASSED
---- textTag-2.3 start
++++ textTag-2.3 PASSED
---- textTag-2.4 start
++++ textTag-2.4 PASSED
---- textTag-2.5 start
++++ textTag-2.5 PASSED
---- textTag-2.6 start
++++ textTag-2.6 PASSED
---- textTag-2.7 start
++++ textTag-2.7 PASSED
---- textTag-2.8 start
++++ textTag-2.8 PASSED
---- textTag-2.9 start
++++ textTag-2.9 PASSED
---- textTag-2.10 start
++++ textTag-2.10 PASSED
---- textTag-2.11 start
++++ textTag-2.11 PASSED
---- textTag-2.12 start
++++ textTag-2.12 PASSED
---- textTag-2.14 start
++++ textTag-2.14 PASSED
---- textTag-3.1 start
++++ textTag-3.1 PASSED
---- textTag-3.2 start
++++ textTag-3.2 PASSED
---- textTag-3.3 start
++++ textTag-3.3 PASSED
---- textTag-3.4 start
++++ textTag-3.4 PASSED
---- textTag-3.5 start
++++ textTag-3.5 PASSED
---- textTag-3.6 start
++++ textTag-3.6 PASSED
---- textTag-3.7 start
++++ textTag-3.7 PASSED
---- textTag-3.8 start
++++ textTag-3.8 PASSED
---- textTag-3.9 start
++++ textTag-3.9 PASSED
---- textTag-3.10 start
++++ textTag-3.10 PASSED
---- textTag-4.1 start
++++ textTag-4.1 PASSED
---- textTag-4.2 start
++++ textTag-4.2 PASSED
---- textTag-4.3 start
++++ textTag-4.3 PASSED
---- textTag-4.4 start
++++ textTag-4.4 PASSED
---- textTag-4.5 start
++++ textTag-4.5 PASSED
---- textTag-5.1 start
++++ textTag-5.1 PASSED
---- textTag-5.2 start
++++ textTag-5.2 PASSED
---- textTag-5.3 start
++++ textTag-5.3 PASSED
---- textTag-5.4 start
++++ textTag-5.4 PASSED
---- textTag-5.4a start
++++ textTag-5.4a PASSED
---- textTag-5.5 start
++++ textTag-5.5 PASSED
---- textTag-5.5a start
++++ textTag-5.5a PASSED
---- textTag-5.6 start
++++ textTag-5.6 PASSED
---- textTag-5.7 start
++++ textTag-5.7 PASSED
---- textTag-5.8 start
++++ textTag-5.8 PASSED
---- textTag-5.9 start
++++ textTag-5.9 PASSED
---- textTag-5.10 start
++++ textTag-5.10 PASSED
---- textTag-5.11 start
++++ textTag-5.11 PASSED
---- textTag-5.12 start
++++ textTag-5.12 PASSED
---- textTag-5.13 start
++++ textTag-5.13 PASSED
---- textTag-5.14 start
++++ textTag-5.14 PASSED
---- textTag-5.15 start
++++ textTag-5.15 PASSED
---- textTag-5.15a start
++++ textTag-5.15a PASSED
---- textTag-5.16 start
++++ textTag-5.16 PASSED
---- textTag-5.16a start
++++ textTag-5.16a PASSED
---- textTag-5.17 start
++++ textTag-5.17 PASSED
---- textTag-5.18 start
++++ textTag-5.18 PASSED
---- textTag-5.19 start
++++ textTag-5.19 PASSED
---- textTag-5.20 start
++++ textTag-5.20 PASSED
---- textTag-5.21 start
++++ textTag-5.21 PASSED
---- textTag-5.22 start
++++ textTag-5.22 PASSED
---- textTag-5.23 start
++++ textTag-5.23 PASSED
---- textTag-5.24 start
++++ textTag-5.24 PASSED
---- textTag-6.1 start
++++ textTag-6.1 PASSED
---- textTag-6.2 start
++++ textTag-6.2 PASSED
---- textTag-6.3 start
++++ textTag-6.3 PASSED
---- textTag-6.4 start
++++ textTag-6.4 PASSED
---- textTag-6.5 start
++++ textTag-6.5 PASSED
---- textTag-7.1 start
++++ textTag-7.1 PASSED
---- textTag-7.2 start
++++ textTag-7.2 PASSED
---- textTag-7.3 start
++++ textTag-7.3 PASSED
---- textTag-7.4 start
++++ textTag-7.4 PASSED
---- textTag-7.5 start
++++ textTag-7.5 PASSED
---- textTag-7.6 start
++++ textTag-7.6 PASSED
---- textTag-8.1 start
++++ textTag-8.1 PASSED
---- textTag-8.2 start
++++ textTag-8.2 PASSED
---- textTag-8.3 start
++++ textTag-8.3 PASSED
---- textTag-9.1 start
++++ textTag-9.1 PASSED
---- textTag-9.2 start
++++ textTag-9.2 PASSED
---- textTag-9.3 start
++++ textTag-9.3 PASSED
---- textTag-9.4 start
++++ textTag-9.4 PASSED
---- textTag-9.5 start
++++ textTag-9.5 PASSED
---- textTag-9.6 start
++++ textTag-9.6 PASSED
---- textTag-9.7 start
++++ textTag-9.7 PASSED
---- textTag-9.8 start
++++ textTag-9.8 PASSED
---- textTag-9.9 start
++++ textTag-9.9 PASSED
---- textTag-9.10 start
++++ textTag-9.10 PASSED
---- textTag-9.11 start
++++ textTag-9.11 PASSED
---- textTag-9.12 start
++++ textTag-9.12 PASSED
---- textTag-9.13 start
++++ textTag-9.13 PASSED
---- textTag-9.14 start
++++ textTag-9.14 PASSED
---- textTag-10.1 start
++++ textTag-10.1 PASSED
---- textTag-10.2 start
++++ textTag-10.2 PASSED
---- textTag-10.3 start
++++ textTag-10.3 PASSED
---- textTag-10.4 start
++++ textTag-10.4 PASSED
---- textTag-10.5 start
++++ textTag-10.5 PASSED
---- textTag-10.6 start
++++ textTag-10.6 PASSED
---- textTag-10.7 start
++++ textTag-10.7 PASSED
---- textTag-10.8 start
++++ textTag-10.8 PASSED
---- textTag-10.9 start
++++ textTag-10.9 PASSED
---- textTag-10.10 start
++++ textTag-10.10 PASSED
---- textTag-10.11 start
++++ textTag-10.11 PASSED
---- textTag-10.12 start
++++ textTag-10.12 PASSED
---- textTag-10.13 start
++++ textTag-10.13 PASSED
---- textTag-10.14 start
++++ textTag-10.14 PASSED
---- textTag-11.1 start
++++ textTag-11.1 PASSED
---- textTag-11.2 start
++++ textTag-11.2 PASSED
---- textTag-11.3 start
++++ textTag-11.3 PASSED
---- textTag-11.4 start
++++ textTag-11.4 PASSED
---- textTag-11.5 start
++++ textTag-11.5 PASSED
---- textTag-11.6 start
++++ textTag-11.6 PASSED
---- textTag-12.1 start
++++ textTag-12.1 PASSED
---- textTag-12.2 start
++++ textTag-12.2 PASSED
---- textTag-12.3 start
++++ textTag-12.3 PASSED
---- textTag-12.4 start
++++ textTag-12.4 PASSED
---- textTag-13.1 start
++++ textTag-13.1 PASSED
---- textTag-13.2 start
++++ textTag-13.2 PASSED
---- textTag-13.3 start
++++ textTag-13.3 PASSED
---- textTag-14.1 start
++++ textTag-14.1 PASSED
---- textTag-14.2 start
++++ textTag-14.2 PASSED
---- textTag-14.3 start
++++ textTag-14.3 PASSED
---- textTag-14.4 start
++++ textTag-14.4 PASSED
---- textTag-15.1 start
++++ textTag-15.1 PASSED
---- textTag-15.2 start
++++ textTag-15.2 PASSED
---- textTag-15.3 start
++++ textTag-15.3 PASSED
---- textTag-15.4 start
++++ textTag-15.4 PASSED
---- textTag-16.1 start
++++ textTag-16.1 PASSED
---- textTag-16.2 start
++++ textTag-16.2 PASSED
---- textTag-16.3 start
++++ textTag-16.3 PASSED
---- textTag-16.4 start
++++ textTag-16.4 PASSED
---- textTag-16.5 start
++++ textTag-16.5 PASSED
---- textTag-16.6 start
++++ textTag-16.6 PASSED
---- textTag-16.7 start
++++ textTag-16.7 PASSED
---- textTag-17.1 start
++++ textTag-17.1 PASSED
---- textTag-18.1 start
++++ textTag-18.1 PASSED
textWind.test
---- textWind-1.1 start
++++ textWind-1.1 PASSED
---- textWind-1.2 start
++++ textWind-1.2 PASSED
---- textWind-1.3 start
++++ textWind-1.3 PASSED
---- textWind-1.4 start
++++ textWind-1.4 PASSED
---- textWind-1.5 start
++++ textWind-1.5 PASSED
---- textWind-1.6 start
++++ textWind-1.6 PASSED
---- textWind-2.1 start
++++ textWind-2.1 PASSED
---- textWind-2.2 start
++++ textWind-2.2 PASSED
---- textWind-2.3 start
++++ textWind-2.3 PASSED
---- textWind-2.4 start
++++ textWind-2.4 PASSED
---- textWind-2.5 start
++++ textWind-2.5 PASSED
---- textWind-2.6 start
++++ textWind-2.6 PASSED
---- textWind-2.7 start
++++ textWind-2.7 PASSED
---- textWind-2.8 start
++++ textWind-2.8 PASSED
---- textWind-2.9 start
++++ textWind-2.9 PASSED
---- textWind-2.10 start
++++ textWind-2.10 PASSED
---- textWind-2.11 start
++++ textWind-2.11 PASSED
---- textWind-2.12 start
++++ textWind-2.12 PASSED
---- textWind-2.13 start
++++ textWind-2.13 PASSED
---- textWind-2.14 start
++++ textWind-2.14 PASSED
---- textWind-2.15 start
++++ textWind-2.15 PASSED
---- textWind-2.16 start
++++ textWind-2.16 PASSED
---- textWind-2.17 start
++++ textWind-2.17 PASSED
---- textWind-2.18 start
++++ textWind-2.18 PASSED
---- textWind-2.19 start
++++ textWind-2.19 PASSED
---- textWind-2.20 start
++++ textWind-2.20 PASSED
---- textWind-2.21 start
++++ textWind-2.21 PASSED
---- textWind-2.22 start
++++ textWind-2.22 PASSED
---- textWind-2.23 start
++++ textWind-2.23 PASSED
---- textWind-2.24 start
++++ textWind-2.24 PASSED
---- textWind-2.25 start
++++ textWind-2.25 PASSED
---- textWind-3.1 start
++++ textWind-3.1 PASSED
---- textWind-3.2 start
++++ textWind-3.2 PASSED
---- textWind-3.3 start
++++ textWind-3.3 PASSED
---- textWind-3.4 start
++++ textWind-3.4 PASSED
---- textWind-3.5 start
++++ textWind-3.5 PASSED
---- textWind-3.6 start
++++ textWind-3.6 PASSED
---- textWind-3.7 start
++++ textWind-3.7 PASSED
---- textWind-3.8 start
++++ textWind-3.8 PASSED
---- textWind-3.9 start
++++ textWind-3.9 PASSED
---- textWind-3.10 start
++++ textWind-3.10 PASSED
---- textWind-3.11 start
++++ textWind-3.11 PASSED
---- textWind-4.1 start
++++ textWind-4.1 PASSED
---- textWind-4.2 start
++++ textWind-4.2 PASSED
---- textWind-4.3 start
++++ textWind-4.3 PASSED
---- textWind-4.4 start
++++ textWind-4.4 PASSED
---- textWind-4.5 start
++++ textWind-4.5 PASSED
---- textWind-4.6 start
++++ textWind-4.6 PASSED
---- textWind-5.1 start
++++ textWind-5.1 PASSED
---- textWind-5.2 start
++++ textWind-5.2 PASSED
---- textWind-5.3 start
++++ textWind-5.3 PASSED
---- textWind-5.4 start
++++ textWind-5.4 PASSED
---- textWind-5.5 start
++++ textWind-5.5 PASSED
---- textWind-6.1 start
++++ textWind-6.1 PASSED
---- textWind-7.1 start
++++ textWind-7.1 PASSED
---- textWind-7.2 start
++++ textWind-7.2 PASSED
---- textWind-8.1 start
++++ textWind-8.1 PASSED
---- textWind-8.2 start
++++ textWind-8.2 PASSED
---- textWind-9.1 start
++++ textWind-9.1 PASSED
---- textWind-10.1 start
++++ textWind-10.1 PASSED
---- textWind-10.2 start
++++ textWind-10.2 PASSED
---- textWind-10.3 start
++++ textWind-10.3 PASSED
---- textWind-10.4 start
++++ textWind-10.4 PASSED
---- textWind-10.5 start
++++ textWind-10.5 PASSED
---- textWind-10.6 start
++++ textWind-10.6 PASSED
---- textWind-10.7 start
++++ textWind-10.7 PASSED
---- textWind-10.8 start
++++ textWind-10.8 PASSED
---- textWind-10.9 start
++++ textWind-10.9 PASSED
---- textWind-10.10 start
++++ textWind-10.10 PASSED
---- textWind-10.11 start
++++ textWind-10.11 PASSED
---- textWind-10.12 start
++++ textWind-10.12 PASSED
---- textWind-10.13 start
++++ textWind-10.13 PASSED
---- textWind-10.14 start
++++ textWind-10.14 PASSED
---- textWind-10.15 start
++++ textWind-10.15 PASSED
---- textWind-11.1 start
++++ textWind-11.1 PASSED
---- textWind-11.2 start
++++ textWind-11.2 PASSED
---- textWind-11.3 start
++++ textWind-11.3 PASSED
---- textWind-11.4 start
++++ textWind-11.4 PASSED
---- textWind-11.5 start
++++ textWind-11.5 PASSED
---- textWind-12.1 start
++++ textWind-12.1 PASSED
---- textWind-13.1 start
++++ textWind-13.1 PASSED
---- textWind-13.2 start
++++ textWind-13.2 PASSED
---- textWind-13.3 start
++++ textWind-13.3 PASSED
---- textWind-13.4 start
++++ textWind-13.4 PASSED
---- textWind-13.5 start
++++ textWind-13.5 PASSED
---- textWind-13.6 start
++++ textWind-13.6 PASSED
---- textWind-13.7 start
++++ textWind-13.7 PASSED
---- textWind-13.8 start
++++ textWind-13.8 PASSED
---- textWind-13.9 start
++++ textWind-13.9 PASSED
---- textWind-14.1 start
++++ textWind-14.1 PASSED
---- textWind-14.2 start
++++ textWind-14.2 PASSED
---- textWind-14.3 start
++++ textWind-14.3 PASSED
---- textWind-14.4 start
++++ textWind-14.4 PASSED
---- textWind-15.1 start
++++ textWind-15.1 PASSED
---- textWind-15.2 start
++++ textWind-15.2 PASSED
---- textWind-16.1 start
++++ textWind-16.1 PASSED
---- textWind-16.2 start
++++ textWind-16.2 PASSED
---- textWind-16.3 start
++++ textWind-16.3 PASSED
---- textWind-16.4 start
++++ textWind-16.4 PASSED
---- textWind-17.1 start
++++ textWind-17.1 PASSED
---- textWind-17.2 start
++++ textWind-17.2 PASSED
---- textWind-17.3 start
++++ textWind-17.3 PASSED
---- textWind-17.4 start
++++ textWind-17.4 PASSED
---- textWind-17.5 start
++++ textWind-17.5 PASSED
---- textWind-17.6 start
++++ textWind-17.6 PASSED
---- textWind-17.7 start
++++ textWind-17.7 PASSED
---- textWind-17.8 start
++++ textWind-17.8 PASSED
---- textWind-17.9 start
++++ textWind-17.9 PASSED
---- textWind-17.10 start
++++ textWind-17.10 PASSED
---- textWind-18.1 start
++++ textWind-18.1 PASSED
---- textWind-18.2 start
++++ textWind-18.2 PASSED
---- textWind-18.3 start
++++ textWind-18.3 PASSED
tk.test
---- tk-1.1 start
++++ tk-1.1 PASSED
---- tk-1.2 start
++++ tk-1.2 PASSED
---- tk-2.1 start
++++ tk-2.1 PASSED
---- tk-2.2 start
++++ tk-2.2 PASSED
---- tk-2.3 start
++++ tk-2.3 PASSED
---- tk-2.4 start
++++ tk-2.4 PASSED
---- tk-3.1 start
++++ tk-3.1 PASSED
---- tk-3.2 start
++++ tk-3.2 PASSED
---- tk-3.3 start
++++ tk-3.3 PASSED
---- tk-3.4 start
++++ tk-3.4 PASSED
---- tk-3.5 start
++++ tk-3.5 PASSED
---- tk-3.6 start
++++ tk-3.6 PASSED
---- tk-3.7 start
++++ tk-3.7 PASSED
---- tk-3.8 start
++++ tk-3.8 PASSED
---- tk-3.9 start
++++ tk-3.9 PASSED
---- tk-3.10 start
++++ tk-3.10 PASSED
---- tk-3.11 start
++++ tk-3.11 PASSED
---- tk-4.1 start
++++ tk-4.1 PASSED
---- tk-4.2 start
++++ tk-4.2 PASSED
---- tk-4.3 start
++++ tk-4.3 PASSED
---- tk-4.4 start
++++ tk-4.4 PASSED
---- tk-4.5 start
++++ tk-4.5 PASSED
---- tk-4.6 start
this wish doesn't have XIM (X Input Methods) support
++++ tk-4.6 PASSED
++++ tk-4.7 SKIPPED: win
---- tk-5.1 start
++++ tk-5.1 PASSED
---- tk-5.2 start
++++ tk-5.2 PASSED
---- tk-5.3 start
++++ tk-5.3 PASSED
---- tk-5.4 start
++++ tk-5.4 PASSED
---- tk-5.5 start
++++ tk-5.5 PASSED
---- tk-5.6 start
++++ tk-5.6 PASSED
---- tk-6.1 start
++++ tk-6.1 PASSED
---- tk-6.2 start
++++ tk-6.2 PASSED
---- tk-6.3 start
++++ tk-6.3 PASSED
---- tk-6.4 start
++++ tk-6.4 PASSED
---- tk-6.5 start
++++ tk-6.5 PASSED
---- tk-7.1 start
++++ tk-7.1 PASSED
---- tk-7.2 start
++++ tk-7.2 PASSED
---- tk-8.1 start
++++ tk-8.1 PASSED
unixButton.test
---- unixbutton-1.1 start
++++ unixbutton-1.1 PASSED
---- unixbutton-1.2 start
++++ unixbutton-1.2 PASSED
---- unixbutton-1.3 start
++++ unixbutton-1.3 PASSED
++++ unixbutton-1.4 SKIPPED: nonPortable
++++ unixbutton-1.5 SKIPPED: nonPortable
++++ unixbutton-1.6 SKIPPED: nonPortable
++++ unixbutton-1.7 SKIPPED: nonPortable
++++ unixbutton-1.8 SKIPPED: nonPortable
---- unixbutton-1.9 start
++++ unixbutton-1.9 PASSED
---- unixbutton-1.10 start
++++ unixbutton-1.10 PASSED
---- unixbutton-1.11 start
++++ unixbutton-1.11 PASSED
---- unixbutton-2.1 start
++++ unixbutton-2.1 PASSED
unixEmbed.test
---- unixEmbed-1.1 start
++++ unixEmbed-1.1 PASSED
---- unixEmbed-1.2 start
++++ unixEmbed-1.2 PASSED
++++ unixEmbed-1.3 SKIPPED: nonPortable
++++ unixEmbed-1.4 SKIPPED: nonPortable
++++ unixEmbed-1.5 SKIPPED: notAqua
---- unixEmbed-1.5a start
++++ unixEmbed-1.5a PASSED
++++ unixEmbed-1.6 SKIPPED: notAqua
---- unixEmbed-1.6a start
++++ unixEmbed-1.6a PASSED
---- unixEmbed-1.7 start
++++ unixEmbed-1.7 PASSED
++++ unixEmbed-2.1 SKIPPED: notAqua
---- unixEmbed-2.1a start
++++ unixEmbed-2.1a PASSED
++++ unixEmbed-2.2 SKIPPED: notAqua
---- unixEmbed-2.2a start
++++ unixEmbed-2.2a PASSED
++++ unixEmbed-2.3 SKIPPED: notAqua
---- unixEmbed-2.4 start
++++ unixEmbed-2.4 PASSED
++++ unixEmbed-3.1 SKIPPED: nonPortable
---- unixEmbed-3.1a start
++++ unixEmbed-3.1a PASSED
---- unixEmbed-3.2 start
++++ unixEmbed-3.2 PASSED
++++ unixEmbed-3.3 SKIPPED: notAqua
---- unixEmbed-3.3a start
++++ unixEmbed-3.3a PASSED
++++ unixEmbed-3.4 SKIPPED: notAqua
---- unixEmbed-3.4a start
++++ unixEmbed-3.4a PASSED
++++ unixEmbed-3.5 SKIPPED: notAqua
---- unixEmbed-3.5a start
++++ unixEmbed-3.5a PASSED
++++ unixEmbed-3.6 SKIPPED: notAqua
---- unixEmbed-3.6a start
++++ unixEmbed-3.6a PASSED
++++ unixEmbed-3.7 SKIPPED: notAqua
---- unixEmbed-3.7a start
++++ unixEmbed-3.7a PASSED
++++ unixEmbed-4.1 SKIPPED: notAqua
---- unixEmbed-4.1a start
++++ unixEmbed-4.1a PASSED
++++ unixEmbed-4.2 SKIPPED: notAqua
---- unixEmbed-4.2a start
++++ unixEmbed-4.2a PASSED
++++ unixEmbed-5.1 SKIPPED: notAqua
---- unixEmbed-5.1a start
++++ unixEmbed-5.1a PASSED
++++ unixEmbed-5.2 SKIPPED: notAqua
---- unixEmbed-5.2a start
++++ unixEmbed-5.2a PASSED
++++ unixEmbed-5.3 SKIPPED: notAqua
---- unixEmbed-5.3a start
++++ unixEmbed-5.3a PASSED
++++ unixEmbed-6.1 SKIPPED: notAqua
---- unixEmbed-6.1a start
++++ unixEmbed-6.1a PASSED
++++ unixEmbed-6.2 SKIPPED: notAqua
---- unixEmbed-6.2a start
++++ unixEmbed-6.2a PASSED
++++ unixEmbed-7.1 SKIPPED: notAqua
++++ unixEmbed-7.1a SKIPPED: notAqua
++++ unixEmbed-7.2 SKIPPED: notAqua
---- unixEmbed-7.2a start
++++ unixEmbed-7.2a PASSED
++++ unixEmbed-8.1 SKIPPED: notAqua
---- unixEmbed-8.1a start
++++ unixEmbed-8.1a PASSED
---- unixEmbed-8.2 start
++++ unixEmbed-8.2 PASSED
---- unixEmbed-9.1 start
++++ unixEmbed-9.1 PASSED
++++ unixEmbed-9.2 SKIPPED: notAqua
---- unixEmbed-9.2a start
++++ unixEmbed-9.2a PASSED
---- unixEmbed-10.1 start
++++ unixEmbed-10.1 PASSED
---- unixEmbed-10.2 start
++++ unixEmbed-10.2 PASSED
---- unixEmbed-11.1 start
++++ unixEmbed-11.1 PASSED
---- unixEmbed-11.2 start
++++ unixEmbed-11.2 PASSED
unixFont.test
++++ unixfont-1.1 SKIPPED: x11
++++ unixfont-1.2 SKIPPED: x11
++++ unixfont-2.1 SKIPPED: x11
++++ unixfont-2.2 SKIPPED: x11
++++ unixfont-2.3 SKIPPED: x11
++++ unixfont-2.4 SKIPPED: x11
++++ unixfont-2.5 SKIPPED: x11
++++ unixfont-2.6 SKIPPED: x11
++++ unixfont-2.7 SKIPPED: x11
++++ unixfont-2.8 SKIPPED: x11
++++ unixfont-2.9 SKIPPED: x11
++++ unixfont-2.10 SKIPPED: x11
++++ unixfont-2.11 SKIPPED: x11
++++ unixfont-3.1 SKIPPED: x11
++++ unixfont-4.1 SKIPPED: x11
++++ unixfont-5.1 SKIPPED: x11
++++ unixfont-5.2 SKIPPED: x11
++++ unixfont-5.3 SKIPPED: x11
++++ unixfont-5.4 SKIPPED: x11
++++ unixfont-5.5 SKIPPED: x11
++++ unixfont-5.6 SKIPPED: x11
++++ unixfont-5.7 SKIPPED: x11
++++ unixfont-5.8 SKIPPED: x11
++++ unixfont-5.9 SKIPPED: x11
++++ unixfont-5.10 SKIPPED: x11
++++ unixfont-5.11 SKIPPED: x11
++++ unixfont-5.12 SKIPPED: x11
++++ unixfont-6.1 SKIPPED: x11
++++ unixfont-6.2 SKIPPED: x11
++++ unixfont-6.3 SKIPPED: x11
++++ unixfont-6.4 SKIPPED: x11
++++ unixfont-6.5 SKIPPED: x11
++++ unixfont-6.6 SKIPPED: x11
++++ unixfont-7.1 SKIPPED: x11
++++ unixfont-7.2 SKIPPED: x11
++++ unixfont-7.3 SKIPPED: x11
++++ unixfont-8.1 SKIPPED: x11
++++ unixfont-8.2 SKIPPED: x11
++++ unixfont-8.3 SKIPPED: x11
++++ unixfont-8.4 SKIPPED: x11
++++ unixfont-8.5 SKIPPED: x11
++++ unixfont-8.6 SKIPPED: x11
++++ unixfont-8.7 SKIPPED: x11
++++ unixfont-8.8 SKIPPED: x11
++++ unixfont-8.9 SKIPPED: x11
++++ unixfont-8.10 SKIPPED: x11
++++ unixfont-8.11 SKIPPED: x11
++++ unixfont-9.1 SKIPPED: x11
++++ unixfont-9.2 SKIPPED: x11
unixMenu.test
---- unixMenu-1.1 start
++++ unixMenu-1.1 PASSED
---- unixMenu-1.2 start
++++ unixMenu-1.2 PASSED
---- unixMenu-2.1 start
++++ unixMenu-2.1 PASSED
---- unixMenu-3.1 start
++++ unixMenu-3.1 PASSED
---- unixMenu-4.1 start
++++ unixMenu-4.1 PASSED
---- unixMenu-4.2 start
++++ unixMenu-4.2 PASSED
---- unixMenu-5.1 start
++++ unixMenu-5.1 PASSED
---- unixMenu-6.1 start
++++ unixMenu-6.1 PASSED
---- unixMenu-6.2 start
++++ unixMenu-6.2 PASSED
---- unixMenu-7.1 start
++++ unixMenu-7.1 PASSED
---- unixMenu-8.1 start
++++ unixMenu-8.1 PASSED
---- unixMenu-8.2 start
++++ unixMenu-8.2 PASSED
---- unixMenu-8.3 start
++++ unixMenu-8.3 PASSED
---- unixMenu-8.4 start
++++ unixMenu-8.4 PASSED
---- unixMenu-8.5 start
++++ unixMenu-8.5 PASSED
---- unixMenu-8.6 start
++++ unixMenu-8.6 PASSED
---- unixMenu-8.7 start
++++ unixMenu-8.7 PASSED
---- unixMenu-8.8 start
++++ unixMenu-8.8 PASSED
---- unixMenu-8.9 start
++++ unixMenu-8.9 PASSED
---- unixMenu-9.1 start
++++ unixMenu-9.1 PASSED
---- unixMenu-9.2 start
++++ unixMenu-9.2 PASSED
---- unixMenu-9.3 start
++++ unixMenu-9.3 PASSED
---- unixMenu-10.1 start
++++ unixMenu-10.1 PASSED
---- unixMenu-10.2 start
++++ unixMenu-10.2 PASSED
---- unixMenu-10.3 start
++++ unixMenu-10.3 PASSED
---- unixMenu-11.1 start
++++ unixMenu-11.1 PASSED
---- unixMenu-11.2 start
++++ unixMenu-11.2 PASSED
---- unixMenu-11.3 start
++++ unixMenu-11.3 PASSED
---- unixMenu-11.4 start
++++ unixMenu-11.4 PASSED
---- unixMenu-12.1 start
++++ unixMenu-12.1 PASSED
---- unixMenu-12.2 start
++++ unixMenu-12.2 PASSED
---- unixMenu-12.3 start
++++ unixMenu-12.3 PASSED
---- unixMenu-12.4 start
++++ unixMenu-12.4 PASSED
---- unixMenu-12.5 start
++++ unixMenu-12.5 PASSED
---- unixMenu-12.6 start
++++ unixMenu-12.6 PASSED
---- unixMenu-12.7 start
++++ unixMenu-12.7 PASSED
---- unixMenu-13.1 start
++++ unixMenu-13.1 PASSED
---- unixMenu-13.2 start
++++ unixMenu-13.2 PASSED
---- unixMenu-14.1 start
++++ unixMenu-14.1 PASSED
---- unixMenu-15.1 start
++++ unixMenu-15.1 PASSED
---- unixMenu-15.2 start
++++ unixMenu-15.2 PASSED
---- unixMenu-16.1 start
++++ unixMenu-16.1 PASSED
---- unixMenu-17.1 start
++++ unixMenu-17.1 PASSED
++++ unixMenu-18.1 SKIPPED: nonUnixUserInteraction
---- unixMenu-19.1 start
++++ unixMenu-19.1 PASSED
---- unixMenu-19.2 start
++++ unixMenu-19.2 PASSED
---- unixMenu-19.3 start
++++ unixMenu-19.3 PASSED
---- unixMenu-19.4 start
++++ unixMenu-19.4 PASSED
---- unixMenu-19.5 start
++++ unixMenu-19.5 PASSED
---- unixMenu-19.6 start
++++ unixMenu-19.6 PASSED
---- unixMenu-19.7 start
++++ unixMenu-19.7 PASSED
---- unixMenu-19.8 start
++++ unixMenu-19.8 PASSED
---- unixMenu-19.9 start
++++ unixMenu-19.9 PASSED
---- unixMenu-19.10 start
++++ unixMenu-19.10 PASSED
---- unixMenu-19.11 start
++++ unixMenu-19.11 PASSED
---- unixMenu-19.12 start
++++ unixMenu-19.12 PASSED
---- unixMenu-19.13 start
++++ unixMenu-19.13 PASSED
---- unixMenu-19.14 start
++++ unixMenu-19.14 PASSED
---- unixMenu-19.15 start
++++ unixMenu-19.15 PASSED
---- unixMenu-19.16 start
++++ unixMenu-19.16 PASSED
---- unixMenu-19.17 start
++++ unixMenu-19.17 PASSED
---- unixMenu-19.18 start
++++ unixMenu-19.18 PASSED
---- unixMenu-19.19 start
++++ unixMenu-19.19 PASSED
---- unixMenu-19.20 start
++++ unixMenu-19.20 PASSED
---- unixMenu-19.21 start
++++ unixMenu-19.21 PASSED
---- unixMenu-19.22 start
++++ unixMenu-19.22 PASSED
---- unixMenu-19.23 start
++++ unixMenu-19.23 PASSED
---- unixMenu-19.24 start
++++ unixMenu-19.24 PASSED
---- unixMenu-20.1 start
++++ unixMenu-20.1 PASSED
++++ unixMenu-20.2 SKIPPED: nonUnixUserInteraction
---- unixMenu-21.1 start
++++ unixMenu-21.1 PASSED
---- unixMenu-22.1 start
++++ unixMenu-22.1 PASSED
---- unixMenu-22.2 start
++++ unixMenu-22.2 PASSED
---- unixMenu-22.3 start
++++ unixMenu-22.3 PASSED
---- unixMenu-22.4 start
++++ unixMenu-22.4 PASSED
---- unixMenu-23.1 start
++++ unixMenu-23.1 PASSED
---- unixMenu-23.2 start
++++ unixMenu-23.2 PASSED
---- unixMenu-23.3 start
++++ unixMenu-23.3 PASSED
---- unixMenu-23.4 start
++++ unixMenu-23.4 PASSED
---- unixMenu-23.5 start
++++ unixMenu-23.5 PASSED
---- unixMenu-23.6 start
++++ unixMenu-23.6 PASSED
---- unixMenu-23.7 start
++++ unixMenu-23.7 PASSED
---- unixMenu-23.8 start
++++ unixMenu-23.8 PASSED
---- unixMenu-23.9 start
++++ unixMenu-23.9 PASSED
---- unixMenu-23.10 start
++++ unixMenu-23.10 PASSED
---- unixMenu-23.11 start
++++ unixMenu-23.11 PASSED
---- unixMenu-23.12 start
++++ unixMenu-23.12 PASSED
---- unixMenu-23.13 start
++++ unixMenu-23.13 PASSED
---- unixMenu-23.14 start
++++ unixMenu-23.14 PASSED
---- unixMenu-23.15 start
++++ unixMenu-23.15 PASSED
---- unixMenu-23.16 start
++++ unixMenu-23.16 PASSED
---- unixMenu-23.17 start
++++ unixMenu-23.17 PASSED
---- unixMenu-23.18 start
++++ unixMenu-23.18 PASSED
---- unixMenu-23.19 start
++++ unixMenu-23.19 PASSED
---- unixMenu-23.20 start
++++ unixMenu-23.20 PASSED
---- unixMenu-23.21 start
++++ unixMenu-23.21 PASSED
---- unixMenu-23.22 start
++++ unixMenu-23.22 PASSED
---- unixMenu-24.1 start
++++ unixMenu-24.1 PASSED
---- unixMenu-24.2 start
++++ unixMenu-24.2 PASSED
---- unixMenu-24.3 start
++++ unixMenu-24.3 PASSED
---- unixMenu-24.4 start
++++ unixMenu-24.4 PASSED
---- unixMenu-25.1 start
++++ unixMenu-25.1 PASSED
---- unixMenu-25.2 start
++++ unixMenu-25.2 PASSED
---- unixMenu-25.3 start
++++ unixMenu-25.3 PASSED
---- unixMenu-25.4 start
++++ unixMenu-25.4 PASSED
++++ unixMenu-25.5 SKIPPED: nonUnixUserInteraction
---- unixMenu-25.6 start
++++ unixMenu-25.6 PASSED
---- unixMenu-25.7 start
++++ unixMenu-25.7 PASSED
---- unixMenu-25.8 start
++++ unixMenu-25.8 PASSED
---- unixMenu-25.9 start
++++ unixMenu-25.9 PASSED
---- unixMenu-25.10 start
++++ unixMenu-25.10 PASSED
---- unixMenu-25.11 start
++++ unixMenu-25.11 PASSED
---- unixMenu-25.12 start
++++ unixMenu-25.12 PASSED
---- unixMenu-25.13 start
++++ unixMenu-25.13 PASSED
---- unixMenu-25.14 start
++++ unixMenu-25.14 PASSED
---- unixMenu-25.15 start
++++ unixMenu-25.15 PASSED
---- unixMenu-25.16 start
++++ unixMenu-25.16 PASSED
---- unixMenu-25.17 start
++++ unixMenu-25.17 PASSED
---- unixMenu-25.18 start
++++ unixMenu-25.18 PASSED
---- unixMenu-25.19 start
++++ unixMenu-25.19 PASSED
---- unixMenu-25.20 start
++++ unixMenu-25.20 PASSED
---- unixMenu-26.1 start
++++ unixMenu-26.1 PASSED
unixSelect.test
++++ unixSelect-1.1 SKIPPED: x11
++++ unixSelect-1.2 SKIPPED: x11
++++ unixSelect-1.3 SKIPPED: x11
++++ unixSelect-1.4 SKIPPED: x11
++++ unixSelect-1.5 SKIPPED: x11
++++ unixSelect-1.6 SKIPPED: x11
++++ unixSelect-1.7 SKIPPED: x11
++++ unixSelect-1.8 SKIPPED: x11
++++ unixSelect-1.9 SKIPPED: x11
++++ unixSelect-1.10 SKIPPED: x11
++++ unixSelect-1.11 SKIPPED: x11
++++ unixSelect-1.12 SKIPPED: x11
++++ unixSelect-1.13 SKIPPED: x11
++++ unixSelect-1.14 SKIPPED: x11
++++ unixSelect-1.15 SKIPPED: x11
++++ unixSelect-1.16 SKIPPED: x11
++++ unixSelect-1.17 SKIPPED: x11
++++ unixSelect-1.18 SKIPPED: x11
---- unixSelect-1.19 start
++++ unixSelect-1.19 PASSED
unixWm.test
---- unixWm-1.1 start
++++ unixWm-1.1 PASSED
---- unixWm-1.2 start
++++ unixWm-1.2 PASSED
---- unixWm-1.3 start
++++ unixWm-1.3 PASSED
---- unixWm-2.1 start
++++ unixWm-2.1 PASSED
---- unixWm-2.2 start
++++ unixWm-2.2 PASSED
---- unixWm-2.3 start
++++ unixWm-2.3 PASSED
---- unixWm-2.4 start
++++ unixWm-2.4 PASSED
---- unixWm-2.5 start
++++ unixWm-2.5 PASSED
---- unixWm-2.6 start
++++ unixWm-2.6 PASSED
---- unixWm-2.7 start
++++ unixWm-2.7 PASSED
---- unixWm-2.8 start
++++ unixWm-2.8 PASSED
---- unixWm-2.9 start
++++ unixWm-2.9 PASSED
---- unixWm-3.1 start
++++ unixWm-3.1 PASSED
---- unixWm-3.2 start
++++ unixWm-3.2 PASSED
---- unixWm-3.3 start
++++ unixWm-3.3 PASSED
---- unixWm-3.4 start
++++ unixWm-3.4 PASSED
---- unixWm-3.5 start
++++ unixWm-3.5 PASSED
---- unixWm-3.6 start
++++ unixWm-3.6 PASSED
---- unixWm-3.7 start
++++ unixWm-3.7 PASSED
---- unixWm-3.8 start
++++ unixWm-3.8 PASSED
---- unixWm-3.9 start
++++ unixWm-3.9 PASSED
---- unixWm-4.1 start
++++ unixWm-4.1 PASSED
---- unixWm-4.2 start
++++ unixWm-4.2 PASSED
---- unixWm-4.3 start
++++ unixWm-4.3 PASSED
++++ unixWm-5.1 SKIPPED: nonPortable
++++ unixWm-5.2 SKIPPED: nonPortable
++++ unixWm-5.3 SKIPPED: nonPortable
++++ unixWm-5.4 SKIPPED: nonPortable
++++ unixWm-5.5 SKIPPED: nonPortable
++++ unixWm-5.6 SKIPPED: nonPortable
++++ unixWm-5.7 SKIPPED: nonPortable
---- unixWm-6.1 start
++++ unixWm-6.1 PASSED
---- unixWm-6.2 start
++++ unixWm-6.2 PASSED
---- unixWm-6.3 start
++++ unixWm-6.3 PASSED
++++ unixWm-6.4 SKIPPED: nonPortable
++++ unixWm-6.5 SKIPPED: nonPortable
---- unixWm-7.1 start
++++ unixWm-7.1 PASSED
---- unixWm-7.2 start
++++ unixWm-7.2 PASSED
---- unixWm-7.3 start
++++ unixWm-7.3 PASSED
---- unixWm-8.1 start
++++ unixWm-8.1 PASSED
---- unixWm-8.2 start
++++ unixWm-8.2 PASSED
---- unixWm-8.3 start
++++ unixWm-8.3 PASSED
---- unixWm-8.4 start
++++ unixWm-8.4 PASSED
---- unixWm-8.5 start
++++ unixWm-8.5 PASSED
---- unixWm-8.6 start
++++ unixWm-8.6 PASSED
---- unixWm-8.7 start
++++ unixWm-8.7 PASSED
---- unixWm-8.8 start
++++ unixWm-8.8 PASSED
++++ unixWm-8.9 SKIPPED: nonPortable
---- unixWm-8.10.1 start
++++ unixWm-8.10.1 PASSED
---- unixWm-8.10.2 start
++++ unixWm-8.10.2 PASSED
++++ unixWm-9.1 SKIPPED: testwrapper
++++ unixWm-9.2 SKIPPED: testwrapper
---- unixWm-9.3 start
++++ unixWm-9.3 PASSED
---- unixWm-9.4 start
++++ unixWm-9.4 PASSED
---- unixWm-9.5 start
++++ unixWm-9.5 PASSED
---- unixWm-10.1 start
++++ unixWm-10.1 PASSED
++++ unixWm-10.2 SKIPPED: testmenubar
---- unixWm-11.1 start
++++ unixWm-11.1 PASSED
---- unixWm-11.2 start
++++ unixWm-11.2 PASSED
---- unixWm-11.3 start
++++ unixWm-11.3 PASSED
---- unixWm-11.4 start
++++ unixWm-11.4 PASSED
---- unixWm-12.1 start
++++ unixWm-12.1 PASSED
---- unixWm-12.2 start
++++ unixWm-12.2 PASSED
---- unixWm-12.3 start
++++ unixWm-12.3 PASSED
---- unixWm-12.4 start
++++ unixWm-12.4 PASSED
---- unixWm-12.5 start
++++ unixWm-12.5 PASSED
---- unixWm-12.6 start
++++ unixWm-12.6 PASSED
---- unixWm-12.7 start
++++ unixWm-12.7 PASSED
---- unixWm-12.8 start
++++ unixWm-12.8 PASSED
---- unixWm-12.9 start
++++ unixWm-12.9 PASSED
---- unixWm-12.10 start
++++ unixWm-12.10 PASSED
---- unixWm-12.11 start
++++ unixWm-12.11 PASSED
---- unixWm-13.1 start
++++ unixWm-13.1 PASSED
++++ unixWm-13.2 SKIPPED: testwrapper
---- unixWm-13.3 start
++++ unixWm-13.3 PASSED
---- unixWm-14.1 start
++++ unixWm-14.1 PASSED
---- unixWm-14.2 start
++++ unixWm-14.2 PASSED
---- unixWm-14.3 start
++++ unixWm-14.3 PASSED
---- unixWm-14.4 start
++++ unixWm-14.4 PASSED
---- unixWm-14.5 start
++++ unixWm-14.5 PASSED
---- unixWm-14.6 start
++++ unixWm-14.6 PASSED
---- unixWm-14.7 start
++++ unixWm-14.7 PASSED
---- unixWm-15.1 start
++++ unixWm-15.1 PASSED
---- unixWm-15.2 start
++++ unixWm-15.2 PASSED
++++ unixWm-15.3 SKIPPED: testwrapper
---- unixWm-15.4 start
++++ unixWm-15.4 PASSED
---- unixWm-15.5 start
++++ unixWm-15.5 PASSED
---- unixWm-16.1 start
++++ unixWm-16.1 PASSED
---- unixWm-16.2 start
++++ unixWm-16.2 PASSED
---- unixWm-16.3 start
++++ unixWm-16.3 PASSED
---- unixWm-17.1 start
++++ unixWm-17.1 PASSED
---- unixWm-17.2 start
++++ unixWm-17.2 PASSED
---- unixWm-17.3 start
++++ unixWm-17.3 PASSED
---- unixWm-18.1 start
++++ unixWm-18.1 PASSED
++++ unixWm-18.2 SKIPPED: nonPortable
++++ unixWm-18.3 SKIPPED: nonPortable
---- unixWm-19.1 start
++++ unixWm-19.1 PASSED
++++ unixWm-19.2 SKIPPED: nonPortable
++++ unixWm-19.3 SKIPPED: nonPortable
++++ unixWm-19.4 SKIPPED: nonPortable
++++ unixWm-19.5 SKIPPED: nonPortable
---- unixWm-19.6 start
++++ unixWm-19.6 PASSED
---- unixWm-20.1 start
++++ unixWm-20.1 PASSED
---- unixWm-20.2 start
++++ unixWm-20.2 PASSED
---- unixWm-20.3 start
++++ unixWm-20.3 PASSED
---- unixWm-20.4 start
++++ unixWm-20.4 PASSED
---- unixWm-20.5 start
++++ unixWm-20.5 PASSED
---- unixWm-20.6 start
++++ unixWm-20.6 PASSED
---- unixWm-20.7 start
++++ unixWm-20.7 PASSED
---- unixWm-20.8 start
++++ unixWm-20.8 PASSED
---- unixWm-20.9 start
++++ unixWm-20.9 PASSED
---- unixWm-20.10 start
++++ unixWm-20.10 PASSED
---- unixWm-20.11 start
++++ unixWm-20.11 PASSED
---- unixWm-21.1 start
++++ unixWm-21.1 PASSED
---- unixWm-21.2 start
++++ unixWm-21.2 PASSED
++++ unixWm-21.3 SKIPPED: testwrapper
++++ unixWm-21.4 SKIPPED: testwrapper
++++ unixWm-21.5 SKIPPED: testwrapper
---- unixWm-22.1 start
++++ unixWm-22.1 PASSED
++++ unixWm-22.2 SKIPPED: testwrapper
---- unixWm-22.3 start
++++ unixWm-22.3 PASSED
---- unixWm-23.1 start
++++ unixWm-23.1 PASSED
---- unixWm-23.2 start
++++ unixWm-23.2 PASSED
---- unixWm-23.3 start
++++ unixWm-23.3 PASSED
---- unixWm-23.4 start
++++ unixWm-23.4 PASSED
---- unixWm-23.5 start
++++ unixWm-23.5 PASSED
---- unixWm-23.6 start
++++ unixWm-23.6 PASSED
---- unixWm-24.1 start
++++ unixWm-24.1 PASSED
++++ unixWm-24.2 SKIPPED: testwrapper
---- unixWm-24.3 start
++++ unixWm-24.3 PASSED
---- unixWm-25.1 start
++++ unixWm-25.1 PASSED
---- unixWm-25.2 start
++++ unixWm-25.2 PASSED
++++ unixWm-25.3 SKIPPED: testwrapper
---- unixWm-26.1 start
++++ unixWm-26.1 PASSED
---- unixWm-26.2 start
++++ unixWm-26.2 PASSED
++++ unixWm-26.3 SKIPPED: testwrapper
---- unixWm-26.4 start
++++ unixWm-26.4 PASSED
---- unixWm-26.5 start
++++ unixWm-26.5 PASSED
---- unixWm-27.1 start
++++ unixWm-27.1 PASSED
++++ unixWm-27.2 SKIPPED: testwrapper
---- unixWm-27.3 start
++++ unixWm-27.3 PASSED
---- unixWm-27.4 start
++++ unixWm-27.4 PASSED
---- unixWm-27.5 start
++++ unixWm-27.5 PASSED
---- unixWm-27.6 start
++++ unixWm-27.6 PASSED
---- unixWm-27.7 start
++++ unixWm-27.7 PASSED
++++ unixWm-28.1 SKIPPED: testwrapper
++++ unixWm-28.2 SKIPPED: testwrapper
++++ unixWm-28.3 SKIPPED: testwrapper
++++ unixWm-29.1 SKIPPED: testwrapper
++++ unixWm-29.2 SKIPPED: testwrapper
++++ unixWm-29.3 SKIPPED: testwrapper
---- unixWm-30.1 start
++++ unixWm-30.1 PASSED
---- unixWm-30.2 start
++++ unixWm-30.2 PASSED
---- unixWm-30.3 start
++++ unixWm-30.3 PASSED
---- unixWm-31.1 start
++++ unixWm-31.1 PASSED
++++ unixWm-31.2 SKIPPED: testwrapper
---- unixWm-31.3 start
++++ unixWm-31.3 PASSED
---- unixWm-32.1 start
++++ unixWm-32.1 PASSED
---- unixWm-32.2 start
++++ unixWm-32.2 PASSED
++++ unixWm-32.3 SKIPPED: testwrapper
---- unixWm-32.4 start
++++ unixWm-32.4 PASSED
---- unixWm-32.5 start
++++ unixWm-32.5 PASSED
---- unixWm-33.1 start
++++ unixWm-33.1 PASSED
---- unixWm-33.2 start
++++ unixWm-33.2 PASSED
---- unixWm-33.3 start
++++ unixWm-33.3 PASSED
---- unixWm-33.4 start
++++ unixWm-33.4 PASSED
---- unixWm-33.5 start
++++ unixWm-33.5 PASSED
---- unixWm-33.6 start
++++ unixWm-33.6 PASSED
---- unixWm-34.1 start
++++ unixWm-34.1 PASSED
++++ unixWm-34.2 SKIPPED: testwrapper
---- unixWm-34.3 start
++++ unixWm-34.3 PASSED
++++ unixWm-35.1 SKIPPED: notAqua
---- unixWm-35.2 start
++++ unixWm-35.2 PASSED
---- unixWm-35.3 start
++++ unixWm-35.3 PASSED
---- unixWm-35.4 start
++++ unixWm-35.4 PASSED
---- unixWm-36.1 start
++++ unixWm-36.1 PASSED
++++ unixWm-36.2 SKIPPED: testwrapper
++++ unixWm-37.3 SKIPPED: testwrapper
++++ unixWm-37.4 SKIPPED: testwrapper
++++ unixWm-37.5 SKIPPED: testwrapper
---- unixWm-38.1 start
++++ unixWm-38.1 PASSED
---- unixWm-38.2 start
++++ unixWm-38.2 PASSED
---- unixWm-38.3 start
++++ unixWm-38.3 PASSED
---- unixWm-39.1 start
++++ unixWm-39.1 PASSED
++++ unixWm-40.1 SKIPPED: nonPortable
---- unixWm-40.2 start
++++ unixWm-40.2 PASSED
---- unixWm-41.1 start
++++ unixWm-41.1 PASSED
++++ unixWm-41.2 SKIPPED: nonPortable
---- unixWm-41.3 start
++++ unixWm-41.3 PASSED
---- unixWm-41.4 start
++++ unixWm-41.4 PASSED
---- unixWm-42.1 start
++++ unixWm-42.1 PASSED
---- unixWm-43.1 start
++++ unixWm-43.1 PASSED
++++ unixWm-43.2 SKIPPED: nonPortable
---- unixWm-44.1 start
++++ unixWm-44.1 PASSED
---- unixWm-44.2 start
++++ unixWm-44.2 PASSED
---- unixWm-44.3 start
++++ unixWm-44.3 PASSED
---- unixWm-44.4 start
++++ unixWm-44.4 PASSED
---- unixWm-44.5 start
++++ unixWm-44.5 PASSED
---- unixWm-44.6 start
++++ unixWm-44.6 PASSED
---- unixWm-44.7 start
++++ unixWm-44.7 PASSED
---- unixWm-44.8 start
++++ unixWm-44.8 PASSED
++++ unixWm-44.9 SKIPPED: testwrapper
++++ unixWm-44.10 SKIPPED: testmenubar
++++ unixWm-45.1 SKIPPED: testwrapper
++++ unixWm-45.2 SKIPPED: testwrapper
++++ unixWm-45.3 SKIPPED: testmenubar
++++ unixWm-45.4 SKIPPED: testmenubar
---- unixWm-46.1 start
++++ unixWm-46.1 PASSED
++++ unixWm-47.1 SKIPPED: nonPortable
---- unixWm-48.1 start
++++ unixWm-48.1 PASSED
---- unixWm-48.2 start
++++ unixWm-48.2 PASSED
---- unixWm-48.3 start
++++ unixWm-48.3 PASSED
---- unixWm-48.4 start
++++ unixWm-48.4 PASSED
---- unixWm-48.5 start
++++ unixWm-48.5 PASSED
---- unixWm-48.6 start
++++ unixWm-48.6 PASSED
---- unixWm-48.7 start
++++ unixWm-48.7 PASSED
---- unixWm-48.8 start
++++ unixWm-48.8 PASSED
---- unixWm-48.9 start
++++ unixWm-48.9 PASSED
---- unixWm-48.10 start
++++ unixWm-48.10 PASSED
---- unixWm-48.11 start
++++ unixWm-48.11 PASSED
---- unixWm-48.12 start
++++ unixWm-48.12 PASSED
---- unixWm-48.13 start
++++ unixWm-48.13 PASSED
---- unixWm-49.1 start
++++ unixWm-49.1 PASSED
++++ unixWm-49.2 SKIPPED: testmenubar
---- unixWm-50.1 start
++++ unixWm-50.1 PASSED
---- unixWm-50.2 start
++++ unixWm-50.2 PASSED
---- unixWm-50.3 start
++++ unixWm-50.3 PASSED
---- unixWm-50.4 start
++++ unixWm-50.4 PASSED
++++ unixWm-50.5 SKIPPED: testmenubar
---- unixWm-50.6 start
++++ unixWm-50.6 PASSED
---- unixWm-50.7 start
++++ unixWm-50.7 PASSED
---- unixWm-50.8 start
++++ unixWm-50.8 PASSED
---- unixWm-50.9 start
++++ unixWm-50.9 PASSED
---- unixWm-50.10 start
++++ unixWm-50.10 PASSED
++++ unixWm-51.1 SKIPPED: nonPortable
++++ unixWm-51.2 SKIPPED: nonPortable
++++ unixWm-51.3 SKIPPED: nonPortable
++++ unixWm-51.4 SKIPPED: nonPortable
++++ unixWm-51.5 SKIPPED: nonPortable
---- unixWm-51.6 start
++++ unixWm-51.6 PASSED
---- unixWm-51.7 start
++++ unixWm-51.7 PASSED
---- unixWm-51.8 start
++++ unixWm-51.8 PASSED
---- unixWm-51.9 start
++++ unixWm-51.9 PASSED
---- unixWm-51.10 start
++++ unixWm-51.10 PASSED
---- unixWm-51.11 start
++++ unixWm-51.11 PASSED
---- unixWm-51.12 start
++++ unixWm-51.12 PASSED
---- unixWm-51.13 start
++++ unixWm-51.13 PASSED
---- unixWm-52.1 start
++++ unixWm-52.1 PASSED
---- unixWm-52.2 start
++++ unixWm-52.2 PASSED
---- unixWm-52.3 start
++++ unixWm-52.3 PASSED
---- unixWm-52.4 start
++++ unixWm-52.4 PASSED
---- unixWm-53.1 start
++++ unixWm-53.1 PASSED
---- unixWm-53.2 start
++++ unixWm-53.2 PASSED
++++ unixWm-54.1 SKIPPED: nonUnixUserInteraction
++++ unixWm-54.2 SKIPPED: nonUnixUserInteraction
++++ unixWm-55.1 SKIPPED: testmenubar
++++ unixWm-55.2 SKIPPED: testmenubar
++++ unixWm-55.3 SKIPPED: testmenubar
++++ unixWm-55.4 SKIPPED: testmenubar
++++ unixWm-55.5 SKIPPED: testmenubar
++++ unixWm-55.6 SKIPPED: testmenubar
++++ unixWm-55.7 SKIPPED: testmenubar
++++ unixWm-56.1 SKIPPED: testmenubar
++++ unixWm-57.1 SKIPPED: testmenubar
++++ unixWm-57.2 SKIPPED: testmenubar
++++ unixWm-58.1 SKIPPED: testwrapper
---- unixWm-59.1 start
++++ unixWm-59.1 PASSED
---- unixWm-59.2 start
++++ unixWm-59.2 PASSED
---- unixWm-59.3 start
++++ unixWm-59.3 PASSED
---- unixWm-60.1 start
++++ unixWm-60.1 PASSED
---- unixWm-60.2 start
++++ unixWm-60.2 PASSED
---- unixWm-60.3 start
++++ unixWm-60.3 PASSED
---- unixWm-60.4 start
++++ unixWm-60.4 PASSED
---- unixWm-60.5 start
++++ unixWm-60.5 PASSED
---- unixWm-61.1 start
++++ unixWm-61.1 PASSED
---- unixWm-61.2 start
++++ unixWm-61.2 PASSED
---- unixWm-62.0 start
++++ unixWm-62.0 PASSED
---- unixWm-62.1 start
++++ unixWm-62.1 PASSED
---- unixWm-62.2 start
++++ unixWm-62.2 PASSED
---- unixWm-62.3 start
++++ unixWm-62.3 PASSED
---- unixWm-62.4 start
++++ unixWm-62.4 PASSED
util.test
---- util-1.1 start
++++ util-1.1 PASSED
---- util-1.2 start
++++ util-1.2 PASSED
---- util-1.3 start
++++ util-1.3 PASSED
---- util-1.4 start
++++ util-1.4 PASSED
---- util-1.5 start
++++ util-1.5 PASSED
---- util-1.6 start
++++ util-1.6 PASSED
---- util-1.7 start
++++ util-1.7 PASSED
---- util-1.8 start
++++ util-1.8 PASSED
---- util-1.9 start
++++ util-1.9 PASSED
---- util-1.10 start
++++ util-1.10 PASSED
---- util-1.11 start
++++ util-1.11 PASSED
---- util-1.12 start
++++ util-1.12 PASSED
visual.test
---- visual-1.1 start
++++ visual-1.1 PASSED
++++ visual-1.2 SKIPPED: haveOtherVisual
++++ visual-1.3 SKIPPED: haveOtherVisual
++++ visual-1.4 SKIPPED: haveOtherVisual
---- visual-1.5 start
++++ visual-1.5 PASSED
++++ visual-2.1 SKIPPED: nonPortable
++++ visual-2.2 SKIPPED: nonPortable
++++ visual-2.3 SKIPPED: nonPortable
++++ visual-2.4 SKIPPED: nonPortable
++++ visual-2.5 SKIPPED: nonPortable
++++ visual-2.6 SKIPPED: nonPortable
++++ visual-2.7 SKIPPED: nonPortable
++++ visual-2.8 SKIPPED: nonPortable
++++ visual-2.9 SKIPPED: nonPortable
++++ visual-2.10 SKIPPED: nonPortable
++++ visual-2.11 SKIPPED: nonPortable
++++ visual-2.12 SKIPPED: nonPortable
++++ visual-2.13 SKIPPED: nonPortable
++++ visual-2.14 SKIPPED: nonPortable
++++ visual-2.15 SKIPPED: nonPortable
++++ visual-2.16 SKIPPED: nonPortable
++++ visual-2.17 SKIPPED: nonPortable
---- visual-3.1 start
++++ visual-3.1 PASSED
---- visual-3.2 start
++++ visual-3.2 PASSED
---- visual-3.3 start
++++ visual-3.3 PASSED
---- visual-3.4 start
++++ visual-3.4 PASSED
---- visual-3.5 start
++++ visual-3.5 PASSED
++++ visual-4.1 SKIPPED: haveOtherVisual
---- visual-4.2 start
++++ visual-4.2 PASSED
---- visual-4.3 start
++++ visual-4.3 PASSED
---- visual-5.1 start
++++ visual-5.1 PASSED
++++ visual-6.1 SKIPPED: havePseudocolorVisual
++++ visual-7.1 SKIPPED: defaultPseudocolor8
++++ visual-7.2 SKIPPED: defaultPseudocolor8
++++ visual-7.3 SKIPPED: defaultPseudocolor8
++++ visual-7.4 SKIPPED: defaultPseudocolor8
++++ visual-7.5 SKIPPED: defaultPseudocolor8
++++ visual-7.6 SKIPPED: defaultPseudocolor8
---- visual-8.1 start
++++ visual-8.1 PASSED
++++ visual-8.2 SKIPPED: haveOtherVisual
visual_bb.test
++++ 1.1 SKIPPED: userInteraction
winButton.test
++++ winbutton-1.1 SKIPPED: win
++++ winbutton-1.2 SKIPPED: win
++++ winbutton-1.3 SKIPPED: win
++++ winbutton-1.4 SKIPPED: win
++++ winbutton-1.5 SKIPPED: win
++++ winbutton-1.6 SKIPPED: win
++++ winbutton-1.7 SKIPPED: win
++++ winbutton-1.8 SKIPPED: win
++++ winbutton-1.9 SKIPPED: win
winClipboard.test
++++ winClipboard-1.1 SKIPPED: win
++++ winClipboard-1.2 SKIPPED: win
++++ winClipboard-1.3 SKIPPED: win
++++ winClipboard-1.4 SKIPPED: win
++++ winClipboard-1.5 SKIPPED: win
++++ winClipboard-1.6 SKIPPED: win
++++ winClipboard-2.1 SKIPPED: win
++++ winClipboard-2.2 SKIPPED: win
winDialog.test
++++ winDialog-1.1 SKIPPED: testwinevent
++++ winDialog-1.2 SKIPPED: testwinevent
++++ winDialog-1.3 SKIPPED: testwinevent
++++ winDialog-1.4 SKIPPED: testwinevent
++++ winDialog-1.5 SKIPPED: testwinevent
++++ winDialog-1.6 SKIPPED: testwinevent
++++ winDialog-1.7 SKIPPED: testwinevent
++++ winDialog-2.1 SKIPPED: emptyTest
++++ winDialog-3.1 SKIPPED: nt
++++ winDialog-4.1 SKIPPED: nt
++++ winDialog-5.1 SKIPPED: nt
++++ winDialog-5.2 SKIPPED: nt
++++ winDialog-5.3 SKIPPED: nt
++++ winDialog-5.4 SKIPPED: nt
++++ winDialog-5.5 SKIPPED: nt
++++ winDialog-5.6 SKIPPED: nt
++++ winDialog-5.7 SKIPPED: nt
++++ winDialog-5.7.1 SKIPPED: nt
++++ winDialog-5.7.2 SKIPPED: nt
++++ winDialog-5.7.3 SKIPPED: nt
++++ winDialog-5.7.4 SKIPPED: nt
++++ winDialog-5.7.5 SKIPPED: nt
++++ winDialog-5.7.6 SKIPPED: nt
++++ winDialog-5.7.7 SKIPPED: nt
++++ winDialog-5.7.8 SKIPPED: nt
++++ winDialog-5.8 SKIPPED: nt
++++ winDialog-5.9 SKIPPED: nt
++++ winDialog-5.10 SKIPPED: nt
++++ winDialog-5.11 SKIPPED: nt
++++ winDialog-5.12 SKIPPED: nt
++++ winDialog-5.12.1 SKIPPED: nt
++++ winDialog-5.12.2 SKIPPED: nt
++++ winDialog-5.12.3 SKIPPED: nt
++++ winDialog-5.12.4 SKIPPED: nt
++++ winDialog-5.12.5 SKIPPED: nt
++++ winDialog-5.12.6 SKIPPED: nt
++++ winDialog-5.12.7 SKIPPED: nt
++++ winDialog-5.12.8 SKIPPED: nt
++++ winDialog-5.12.9 SKIPPED: nt
++++ winDialog-5.12.10 SKIPPED: nt
++++ winDialog-5.12.11 SKIPPED: nt
++++ winDialog-5.13 SKIPPED: nt
++++ winDialog-5.14 SKIPPED: nt
++++ winDialog-5.16 SKIPPED: nt
++++ winDialog-5.17 SKIPPED: nt
++++ winDialog-5.18 SKIPPED: nt
++++ winDialog-5.19 SKIPPED: nt
++++ winDialog-5.20 SKIPPED: nt
++++ winDialog-5.21 SKIPPED: nt
++++ winDialog-5.22 SKIPPED: nt
++++ winDialog-5.23 SKIPPED: nt
++++ winDialog-5.24 SKIPPED: nt
++++ winDialog-5.25 SKIPPED: nt
++++ winDialog-6.1 SKIPPED: emptyTest
++++ winDialog-7.1 SKIPPED: emptyTest
++++ winDialog-8.1 SKIPPED: emptyTest
++++ winDialog-9.1 SKIPPED: nt
++++ winDialog-9.2 SKIPPED: nt
++++ winDialog-9.3 SKIPPED: nt
++++ winDialog-9.4 SKIPPED: nt
++++ winDialog-9.5 SKIPPED: nt
++++ winDialog-9.6 SKIPPED: nt
++++ winDialog-9.7 SKIPPED: nt
++++ winDialog-9.8 SKIPPED: nt
++++ winDialog-10.1 SKIPPED: nt
++++ winDialog-10.2 SKIPPED: nt
++++ winDialog-10.3 SKIPPED: nt
++++ winDialog-10.4 SKIPPED: nt
++++ winDialog-10.5 SKIPPED: nt
++++ winDialog-10.6 SKIPPED: nt
++++ winDialog-10.7 SKIPPED: nt
++++ winDialog-10.8 SKIPPED: nt
++++ winDialog-10.9 SKIPPED: nt
winFont.test
++++ winfont-1.1 SKIPPED: win
++++ winfont-1.2 SKIPPED: win
++++ winfont-2.1 SKIPPED: win
++++ winfont-2.2 SKIPPED: win
++++ winfont-2.3 SKIPPED: win
++++ winfont-2.4 SKIPPED: win
++++ winfont-2.5 SKIPPED: win
++++ winfont-2.6 SKIPPED: win
++++ winfont-2.7 SKIPPED: win
++++ winfont-2.8 SKIPPED: win
++++ winfont-2.9 SKIPPED: win
++++ winfont-2.10 SKIPPED: win
++++ winfont-3.1 SKIPPED: win
++++ winfont-4.1 SKIPPED: win
++++ winfont-5.1 SKIPPED: win
++++ winfont-5.2 SKIPPED: win
++++ winfont-5.3 SKIPPED: win
++++ winfont-5.4 SKIPPED: win
++++ winfont-5.5 SKIPPED: win
++++ winfont-5.6 SKIPPED: win
++++ winfont-5.7 SKIPPED: win
++++ winfont-5.8 SKIPPED: win
++++ winfont-5.9 SKIPPED: win
++++ winfont-5.10 SKIPPED: win
++++ winfont-5.11 SKIPPED: win
++++ winfont-6.1 SKIPPED: win
++++ winfont-7.1 SKIPPED: win
++++ winfont-7.2 SKIPPED: win
++++ winfont-7.3 SKIPPED: win
++++ winfont-7.4 SKIPPED: win
winMenu.test
++++ winMenu-1.1 SKIPPED: win
++++ winMenu-1.2 SKIPPED: win
++++ winMenu-2.1 SKIPPED: win
++++ winMenu-3.1 SKIPPED: win
++++ winMenu-3.2 SKIPPED: win
++++ winMenu-4.1 SKIPPED: win
++++ winMenu-4.2 SKIPPED: win
++++ winMenu-5.1 SKIPPED: win
++++ winMenu-6.1 SKIPPED: win
++++ winMenu-6.2 SKIPPED: win
++++ winMenu-6.3 SKIPPED: win
++++ winMenu-6.4 SKIPPED: win
++++ winMenu-6.5 SKIPPED: win
++++ winMenu-6.6 SKIPPED: win
++++ winMenu-6.7 SKIPPED: win
++++ winMenu-6.8 SKIPPED: win
++++ winMenu-6.9 SKIPPED: win
++++ winMenu-6.10 SKIPPED: win
++++ winMenu-6.11 SKIPPED: win
++++ winMenu-6.12 SKIPPED: win
++++ winMenu-6.13 SKIPPED: win
++++ winMenu-6.14 SKIPPED: win
++++ winMenu-6.15 SKIPPED: win
++++ winMenu-6.16 SKIPPED: win
++++ winMenu-7.1 SKIPPED: win
++++ winMenu-7.2 SKIPPED: win
++++ winMenu-7.3 SKIPPED: win
++++ winMenu-7.4 SKIPPED: win
++++ winMenu-7.5 SKIPPED: win
++++ winMenu-7.6 SKIPPED: win
++++ winMenu-7.7 SKIPPED: win
++++ winMenu-7.8 SKIPPED: win
++++ winMenu-7.9 SKIPPED: win
++++ winMenu-7.10 SKIPPED: win
++++ winMenu-7.11 SKIPPED: win
++++ winMenu-7.12 SKIPPED: win
++++ winMenu-7.13 SKIPPED: win
++++ winMenu-7.14 SKIPPED: win
++++ winMenu-7.15 SKIPPED: win
++++ winMenu-7.16 SKIPPED: win
++++ winMenu-7.17 SKIPPED: win
++++ winMenu-7.18 SKIPPED: win
++++ winMenu-7.19 SKIPPED: win
++++ winMenu-8.1 SKIPPED: win
++++ winMenu-8.2 SKIPPED: win
++++ winMenu-8.3 SKIPPED: win
++++ winMenu-8.4 SKIPPED: win
++++ winMenu-8.5 SKIPPED: win
++++ winMenu-8.6 SKIPPED: win
++++ winMenu-9.1 SKIPPED: win
++++ winMenu-10.1 SKIPPED: win
++++ winMenu-11.1 SKIPPED: win
++++ winMenu-11.2 SKIPPED: win
++++ winMenu-11.3 SKIPPED: win
++++ winMenu-11.4 SKIPPED: win
++++ winMenu-11.5 SKIPPED: win
++++ winMenu-11.6 SKIPPED: win
++++ winMenu-11.7 SKIPPED: win
++++ winMenu-11.8 SKIPPED: win
++++ winMenu-12.1 SKIPPED: win
++++ winMenu-12.2 SKIPPED: win
++++ winMenu-12.3 SKIPPED: win
++++ winMenu-13.1 SKIPPED: emptyTest
++++ winMenu-14.1 SKIPPED: win
++++ winMenu-14.2 SKIPPED: win
++++ winMenu-15.1 SKIPPED: win
++++ winMenu-15.2 SKIPPED: win
++++ winMenu-15.3 SKIPPED: win
++++ winMenu-16.1 SKIPPED: win
++++ winMenu-17.1 SKIPPED: win
++++ winMenu-18.1 SKIPPED: win
++++ winMenu-18.2 SKIPPED: win
++++ winMenu-19.1 SKIPPED: win
++++ winMenu-19.2 SKIPPED: win
++++ winMenu-19.3 SKIPPED: win
++++ winMenu-19.4 SKIPPED: win
++++ winMenu-19.5 SKIPPED: win
++++ winMenu-19.6 SKIPPED: win
++++ winMenu-20.1 SKIPPED: win
++++ winMenu-20.2 SKIPPED: win
++++ winMenu-20.3 SKIPPED: win
++++ winMenu-20.4 SKIPPED: win
++++ winMenu-20.5 SKIPPED: win
++++ winMenu-21.1 SKIPPED: win
++++ winMenu-22.1 SKIPPED: win
++++ winMenu-23.1 SKIPPED: win
++++ winMenu-24.1 SKIPPED: win
++++ winMenu-25.1 SKIPPED: win
++++ winMenu-25.2 SKIPPED: win
++++ winMenu-25.3 SKIPPED: win
++++ winMenu-26.1 SKIPPED: win
++++ winMenu-27.1 SKIPPED: win
++++ winMenu-28.1 SKIPPED: win
++++ winMenu-28.2 SKIPPED: win
++++ winMenu-29.1 SKIPPED: win
++++ winMenu-29.2 SKIPPED: win
++++ winMenu-29.3 SKIPPED: win
++++ winMenu-29.4 SKIPPED: win
++++ winMenu-29.5 SKIPPED: win
++++ winMenu-29.6 SKIPPED: win
++++ winMenu-29.7 SKIPPED: win
++++ winMenu-29.8 SKIPPED: win
++++ winMenu-29.9 SKIPPED: win
++++ winMenu-29.10 SKIPPED: win
++++ winMenu-29.11 SKIPPED: win
++++ winMenu-29.12 SKIPPED: win
++++ winMenu-29.13 SKIPPED: win
++++ winMenu-29.14 SKIPPED: win
++++ winMenu-29.15 SKIPPED: win
++++ winMenu-29.16 SKIPPED: win
++++ winMenu-29.17 SKIPPED: win
++++ winMenu-29.18 SKIPPED: win
++++ winMenu-29.19 SKIPPED: win
++++ winMenu-29.20 SKIPPED: win
++++ winMenu-29.21 SKIPPED: win
++++ winMenu-29.22 SKIPPED: win
++++ winMenu-30.1 SKIPPED: win
++++ winMenu-30.2 SKIPPED: win
++++ winMenu-30.3 SKIPPED: win
++++ winMenu-30.4 SKIPPED: win
++++ winMenu-31.1 SKIPPED: win
++++ winMenu-31.2 SKIPPED: win
++++ winMenu-32.1 SKIPPED: win
++++ winMenu-32.2 SKIPPED: win
++++ winMenu-32.3 SKIPPED: win
++++ winMenu-32.4 SKIPPED: win
++++ winMenu-32.5 SKIPPED: nonUnixUserInteraction
++++ winMenu-32.6 SKIPPED: win
++++ winMenu-32.7 SKIPPED: win
++++ winMenu-32.8 SKIPPED: win
++++ winMenu-32.9 SKIPPED: win
++++ winMenu-32.10 SKIPPED: win
++++ winMenu-32.11 SKIPPED: win
++++ winMenu-32.12 SKIPPED: win
++++ winMenu-32.13 SKIPPED: win
++++ winMenu-32.14 SKIPPED: win
---- winMenu-32.15 start
++++ winMenu-32.15 PASSED
++++ winMenu-32.16 SKIPPED: win
++++ winMenu-32.17 SKIPPED: win
++++ winMenu-32.18 SKIPPED: win
++++ winMenu-32.19 SKIPPED: win
++++ winMenu-33.1 SKIPPED: win
++++ winMenu-33.2 SKIPPED: win
++++ winMenu-34.1 SKIPPED: emptyTest
winMsgbox.test
++++ winMsgbox-1.1 SKIPPED: win
++++ winMsgbox-1.2 SKIPPED: win
++++ winMsgbox-1.3 SKIPPED: win
++++ winMsgbox-1.4 SKIPPED: win
++++ winMsgbox-1.5 SKIPPED: win
++++ winMsgbox-1.6 SKIPPED: win
++++ winMsgbox-1.7 SKIPPED: win
++++ winMsgbox-1.8 SKIPPED: win
++++ winMsgbox-1.9 SKIPPED: win
++++ winMsgbox-1.10 SKIPPED: win
++++ winMsgbox-1.11 SKIPPED: win
++++ winMsgbox-1.12 SKIPPED: win
++++ winMsgbox-1.13 SKIPPED: win
++++ winMsgbox-2.1 SKIPPED: win
++++ winMsgbox-2.2 SKIPPED: win
++++ winMsgbox-2.3 SKIPPED: win
++++ winMsgbox-2.4 SKIPPED: win
++++ winMsgbox-3.1 SKIPPED: win
++++ winMsgbox-3.2 SKIPPED: win
winSend.test
++++ winSend-1.1 SKIPPED: winSend
++++ winSend-1.2 SKIPPED: winSend
++++ winSend-1.3 SKIPPED: winSend
++++ winSend-1.4 SKIPPED: winSend
++++ winSend-1.5 SKIPPED: winSend
++++ winSend-1.6 SKIPPED: winSend
++++ winSend-2.1 SKIPPED: winSend
++++ winSend-2.1a SKIPPED: winSend
++++ winSend-2.1b SKIPPED: winSend
++++ winSend-2.1c SKIPPED: winSend
++++ winSend-2.1d SKIPPED: winSend
++++ winSend-2.2 SKIPPED: winSend
++++ winSend-2.3 SKIPPED: winSend
++++ winSend-2.4 SKIPPED: winSend
++++ winSend-2.5 SKIPPED: winSend
++++ winSend-2.6 SKIPPED: winSend
++++ winSend-2.7 SKIPPED: winSend
++++ winSend-3.1 SKIPPED: winSend
++++ winSend-4.1 SKIPPED: winSend
++++ winSend-4.2 SKIPPED: winSend
++++ winSend-5.1 SKIPPED: winSend
++++ winSend-5.2 SKIPPED: winSend
++++ winSend-6.1 SKIPPED: winSend
++++ winSend-6.2 SKIPPED: winSend
++++ winSend-6.3 SKIPPED: winSend
++++ winSend-6.4 SKIPPED: winSend
++++ winSend-6.5 SKIPPED: winSend
++++ winSend-6.6 SKIPPED: winSend
++++ winSend-6.7 SKIPPED: winSend
++++ winSend-6.8 SKIPPED: winSend
++++ winSend-7.1 SKIPPED: winSend
++++ winSend-8.1 SKIPPED: winSend
++++ winSend-9.1 SKIPPED: winSend
++++ winSend-10.1 SKIPPED: winSend
++++ winSend-10.2 SKIPPED: winSend
++++ winSend-10.3 SKIPPED: winSend
++++ winSend-10.4 SKIPPED: winSend
++++ winSend-10.5 SKIPPED: winSend
++++ winSend-10.6 SKIPPED: winSend
++++ winSend-10.7 SKIPPED: winSend
++++ winSend-10.8 SKIPPED: winSend
++++ winSend-10.9 SKIPPED: winSend
++++ winSend-10.10 SKIPPED: winSend
++++ winSend-10.11 SKIPPED: winSend
++++ winSend-10.12 SKIPPED: winSend
++++ winSend-10.13 SKIPPED: winSend
++++ winSend-10.14 SKIPPED: winSend
++++ winSend-10.15 SKIPPED: winSend
++++ winSend-10.16 SKIPPED: winSend
++++ winSend-10.17 SKIPPED: winSend
++++ winSend-10.18 SKIPPED: winSend
winWm.test
++++ winWm-1.1 SKIPPED: win
++++ winWm-1.2 SKIPPED: win
++++ winWm-1.3 SKIPPED: win
++++ winWm-1.4 SKIPPED: win
++++ winWm-1.5 SKIPPED: win
++++ winWm-2.1 SKIPPED: win
++++ winWm-2.2 SKIPPED: win
++++ winWm-2.3 SKIPPED: win
++++ winWm-2.4 SKIPPED: win
++++ winWm-3.1 SKIPPED: win
++++ winWm-4.1 SKIPPED: win
++++ winWm-5.1 SKIPPED: win
++++ winWm-5.2 SKIPPED: win
++++ winWm-6.1 SKIPPED: win
++++ winWm-6.2 SKIPPED: win
++++ winWm-6.3 SKIPPED: win
++++ winWm-6.4 SKIPPED: win
++++ winWm-6.5 SKIPPED: win
++++ winWm-6.6 SKIPPED: win
++++ winWm-6.7 SKIPPED: win
++++ winWm-6.8 SKIPPED: win
++++ winWm-7.1 SKIPPED: win
++++ winWm-7.2 SKIPPED: win
++++ winWm-7.3 SKIPPED: win
++++ winWm-7.4 SKIPPED: win
++++ winWm-8.1 SKIPPED: win
++++ winWm-8.2 SKIPPED: win
++++ winWm-9.0 SKIPPED: win
++++ winWm-9.1 SKIPPED: win
---- winWm-9.2 start
++++ winWm-9.2 PASSED
window.test
---- window-1.1 start
++++ window-1.1 PASSED
---- window-2.1 start
++++ window-2.1 PASSED
---- window-2.2 start
++++ window-2.2 PASSED
---- window-2.3 start
++++ window-2.3 PASSED
---- window-2.4 start
++++ window-2.4 PASSED
---- window-2.5 start
++++ window-2.5 PASSED
---- window-2.6 start
++++ window-2.6 PASSED
---- window-2.7 start
++++ window-2.7 PASSED
---- window-2.8 start
++++ window-2.8 PASSED
---- window-2.9 start
++++ window-2.9 PASSED
---- window-2.10 start
++++ window-2.10 PASSED
---- window-2.11 start
++++ window-2.11 PASSED
---- window-2.12 start
++++ window-2.12 PASSED
++++ window-3.1 SKIPPED: testmenubar
++++ window-3.2 SKIPPED: testmenubar
++++ window-4.1 SKIPPED: testmenubar
++++ window-4.2 SKIPPED: testmenubar
++++ window-5.1 SKIPPED: testmenubar
winfo.test
---- winfo-1.1 start
++++ winfo-1.1 PASSED
---- winfo-1.2 start
++++ winfo-1.2 PASSED
---- winfo-1.3 start
++++ winfo-1.3 PASSED
---- winfo-1.4 start
++++ winfo-1.4 PASSED
---- winfo-1.5 start
++++ winfo-1.5 PASSED
---- winfo-1.6 start
++++ winfo-1.6 PASSED
---- winfo-2.1 start
++++ winfo-2.1 PASSED
---- winfo-2.2 start
++++ winfo-2.2 PASSED
---- winfo-2.3 start
++++ winfo-2.3 PASSED
---- winfo-2.4 start
++++ winfo-2.4 PASSED
---- winfo-2.5 start
++++ winfo-2.5 PASSED
---- winfo-2.6 start
++++ winfo-2.6 PASSED
---- winfo-2.7 start
++++ winfo-2.7 PASSED
++++ winfo-3.1 SKIPPED: defaultPseudocolor8
++++ winfo-3.2 SKIPPED: defaultPseudocolor8
++++ winfo-3.3 SKIPPED: defaultPseudocolor8
++++ winfo-3.4 SKIPPED: defaultPseudocolor8
---- winfo-4.1 start
++++ winfo-4.1 PASSED
---- winfo-4.2 start
++++ winfo-4.2 PASSED
---- winfo-4.3 start
++++ winfo-4.3 PASSED
---- winfo-4.4 start
++++ winfo-4.4 PASSED
---- winfo-4.5 start
++++ winfo-4.5 PASSED
++++ winfo-4.6 SKIPPED: nonPortable
---- winfo-4.7 start
++++ winfo-4.7 PASSED
---- winfo-5.1 start
++++ winfo-5.1 PASSED
---- winfo-5.2 start
++++ winfo-5.2 PASSED
---- winfo-5.3 start
++++ winfo-5.3 PASSED
---- winfo-5.4 start
++++ winfo-5.4 PASSED
---- winfo-5.5 start
++++ winfo-5.5 PASSED
---- winfo-6.1 start
++++ winfo-6.1 PASSED
---- winfo-6.2 start
++++ winfo-6.2 PASSED
---- winfo-6.3 start
++++ winfo-6.3 PASSED
---- winfo-6.4 start
++++ winfo-6.4 PASSED
---- winfo-6.5 start
++++ winfo-6.5 PASSED
---- winfo-7.1 start
++++ winfo-7.1 PASSED
---- winfo-7.2 start
++++ winfo-7.2 PASSED
---- winfo-7.3 start
++++ winfo-7.3 PASSED
---- winfo-7.4 start
++++ winfo-7.4 PASSED
---- winfo-7.5 start
++++ winfo-7.5 PASSED
---- winfo-7.6 start
++++ winfo-7.6 PASSED
---- winfo-7.7 start
++++ winfo-7.7 PASSED
++++ winfo-7.8 SKIPPED: testwrapper
---- winfo-8.1 start
++++ winfo-8.1 PASSED
---- winfo-8.2 start
++++ winfo-8.2 PASSED
---- winfo-8.3 start
++++ winfo-8.3 PASSED
---- winfo-9.1 start
++++ winfo-9.1 PASSED
---- winfo-9.2 start
++++ winfo-9.2 PASSED
---- winfo-9.3 start
++++ winfo-9.3 PASSED
---- winfo-9.4 start
++++ winfo-9.4 PASSED
---- winfo-9.5 start
++++ winfo-9.5 PASSED
---- winfo-9.6 start
++++ winfo-9.6 PASSED
---- winfo-9.7 start
++++ winfo-9.7 PASSED
---- winfo-10.1 start
++++ winfo-10.1 PASSED
---- winfo-10.2 start
++++ winfo-10.2 PASSED
---- winfo-10.3 start
++++ winfo-10.3 PASSED
---- winfo-11.1 start
++++ winfo-11.1 PASSED
---- winfo-11.2 start
++++ winfo-11.2 PASSED
---- winfo-11.3 start
++++ winfo-11.3 PASSED
---- winfo-11.4 start
++++ winfo-11.4 PASSED
---- winfo-11.5 start
++++ winfo-11.5 PASSED
---- winfo-11.6 start
++++ winfo-11.6 PASSED
---- winfo-12.1 start
++++ winfo-12.1 PASSED
---- winfo-12.2 start
++++ winfo-12.2 PASSED
---- winfo-13.1 start
++++ winfo-13.1 PASSED
---- winfo-13.2 start
++++ winfo-13.2 PASSED
---- winfo-13.3 start
++++ winfo-13.3 PASSED
---- winfo-13.4 start
++++ winfo-13.4 PASSED
---- winfo-14.1 start
++++ winfo-14.1 PASSED
---- winfo-14.2 start
++++ winfo-14.2 PASSED
---- winfo-14.3 start
++++ winfo-14.3 PASSED
---- winfo-14.4 start
++++ winfo-14.4 PASSED
wm.test
---- wm-1.1 start
++++ wm-1.1 PASSED
---- wm-1.2 start
++++ wm-1.2 PASSED
---- wm-1.3 start
++++ wm-1.3 PASSED
---- wm-1.4 start
++++ wm-1.4 PASSED
---- wm-1.5 start
++++ wm-1.5 PASSED
---- wm-aspect-1.1 start
++++ wm-aspect-1.1 PASSED
---- wm-aspect-1.2 start
++++ wm-aspect-1.2 PASSED
---- wm-aspect-1.3 start
++++ wm-aspect-1.3 PASSED
---- wm-aspect-1.4 start
++++ wm-aspect-1.4 PASSED
---- wm-aspect-1.5 start
++++ wm-aspect-1.5 PASSED
---- wm-aspect-1.6 start
++++ wm-aspect-1.6 PASSED
---- wm-aspect-1.7 start
++++ wm-aspect-1.7 PASSED
---- wm-aspect-1.8 start
++++ wm-aspect-1.8 PASSED
---- wm-aspect-1.9 start
++++ wm-aspect-1.9 PASSED
---- wm-aspect-1.10 start
++++ wm-aspect-1.10 PASSED
---- wm-aspect-1.11 start
++++ wm-aspect-1.11 PASSED
---- wm-aspect-1.12 start
++++ wm-aspect-1.12 PASSED
---- wm-aspect-2.1 start
++++ wm-aspect-2.1 PASSED
---- wm-attributes-1.1 start
++++ wm-attributes-1.1 PASSED
++++ wm-attributes-1.2.1 SKIPPED: win
++++ wm-attributes-1.2.2 SKIPPED: win
++++ wm-attributes-1.2.3 SKIPPED: win
++++ wm-attributes-1.2.4 SKIPPED: notAqua
---- wm-attributes-1.2.5 start
++++ wm-attributes-1.2.5 PASSED
---- wm-client-1.1 start
++++ wm-client-1.1 PASSED
---- wm-client-1.2 start
++++ wm-client-1.2 PASSED
---- wm-client-2.1 start
++++ wm-client-2.1 PASSED
++++ wm-attributes-1.3.0 SKIPPED: win
++++ wm-attributes-1.3.1 SKIPPED: win
++++ wm-attributes-1.3.2 SKIPPED: win
++++ wm-attributes-1.3.3 SKIPPED: win
++++ wm-attributes-1.3.4 SKIPPED: win
++++ wm-attributes-1.3.5 SKIPPED: win
++++ wm-attributes-1.3.6 SKIPPED: win
++++ wm-attributes-1.3.7 SKIPPED: win
++++ wm-attributes-1.3.8 SKIPPED: win
++++ wm-attributes-1.3.9 SKIPPED: win
++++ wm-attributes-1.3.10 SKIPPED: win
++++ wm-attributes-1.3.11 SKIPPED: win
++++ wm-attributes-1.3.12 SKIPPED: win
++++ wm-attributes-1.4.0 SKIPPED: win
++++ wm-attributes-1.4.1 SKIPPED: win
++++ wm-attributes-1.5.0 SKIPPED: win
++++ wm-attributes-1.5.1 SKIPPED: win
++++ wm-attributes-1.5.2 SKIPPED: win
++++ wm-attributes-1.5.3 SKIPPED: win
++++ wm-attributes-1.5.4 SKIPPED: win
++++ wm-attributes-1.5.5 SKIPPED: win
---- wm-colormapwindows-1.1 start
++++ wm-colormapwindows-1.1 PASSED
---- wm-colormapwindows-1.2 start
++++ wm-colormapwindows-1.2 PASSED
---- wm-colormapwindows-1.3 start
++++ wm-colormapwindows-1.3 PASSED
---- wm-colormapwindows-1.4 start
++++ wm-colormapwindows-1.4 PASSED
---- wm-colormapwindows-2.1 start
++++ wm-colormapwindows-2.1 PASSED
---- wm-colormapwindows-2.2 start
++++ wm-colormapwindows-2.2 PASSED
---- wm-command-1.1 start
++++ wm-command-1.1 PASSED
---- wm-command-1.2 start
++++ wm-command-1.2 PASSED
---- wm-command-1.3 start
++++ wm-command-1.3 PASSED
---- wm-command-2.1 start
++++ wm-command-2.1 PASSED
---- wm-deiconify-1.1 start
++++ wm-deiconify-1.1 PASSED
---- wm-deiconify-1.2 start
++++ wm-deiconify-1.2 PASSED
---- wm-deiconify-1.3 start
++++ wm-deiconify-1.3 PASSED
---- wm-deiconify-1.4 start
++++ wm-deiconify-1.4 PASSED
++++ wm-deiconify-1.5 SKIPPED: win
---- wm-deiconify-1.6 start
++++ wm-deiconify-1.6 PASSED
---- wm-deiconify-2.1 start
++++ wm-deiconify-2.1 PASSED
---- wm-deiconify-2.2 start
++++ wm-deiconify-2.2 PASSED
---- wm-deiconify-2.3 start
++++ wm-deiconify-2.3 PASSED
---- wm-deiconify-2.4 start
++++ wm-deiconify-2.4 PASSED
---- wm-focusmodel-1.1 start
++++ wm-focusmodel-1.1 PASSED
---- wm-focusmodel-1.2 start
++++ wm-focusmodel-1.2 PASSED
---- wm-focusmodel-1.3 start
++++ wm-focusmodel-1.3 PASSED
---- wm-focusmodel-2.1 start
++++ wm-focusmodel-2.1 PASSED
---- wm-frame-1.1 start
++++ wm-frame-1.1 PASSED
---- wm-frame-1.2 start
++++ wm-frame-1.2 PASSED
---- wm-geometry-1.1 start
++++ wm-geometry-1.1 PASSED
---- wm-geometry-1.2 start
++++ wm-geometry-1.2 PASSED
---- wm-geometry-1.3 start
++++ wm-geometry-1.3 PASSED
---- wm-geometry-2.1 start
++++ wm-geometry-2.1 PASSED
---- wm-grid-1.1 start
++++ wm-grid-1.1 PASSED
---- wm-grid-1.2 start
++++ wm-grid-1.2 PASSED
---- wm-grid-1.3 start
++++ wm-grid-1.3 PASSED
---- wm-grid-1.4 start
++++ wm-grid-1.4 PASSED
---- wm-grid-1.5 start
++++ wm-grid-1.5 PASSED
---- wm-grid-1.6 start
++++ wm-grid-1.6 PASSED
---- wm-grid-1.7 start
++++ wm-grid-1.7 PASSED
---- wm-grid-1.8 start
++++ wm-grid-1.8 PASSED
---- wm-grid-1.9 start
++++ wm-grid-1.9 PASSED
---- wm-grid-1.10 start
++++ wm-grid-1.10 PASSED
---- wm-grid-1.11 start
++++ wm-grid-1.11 PASSED
---- wm-grid-1.12 start
++++ wm-grid-1.12 PASSED
---- wm-grid-2.1 start
++++ wm-grid-2.1 PASSED
---- wm-group-1.1 start
++++ wm-group-1.1 PASSED
---- wm-group-1.2 start
++++ wm-group-1.2 PASSED
---- wm-group-1.3 start
++++ wm-group-1.3 PASSED
---- wm-group-2.1 start
++++ wm-group-2.1 PASSED
---- wm-iconbadge-1.1 start
++++ wm-iconbadge-1.1 PASSED
---- wm-iconbadge-1.2 start
++++ wm-iconbadge-1.2 PASSED
++++ wm-iconbadge-1.3 SKIPPED: x11
++++ wm-iconbadge-1.4 SKIPPED: x11
---- wm-iconbadge-1.5 start
++++ wm-iconbadge-1.5 PASSED
---- wm-iconbadge-1.6 start
++++ wm-iconbadge-1.6 PASSED
---- wm-iconbadge-1.7 start
++++ wm-iconbadge-1.7 PASSED
---- wm-iconbadge-1.8 start
++++ wm-iconbadge-1.8 PASSED
---- wm-iconbitmap-1.1 start
++++ wm-iconbitmap-1.1 PASSED
---- wm-iconbitmap-1.2.1 start
++++ wm-iconbitmap-1.2.1 PASSED
++++ wm-iconbitmap-1.2.2 SKIPPED: win
++++ wm-iconbitmap-1.3 SKIPPED: win
---- wm-iconbitmap-1.4 start
++++ wm-iconbitmap-1.4 PASSED
---- wm-iconbitmap-2.1 start
++++ wm-iconbitmap-2.1 PASSED
---- wm-iconify-1.1 start
++++ wm-iconify-1.1 PASSED
---- wm-iconify-1.2 start
++++ wm-iconify-1.2 PASSED
---- wm-iconify-2.1 start
++++ wm-iconify-2.1 PASSED
---- wm-iconify-2.2 start
++++ wm-iconify-2.2 PASSED
---- wm-iconify-2.3 start
++++ wm-iconify-2.3 PASSED
++++ wm-iconify-2.4.1 SKIPPED: win
---- wm-iconify-2.4.2 start
++++ wm-iconify-2.4.2 PASSED
---- wm-iconify-3.1 start
++++ wm-iconify-3.1 PASSED
---- wm-iconmask-1.1 start
++++ wm-iconmask-1.1 PASSED
---- wm-iconmask-1.2 start
++++ wm-iconmask-1.2 PASSED
---- wm-iconmask-1.3 start
++++ wm-iconmask-1.3 PASSED
---- wm-iconmask-2.1 start
++++ wm-iconmask-2.1 PASSED
---- wm-iconname-1.1 start
++++ wm-iconname-1.1 PASSED
---- wm-iconname-1.2 start
++++ wm-iconname-1.2 PASSED
---- wm-iconname-2.1 start
++++ wm-iconname-2.1 PASSED
---- wm-iconphoto-1.1 start
++++ wm-iconphoto-1.1 PASSED
---- wm-iconphoto-1.2 start
++++ wm-iconphoto-1.2 PASSED
---- wm-iconphoto-1.3 start
++++ wm-iconphoto-1.3 PASSED
---- wm-iconphoto-1.4 start
++++ wm-iconphoto-1.4 PASSED
---- wm-iconphoto-1.5.1 start
++++ wm-iconphoto-1.5.1 PASSED
++++ wm-iconphoto-1.5.2 SKIPPED: x11
---- wm-iconposition-1.1 start
++++ wm-iconposition-1.1 PASSED
---- wm-iconposition-1.2 start
++++ wm-iconposition-1.2 PASSED
---- wm-iconposition-1.3 start
++++ wm-iconposition-1.3 PASSED
---- wm-iconposition-1.4 start
++++ wm-iconposition-1.4 PASSED
---- wm-iconposition-1.5 start
++++ wm-iconposition-1.5 PASSED
---- wm-iconposition-2.1 start
++++ wm-iconposition-2.1 PASSED
---- wm-iconwindow-1.1 start
++++ wm-iconwindow-1.1 PASSED
---- wm-iconwindow-1.2 start
++++ wm-iconwindow-1.2 PASSED
---- wm-iconwindow-1.3 start
++++ wm-iconwindow-1.3 PASSED
---- wm-iconwindow-1.4 start
++++ wm-iconwindow-1.4 PASSED
---- wm-iconwindow-1.5 start
++++ wm-iconwindow-1.5 PASSED
---- wm-iconwindow-2.1 start
++++ wm-iconwindow-2.1 PASSED
---- wm-maxsize-1.1 start
++++ wm-maxsize-1.1 PASSED
---- wm-maxsize-1.2 start
++++ wm-maxsize-1.2 PASSED
---- wm-maxsize-1.3 start
++++ wm-maxsize-1.3 PASSED
---- wm-maxsize-1.4 start
++++ wm-maxsize-1.4 PASSED
---- wm-maxsize-1.5 start
++++ wm-maxsize-1.5 PASSED
---- wm-maxsize-1.6 start
++++ wm-maxsize-1.6 PASSED
---- wm-maxsize-1.7 start


==== wm-maxsize-1.7 maxsize must be <= screen size FAILED
==== Contents of test case:

    toplevel .t
    lassign [wm maxsize .t] t_width t_height
    set s_width [winfo screenwidth .t]
    set s_height [winfo screenheight .t]
    expr {($t_width <= $s_width) && ($t_height <= $s_height)}

---- Result was:
0
---- Result should have been (exact matching):
1
==== wm-maxsize-1.7 FAILED

---- wm-maxsize-2.1 start
++++ wm-maxsize-2.1 PASSED
---- wm-maxsize-2.2 start
++++ wm-maxsize-2.2 PASSED
---- wm-maxsize-2.3 start
++++ wm-maxsize-2.3 PASSED
---- wm-maxsize-2.4 start
++++ wm-maxsize-2.4 PASSED
---- wm-maxsize-2.5 start
++++ wm-maxsize-2.5 PASSED
---- wm-minsize-1.1 start
++++ wm-minsize-1.1 PASSED
---- wm-minsize-1.2 start
++++ wm-minsize-1.2 PASSED
---- wm-minsize-1.3 start
++++ wm-minsize-1.3 PASSED
---- wm-minsize-1.4 start
++++ wm-minsize-1.4 PASSED
---- wm-minsize-1.5 start
++++ wm-minsize-1.5 PASSED
---- wm-minsize-1.6 start
++++ wm-minsize-1.6 PASSED
---- wm-minsize-2.1 start
++++ wm-minsize-2.1 PASSED
---- wm-minsize-2.2 start
++++ wm-minsize-2.2 PASSED
---- wm-minsize-2.3 start
++++ wm-minsize-2.3 PASSED
---- wm-minsize-2.4 start
++++ wm-minsize-2.4 PASSED
---- wm-minsize-2.5 start
++++ wm-minsize-2.5 PASSED
---- wm-overrideredirect-1.1 start
++++ wm-overrideredirect-1.1 PASSED
---- wm-overrideredirect-1.2 start
++++ wm-overrideredirect-1.2 PASSED
---- wm-overrideredirect-1.3 start
++++ wm-overrideredirect-1.3 PASSED
---- wm-overrideredirect-2.1 start
++++ wm-overrideredirect-2.1 PASSED
---- wm-positionfrom-1.1 start
++++ wm-positionfrom-1.1 PASSED
---- wm-positionfrom-1.2 start
++++ wm-positionfrom-1.2 PASSED
---- wm-positionfrom-1.3 start
++++ wm-positionfrom-1.3 PASSED
---- wm-positionfrom-2.1 start
++++ wm-positionfrom-2.1 PASSED
---- wm-protocol-1.1 start
++++ wm-protocol-1.1 PASSED
---- wm-protocol-1.2 start
++++ wm-protocol-1.2 PASSED
---- wm-protocol-2.1 start
++++ wm-protocol-2.1 PASSED
---- wm-protocol-2.2 start
++++ wm-protocol-2.2 PASSED
---- wm-protocol-2.3 start
++++ wm-protocol-2.3 PASSED
---- wm-resizable-1.1 start
++++ wm-resizable-1.1 PASSED
---- wm-resizable-1.2 start
++++ wm-resizable-1.2 PASSED
---- wm-resizable-1.3 start
++++ wm-resizable-1.3 PASSED
---- wm-resizable-1.4 start
++++ wm-resizable-1.4 PASSED
---- wm-resizable-1.5 start
++++ wm-resizable-1.5 PASSED
---- wm-resizable-2.1 start
++++ wm-resizable-2.1 PASSED
---- wm-sizefrom-1.1 start
++++ wm-sizefrom-1.1 PASSED
---- wm-sizefrom-1.2 start
++++ wm-sizefrom-1.2 PASSED
---- wm-sizefrom-1.4 start
++++ wm-sizefrom-1.4 PASSED
---- wm-sizefrom-2.1 start
++++ wm-sizefrom-2.1 PASSED
---- wm-stackorder-1.1 start
++++ wm-stackorder-1.1 PASSED
---- wm-stackorder-1.2 start
++++ wm-stackorder-1.2 PASSED
---- wm-stackorder-1.3 start
++++ wm-stackorder-1.3 PASSED
---- wm-stackorder-1.4 start
++++ wm-stackorder-1.4 PASSED
---- wm-stackorder-1.5 start
++++ wm-stackorder-1.5 PASSED
---- wm-stackorder-1.6 start
++++ wm-stackorder-1.6 PASSED
---- wm-stackorder-1.7 start
++++ wm-stackorder-1.7 PASSED
---- wm-stackorder-1.8 start
++++ wm-stackorder-1.8 PASSED
---- wm-stackorder-1.9 start
++++ wm-stackorder-1.9 PASSED
---- wm-stackorder-1.10 start
++++ wm-stackorder-1.10 PASSED
---- wm-stackorder-1.11 start
++++ wm-stackorder-1.11 PASSED
---- wm-stackorder-2.1 start
++++ wm-stackorder-2.1 PASSED
---- wm-stackorder-2.2 start
++++ wm-stackorder-2.2 PASSED
---- wm-stackorder-2.3 start
++++ wm-stackorder-2.3 PASSED
---- wm-stackorder-2.4 start
++++ wm-stackorder-2.4 PASSED
---- wm-stackorder-2.5 start
++++ wm-stackorder-2.5 PASSED
---- wm-stackorder-2.6 start
++++ wm-stackorder-2.6 PASSED
---- wm-stackorder-2.7 start
++++ wm-stackorder-2.7 PASSED
---- wm-stackorder-3.1 start
++++ wm-stackorder-3.1 PASSED
---- wm-stackorder-3.2 start
++++ wm-stackorder-3.2 PASSED
---- wm-stackorder-3.3 start
++++ wm-stackorder-3.3 PASSED
---- wm-stackorder-3.4 start
++++ wm-stackorder-3.4 PASSED
---- wm-stackorder-3.5 start
++++ wm-stackorder-3.5 PASSED
---- wm-stackorder-3.6 start
++++ wm-stackorder-3.6 PASSED
---- wm-stackorder-3.7 start
++++ wm-stackorder-3.7 PASSED
---- wm-stackorder-3.8 start
++++ wm-stackorder-3.8 PASSED
---- wm-stackorder-4.1 start
++++ wm-stackorder-4.1 PASSED
---- wm-stackorder-4.2 start
++++ wm-stackorder-4.2 PASSED
---- wm-stackorder-4.3 start
++++ wm-stackorder-4.3 PASSED
---- wm-stackorder-4.4 start
++++ wm-stackorder-4.4 PASSED
---- wm-stackorder-5.1 start
++++ wm-stackorder-5.1 PASSED
++++ wm-stackorder-5.2 SKIPPED: x11
---- wm-stackorder-5.2.1 start
++++ wm-stackorder-5.2.1 PASSED
---- wm-stackorder-5.3 start
++++ wm-stackorder-5.3 PASSED
---- wm-stackorder-6.1 start
++++ wm-stackorder-6.1 PASSED
---- wm-title-1.1 start
++++ wm-title-1.1 PASSED
---- wm-title-1.2 start
++++ wm-title-1.2 PASSED
---- wm-title-2.1 start
++++ wm-title-2.1 PASSED
---- wm-transient-1.1 start
++++ wm-transient-1.1 PASSED
---- wm-transient-1.2 start
++++ wm-transient-1.2 PASSED
---- wm-transient-1.3 start
++++ wm-transient-1.3 PASSED
---- wm-transient-1.4 start
++++ wm-transient-1.4 PASSED
---- wm-transient-1.5 start
++++ wm-transient-1.5 PASSED
---- wm-transient-1.6 start
++++ wm-transient-1.6 PASSED
---- wm-transient-1.7 start
++++ wm-transient-1.7 PASSED
---- wm-transient-1.8 start
++++ wm-transient-1.8 PASSED
---- wm-transient-1.9 start
++++ wm-transient-1.9 PASSED
---- wm-transient-2.1 start
++++ wm-transient-2.1 PASSED
---- wm-transient-2.2 start
++++ wm-transient-2.2 PASSED
---- wm-transient-3.1 start
++++ wm-transient-3.1 PASSED
---- wm-transient-3.2 start
++++ wm-transient-3.2 PASSED
---- wm-transient-3.3 start
++++ wm-transient-3.3 PASSED
---- wm-transient-4.1 start
++++ wm-transient-4.1 PASSED
---- wm-transient-4.2 start
++++ wm-transient-4.2 PASSED
---- wm-transient-4.3 start
++++ wm-transient-4.3 PASSED
---- wm-transient-5.1 start
++++ wm-transient-5.1 PASSED
---- wm-transient-5.2 start
++++ wm-transient-5.2 PASSED
---- wm-transient-5.3 start
++++ wm-transient-5.3 PASSED
---- wm-transient-6.1 start
++++ wm-transient-6.1 PASSED
---- wm-transient-6.2 start
++++ wm-transient-6.2 PASSED
---- wm-transient-6.3 start
++++ wm-transient-6.3 PASSED
---- wm-transient-7.1 start
++++ wm-transient-7.1 PASSED
---- wm-transient-7.2 start
++++ wm-transient-7.2 PASSED
---- wm-transient-7.3 start
++++ wm-transient-7.3 PASSED
---- wm-transient-7.4 start
++++ wm-transient-7.4 PASSED
---- wm-transient-7.5 start
++++ wm-transient-7.5 PASSED
---- wm-transient-8.1 start
++++ wm-transient-8.1 PASSED
---- wm-state-1.1 start
++++ wm-state-1.1 PASSED
---- wm-state-1.2 start
++++ wm-state-1.2 PASSED
---- wm-state-2.1 start
++++ wm-state-2.1 PASSED
---- wm-state-2.2 start
++++ wm-state-2.2 PASSED
---- wm-state-2.3 start
++++ wm-state-2.3 PASSED
---- wm-state-2.4 start
++++ wm-state-2.4 PASSED
---- wm-state-2.5 start
++++ wm-state-2.5 PASSED
---- wm-state-2.6 start
++++ wm-state-2.6 PASSED
---- wm-state-2.7 start
++++ wm-state-2.7 PASSED
---- wm-state-2.8 start
++++ wm-state-2.8 PASSED
---- wm-state-2.9 start
++++ wm-state-2.9 PASSED
---- wm-state-2.10 start
++++ wm-state-2.10 PASSED
---- wm-state-2.11 start
++++ wm-state-2.11 PASSED
---- wm-state-2.12 start
++++ wm-state-2.12 PASSED
---- wm-state-2.13 start
++++ wm-state-2.13 PASSED
---- wm-state-2.14 start
++++ wm-state-2.14 PASSED
---- wm-state-2.15 start
++++ wm-state-2.15 PASSED
---- wm-state-2.16 start
++++ wm-state-2.16 PASSED
---- wm-state-2.17 start
++++ wm-state-2.17 PASSED
++++ wm-state-2.18 SKIPPED: win
---- wm-withdraw-1.1 start
++++ wm-withdraw-1.1 PASSED
---- wm-withdraw-1.2 start
++++ wm-withdraw-1.2 PASSED
---- wm-withdraw-2.1 start
++++ wm-withdraw-2.1 PASSED
---- wm-withdraw-3.1 start
++++ wm-withdraw-3.1 PASSED
++++ wm-deletion-epoch-1.1 SKIPPED: altDisplay
---- wm-manage-1.1 start
++++ wm-manage-1.1 PASSED
---- wm-manage-1.2 start
++++ wm-manage-1.2 PASSED
---- wm-manage-1.3 start
++++ wm-manage-1.3 PASSED
---- wm-manage-1.4 start
++++ wm-manage-1.4 PASSED
---- wm-manage-1.5 start
++++ wm-manage-1.5 PASSED
---- wm-manage-1.6 start
++++ wm-manage-1.6 PASSED
---- wm-manage-1.7 start
++++ wm-manage-1.7 PASSED
---- wm-manage-1.8 start
++++ wm-manage-1.8 PASSED
---- wm-forget-1.1 start
++++ wm-forget-1.1 PASSED
---- wm-forget-1.2 start
++++ wm-forget-1.2 PASSED
---- wm-forget-1.3 start
++++ wm-forget-1.3 PASSED
---- wm-forget-1.4 start
++++ wm-forget-1.4 PASSED
---- wm-forget-2 start
++++ wm-forget-2 PASSED
xmfbox.test
---- xmfbox-1.1 start
++++ xmfbox-1.1 PASSED
---- xmfbox-1.2 start
++++ xmfbox-1.2 PASSED
---- xmfbox-2.1 start
++++ xmfbox-2.1 PASSED
---- xmfbox-2.2 start
++++ xmfbox-2.2 PASSED
---- xmfbox-2.3 start
++++ xmfbox-2.3 PASSED
---- xmfbox-2.4 start
++++ xmfbox-2.4 PASSED
---- xmfbox-2.5 start
++++ xmfbox-2.5 PASSED
---- xmfbox-2.6 start
++++ xmfbox-2.6 PASSED

Tests ended at Sun Mar 16 09:44:06 CDT 2025
all.tcl:	Total	10018	Passed	8811	Skipped	1206	Failed	1
Sourced 96 Test Files.
Files with failing tests: wm.test
Number of tests skipped for each constraint:
	11	altDisplay
	10	aquaKnownBug
	1	cliboardManagerPresent
	16	colorsFree
	21	defaultPseudocolor8
	10	emptyTest
	126	fonts
	2	haveDISPLAY
	5	haveOtherVisual
	1	havePseudocolorVisual
	8	knownBug
	1	memory
	95	nonPortable
	107	nonUnixUserInteraction
	58	notAqua
	62	nt
	5	pseudocolor8
	10	scriptImpl
	21	testmenubar
	11	testmetrics
	54	testsend
	7	testwinevent
	54	testwrapper
	1	userInteraction
	1	utfcompat
	342	win
	51	winSend
	115	x11
DYLD_FRAMEWORK_PATH="`pwd`:/Users/culler/projects/TclTk/build/tcl/Development:${DYLD_FRAMEWORK_PATH}"; export DYLD_FRAMEWORK_PATH; TCL_LIBRARY=/Users/culler/projects/TclTk/tcl9.1/library; export TCL_LIBRARY; TK_LIBRARY=/Users/culler/projects/TclTk/tk9.1/library; export TK_LIBRARY; ./tktest /Users/culler/projects/TclTk/tk9.1/unix/../tests/ttk/all.tcl -geometry +0+0 \
	-verbose bpest
Tests running in interp:  /Users/culler/projects/TclTk/build/tk/Development/tktest
Tests located in:  /Users/culler/projects/TclTk/tk9.1/tests/ttk
Tests running in:  /Users/culler/projects/TclTk/build/tk/Development
Temporary files stored in /Users/culler/projects/TclTk/build/tk/Development
Test files sourced into current interpreter
Running tests that match:  *
Skipping test files that match:  l.*.test
Only running test files that match:  *.test
Tests began at Sun Mar 16 09:44:06 CDT 2025
checkbutton.test
---- checkbutton-1.1 start
++++ checkbutton-1.1 PASSED
---- checkbutton-1.2 start
++++ checkbutton-1.2 PASSED
---- checkbutton-1.3 start
++++ checkbutton-1.3 PASSED
---- checkbutton-1.4 start
++++ checkbutton-1.4 PASSED
---- checkbutton-1.5 start
++++ checkbutton-1.5 PASSED
---- checkbutton-1.6 start
++++ checkbutton-1.6 PASSED
---- checkbutton-1.7 start
++++ checkbutton-1.7 PASSED
---- checkbutton-1.8 start
++++ checkbutton-1.8 PASSED
---- checkbutton-2.1 start
++++ checkbutton-2.1 PASSED
---- checkbutton-2.2 start
++++ checkbutton-2.2 PASSED
combobox.test
---- combobox-1.0 start
++++ combobox-1.0 PASSED
---- combobox-1.1 start
++++ combobox-1.1 PASSED
---- combobox-1.end start
++++ combobox-1.end PASSED
---- combobox-2.0 start
++++ combobox-2.0 PASSED
---- combobox-2.1 start
++++ combobox-2.1 PASSED
---- combobox-2.2 start
++++ combobox-2.2 PASSED
---- combobox-2.3 start
++++ combobox-2.3 PASSED
---- combobox-2.4 start
++++ combobox-2.4 PASSED
---- combobox-2.5 start
++++ combobox-2.5 PASSED
---- combobox-2.6 start
++++ combobox-2.6 PASSED
---- combobox-2.7 start
++++ combobox-2.7 PASSED
---- combobox-2.8 start
++++ combobox-2.8 PASSED
---- combobox-2.end start
++++ combobox-2.end PASSED
---- combobox-3 start
++++ combobox-3 PASSED
++++ combobox-1890211 SKIPPED: notAqua
---- combobox-4.1 start
++++ combobox-4.1 PASSED
---- combobox-4.2 start
++++ combobox-4.2 PASSED
entry.test
---- entry-1.1 start
++++ entry-1.1 PASSED
---- entry-1.2 start
++++ entry-1.2 PASSED
---- entry-1.3 start
++++ entry-1.3 PASSED
---- entry-1.4 start
++++ entry-1.4 PASSED
---- entry-1.5 start
++++ entry-1.5 PASSED
---- entry-1.6 start
++++ entry-1.6 PASSED
---- entry-1.7 start
++++ entry-1.7 PASSED
---- entry-1.8 start
++++ entry-1.8 PASSED
---- entry-1.done start
++++ entry-1.done PASSED
---- entry-2.1 start
++++ entry-2.1 PASSED
---- entry-2.1.1 start
++++ entry-2.1.1 PASSED
---- entry-2.2 start
++++ entry-2.2 PASSED
---- entry-3.0 start
++++ entry-3.0 PASSED
---- entry-3.1 start
++++ entry-3.1 PASSED
---- entry-3.2 start
++++ entry-3.2 PASSED
---- entry-3.3 start
++++ entry-3.3 PASSED
---- entry-3.4 start
++++ entry-3.4 PASSED
---- entry-3.5 start
++++ entry-3.5 PASSED
---- entry-3.6 start
++++ entry-3.6 PASSED
---- entry-3.last start
++++ entry-3.last PASSED
---- entry-4.0 start
++++ entry-4.0 PASSED
---- entry-4.1 start
++++ entry-4.1 PASSED
---- entry-4.2 start
++++ entry-4.2 PASSED
---- entry-4.3 start
++++ entry-4.3 PASSED
---- entry-4.4 start
++++ entry-4.4 PASSED
---- entry-4.5 start
++++ entry-4.5 PASSED
---- entry-4.6 start
++++ entry-4.6 PASSED
---- entry-4.7 start
++++ entry-4.7 PASSED
---- entry-5.1 start
++++ entry-5.1 PASSED
---- entry-6.1 start
++++ entry-6.1 PASSED
---- entry-6.2 start
++++ entry-6.2 PASSED
---- entry-7.1 start
++++ entry-7.1 PASSED
---- entry-8.1 start
++++ entry-8.1 PASSED
---- entry-8.2 start
++++ entry-8.2 PASSED
---- entry-8.2a start
++++ entry-8.2a PASSED
---- entry-9.1 start
++++ entry-9.1 PASSED
---- entry-10.1 start
++++ entry-10.1 PASSED
---- entry-10.2 start
++++ entry-10.2 PASSED
---- entry-10.3 start
++++ entry-10.3 PASSED
---- entry-11.1 start
++++ entry-11.1 PASSED
---- entry-11.2 start
++++ entry-11.2 PASSED
---- entry-12.1 start
++++ entry-12.1 PASSED
---- entry-12.2 start
++++ entry-12.2 PASSED
image.test
---- image-1.1 start
++++ image-1.1 PASSED
---- image-1.2 start
++++ image-1.2 PASSED
---- image-2.0 start
++++ image-2.0 PASSED
---- image-2.1 start
++++ image-2.1 PASSED
---- image-2.2 start
++++ image-2.2 PASSED
labelframe.test
---- labelframe-1.0 start
++++ labelframe-1.0 PASSED
---- labelframe-2.1 start
++++ labelframe-2.1 PASSED
---- labelframe-2.2 start
++++ labelframe-2.2 PASSED
---- labelframe-2.3 start
++++ labelframe-2.3 PASSED
---- labelframe-2.4 start
++++ labelframe-2.4 PASSED
---- labelframe-3.1 start
++++ labelframe-3.1 PASSED
---- labelframe-3.2 start
++++ labelframe-3.2 PASSED
---- labelframe-3.3 start
++++ labelframe-3.3 PASSED
---- labelframe-3.4 start
++++ labelframe-3.4 PASSED
---- labelframe-3.5 start
++++ labelframe-3.5 PASSED
---- labelframe-3.6 start
++++ labelframe-3.6 PASSED
---- labelframe-4.1 start
++++ labelframe-4.1 PASSED
---- labelframe-4.2 start
++++ labelframe-4.2 PASSED
---- labelframe-4.3 start
++++ labelframe-4.3 PASSED
---- labelframe-4.4 start
++++ labelframe-4.4 PASSED
---- labelframe-4.5 start
++++ labelframe-4.5 PASSED
---- labelframe-4.6 start
++++ labelframe-4.6 PASSED
---- labelframe-5.0 start
++++ labelframe-5.0 PASSED
---- labelframe-6.1 start
++++ labelframe-6.1 PASSED
---- labelframe-7.1 start
++++ labelframe-7.1 PASSED
---- labelframe-7.2 start
++++ labelframe-7.2 PASSED
layout.test
---- layout-1.1 start
++++ layout-1.1 PASSED
---- layout-2 start
++++ layout-2 PASSED
notebook.test
---- notebook-1.0 start
++++ notebook-1.0 PASSED
---- notebook-1.1 start
++++ notebook-1.1 PASSED
---- notebook-1.3 start
++++ notebook-1.3 PASSED
---- notebook-1.4 start
++++ notebook-1.4 PASSED
---- notebook-2.0 start
++++ notebook-2.0 PASSED
---- notebook-2.1 start
++++ notebook-2.1 PASSED
---- notebook-2.2 start
++++ notebook-2.2 PASSED
---- notebook-2.3 start
++++ notebook-2.3 PASSED
---- notebook-2.4 start
++++ notebook-2.4 PASSED
---- notebook-2.5 start
++++ notebook-2.5 PASSED
---- notebook-4.1 start
++++ notebook-4.1 PASSED
---- notebook-4.2 start
++++ notebook-4.2 PASSED
---- notebook-4.3 start
++++ notebook-4.3 PASSED
---- notebook-4.4 start
++++ notebook-4.4 PASSED
---- notebook-4.end start
++++ notebook-4.end PASSED
---- notebook-5.1 start
++++ notebook-5.1 PASSED
---- notebook-5.2 start
++++ notebook-5.2 PASSED
---- notebook-5.3 start
++++ notebook-5.3 PASSED
---- notebook-5.4 start
++++ notebook-5.4 PASSED
---- notebook-5.end start
++++ notebook-5.end PASSED
---- notebook-6.0 start
++++ notebook-6.0 PASSED
---- notebook-6.1 start
++++ notebook-6.1 PASSED
---- notebook-6.2 start
++++ notebook-6.2 PASSED
---- notebook-6.3 start
++++ notebook-6.3 PASSED
---- notebook-6.4 start
++++ notebook-6.4 PASSED
---- notebook-6.5 start
++++ notebook-6.5 PASSED
---- notebook-6.6 start
++++ notebook-6.6 PASSED
---- notebook-6.7 start
++++ notebook-6.7 PASSED
---- notebook-6.8 start
++++ notebook-6.8 PASSED
---- notebook-6.9 start
++++ notebook-6.9 PASSED
---- notebook-6.10 start
++++ notebook-6.10 PASSED
---- notebook-6.11 start
++++ notebook-6.11 PASSED
---- notebook-6.12 start
++++ notebook-6.12 PASSED
---- notebook-7.0 start
++++ notebook-7.0 PASSED
---- notebook-7.1 start
++++ notebook-7.1 PASSED
---- notebook-7.2 start
++++ notebook-7.2 PASSED
---- notebook-7.3 start
++++ notebook-7.3 PASSED
---- notebook-7.4 start
++++ notebook-7.4 PASSED
---- notebook-7.5 start
++++ notebook-7.5 PASSED
---- notebook-7.6 start
++++ notebook-7.6 PASSED
---- notebook-7.7a start
++++ notebook-7.7a PASSED
---- notebook-7.7b start
++++ notebook-7.7b PASSED
---- notebook-7.7c start
++++ notebook-7.7c PASSED
---- notebook-7.7d start
++++ notebook-7.7d PASSED
---- notebook-7.8a start
++++ notebook-7.8a PASSED
---- notebook-7.8b start
++++ notebook-7.8b PASSED
---- notebook-7.end start
++++ notebook-7.end PASSED
---- notebook-1817596-1 start
++++ notebook-1817596-1 PASSED
---- notebook-1817596-2 start
++++ notebook-1817596-2 PASSED
---- notebook-1817596-3 start
++++ notebook-1817596-3 PASSED
---- notebook-readd-1 start
++++ notebook-readd-1 PASSED
---- notebook-readd-2 start
++++ notebook-readd-2 PASSED
---- notebook-readd-3 start
++++ notebook-readd-3 PASSED
---- notebook-1343984-1 start
++++ notebook-1343984-1 PASSED
---- notebook-1343984-2 start
++++ notebook-1343984-2 PASSED
---- notebook-198376af5a start
++++ notebook-198376af5a PASSED
---- notebook-8.1 start
++++ notebook-8.1 PASSED
---- notebook-8.2 start
++++ notebook-8.2 PASSED
---- notebook-9.1 start
++++ notebook-9.1 PASSED
---- notebook-9.2 start
++++ notebook-9.2 PASSED
panedwindow.test
---- panedwindow-1.0 start
++++ panedwindow-1.0 PASSED
---- panedwindow-1.0.1 start
++++ panedwindow-1.0.1 PASSED
---- panedwindow-1.0.2 start
++++ panedwindow-1.0.2 PASSED
---- panedwindow-1.0.3 start
++++ panedwindow-1.0.3 PASSED
---- panedwindow-1.0.4 start
++++ panedwindow-1.0.4 PASSED
---- panedwindow-1.1 start
++++ panedwindow-1.1 PASSED
---- panedwindow-1.2 start
++++ panedwindow-1.2 PASSED
---- panedwindow-1.3 start
++++ panedwindow-1.3 PASSED
---- panedwindow-1.4 start
++++ panedwindow-1.4 PASSED
---- panedwindow-1.5 start
++++ panedwindow-1.5 PASSED
---- panedwindow-1.6 start
++++ panedwindow-1.6 PASSED
---- panedwindow-1.7 start
++++ panedwindow-1.7 PASSED
---- panedwindow-1.8 start
++++ panedwindow-1.8 PASSED
---- panedwindow-1.end start
++++ panedwindow-1.end PASSED
---- panedwindow-2.1 start
++++ panedwindow-2.1 PASSED
---- panedwindow-2.2 start
++++ panedwindow-2.2 PASSED
---- panedwindow-2.3 start
++++ panedwindow-2.3 PASSED
---- panedwindow-2.end start
++++ panedwindow-2.end PASSED
---- panedwindow-3.0 start
++++ panedwindow-3.0 PASSED
---- panedwindow-3.1 start
++++ panedwindow-3.1 PASSED
---- panedwindow-3.2 start
++++ panedwindow-3.2 PASSED
---- panedwindow-3.end start
++++ panedwindow-3.end PASSED
---- panedwindow-4.1 start
++++ panedwindow-4.1 PASSED
---- panedwindow-4.2 start
++++ panedwindow-4.2 PASSED
---- panedwindow-4.3 start
++++ panedwindow-4.3 PASSED
---- panedwindow-4.END start
++++ panedwindow-4.END PASSED
---- panedwindow-5.1 start
++++ panedwindow-5.1 PASSED
---- paned-sashpos-setup start
++++ paned-sashpos-setup PASSED
---- paned-sashpos-attempt-restore start
++++ paned-sashpos-attempt-restore PASSED
---- paned-sashpos-restore start
++++ paned-sashpos-restore PASSED
---- paned-sashpos-cleanup start
++++ paned-sashpos-cleanup PASSED
---- paned-propagation-setup start
++++ paned-propagation-setup PASSED
---- paned-propagation-1 start
++++ paned-propagation-1 PASSED
---- paned-propagation-2 start
++++ paned-propagation-2 PASSED
---- paned-propagation-3 start
++++ paned-propagation-3 PASSED
---- paned-propagation-4 start
++++ paned-propagation-4 PASSED
---- paned-propagation-5 start
++++ paned-propagation-5 PASSED
---- paned-propagation-cleanup start
++++ paned-propagation-cleanup PASSED
---- panedwindow-6.1 start
++++ panedwindow-6.1 PASSED
---- panedwindow-6.2 start
++++ panedwindow-6.2 PASSED
progressbar.test
---- progressbar-1.1 start
++++ progressbar-1.1 PASSED
---- progressbar-1.2 start
++++ progressbar-1.2 PASSED
---- progressbar-1.3 start
++++ progressbar-1.3 PASSED
---- progressbar-1.4 start
++++ progressbar-1.4 PASSED
---- progressbar-1.4.1 start
++++ progressbar-1.4.1 PASSED
---- progressbar-1.5 start
++++ progressbar-1.5 PASSED
---- progressbar-1.6 start
++++ progressbar-1.6 PASSED
---- progressbar-2.0 start
++++ progressbar-2.0 PASSED
---- progressbar-2.1 start
++++ progressbar-2.1 PASSED
---- progressbar-2.2 start
++++ progressbar-2.2 PASSED
---- progressbar-2.3 start
++++ progressbar-2.3 PASSED
---- progressbar-2.4 start
++++ progressbar-2.4 PASSED
---- progressbar-2.5 start
++++ progressbar-2.5 PASSED
---- progressbar-end start
++++ progressbar-end PASSED
---- progressbar-3.1 start
++++ progressbar-3.1 PASSED
---- progressbar-3.2 start
++++ progressbar-3.2 PASSED
---- progressbar-3.3 start
++++ progressbar-3.3 PASSED
---- progressbar-4.1 start
++++ progressbar-4.1 PASSED
---- progressbar-4.2 start
++++ progressbar-4.2 PASSED
radiobutton.test
---- radiobutton-1.1 start
++++ radiobutton-1.1 PASSED
---- radiobutton-1.2 start
++++ radiobutton-1.2 PASSED
---- radiobutton-1.3 start
++++ radiobutton-1.3 PASSED
---- radiobutton-1.4 start
++++ radiobutton-1.4 PASSED
---- radiobutton-1.5 start
++++ radiobutton-1.5 PASSED
---- radiobutton-1.6 start
++++ radiobutton-1.6 PASSED
---- radiobutton-1.7 start
++++ radiobutton-1.7 PASSED
---- radiobutton-1.8 start
++++ radiobutton-1.8 PASSED
---- radiobutton-2.1 start
++++ radiobutton-2.1 PASSED
---- radiobutton-2.2 start
++++ radiobutton-2.2 PASSED
scale.test
---- scale-1.0 start
++++ scale-1.0 PASSED
---- scale-2.1 start
++++ scale-2.1 PASSED
---- scale-3.1 start
++++ scale-3.1 PASSED
---- scale-3.2 start
++++ scale-3.2 PASSED
scrollbar.test
---- scrollbar-swapout-1 start
++++ scrollbar-swapout-1 PASSED
---- scrollbar-swapout-2 start
++++ scrollbar-swapout-2 PASSED
---- scrollbar-swapout-3 start
++++ scrollbar-swapout-3 PASSED
---- scrollbar-1.0 start
++++ scrollbar-1.0 PASSED
---- scrollbar-1.1 start
++++ scrollbar-1.1 PASSED
---- scrollbar-1.2 start
++++ scrollbar-1.2 PASSED
---- scrollbar-1.3 start
++++ scrollbar-1.3 PASSED
---- scrollbar-10.1.1 start
++++ scrollbar-10.1.1 PASSED
---- scrollbar-10.2.1 start
++++ scrollbar-10.2.1 PASSED
---- scrollbar-10.2.2 start
++++ scrollbar-10.2.2 PASSED
---- scrollbar-11.1 start
++++ scrollbar-11.1 PASSED
---- scrollbar-11.2 start
++++ scrollbar-11.2 PASSED
spinbox.test
---- spinbox-1.0 start
++++ spinbox-1.0 PASSED
---- spinbox-1.1 start
++++ spinbox-1.1 PASSED
---- spinbox-1.3.1 start
++++ spinbox-1.3.1 PASSED
---- spinbox-1.3.2 start
++++ spinbox-1.3.2 PASSED
---- spinbox-1.4.1 start
++++ spinbox-1.4.1 PASSED
---- spinbox-1.4.2 start
++++ spinbox-1.4.2 PASSED
---- spinbox-1.6.1 start
++++ spinbox-1.6.1 PASSED
---- spinbox-1.6.2 start
++++ spinbox-1.6.2 PASSED
---- spinbox-1.6.3 start
++++ spinbox-1.6.3 PASSED
---- spinbox-1.7.1 start
++++ spinbox-1.7.1 PASSED
---- spinbox-1.7.2 start
++++ spinbox-1.7.2 PASSED
---- spinbox-1.8.1 start
++++ spinbox-1.8.1 PASSED
---- spinbox-1.8.2 start
++++ spinbox-1.8.2 PASSED
---- spinbox-1.8.3 start
++++ spinbox-1.8.3 PASSED
---- spinbox-1.8.4 start
++++ spinbox-1.8.4 PASSED
++++ spinbox-2.0 SKIPPED: nyi
++++ spinbox-2.1 SKIPPED: nyi
++++ spinbox-2.2 SKIPPED: nyi
++++ spinbox-2.3 SKIPPED: nyi
++++ spinbox-2.4 SKIPPED: nyi
---- spinbox-3.0 start
++++ spinbox-3.0 PASSED
---- spinbox-4.0 start
++++ spinbox-4.0 PASSED
---- spinbox-4.1 start
++++ spinbox-4.1 PASSED
---- spinbox-4.2 start
++++ spinbox-4.2 PASSED
---- spinbox-11.2 start
++++ spinbox-11.2 PASSED
---- spinbox-nostomp-1 start
++++ spinbox-nostomp-1 PASSED
---- spinbox-nostomp-2 start
++++ spinbox-nostomp-2 PASSED
---- spinbox-nostomp-3 start
++++ spinbox-nostomp-3 PASSED
---- spinbox-nostomp-4 start
++++ spinbox-nostomp-4 PASSED
---- spinbox-dieoctaldie-1 start
++++ spinbox-dieoctaldie-1 PASSED
---- spinbox-dieoctaldie-2 start
++++ spinbox-dieoctaldie-2 PASSED
---- spinbox-5.1 start
++++ spinbox-5.1 PASSED
---- spinbox-5.2 start
++++ spinbox-5.2 PASSED
treetags.test
---- treetags-1.0 start
++++ treetags-1.0 PASSED
---- treetags-1.1 start
++++ treetags-1.1 PASSED
---- treetags-1.2 start
++++ treetags-1.2 PASSED
---- treetags-1.3 start
++++ treetags-1.3 PASSED
---- treetags-1.4 start
++++ treetags-1.4 PASSED
---- treetags-1.5 start
++++ treetags-1.5 PASSED
---- treetags-1.6 start
++++ treetags-1.6 PASSED
---- treetags-1.7 start
++++ treetags-1.7 PASSED
---- treetags-1.8 start
++++ treetags-1.8 PASSED
---- treetags-1.9 start
++++ treetags-1.9 PASSED
---- treetags-1.10 start
++++ treetags-1.10 PASSED
---- treetags-1.11 start
++++ treetags-1.11 PASSED
---- treetags-1.end start
++++ treetags-1.end PASSED
---- treetags-2.0 start
++++ treetags-2.0 PASSED
---- treetags-2.1 start
++++ treetags-2.1 PASSED
---- treetags-2.2 start
++++ treetags-2.2 PASSED
---- treetags-2.3 start
++++ treetags-2.3 PASSED
---- treetags-2.4 start
++++ treetags-2.4 PASSED
---- treetags-3.0 start
++++ treetags-3.0 PASSED
---- treetags-3.1 start
++++ treetags-3.1 PASSED
---- treetags-3.2 start
++++ treetags-3.2 PASSED
---- treetags-4.1 start
++++ treetags-4.1 PASSED
---- treetags-4.2 start
++++ treetags-4.2 PASSED
---- treetags-4.3 start
++++ treetags-4.3 PASSED
---- treetags-4.3.1 start
++++ treetags-4.3.1 PASSED
---- treetags-4.4 start
++++ treetags-4.4 PASSED
---- treetags-4.5 start
++++ treetags-4.5 PASSED
---- treetags-4.6 start
++++ treetags-4.6 PASSED
---- treetags-4.7 start
++++ treetags-4.7 PASSED
---- treetags-4.8 start
++++ treetags-4.8 PASSED
---- treetags-3.3 start
++++ treetags-3.3 PASSED
---- treetags-3.4 start
++++ treetags-3.4 PASSED
---- treetags-end start
++++ treetags-end PASSED
treeview.test
---- treeview-1.1 start
++++ treeview-1.1 PASSED
---- treeview-1.2 start
++++ treeview-1.2 PASSED
---- treeview-1.3 start
++++ treeview-1.3 PASSED
---- treeview-1.4 start
++++ treeview-1.4 PASSED
---- treeview-1.5 start
++++ treeview-1.5 PASSED
---- treeview-2.1 start
++++ treeview-2.1 PASSED
---- treeview-2.3 start
++++ treeview-2.3 PASSED
---- treeview-2.4 start
++++ treeview-2.4 PASSED
---- treeview-2.5 start
++++ treeview-2.5 PASSED
---- treeview-2.6 start
++++ treeview-2.6 PASSED
---- treeview-2.7 start
++++ treeview-2.7 PASSED
---- treeview-2.8 start
++++ treeview-2.8 PASSED
---- treeview-2.9 start
++++ treeview-2.9 PASSED
---- treeview-2.10 start
++++ treeview-2.10 PASSED
---- treeview-2.11 start
++++ treeview-2.11 PASSED
---- treeview-2.12 start
++++ treeview-2.12 PASSED
---- treeview-2.13 start
++++ treeview-2.13 PASSED
---- treeview-2.14 start
++++ treeview-2.14 PASSED
---- treeview-2.15 start
++++ treeview-2.15 PASSED
---- treeview-2.16 start
++++ treeview-2.16 PASSED
---- treeview-2.17 start
++++ treeview-2.17 PASSED
---- treeview-3.1 start
++++ treeview-3.1 PASSED
---- treeview-3.2 start
++++ treeview-3.2 PASSED
---- treeview-3.3 start
++++ treeview-3.3 PASSED
---- treeview-3.4 start
++++ treeview-3.4 PASSED
---- treeview-3.5 start
++++ treeview-3.5 PASSED
---- treeview-3.6 start
++++ treeview-3.6 PASSED
---- treeview-3.7 start
++++ treeview-3.7 PASSED
---- treeview-3.8 start
++++ treeview-3.8 PASSED
---- treeview-3.9 start
++++ treeview-3.9 PASSED
---- treeview-3.10 start
++++ treeview-3.10 PASSED
---- treeview-3.11 start
++++ treeview-3.11 PASSED
---- treeview-3.12 start
++++ treeview-3.12 PASSED
---- treeview-3.13 start
++++ treeview-3.13 PASSED
---- treeview-3.14 start
++++ treeview-3.14 PASSED
---- treeview-3.14.1 start
++++ treeview-3.14.1 PASSED
---- treeview-3.15 start
++++ treeview-3.15 PASSED
---- treeview-3.16 start
++++ treeview-3.16 PASSED
---- treeview-3.17 start
++++ treeview-3.17 PASSED
---- treeview-3.18 start
++++ treeview-3.18 PASSED
---- treeview-4.1 start
++++ treeview-4.1 PASSED
---- treeview-4.2 start
++++ treeview-4.2 PASSED
---- treeview-4.3 start
++++ treeview-4.3 PASSED
---- treeview-5.1 start
++++ treeview-5.1 PASSED
---- treeview-5.2 start
++++ treeview-5.2 PASSED
---- treeview-5.3 start
++++ treeview-5.3 PASSED
---- treeview-5.4 start
++++ treeview-5.4 PASSED
---- treeview-5.5 start
++++ treeview-5.5 PASSED
---- treeview-5.6 start
++++ treeview-5.6 PASSED
---- treeview-5.7 start
++++ treeview-5.7 PASSED
---- treeview-5.8 start
++++ treeview-5.8 PASSED
---- treeview-5.9 start
++++ treeview-5.9 PASSED
---- treeview-5.10 start
++++ treeview-5.10 PASSED
---- treeview-5.11 start
++++ treeview-5.11 PASSED
---- treeview-5.12 start
++++ treeview-5.12 PASSED
---- treeview-5.13 start
++++ treeview-5.13 PASSED
---- treeview-5.14 start
++++ treeview-5.14 PASSED
---- treeview-5.15 start
++++ treeview-5.15 PASSED
---- treeview-5.16 start
++++ treeview-5.16 PASSED
---- treeview-6.1 start
++++ treeview-6.1 PASSED
---- treeview-6.1.1 start
++++ treeview-6.1.1 PASSED
---- treeview-6.2 start
++++ treeview-6.2 PASSED
---- treeview-6.3 start
++++ treeview-6.3 PASSED
---- treeview-6.4 start
++++ treeview-6.4 PASSED
---- treeview-6.5 start
++++ treeview-6.5 PASSED
---- treeview-6.6 start
++++ treeview-6.6 PASSED
---- treeview-7.1 start
++++ treeview-7.1 PASSED
---- treeview-7.2 start
++++ treeview-7.2 PASSED
---- treeview-7.3 start
++++ treeview-7.3 PASSED
---- treeview-7.4 start
++++ treeview-7.4 PASSED
---- treeview-7.5 start
++++ treeview-7.5 PASSED
---- treeview-7.6 start
++++ treeview-7.6 PASSED
---- treeview-8.0 start
++++ treeview-8.0 PASSED
---- treeview-8.1 start
++++ treeview-8.1 PASSED
---- treeview-8.2 start
++++ treeview-8.2 PASSED
---- treeview-8.3 start
++++ treeview-8.3 PASSED
---- treeview-8.4 start
++++ treeview-8.4 PASSED
---- treeview-8.5 start
++++ treeview-8.5 PASSED
---- treeview-8.7 start
++++ treeview-8.7 PASSED
---- treeview-8.8 start
++++ treeview-8.8 PASSED
---- treeview-8.9 start
++++ treeview-8.9 PASSED
---- treeview-8.10 start
++++ treeview-8.10 PASSED
---- treeview-8.11 start
++++ treeview-8.11 PASSED
---- treeview-9.0 start
++++ treeview-9.0 PASSED
---- treeview-9.1 start
++++ treeview-9.1 PASSED
---- treeview-9.2 start
++++ treeview-9.2 PASSED
---- treeview-9.3 start
++++ treeview-9.3 PASSED
---- treeview-9.4 start
++++ treeview-9.4 PASSED
---- treeview-10.0 start
++++ treeview-10.0 PASSED
---- treeview-10.1 start
++++ treeview-10.1 PASSED
---- treeview-10.2 start
++++ treeview-10.2 PASSED
---- treeview-11.0 start
++++ treeview-11.0 PASSED
---- treeview-11.1 start
++++ treeview-11.1 PASSED
---- treeview-11.2 start
++++ treeview-11.2 PASSED
---- treeview-11.3 start
++++ treeview-11.3 PASSED
---- treeview-11.4 start
++++ treeview-11.4 PASSED
---- treeview-11.5 start
++++ treeview-11.5 PASSED
---- treeview-11.6 start
++++ treeview-11.6 PASSED
---- treeview-11.7 start
++++ treeview-11.7 PASSED
---- treeview-11.8 start
++++ treeview-11.8 PASSED
---- treeview-11.9 start
++++ treeview-11.9 PASSED
---- treeview-11.10 start
++++ treeview-11.10 PASSED
---- treeview-11.11 start
++++ treeview-11.11 PASSED
---- treeview-11.12 start
++++ treeview-11.12 PASSED
---- treeview-11.13 start
++++ treeview-11.13 PASSED
---- treeview-11.14 start
++++ treeview-11.14 PASSED
---- treeview-11.15 start
++++ treeview-11.15 PASSED
---- treeview-11.16 start
++++ treeview-11.16 PASSED
---- treeview-11.17 start
++++ treeview-11.17 PASSED
---- treeview-identify-setup start
++++ treeview-identify-setup PASSED
---- treeview-identify-1 start
++++ treeview-identify-1 PASSED
---- treeview-identify-2 start
++++ treeview-identify-2 PASSED
---- treeview-identify-3 start
++++ treeview-identify-3 PASSED
---- treeview-identify-4 start
++++ treeview-identify-4 PASSED
---- treeview-identify-5 start
++++ treeview-identify-5 PASSED
---- treeview-identify-6 start
++++ treeview-identify-6 PASSED
---- treeview-identify-7 start
++++ treeview-identify-7 PASSED
---- treeview-identify-8 start
++++ treeview-identify-8 PASSED
---- treeview-identify-8.1 start
++++ treeview-identify-8.1 PASSED
---- treeview-identify-9 start
++++ treeview-identify-9 PASSED
---- treeview-identify-10 start
++++ treeview-identify-10 PASSED
---- treeview-identify-10b start
++++ treeview-identify-10b PASSED
---- treeview-identify-10c start
++++ treeview-identify-10c PASSED
---- treeview-identify-11 start
++++ treeview-identify-11 PASSED
---- treeview-identify-cleanup start
++++ treeview-identify-cleanup PASSED
---- treeview-rowheight-1 start
++++ treeview-rowheight-1 PASSED
---- treeview-rowheight-2 start
++++ treeview-rowheight-2 PASSED
---- treeview-rowheight-3 start
++++ treeview-rowheight-3 PASSED
---- treeview-rowheight-3b start
++++ treeview-rowheight-3b PASSED
---- treeview-rowheight-4 start
++++ treeview-rowheight-4 PASSED
---- treeview-rowheight-5 start
++++ treeview-rowheight-5 PASSED
---- treeview-1541739 start
++++ treeview-1541739 PASSED
---- treeview-3006842 start
++++ treeview-3006842 PASSED
---- treeview-3085489-1 start
++++ treeview-3085489-1 PASSED
---- treeview-3085489-2 start
++++ treeview-3085489-2 PASSED
---- treeview-368fa4561e start
++++ treeview-368fa4561e PASSED
---- treeview-ce470f20fd-1 start
++++ treeview-ce470f20fd-1 PASSED
---- treeview-ce470f20fd-2 start
++++ treeview-ce470f20fd-2 PASSED
---- treeview-ce470f20fd-3 start
++++ treeview-ce470f20fd-3 PASSED
---- treeview-ce470f20fd-4 start
++++ treeview-ce470f20fd-4 PASSED
---- treeview-bc602049ab start
++++ treeview-bc602049ab PASSED
---- treeview-6ee162c3d9 start
++++ treeview-6ee162c3d9 PASSED
---- treeview-column0-leak start
++++ treeview-column0-leak PASSED
---- treeview-21.1 start
++++ treeview-21.1 PASSED
---- treeview-21.2 start
++++ treeview-21.2 PASSED
---- treeview-22.1 start
++++ treeview-22.1 PASSED
---- treeview-12.2 start
++++ treeview-12.2 PASSED
---- treeview-23.1 start
++++ treeview-23.1 PASSED
ttk.test
---- ttk-6.1 start
++++ ttk-6.1 PASSED
---- ttk-6.2 start
++++ ttk-6.2 PASSED
---- ttk-6.4 start
++++ ttk-6.4 PASSED
---- ttk-6.5 start
++++ ttk-6.5 PASSED
---- ttk-6.6 start
++++ ttk-6.6 PASSED
---- ttk-6.7 start
++++ ttk-6.7 PASSED
---- ttk-6.8 start
++++ ttk-6.8 PASSED
---- ttk-6.9 start
++++ ttk-6.9 PASSED
---- ttk-construction-failure-1 start
++++ ttk-construction-failure-1 PASSED
---- ttk-construction-failure-2 start
++++ ttk-construction-failure-2 PASSED
---- ttk-selfdestruct-ok-1 start
++++ ttk-selfdestruct-ok-1 PASSED
---- ttk-1.1 start
++++ ttk-1.1 PASSED
---- ttk-1.2 start
++++ ttk-1.2 PASSED
---- ttk-1.3 start
++++ ttk-1.3 PASSED
---- ttk-1.4 start
++++ ttk-1.4 PASSED
---- ttk-2.0 start
++++ ttk-2.0 PASSED
---- ttk-2.1 start
++++ ttk-2.1 PASSED
---- ttk-2.2 start
++++ ttk-2.2 PASSED
---- ttk-2.3 start
++++ ttk-2.3 PASSED
---- ttk-2.4 start
++++ ttk-2.4 PASSED
---- ttk-2.5 start
++++ ttk-2.5 PASSED
---- ttk-2.6 start
++++ ttk-2.6 PASSED
---- ttk-2.7 start
++++ ttk-2.7 PASSED
---- ttk-2.8 start
++++ ttk-2.8 PASSED
---- ttk-coreoptions-button start
++++ ttk-coreoptions-button PASSED
---- ttk-coreoptions-checkbutton start
++++ ttk-coreoptions-checkbutton PASSED
---- ttk-coreoptions-radiobutton start
++++ ttk-coreoptions-radiobutton PASSED
---- ttk-coreoptions-menubutton start
++++ ttk-coreoptions-menubutton PASSED
---- ttk-coreoptions-label start
++++ ttk-coreoptions-label PASSED
---- ttk-coreoptions-entry start
++++ ttk-coreoptions-entry PASSED
---- ttk-coreoptions-frame start
++++ ttk-coreoptions-frame PASSED
---- ttk-coreoptions-labelframe start
++++ ttk-coreoptions-labelframe PASSED
---- ttk-coreoptions-scrollbar start
++++ ttk-coreoptions-scrollbar PASSED
---- ttk-coreoptions-notebook start
++++ ttk-coreoptions-notebook PASSED
---- ttk-coreoptions-progressbar start
++++ ttk-coreoptions-progressbar PASSED
---- ttk-coreoptions-combobox start
++++ ttk-coreoptions-combobox PASSED
---- ttk-coreoptions-separator start
++++ ttk-coreoptions-separator PASSED
---- ttk-coreoptions-panedwindow start
++++ ttk-coreoptions-panedwindow PASSED
---- ttk-coreoptions-treeview start
++++ ttk-coreoptions-treeview PASSED
---- ttk-coreoptions-sizegrip start
++++ ttk-coreoptions-sizegrip PASSED
---- ttk-coreoptions-scale start
++++ ttk-coreoptions-scale PASSED
---- ttk-3.0 start
++++ ttk-3.0 PASSED
---- ttk-3.1 start
++++ ttk-3.1 PASSED
---- ttk-3.2 start
++++ ttk-3.2 PASSED
---- ttk-3.3 start
++++ ttk-3.3 PASSED
---- ttk-3.4 start
++++ ttk-3.4 PASSED
---- ttk-4.0 start
++++ ttk-4.0 PASSED
---- ttk-4.1 start
++++ ttk-4.1 PASSED
---- ttk-4.2 start
++++ ttk-4.2 PASSED
---- ttk-4.3 start
++++ ttk-4.3 PASSED
---- ttk-4.4 start
++++ ttk-4.4 PASSED
---- ttk-8.0 start
++++ ttk-8.0 PASSED
---- ttk-8.1 start
++++ ttk-8.1 PASSED
---- ttk-8.2 start
++++ ttk-8.2 PASSED
---- ttk-8.3 start
++++ ttk-8.3 PASSED
---- ttk-8.4 start
++++ ttk-8.4 PASSED
---- ttk-9.1 start
++++ ttk-9.1 PASSED
---- ttk-9.2 start
++++ ttk-9.2 PASSED
---- ttk-9.3 start
++++ ttk-9.3 PASSED
---- ttk-9.4 start
++++ ttk-9.4 PASSED
---- ttk-9.5 start
++++ ttk-9.5 PASSED
---- ttk-9.6 start
++++ ttk-9.6 PASSED
---- ttk-9.7 start
++++ ttk-9.7 PASSED
---- ttk-9.8 start
++++ ttk-9.8 PASSED
---- ttk-9.9 start
++++ ttk-9.9 PASSED
---- ttk-9.10 start
++++ ttk-9.10 PASSED
---- ttk-10.1 start
++++ ttk-10.1 PASSED
---- ttk-10.2 start
++++ ttk-10.2 PASSED
---- ttk-10.3 start
++++ ttk-10.3 PASSED
---- ttk-10.4 start
++++ ttk-10.4 PASSED
---- ttk-10.5 start
++++ ttk-10.5 PASSED
---- ttk-11.1 start
++++ ttk-11.1 PASSED
---- ttk-11.2 start
++++ ttk-11.2 PASSED
---- ttk-11.3 start
++++ ttk-11.3 PASSED
---- ttk-11.4 start
++++ ttk-11.4 PASSED
---- ttk-11.5 start
++++ ttk-11.5 PASSED
---- ttk-11.6 start
++++ ttk-11.6 PASSED
---- ttk-11.7 start
++++ ttk-11.7 PASSED
---- ttk-12.1 start
++++ ttk-12.1 PASSED
---- ttk-12.2 start
++++ ttk-12.2 PASSED
---- ttk-12.2.1 start
++++ ttk-12.2.1 PASSED
---- ttk-12.3 start
++++ ttk-12.3 PASSED
---- ttk-12.4 start
++++ ttk-12.4 PASSED
---- ttk-13.1 start
++++ ttk-13.1 PASSED
---- ttk-13.4 start
++++ ttk-13.4 PASSED
---- ttk-13.5 start
++++ ttk-13.5 PASSED
---- ttk-14.1 start
++++ ttk-14.1 PASSED
---- ttk-14.2 start
++++ ttk-14.2 PASSED
---- ttk-14.3 start
++++ ttk-14.3 PASSED
---- ttk-15.1 start
++++ ttk-15.1 PASSED
---- ttk-15.2 start
++++ ttk-15.2 PASSED
---- ttk-ensemble-0 start
++++ ttk-ensemble-0 PASSED
---- ttk-ensemble-1 start
++++ ttk-ensemble-1 PASSED
---- ttk-ensemble-2 start
++++ ttk-ensemble-2 PASSED
---- ttk-ensemble-3 start
++++ ttk-ensemble-3 PASSED
---- ttk-ensemble-4 start
++++ ttk-ensemble-4 PASSED
---- ttk-ensemble-5 start
++++ ttk-ensemble-5 PASSED
---- ttk-16.1 start
++++ ttk-16.1 PASSED
---- ttk-16.2 start
++++ ttk-16.2 PASSED
validate.test
---- validate-0.0 start
++++ validate-0.0 PASSED
---- validate-0.1 start
++++ validate-0.1 PASSED
---- validate-1.1 start
++++ validate-1.1 PASSED
---- validate-1.2 start
++++ validate-1.2 PASSED
---- validate-1.3 start
++++ validate-1.3 PASSED
---- validate-1.4 start
++++ validate-1.4 PASSED
---- validate-1.5 start
++++ validate-1.5 PASSED
---- validate-1.6 start
++++ validate-1.6 PASSED
---- validate-1.7 start
++++ validate-1.7 PASSED
---- validate-1.8 start
++++ validate-1.8 PASSED
---- validate-1.9 start
++++ validate-1.9 PASSED
---- validate-1.10 start
++++ validate-1.10 PASSED
---- validate-1.11 start
++++ validate-1.11 PASSED
---- validate-1.12 start
++++ validate-1.12 PASSED
---- validate-1.13 start
++++ validate-1.13 PASSED
---- validate-1.14 start
++++ validate-1.14 PASSED
---- validate-1.15 start
++++ validate-1.15 PASSED
---- validate-1.16 start
++++ validate-1.16 PASSED
++++ validate-1.17 SKIPPED: coreEntry
++++ validate-1.18 SKIPPED: coreEntry
++++ validate-1.19 SKIPPED: coreEntry
++++ validate-1.20 SKIPPED: coreEntry
---- validate-2.1 start
++++ validate-2.1 PASSED
---- validate-2.2 start
++++ validate-2.2 PASSED
---- validate-3.0 start
++++ validate-3.0 PASSED
---- validate-3.1 start
++++ validate-3.1 PASSED
---- validate-3.2 start
++++ validate-3.2 PASSED
---- validate-3.3 start
++++ validate-3.3 PASSED
---- validate-3.4 start
++++ validate-3.4 PASSED
++++ validate-3.5 SKIPPED: NA
++++ validate-3.6 SKIPPED: NA
---- validate-3.last start
++++ validate-3.last PASSED
vsapi.test
++++ vsapi-1.1 SKIPPED: xpnative
++++ vsapi-1.2 SKIPPED: xpnative
++++ vsapi-1.3 SKIPPED: xpnative

Tests ended at Sun Mar 16 09:44:10 CDT 2025
all.tcl:	Total	591	Passed	576	Skipped	15	Failed	0
Sourced 18 Test Files.
Number of tests skipped for each constraint:
	2	NA
	4	coreEntry
	1	notAqua
	5	nyi
	3	xpnative
/Applications/Xcode.app/Contents/Developer/usr/bin/make test-tk \
	 BUILD_STYLE=Deployment INSTALL_TARGET=install-strip  
/Applications/Xcode.app/Contents/Developer/usr/bin/make -C "/Users/culler/projects/TclTk/tk9.1/macosx/../../build/tk/Deployment" binaries libraries tktest INSTALL_ROOT='' INSTALL_TARGETS='install-binaries install-libraries install-headers install-private-headers install-demos' VERSION='9.1'  
make[2]: Nothing to be done for `binaries'.
make[2]: Nothing to be done for `libraries'.
make[2]: `tktest' is up to date.
/Applications/Xcode.app/Contents/Developer/usr/bin/make -C "/Users/culler/projects/TclTk/tk9.1/macosx/../../build/tk/Deployment" test INSTALL_ROOT='' INSTALL_TARGETS='install-binaries install-libraries install-headers install-private-headers install-demos' VERSION='9.1'  
DYLD_FRAMEWORK_PATH="`pwd`:/Users/culler/projects/TclTk/build/tcl/Deployment:${DYLD_FRAMEWORK_PATH}"; export DYLD_FRAMEWORK_PATH; TCL_LIBRARY=/Users/culler/projects/TclTk/tcl9.1/library; export TCL_LIBRARY; TK_LIBRARY=/Users/culler/projects/TclTk/tk9.1/library; export TK_LIBRARY; ./tktest /Users/culler/projects/TclTk/tk9.1/unix/../tests/all.tcl -geometry +0+0 -verbose bpest
Tests running in interp:  /Users/culler/projects/TclTk/build/tk/Deployment/tktest
Tests located in:  /Users/culler/projects/TclTk/tk9.1/tests
Tests running in:  /Users/culler/projects/TclTk/build/tk/Deployment
Temporary files stored in /Users/culler/projects/TclTk/build/tk/Deployment
Test files sourced into current interpreter
Running tests that match:  *
Skipping test files that match:  l.*.test
Only running test files that match:  *.test
Tests began at Sun Mar 16 09:44:10 CDT 2025
bell.test
---- bell-1.1 start
++++ bell-1.1 PASSED
---- bell-1.2 start
++++ bell-1.2 PASSED
---- bell-1.3 start
++++ bell-1.3 PASSED
---- bell-1.4 start
++++ bell-1.4 PASSED
---- bell-1.5 start
++++ bell-1.5 PASSED
---- bell-1.6 start
++++ bell-1.6 PASSED
---- bell-1.7 start
++++ bell-1.7 PASSED
---- bell-1.8 start
Bell should ring now ...
++++ bell-1.8 PASSED
bgerror.test
---- bgerror-1.1 start
++++ bgerror-1.1 PASSED
---- bgerror-1.2 start
++++ bgerror-1.2 PASSED
---- bgerror-1.3 start
++++ bgerror-1.3 PASSED
bind.test
---- bind-1.1 start
++++ bind-1.1 PASSED
---- bind-1.2 start
++++ bind-1.2 PASSED
---- bind-1.3 start
++++ bind-1.3 PASSED
---- bind-1.4 start
++++ bind-1.4 PASSED
---- bind-1.5 start
++++ bind-1.5 PASSED
---- bind-1.6 start
++++ bind-1.6 PASSED
---- bind-1.7 start
++++ bind-1.7 PASSED
---- bind-1.8 start
++++ bind-1.8 PASSED
---- bind-1.9 start
++++ bind-1.9 PASSED
---- bind-1.10 start
++++ bind-1.10 PASSED
---- bind-1.11 start
++++ bind-1.11 PASSED
---- bind-2.1 start
++++ bind-2.1 PASSED
---- bind-2.2 start
++++ bind-2.2 PASSED
---- bind-2.3 start
++++ bind-2.3 PASSED
---- bind-2.4 start
++++ bind-2.4 PASSED
---- bind-2.5 start
++++ bind-2.5 PASSED
---- bind-2.6 start
++++ bind-2.6 PASSED
---- bind-2.7 start
++++ bind-2.7 PASSED
---- bind-2.8 start
++++ bind-2.8 PASSED
---- bind-2.9 start
++++ bind-2.9 PASSED
---- bind-2.10 start
++++ bind-2.10 PASSED
---- bind-2.11 start
++++ bind-2.11 PASSED
---- bind-2.12 start
++++ bind-2.12 PASSED
---- bind-3.1 start
++++ bind-3.1 PASSED
---- bind-3.2 start
++++ bind-3.2 PASSED
---- bind-4.1 start
++++ bind-4.1 PASSED
---- bind-4.2 start
++++ bind-4.2 PASSED
---- bind-4.3 start
++++ bind-4.3 PASSED
---- bind-4.4 start
++++ bind-4.4 PASSED
---- bind-4.5 start
++++ bind-4.5 PASSED
---- bind-5.1 start
++++ bind-5.1 PASSED
---- bind-6.1 start
++++ bind-6.1 PASSED
---- bind-7.1 start
++++ bind-7.1 PASSED
---- bind-7.3 start
++++ bind-7.3 PASSED
---- bind-7.4 start
++++ bind-7.4 PASSED
---- bind-8.1 start
++++ bind-8.1 PASSED
---- bind-9.1 start
++++ bind-9.1 PASSED
---- bind-9.2 start
++++ bind-9.2 PASSED
---- bind-9.3 start
++++ bind-9.3 PASSED
---- bind-10.1 start
++++ bind-10.1 PASSED
---- bind-10.2 start
++++ bind-10.2 PASSED
---- bind-11.1 start
++++ bind-11.1 PASSED
---- bind-11.2 start
++++ bind-11.2 PASSED
---- bind-11.3 start
++++ bind-11.3 PASSED
---- bind-12.1 start
++++ bind-12.1 PASSED
---- bind-12.2 start
++++ bind-12.2 PASSED
---- bind-13.1 start
++++ bind-13.1 PASSED
---- bind-13.2 start
++++ bind-13.2 PASSED
---- bind-13.3 start
++++ bind-13.3 PASSED
---- bind-13.4 start
++++ bind-13.4 PASSED
---- bind-13.5 start
++++ bind-13.5 PASSED
---- bind-13.6 start
++++ bind-13.6 PASSED
---- bind-13.7 start
++++ bind-13.7 PASSED
---- bind-13.8 start
++++ bind-13.8 PASSED
---- bind-13.9 start
++++ bind-13.9 PASSED
---- bind-13.10 start
++++ bind-13.10 PASSED
---- bind-13.11 start
++++ bind-13.11 PASSED
---- bind-13.12 start
++++ bind-13.12 PASSED
---- bind-13.13 start
++++ bind-13.13 PASSED
---- bind-13.14 start
++++ bind-13.14 PASSED
---- bind-13.15 start
++++ bind-13.15 PASSED
---- bind-13.16 start
++++ bind-13.16 PASSED
---- bind-13.17 start
++++ bind-13.17 PASSED
---- bind-13.18 start
++++ bind-13.18 PASSED
---- bind-13.19 start
++++ bind-13.19 PASSED
---- bind-13.20 start
++++ bind-13.20 PASSED
---- bind-13.21 start
++++ bind-13.21 PASSED
---- bind-13.22 start
++++ bind-13.22 PASSED
---- bind-13.23 start
++++ bind-13.23 PASSED
---- bind-13.24 start
++++ bind-13.24 PASSED
---- bind-13.25 start
++++ bind-13.25 PASSED
---- bind-13.26 start
++++ bind-13.26 PASSED
---- bind-13.27 start
++++ bind-13.27 PASSED
---- bind-13.28 start
++++ bind-13.28 PASSED
---- bind-13.29 start
++++ bind-13.29 PASSED
---- bind-13.30 start
++++ bind-13.30 PASSED
---- bind-13.31 start
++++ bind-13.31 PASSED
---- bind-13.32 start
++++ bind-13.32 PASSED
---- bind-13.33 start
++++ bind-13.33 PASSED
---- bind-13.34 start
++++ bind-13.34 PASSED
---- bind-13.35 start
++++ bind-13.35 PASSED
---- bind-13.38 start
++++ bind-13.38 PASSED
---- bind-13.41 start
++++ bind-13.41 PASSED
---- bind-13.43 start
++++ bind-13.43 PASSED
---- bind-13.45 start
++++ bind-13.45 PASSED
---- bind-15.1 start
++++ bind-15.1 PASSED
---- bind-15.2 start
++++ bind-15.2 PASSED
---- bind-15.3 start
++++ bind-15.3 PASSED
---- bind-15.4 start
++++ bind-15.4 PASSED
---- bind-15.5 start
++++ bind-15.5 PASSED
---- bind-15.6 start
++++ bind-15.6 PASSED
---- bind-15.7 start
++++ bind-15.7 PASSED
---- bind-15.8 start
++++ bind-15.8 PASSED
---- bind-15.9 start
++++ bind-15.9 PASSED
---- bind-15.10 start
++++ bind-15.10 PASSED
---- bind-15.11 start
++++ bind-15.11 PASSED
++++ bind-15.12 SKIPPED: nonPortable
---- bind-15.13 start
++++ bind-15.13 PASSED
---- bind-15.14 start
++++ bind-15.14 PASSED
---- bind-15.15 start
++++ bind-15.15 PASSED
---- bind-15.16 start
++++ bind-15.16 PASSED
---- bind-15.17 start
++++ bind-15.17 PASSED
---- bind-15.18 start
++++ bind-15.18 PASSED
---- bind-15.19 start
++++ bind-15.19 PASSED
---- bind-15.20 start
++++ bind-15.20 PASSED
---- bind-15.21 start
++++ bind-15.21 PASSED
---- bind-15.22 start
++++ bind-15.22 PASSED
---- bind-15.23 start
++++ bind-15.23 PASSED
---- bind-15.24 start
++++ bind-15.24 PASSED
---- bind-15.25 start
++++ bind-15.25 PASSED
---- bind-15.26 start
++++ bind-15.26 PASSED
---- bind-15.27 start
++++ bind-15.27 PASSED
---- bind-15.28 start
++++ bind-15.28 PASSED
---- bind-15.29 start
++++ bind-15.29 PASSED
---- bind-15.30 start
++++ bind-15.30 PASSED
---- bind-15.31 start
++++ bind-15.31 PASSED
---- bind-15.32 start
++++ bind-15.32 PASSED
---- bind-15.33 start
++++ bind-15.33 PASSED
---- bind-16.1 start
++++ bind-16.1 PASSED
---- bind-16.2 start
++++ bind-16.2 PASSED
---- bind-16.3 start
++++ bind-16.3 PASSED
---- bind-16.4 start
++++ bind-16.4 PASSED
---- bind-16.5 start
++++ bind-16.5 PASSED
---- bind-16.6 start
++++ bind-16.6 PASSED
---- bind-16.7 start
++++ bind-16.7 PASSED
---- bind-16.8 start
++++ bind-16.8 PASSED
---- bind-16.9 start
++++ bind-16.9 PASSED
---- bind-16.10 start
++++ bind-16.10 PASSED
---- bind-16.11 start
++++ bind-16.11 PASSED
---- bind-16.12 start
++++ bind-16.12 PASSED
---- bind-16.13 start
++++ bind-16.13 PASSED
---- bind-16.14 start
++++ bind-16.14 PASSED
---- bind-16.15 start
++++ bind-16.15 PASSED
---- bind-16.16 start
++++ bind-16.16 PASSED
---- bind-16.17 start
++++ bind-16.17 PASSED
---- bind-16.18 start
++++ bind-16.18 PASSED
---- bind-16.19 start
++++ bind-16.19 PASSED
---- bind-16.20 start
++++ bind-16.20 PASSED
---- bind-16.21 start
++++ bind-16.21 PASSED
---- bind-16.22 start
++++ bind-16.22 PASSED
---- bind-16.23 start
++++ bind-16.23 PASSED
---- bind-16.24 start
++++ bind-16.24 PASSED
---- bind-16.25 start
++++ bind-16.25 PASSED
---- bind-16.26 start
++++ bind-16.26 PASSED
---- bind-16.27 start
++++ bind-16.27 PASSED
---- bind-16.28 start
++++ bind-16.28 PASSED
---- bind-16.29 start
++++ bind-16.29 PASSED
---- bind-16.30 start
++++ bind-16.30 PASSED
---- bind-16.31 start
++++ bind-16.31 PASSED
---- bind-16.32 start
++++ bind-16.32 PASSED
---- bind-16.33 start
++++ bind-16.33 PASSED
---- bind-16.34 start
++++ bind-16.34 PASSED
++++ bind-16.35 SKIPPED: nonPortable
---- bind-16.36 start
++++ bind-16.36 PASSED
---- bind-16.37 start
++++ bind-16.37 PASSED
++++ bind-16.38 SKIPPED: nonPortable
---- bind-16.39 start
++++ bind-16.39 PASSED
---- bind-16.40 start
++++ bind-16.40 PASSED
---- bind-16.41 start
++++ bind-16.41 PASSED
---- bind-16.42 start
++++ bind-16.42 PASSED
---- bind-16.43 start
++++ bind-16.43 PASSED
---- bind-16.44 start
++++ bind-16.44 PASSED
---- bind-16.45 start
++++ bind-16.45 PASSED
---- bind-16.46 start
++++ bind-16.46 PASSED
---- bind-16.47 start
++++ bind-16.47 PASSED
---- bind-17.1 start
++++ bind-17.1 PASSED
---- bind-17.2 start
++++ bind-17.2 PASSED
---- bind-17.3 start
++++ bind-17.3 PASSED
---- bind-17.4 start
++++ bind-17.4 PASSED
---- bind-17.5 start
++++ bind-17.5 PASSED
---- bind-17.6 start
++++ bind-17.6 PASSED
---- bind-17.7 start
++++ bind-17.7 PASSED
---- bind-17.8 start
++++ bind-17.8 PASSED
---- bind-17.9 start
++++ bind-17.9 PASSED
---- bind-17.10 start
++++ bind-17.10 PASSED
---- bind-17.11 start
++++ bind-17.11 PASSED
---- bind-17.12 start
++++ bind-17.12 PASSED
---- bind-17.13 start
++++ bind-17.13 PASSED
---- bind-17.14 start
++++ bind-17.14 PASSED
---- bind-17.15 start
++++ bind-17.15 PASSED
---- bind-17.16 start
++++ bind-17.16 PASSED
---- bind-17.17 start
++++ bind-17.17 PASSED
---- bind-17.18 start
++++ bind-17.18 PASSED
---- bind-18.1 start
++++ bind-18.1 PASSED
---- bind-18.2 start
++++ bind-18.2 PASSED
---- bind-18.3 start
++++ bind-18.3 PASSED
---- bind-18.4 start
++++ bind-18.4 PASSED
---- bind-18.5 start
++++ bind-18.5 PASSED
---- bind-18.6 start
++++ bind-18.6 PASSED
---- bind-18.7 start
++++ bind-18.7 PASSED
---- bind-19.1 start
++++ bind-19.1 PASSED
---- bind-19.2 start
++++ bind-19.2 PASSED
---- bind-19.3 start
++++ bind-19.3 PASSED
---- bind-19.4 start
++++ bind-19.4 PASSED
---- bind-19.5 start
++++ bind-19.5 PASSED
---- bind-19.6 start
++++ bind-19.6 PASSED
---- bind-19.7 start
++++ bind-19.7 PASSED
---- bind-19.8 start
++++ bind-19.8 PASSED
---- bind-19.9 start
++++ bind-19.9 PASSED
---- bind-19.10 start
++++ bind-19.10 PASSED
---- bind-19.11 start
++++ bind-19.11 PASSED
---- bind-19.12 start
++++ bind-19.12 PASSED
---- bind-19.13 start
++++ bind-19.13 PASSED
---- bind-19.14 start
++++ bind-19.14 PASSED
---- bind-19.15 start
++++ bind-19.15 PASSED
---- bind-19.16 start
++++ bind-19.16 PASSED
---- bind-19.17 start
++++ bind-19.17 PASSED
---- bind-20.1 start
++++ bind-20.1 PASSED
---- bind-20.2 start
++++ bind-20.2 PASSED
---- bind-20.3 start
++++ bind-20.3 PASSED
---- bind-20.4 start
++++ bind-20.4 PASSED
---- bind-21.1 start
++++ bind-21.1 PASSED
---- bind-21.2 start
++++ bind-21.2 PASSED
---- bind-21.3 start
++++ bind-21.3 PASSED
---- bind-22.1 start
++++ bind-22.1 PASSED
---- bind-22.2 start
++++ bind-22.2 PASSED
---- bind-22.3 start
++++ bind-22.3 PASSED
---- bind-22.4 start
++++ bind-22.4 PASSED
---- bind-22.5 start
++++ bind-22.5 PASSED
---- bind-22.6 start
++++ bind-22.6 PASSED
---- bind-22.7 start
++++ bind-22.7 PASSED
---- bind-22.8 start
++++ bind-22.8 PASSED
---- bind-22.9 start
++++ bind-22.9 PASSED
---- bind-22.10 start
++++ bind-22.10 PASSED
---- bind-22.11 start
++++ bind-22.11 PASSED
---- bind-22.12 start
++++ bind-22.12 PASSED
---- bind-22.13 start
++++ bind-22.13 PASSED
---- bind-22.14 start
++++ bind-22.14 PASSED
---- bind-22.15 start
++++ bind-22.15 PASSED
---- bind-22.16 start
++++ bind-22.16 PASSED
---- bind-22.17 start
++++ bind-22.17 PASSED
---- bind-22.18 start
++++ bind-22.18 PASSED
---- bind-22.19 start
++++ bind-22.19 PASSED
---- bind-22.20 start
++++ bind-22.20 PASSED
---- bind-22.21 start
++++ bind-22.21 PASSED
---- bind-22.22 start
++++ bind-22.22 PASSED
---- bind-22.23 start
++++ bind-22.23 PASSED
---- bind-22.24 start
++++ bind-22.24 PASSED
---- bind-22.25 start
++++ bind-22.25 PASSED
---- bind-22.26 start
++++ bind-22.26 PASSED
---- bind-22.27 start
++++ bind-22.27 PASSED
---- bind-22.28 start
++++ bind-22.28 PASSED
---- bind-22.29 start
++++ bind-22.29 PASSED
---- bind-22.30 start
++++ bind-22.30 PASSED
---- bind-22.31 start
++++ bind-22.31 PASSED
---- bind-22.32 start
++++ bind-22.32 PASSED
---- bind-22.33 start
++++ bind-22.33 PASSED
---- bind-22.34 start
++++ bind-22.34 PASSED
---- bind-22.35 start
++++ bind-22.35 PASSED
---- bind-22.35.1 start
++++ bind-22.35.1 PASSED
---- bind-22.36 start
++++ bind-22.36 PASSED
---- bind-22.37 start
++++ bind-22.37 PASSED
---- bind-22.38 start
++++ bind-22.38 PASSED
---- bind-22.39 start
++++ bind-22.39 PASSED
---- bind-22.40 start
++++ bind-22.40 PASSED
---- bind-22.41 start
++++ bind-22.41 PASSED
---- bind-22.42 start
++++ bind-22.42 PASSED
---- bind-22.43 start
++++ bind-22.43 PASSED
---- bind-22.44 start
++++ bind-22.44 PASSED
---- bind-22.45 start
++++ bind-22.45 PASSED
---- bind-22.46 start
++++ bind-22.46 PASSED
---- bind-22.47 start
++++ bind-22.47 PASSED
---- bind-22.48 start
++++ bind-22.48 PASSED
---- bind-22.49 start
++++ bind-22.49 PASSED
---- bind-22.50 start
++++ bind-22.50 PASSED
---- bind-22.51 start
++++ bind-22.51 PASSED
---- bind-22.52 start
++++ bind-22.52 PASSED
---- bind-22.53 start
++++ bind-22.53 PASSED
---- bind-22.54 start
++++ bind-22.54 PASSED
---- bind-22.55 start
++++ bind-22.55 PASSED
---- bind-22.56 start
++++ bind-22.56 PASSED
---- bind-22.57 start
++++ bind-22.57 PASSED
---- bind-22.58 start
++++ bind-22.58 PASSED
---- bind-22.59 start
++++ bind-22.59 PASSED
---- bind-22.60 start
++++ bind-22.60 PASSED
---- bind-22.61 start
++++ bind-22.61 PASSED
---- bind-22.62 start
++++ bind-22.62 PASSED
---- bind-22.63 start
++++ bind-22.63 PASSED
---- bind-22.64 start
++++ bind-22.64 PASSED
---- bind-22.65 start
++++ bind-22.65 PASSED
---- bind-22.66 start
++++ bind-22.66 PASSED
---- bind-22.67 start
++++ bind-22.67 PASSED
---- bind-22.68 start
++++ bind-22.68 PASSED
---- bind-22.69 start
++++ bind-22.69 PASSED
---- bind-22.70 start
++++ bind-22.70 PASSED
---- bind-22.71 start
++++ bind-22.71 PASSED
---- bind-22.72 start
++++ bind-22.72 PASSED
---- bind-22.73 start
++++ bind-22.73 PASSED
---- bind-22.74 start
++++ bind-22.74 PASSED
---- bind-22.75 start
++++ bind-22.75 PASSED
---- bind-22.76 start
++++ bind-22.76 PASSED
---- bind-22.77 start
++++ bind-22.77 PASSED
---- bind-22.78 start
++++ bind-22.78 PASSED
---- bind-22.79 start
++++ bind-22.79 PASSED
---- bind-22.80 start
++++ bind-22.80 PASSED
---- bind-22.81 start
++++ bind-22.81 PASSED
---- bind-22.82 start
++++ bind-22.82 PASSED
---- bind-22.83 start
++++ bind-22.83 PASSED
---- bind-22.84 start
++++ bind-22.84 PASSED
---- bind-22.85 start
++++ bind-22.85 PASSED
---- bind-22.86 start
++++ bind-22.86 PASSED
---- bind-22.87 start
++++ bind-22.87 PASSED
---- bind-22.88 start
++++ bind-22.88 PASSED
---- bind-22.89 start
++++ bind-22.89 PASSED
---- bind-22.90 start
++++ bind-22.90 PASSED
---- bind-22.91 start
++++ bind-22.91 PASSED
---- bind-22.92 start
++++ bind-22.92 PASSED
---- bind-22.93 start
++++ bind-22.93 PASSED
---- bind-22.94 start
++++ bind-22.94 PASSED
---- bind-22.95 start
++++ bind-22.95 PASSED
---- bind-22.96 start
++++ bind-22.96 PASSED
---- bind-22.97 start
++++ bind-22.97 PASSED
---- bind-22.98 start
++++ bind-22.98 PASSED
---- bind-22.99 start
++++ bind-22.99 PASSED
---- bind-22.100 start
++++ bind-22.100 PASSED
---- bind-22.101 start
++++ bind-22.101 PASSED
---- bind-22.102 start
++++ bind-22.102 PASSED
---- bind-22.103 start
++++ bind-22.103 PASSED
---- bind-22.104 start
++++ bind-22.104 PASSED
---- bind-22.105 start
++++ bind-22.105 PASSED
---- bind-22.106 start
++++ bind-22.106 PASSED
---- bind-22.107 start
++++ bind-22.107 PASSED
---- bind-22.108 start
++++ bind-22.108 PASSED
---- bind-22.109 start
++++ bind-22.109 PASSED
---- bind-22.110 start
++++ bind-22.110 PASSED
---- bind-22.111 start
++++ bind-22.111 PASSED
---- bind-22.112 start
++++ bind-22.112 PASSED
---- bind-22.113 start
++++ bind-22.113 PASSED
---- bind-22.114 start
++++ bind-22.114 PASSED
---- bind-22.115 start
++++ bind-22.115 PASSED
---- bind-22.116 start
++++ bind-22.116 PASSED
---- bind-22.117 start
++++ bind-22.117 PASSED
---- bind-22.118 start
++++ bind-22.118 PASSED
---- bind-22.119 start
++++ bind-22.119 PASSED
---- bind-22.120 start
++++ bind-22.120 PASSED
---- bind-22.121 start
++++ bind-22.121 PASSED
---- bind-22.122 start
++++ bind-22.122 PASSED
---- bind-22.123 start
++++ bind-22.123 PASSED
---- bind-22.124 start
++++ bind-22.124 PASSED
---- bind-22.125 start
++++ bind-22.125 PASSED
---- bind-22.126 start
++++ bind-22.126 PASSED
---- bind-22.127 start
++++ bind-22.127 PASSED
---- bind-22.128 start
++++ bind-22.128 PASSED
---- bind-22.129 start
++++ bind-22.129 PASSED
---- bind-22.130 start
++++ bind-22.130 PASSED
---- bind-22.131 start
++++ bind-22.131 PASSED
---- bind-22.132 start
++++ bind-22.132 PASSED
---- bind-22.133 start
++++ bind-22.133 PASSED
---- bind-22.134 start
++++ bind-22.134 PASSED
---- bind-22.135 start
++++ bind-22.135 PASSED
---- bind-22.136 start
++++ bind-22.136 PASSED
---- bind-22.137 start
++++ bind-22.137 PASSED
---- bind-22.138 start
++++ bind-22.138 PASSED
---- bind-22.139 start
++++ bind-22.139 PASSED
---- bind-22.140 start
++++ bind-22.140 PASSED
---- bind-22.141 start
++++ bind-22.141 PASSED
---- bind-22.142 start
++++ bind-22.142 PASSED
---- bind-22.143 start
++++ bind-22.143 PASSED
---- bind-22.144 start
++++ bind-22.144 PASSED
---- bind-22.145 start
++++ bind-22.145 PASSED
---- bind-22.146 start
++++ bind-22.146 PASSED
---- bind-22.147 start
++++ bind-22.147 PASSED
---- bind-22.148 start
++++ bind-22.148 PASSED
---- bind-22.149 start
++++ bind-22.149 PASSED
---- bind-22.150 start
++++ bind-22.150 PASSED
---- bind-22.151 start
++++ bind-22.151 PASSED
---- bind-22.152 start
++++ bind-22.152 PASSED
---- bind-22.153 start
++++ bind-22.153 PASSED
---- bind-22.154 start
++++ bind-22.154 PASSED
---- bind-22.155 start
++++ bind-22.155 PASSED
---- bind-22.156 start
++++ bind-22.156 PASSED
---- bind-22.157 start
++++ bind-22.157 PASSED
---- bind-22.158 start
++++ bind-22.158 PASSED
---- bind-22.159 start
++++ bind-22.159 PASSED
---- bind-22.160 start
++++ bind-22.160 PASSED
---- bind-22.161 start
++++ bind-22.161 PASSED
---- bind-22.162 start
++++ bind-22.162 PASSED
---- bind-22.163 start
++++ bind-22.163 PASSED
---- bind-23.1 start
++++ bind-23.1 PASSED
---- bind-23.2 start
++++ bind-23.2 PASSED
---- bind-23.3 start
++++ bind-23.3 PASSED
---- bind-23.4 start
++++ bind-23.4 PASSED
---- bind-24.1 start
++++ bind-24.1 PASSED
---- bind-24.2 start
++++ bind-24.2 PASSED
---- bind-24.3 start
++++ bind-24.3 PASSED
---- bind-24.4 start
++++ bind-24.4 PASSED
---- bind-24.5 start
++++ bind-24.5 PASSED
---- bind-24.6 start
++++ bind-24.6 PASSED
---- bind-24.7 start
++++ bind-24.7 PASSED
---- bind-24.8 start
++++ bind-24.8 PASSED
---- bind-24.9 start
++++ bind-24.9 PASSED
---- bind-24.10 start
++++ bind-24.10 PASSED
---- bind-24.11 start
++++ bind-24.11 PASSED
---- bind-24.12 start
++++ bind-24.12 PASSED
---- bind-24.13 start
++++ bind-24.13 PASSED
---- bind-24.14 start
++++ bind-24.14 PASSED
---- bind-25.1 start
++++ bind-25.1 PASSED
---- bind-25.2 start
++++ bind-25.2 PASSED
---- bind-25.3 start
++++ bind-25.3 PASSED
---- bind-25.4 start
++++ bind-25.4 PASSED
---- bind-25.5 start
++++ bind-25.5 PASSED
---- bind-25.6 start
++++ bind-25.6 PASSED
---- bind-25.7 start
++++ bind-25.7 PASSED
---- bind-25.8 start
++++ bind-25.8 PASSED
---- bind-25.9 start
++++ bind-25.9 PASSED
---- bind-25.10 start
++++ bind-25.10 PASSED
---- bind-25.11 start
++++ bind-25.11 PASSED
---- bind-25.12 start
++++ bind-25.12 PASSED
---- bind-25.13 start
++++ bind-25.13 PASSED
---- bind-25.14 start
++++ bind-25.14 PASSED
---- bind-25.15 start
++++ bind-25.15 PASSED
---- bind-25.16 start
++++ bind-25.16 PASSED
---- bind-25.17 start
++++ bind-25.17 PASSED
---- bind-25.18 start
++++ bind-25.18 PASSED
---- bind-25.19 start
++++ bind-25.19 PASSED
---- bind-25.20 start
++++ bind-25.20 PASSED
---- bind-25.21 start
++++ bind-25.21 PASSED
---- bind-25.22 start
++++ bind-25.22 PASSED
---- bind-25.23 start
++++ bind-25.23 PASSED
---- bind-25.24 start
++++ bind-25.24 PASSED
---- bind-25.25 start
++++ bind-25.25 PASSED
---- bind-25.26 start
++++ bind-25.26 PASSED
---- bind-25.27 start
++++ bind-25.27 PASSED
---- bind-25.28 start
++++ bind-25.28 PASSED
---- bind-25.29 start
++++ bind-25.29 PASSED
---- bind-25.30 start
++++ bind-25.30 PASSED
---- bind-25.31 start
++++ bind-25.31 PASSED
---- bind-25.32 start
++++ bind-25.32 PASSED
---- bind-25.33 start
++++ bind-25.33 PASSED
---- bind-25.34 start
++++ bind-25.34 PASSED
---- bind-25.35 start
++++ bind-25.35 PASSED
---- bind-25.36 start
++++ bind-25.36 PASSED
---- bind-25.37 start
++++ bind-25.37 PASSED
---- bind-25.38 start
++++ bind-25.38 PASSED
---- bind-25.39 start
++++ bind-25.39 PASSED
---- bind-25.40 start
++++ bind-25.40 PASSED
---- bind-25.41 start
++++ bind-25.41 PASSED
---- bind-25.42 start
++++ bind-25.42 PASSED
---- bind-25.43 start
++++ bind-25.43 PASSED
---- bind-25.44 start
++++ bind-25.44 PASSED
---- bind-25.45 start
++++ bind-25.45 PASSED
---- bind-25.46 start
++++ bind-25.46 PASSED
---- bind-25.47 start
++++ bind-25.47 PASSED
---- bind-25.48 start
++++ bind-25.48 PASSED
---- bind-25.49 start
++++ bind-25.49 PASSED
---- bind-25.50 start
++++ bind-25.50 PASSED
---- bind-25.51 start
++++ bind-25.51 PASSED
---- bind-25.52 start
++++ bind-25.52 PASSED
---- bind-25.53 start
++++ bind-25.53 PASSED
---- bind-25.54 start
++++ bind-25.54 PASSED
---- bind-25.55 start
++++ bind-25.55 PASSED
---- bind-26.1 start
++++ bind-26.1 PASSED
---- bind-26.2 start
++++ bind-26.2 PASSED
---- bind-26.3 start
++++ bind-26.3 PASSED
---- bind-26.4 start
++++ bind-26.4 PASSED
---- bind-26.5 start
++++ bind-26.5 PASSED
---- bind-26.7 start
++++ bind-26.7 PASSED
---- bind-26.8 start
++++ bind-26.8 PASSED
---- bind-26.9 start
++++ bind-26.9 PASSED
---- bind-26.10 start
++++ bind-26.10 PASSED
---- bind-26.11 start
++++ bind-26.11 PASSED
---- bind-26.12 start
++++ bind-26.12 PASSED
---- bind-26.14 start
++++ bind-26.14 PASSED
---- bind-26.15 start
++++ bind-26.15 PASSED
---- bind-26.16 start
++++ bind-26.16 PASSED
---- bind-26.17 start
++++ bind-26.17 PASSED
---- bind-26.18 start
++++ bind-26.18 PASSED
---- bind-26.19 start
++++ bind-26.19 PASSED
---- bind-26.20 start
++++ bind-26.20 PASSED
---- bind-26.21 start
++++ bind-26.21 PASSED
---- bind-26.22 start
++++ bind-26.22 PASSED
---- bind-26.23 start
++++ bind-26.23 PASSED
---- bind-26.24 start
++++ bind-26.24 PASSED
---- bind-27.1 start
++++ bind-27.1 PASSED
---- bind-27.2 start
++++ bind-27.2 PASSED
---- bind-27.3 start
++++ bind-27.3 PASSED
---- bind-27.4 start
++++ bind-27.4 PASSED
---- bind-27.5 start
++++ bind-27.5 PASSED
---- bind-27.6 start
++++ bind-27.6 PASSED
---- bind-27.7 start
++++ bind-27.7 PASSED
---- bind-27.8 start
++++ bind-27.8 PASSED
---- bind-27.9 start
++++ bind-27.9 PASSED
---- bind-27.10 start
++++ bind-27.10 PASSED
---- bind-27.11 start
++++ bind-27.11 PASSED
---- bind-28.1 start
++++ bind-28.1 PASSED
---- bind-28.2 start
++++ bind-28.2 PASSED
---- bind-28.3 start
++++ bind-28.3 PASSED
---- bind-28.4 start
++++ bind-28.4 PASSED
---- bind-28.5 start
++++ bind-28.5 PASSED
---- bind-28.6 start
++++ bind-28.6 PASSED
---- bind-28.7 start
++++ bind-28.7 PASSED
---- bind-28.8 start
++++ bind-28.8 PASSED
---- bind-28.9 start
++++ bind-28.9 PASSED
---- bind-28.10 start
++++ bind-28.10 PASSED
---- bind-28.11 start
++++ bind-28.11 PASSED
---- bind-28.12 start
++++ bind-28.12 PASSED
---- bind-28.13 start
++++ bind-28.13 PASSED
---- bind-28.14 start
++++ bind-28.14 PASSED
---- bind-28.15 start
++++ bind-28.15 PASSED
---- bind-29.1 start
++++ bind-29.1 PASSED
---- bind-29.2 start
++++ bind-29.2 PASSED
---- bind-30.1 start
++++ bind-30.1 PASSED
---- bind-30.2 start
++++ bind-30.2 PASSED
---- bind-30.3 start
++++ bind-30.3 PASSED
---- bind-31.1 start
++++ bind-31.1 PASSED
---- bind-31.2 start
++++ bind-31.2 PASSED
---- bind-31.3 start
++++ bind-31.3 PASSED
---- bind-31.4 start
++++ bind-31.4 PASSED
---- bind-31.5 start
++++ bind-31.5 PASSED
---- bind-31.6 start
++++ bind-31.6 PASSED
---- bind-31.7 start
++++ bind-31.7 PASSED
---- bind-32.1 start
++++ bind-32.1 PASSED
---- bind-32.2 start
++++ bind-32.2 PASSED
---- bind-32.3 start
++++ bind-32.3 PASSED
---- bind-32.4 start
++++ bind-32.4 PASSED
---- bind-32.5 start
++++ bind-32.5 PASSED
---- bind-32.6 start
++++ bind-32.6 PASSED
---- bind-32.7 start
++++ bind-32.7 PASSED
---- bind-32.8 start
++++ bind-32.8 PASSED
---- bind-32.9 start
++++ bind-32.9 PASSED
---- bind-32.10 start
++++ bind-32.10 PASSED
---- bind-32.11 start
++++ bind-32.11 PASSED
---- bind-32.12 start
++++ bind-32.12 PASSED
---- bind-32.13 start
++++ bind-32.13 PASSED
---- bind-32.14 start
++++ bind-32.14 PASSED
---- bind-32.15 start
++++ bind-32.15 PASSED
---- bind-33.1 start
++++ bind-33.1 PASSED
---- bind-33.2 start
++++ bind-33.2 PASSED
---- bind-33.3 start
++++ bind-33.3 PASSED
---- bind-33.4 start
++++ bind-33.4 PASSED
---- bind-33.5 start
++++ bind-33.5 PASSED
---- bind-33.6 start
++++ bind-33.6 PASSED
---- bind-33.7 start
++++ bind-33.7 PASSED
---- bind-33.8 start
++++ bind-33.8 PASSED
---- bind-33.9 start
++++ bind-33.9 PASSED
---- bind-33.10 start
++++ bind-33.10 PASSED
---- bind-33.11 start
++++ bind-33.11 PASSED
---- bind-33.12 start
++++ bind-33.12 PASSED
---- bind-33.13 start
++++ bind-33.13 PASSED
---- bind-33.14 start
++++ bind-33.14 PASSED
---- bind-33.15 start
++++ bind-33.15 PASSED
---- bind-33.16 start
++++ bind-33.16 PASSED
---- bind-33.17 start
++++ bind-33.17 PASSED
---- bind-33.18 start
++++ bind-33.18 PASSED
---- bind-33.19 start
++++ bind-33.19 PASSED
---- bind-33.20 start
++++ bind-33.20 PASSED
---- bind-33.21 start
++++ bind-33.21 PASSED
---- bind-34.1 start
++++ bind-34.1 PASSED
---- bind-34.2 start
++++ bind-34.2 PASSED
---- bind-34.3 start
++++ bind-34.3 PASSED
---- bind-35.0 start
++++ bind-35.0 PASSED
---- bind-35.1 start
++++ bind-35.1 PASSED
---- bind-35.2 start
++++ bind-35.2 PASSED
---- bind-35.3 start
++++ bind-35.3 PASSED
---- bind-36.1 start
++++ bind-36.1 PASSED
---- bind-37.1 start
++++ bind-37.1 PASSED
bitmap.test
---- bitmap-1.1 start
++++ bitmap-1.1 PASSED
---- bitmap-1.2 start
++++ bitmap-1.2 PASSED
---- bitmap-1.3 start
++++ bitmap-1.3 PASSED
---- bitmap-2.1 start
++++ bitmap-2.1 PASSED
---- bitmap-2.2 start
++++ bitmap-2.2 PASSED
---- bitmap-3.1 start
++++ bitmap-3.1 PASSED
---- bitmap-4.1 start
++++ bitmap-4.1 PASSED
border.test
---- border-1.1 start
++++ border-1.1 PASSED
---- border-1.2 start
++++ border-1.2 PASSED
---- border-1.3 start
++++ border-1.3 PASSED
++++ border-1.4 SKIPPED: pseudocolor8
++++ border-2.1 SKIPPED: pseudocolor8
++++ border-2.2 SKIPPED: pseudocolor8
---- border-3.1 start
++++ border-3.1 PASSED
---- border-4.1 start
++++ border-4.1 PASSED
---- border-4.2 start
++++ border-4.2 PASSED
---- border-4.3 start
++++ border-4.3 PASSED
---- border-4.4 start
++++ border-4.4 PASSED
---- border-4.5 start
++++ border-4.5 PASSED
---- border-4.6 start
++++ border-4.6 PASSED
---- border-4.7 start
++++ border-4.7 PASSED
busy.test
---- busy-1.1 start
++++ busy-1.1 PASSED
---- busy-2.1 start
++++ busy-2.1 PASSED
---- busy-2.2 start
++++ busy-2.2 PASSED
---- busy-2.3 start
++++ busy-2.3 PASSED
---- busy-2.4 start
++++ busy-2.4 PASSED
---- busy-2.5 start
++++ busy-2.5 PASSED
---- busy-2.6 start
++++ busy-2.6 PASSED
---- busy-2.7 start
++++ busy-2.7 PASSED
---- busy-2.8 start
++++ busy-2.8 PASSED
---- busy-2.9 start
++++ busy-2.9 PASSED
---- busy-2.10 start
++++ busy-2.10 PASSED
---- busy-2.11 start
++++ busy-2.11 PASSED
---- busy-2.12 start
++++ busy-2.12 PASSED
---- busy-2.13 start
++++ busy-2.13 PASSED
---- busy-2.14 start
++++ busy-2.14 PASSED
---- busy-2.15 start
++++ busy-2.15 PASSED
---- busy-3.1 start
++++ busy-3.1 PASSED
---- busy-3.2 start
++++ busy-3.2 PASSED
---- busy-3.3 start
++++ busy-3.3 PASSED
---- busy-3.4 start
++++ busy-3.4 PASSED
---- busy-3.5 start
++++ busy-3.5 PASSED
---- busy-3.6unix start
++++ busy-3.6unix PASSED
++++ busy-3.6win SKIPPED: win
---- busy-3.7 start
++++ busy-3.7 PASSED
---- busy-4.1 start
++++ busy-4.1 PASSED
---- busy-4.2 start
++++ busy-4.2 PASSED
---- busy-4.3 start
++++ busy-4.3 PASSED
---- busy-4.4 start
++++ busy-4.4 PASSED
++++ busy-4.4-win SKIPPED: win
---- busy-4.5 start
++++ busy-4.5 PASSED
++++ busy-4.5-win SKIPPED: win
---- busy-4.6 start
++++ busy-4.6 PASSED
---- busy-4.7 start
++++ busy-4.7 PASSED
++++ busy-4.7-win SKIPPED: win
---- busy-4.8 start
++++ busy-4.8 PASSED
++++ busy-4.8-win SKIPPED: win
---- busy-4.9 start
++++ busy-4.9 PASSED
---- busy-4.10 start
++++ busy-4.10 PASSED
---- busy-5.1 start
++++ busy-5.1 PASSED
---- busy-5.2 start
++++ busy-5.2 PASSED
---- busy-5.3 start
++++ busy-5.3 PASSED
---- busy-5.4 start
++++ busy-5.4 PASSED
---- busy-6.1 start
++++ busy-6.1 PASSED
---- busy-6.2 start
++++ busy-6.2 PASSED
---- busy-6.3 start
++++ busy-6.3 PASSED
---- busy-6.4 start
++++ busy-6.4 PASSED
---- busy-6.5 start
++++ busy-6.5 PASSED
---- busy-7.1 start
++++ busy-7.1 PASSED
---- busy-7.2 start
++++ busy-7.2 PASSED
---- busy-7.3 start
++++ busy-7.3 PASSED
---- busy-7.4 start
++++ busy-7.4 PASSED
---- busy-7.5 start
++++ busy-7.5 PASSED
---- busy-7.6 start
++++ busy-7.6 PASSED
---- busy-7.7 start
++++ busy-7.7 PASSED
---- busy-7.8 start
++++ busy-7.8 PASSED
---- busy-7.9 start
++++ busy-7.9 PASSED
---- busy-8.1 start
++++ busy-8.1 PASSED
---- busy-8.2 start
++++ busy-8.2 PASSED
---- busy-8.3 start
++++ busy-8.3 PASSED
button.test
---- button-1.1 start
++++ button-1.1 PASSED
---- button-1.2 start
++++ button-1.2 PASSED
---- button-1.3 start
++++ button-1.3 PASSED
---- button-1.4 start
++++ button-1.4 PASSED
---- button-1.5 start
++++ button-1.5 PASSED
---- button-1.6 start
++++ button-1.6 PASSED
---- button-1.7 start
++++ button-1.7 PASSED
---- button-1.8 start
++++ button-1.8 PASSED
---- button-1.9 start
++++ button-1.9 PASSED
---- button-1.10 start
++++ button-1.10 PASSED
---- button-1.11 start
++++ button-1.11 PASSED
---- button-1.12 start
++++ button-1.12 PASSED
---- button-1.13 start
++++ button-1.13 PASSED
---- button-1.14 start
++++ button-1.14 PASSED
---- button-1.15 start
++++ button-1.15 PASSED
---- button-1.16 start
++++ button-1.16 PASSED
---- button-1.17 start
++++ button-1.17 PASSED
---- button-1.18 start
++++ button-1.18 PASSED
---- button-1.19 start
++++ button-1.19 PASSED
---- button-1.20 start
++++ button-1.20 PASSED
---- button-1.21 start
++++ button-1.21 PASSED
---- button-1.22 start
++++ button-1.22 PASSED
---- button-1.23 start
++++ button-1.23 PASSED
---- button-1.24 start
++++ button-1.24 PASSED
---- button-1.25 start
++++ button-1.25 PASSED
---- button-1.26 start
++++ button-1.26 PASSED
---- button-1.27 start
++++ button-1.27 PASSED
---- button-1.28 start
++++ button-1.28 PASSED
---- button-1.29 start
++++ button-1.29 PASSED
---- button-1.30 start
++++ button-1.30 PASSED
---- button-1.31 start
++++ button-1.31 PASSED
---- button-1.32 start
++++ button-1.32 PASSED
---- button-1.33 start
++++ button-1.33 PASSED
---- button-1.34 start
++++ button-1.34 PASSED
---- button-1.35 start
++++ button-1.35 PASSED
---- button-1.36 start
++++ button-1.36 PASSED
---- button-1.37 start
++++ button-1.37 PASSED
---- button-1.38 start
++++ button-1.38 PASSED
---- button-1.39 start
++++ button-1.39 PASSED
---- button-1.40 start
++++ button-1.40 PASSED
---- button-1.41 start
++++ button-1.41 PASSED
---- button-1.42 start
++++ button-1.42 PASSED
---- button-1.43 start
++++ button-1.43 PASSED
---- button-1.44 start
++++ button-1.44 PASSED
---- button-1.45 start
++++ button-1.45 PASSED
---- button-1.46 start
++++ button-1.46 PASSED
---- button-1.47 start
++++ button-1.47 PASSED
---- button-1.48 start
++++ button-1.48 PASSED
---- button-1.49 start
++++ button-1.49 PASSED
---- button-1.50 start
++++ button-1.50 PASSED
---- button-1.51 start
++++ button-1.51 PASSED
---- button-1.52 start
++++ button-1.52 PASSED
---- button-1.53 start
++++ button-1.53 PASSED
---- button-1.54 start
++++ button-1.54 PASSED
---- button-1.55 start
++++ button-1.55 PASSED
---- button-1.56 start
++++ button-1.56 PASSED
---- button-1.57 start
++++ button-1.57 PASSED
---- button-1.58 start
++++ button-1.58 PASSED
---- button-1.59 start
++++ button-1.59 PASSED
---- button-1.60 start
++++ button-1.60 PASSED
---- button-1.61 start
++++ button-1.61 PASSED
---- button-1.62 start
++++ button-1.62 PASSED
---- button-1.63 start
++++ button-1.63 PASSED
---- button-1.64 start
++++ button-1.64 PASSED
---- button-1.65 start
++++ button-1.65 PASSED
---- button-1.66 start
++++ button-1.66 PASSED
---- button-1.67 start
++++ button-1.67 PASSED
---- button-1.68 start
++++ button-1.68 PASSED
---- button-1.69 start
++++ button-1.69 PASSED
---- button-1.70 start
++++ button-1.70 PASSED
---- button-1.71 start
++++ button-1.71 PASSED
---- button-1.72 start
++++ button-1.72 PASSED
---- button-1.73 start
++++ button-1.73 PASSED
---- button-1.74 start
++++ button-1.74 PASSED
---- button-1.75 start
++++ button-1.75 PASSED
---- button-1.76 start
++++ button-1.76 PASSED
---- button-1.77 start
++++ button-1.77 PASSED
---- button-1.78 start
++++ button-1.78 PASSED
---- button-1.79 start
++++ button-1.79 PASSED
---- button-1.80 start
++++ button-1.80 PASSED
---- button-1.81 start
++++ button-1.81 PASSED
---- button-1.82 start
++++ button-1.82 PASSED
---- button-1.83 start
++++ button-1.83 PASSED
---- button-1.84 start
++++ button-1.84 PASSED
---- button-1.85 start
++++ button-1.85 PASSED
---- button-1.86 start
++++ button-1.86 PASSED
---- button-1.87 start
++++ button-1.87 PASSED
---- button-1.88 start
++++ button-1.88 PASSED
---- button-1.89 start
++++ button-1.89 PASSED
---- button-1.90 start
++++ button-1.90 PASSED
---- button-1.91 start
++++ button-1.91 PASSED
---- button-1.92 start
++++ button-1.92 PASSED
---- button-1.93 start
++++ button-1.93 PASSED
---- button-1.94 start
++++ button-1.94 PASSED
---- button-1.95 start
++++ button-1.95 PASSED
---- button-1.96 start
++++ button-1.96 PASSED
---- button-1.97 start
++++ button-1.97 PASSED
---- button-1.98 start
++++ button-1.98 PASSED
---- button-1.99 start
++++ button-1.99 PASSED
---- button-1.100 start
++++ button-1.100 PASSED
---- button-1.101 start
++++ button-1.101 PASSED
---- button-1.102 start
++++ button-1.102 PASSED
---- button-1.103 start
++++ button-1.103 PASSED
---- button-1.104 start
++++ button-1.104 PASSED
---- button-1.105 start
++++ button-1.105 PASSED
---- button-1.106 start
++++ button-1.106 PASSED
---- button-1.107 start
++++ button-1.107 PASSED
---- button-1.108 start
++++ button-1.108 PASSED
---- button-1.109 start
++++ button-1.109 PASSED
---- button-1.110 start
++++ button-1.110 PASSED
---- button-1.111 start
++++ button-1.111 PASSED
---- button-1.112 start
++++ button-1.112 PASSED
---- button-1.113 start
++++ button-1.113 PASSED
---- button-1.114 start
++++ button-1.114 PASSED
---- button-1.115 start
++++ button-1.115 PASSED
---- button-1.116 start
++++ button-1.116 PASSED
---- button-1.117 start
++++ button-1.117 PASSED
---- button-1.118 start
++++ button-1.118 PASSED
---- button-1.119 start
++++ button-1.119 PASSED
---- button-1.120 start
++++ button-1.120 PASSED
---- button-1.121 start
++++ button-1.121 PASSED
---- button-1.122 start
++++ button-1.122 PASSED
---- button-1.123 start
++++ button-1.123 PASSED
---- button-1.124 start
++++ button-1.124 PASSED
---- button-1.125 start
++++ button-1.125 PASSED
---- button-1.126 start
++++ button-1.126 PASSED
---- button-1.127 start
++++ button-1.127 PASSED
---- button-1.128 start
++++ button-1.128 PASSED
---- button-1.129 start
++++ button-1.129 PASSED
---- button-1.130 start
++++ button-1.130 PASSED
---- button-1.131 start
++++ button-1.131 PASSED
---- button-1.132 start
++++ button-1.132 PASSED
---- button-1.133 start
++++ button-1.133 PASSED
---- button-1.134 start
++++ button-1.134 PASSED
---- button-1.135 start
++++ button-1.135 PASSED
---- button-1.136 start
++++ button-1.136 PASSED
---- button-1.137 start
++++ button-1.137 PASSED
---- button-1.138 start
++++ button-1.138 PASSED
---- button-1.139 start
++++ button-1.139 PASSED
---- button-1.140 start
++++ button-1.140 PASSED
---- button-1.141 start
++++ button-1.141 PASSED
---- button-1.142 start
++++ button-1.142 PASSED
---- button-1.143 start
++++ button-1.143 PASSED
---- button-1.144 start
++++ button-1.144 PASSED
---- button-1.145 start
++++ button-1.145 PASSED
---- button-1.146 start
++++ button-1.146 PASSED
---- button-1.147 start
++++ button-1.147 PASSED
---- button-1.148 start
++++ button-1.148 PASSED
---- button-1.149 start
++++ button-1.149 PASSED
---- button-1.150 start
++++ button-1.150 PASSED
---- button-1.151 start
++++ button-1.151 PASSED
---- button-1.152 start
++++ button-1.152 PASSED
---- button-1.153 start
++++ button-1.153 PASSED
---- button-1.154 start
++++ button-1.154 PASSED
---- button-1.155 start
++++ button-1.155 PASSED
---- button-1.156 start
++++ button-1.156 PASSED
---- button-1.157 start
++++ button-1.157 PASSED
---- button-1.158 start
++++ button-1.158 PASSED
---- button-1.159 start
++++ button-1.159 PASSED
---- button-1.160 start
++++ button-1.160 PASSED
---- button-1.161 start
++++ button-1.161 PASSED
---- button-1.162 start
++++ button-1.162 PASSED
---- button-1.163 start
++++ button-1.163 PASSED
---- button-1.164 start
++++ button-1.164 PASSED
---- button-1.165 start
++++ button-1.165 PASSED
---- button-1.166 start
++++ button-1.166 PASSED
---- button-1.167 start
++++ button-1.167 PASSED
---- button-1.168 start
++++ button-1.168 PASSED
---- button-1.169 start
++++ button-1.169 PASSED
---- button-1.170 start
++++ button-1.170 PASSED
---- button-1.171 start
++++ button-1.171 PASSED
---- button-1.172 start
++++ button-1.172 PASSED
---- button-1.173 start
++++ button-1.173 PASSED
---- button-1.174 start
++++ button-1.174 PASSED
---- button-1.175 start
++++ button-1.175 PASSED
---- button-1.176 start
++++ button-1.176 PASSED
---- button-1.177 start
++++ button-1.177 PASSED
---- button-1.178 start
++++ button-1.178 PASSED
---- button-1.179 start
++++ button-1.179 PASSED
---- button-1.180 start
++++ button-1.180 PASSED
---- button-1.181 start
++++ button-1.181 PASSED
---- button-1.182 start
++++ button-1.182 PASSED
---- button-1.183 start
++++ button-1.183 PASSED
---- button-1.184 start
++++ button-1.184 PASSED
---- button-1.185 start
++++ button-1.185 PASSED
---- button-1.186 start
++++ button-1.186 PASSED
---- button-1.187 start
++++ button-1.187 PASSED
---- button-1.188 start
++++ button-1.188 PASSED
---- button-1.189 start
++++ button-1.189 PASSED
---- button-1.190 start
++++ button-1.190 PASSED
---- button-1.191 start
++++ button-1.191 PASSED
---- button-1.192 start
++++ button-1.192 PASSED
---- button-1.193 start
++++ button-1.193 PASSED
---- button-1.194 start
++++ button-1.194 PASSED
---- button-1.195 start
++++ button-1.195 PASSED
---- button-1.196 start
++++ button-1.196 PASSED
---- button-1.197 start
++++ button-1.197 PASSED
---- button-1.198 start
++++ button-1.198 PASSED
---- button-1.199 start
++++ button-1.199 PASSED
---- button-1.200 start
++++ button-1.200 PASSED
---- button-1.201 start
++++ button-1.201 PASSED
---- button-1.202 start
++++ button-1.202 PASSED
---- button-1.203 start
++++ button-1.203 PASSED
---- button-1.204 start
++++ button-1.204 PASSED
---- button-1.205 start
++++ button-1.205 PASSED
---- button-1.206 start
++++ button-1.206 PASSED
---- button-1.207 start
++++ button-1.207 PASSED
---- button-1.208 start
++++ button-1.208 PASSED
---- button-1.209 start
++++ button-1.209 PASSED
---- button-1.210 start
++++ button-1.210 PASSED
---- button-1.211 start
++++ button-1.211 PASSED
---- button-1.212 start
++++ button-1.212 PASSED
---- button-1.213 start
++++ button-1.213 PASSED
---- button-1.214 start
++++ button-1.214 PASSED
---- button-1.215 start
++++ button-1.215 PASSED
---- button-1.216 start
++++ button-1.216 PASSED
---- button-1.217 start
++++ button-1.217 PASSED
---- button-1.218 start
++++ button-1.218 PASSED
---- button-1.219 start
++++ button-1.219 PASSED
---- button-1.220 start
++++ button-1.220 PASSED
---- button-1.221 start
++++ button-1.221 PASSED
---- button-1.222 start
++++ button-1.222 PASSED
---- button-1.223 start
++++ button-1.223 PASSED
---- button-1.224 start
++++ button-1.224 PASSED
---- button-1.225 start
++++ button-1.225 PASSED
---- button-1.226 start
++++ button-1.226 PASSED
---- button-1.227 start
++++ button-1.227 PASSED
---- button-1.228 start
++++ button-1.228 PASSED
---- button-1.229 start
++++ button-1.229 PASSED
---- button-1.230 start
++++ button-1.230 PASSED
---- button-1.231 start
++++ button-1.231 PASSED
---- button-1.232 start
++++ button-1.232 PASSED
---- button-1.233 start
++++ button-1.233 PASSED
---- button-1.234 start
++++ button-1.234 PASSED
---- button-1.235 start
++++ button-1.235 PASSED
---- button-1.236 start
++++ button-1.236 PASSED
---- button-1.237 start
++++ button-1.237 PASSED
---- button-1.238 start
++++ button-1.238 PASSED
---- button-1.239 start
++++ button-1.239 PASSED
---- button-1.240 start
++++ button-1.240 PASSED
---- button-1.241 start
++++ button-1.241 PASSED
---- button-1.242 start
++++ button-1.242 PASSED
---- button-1.243 start
++++ button-1.243 PASSED
---- button-1.244 start
++++ button-1.244 PASSED
---- button-1.245 start
++++ button-1.245 PASSED
---- button-1.246 start
++++ button-1.246 PASSED
---- button-1.247 start
++++ button-1.247 PASSED
---- button-1.248 start
++++ button-1.248 PASSED
---- button-1.249 start
++++ button-1.249 PASSED
---- button-1.250 start
++++ button-1.250 PASSED
---- button-1.251 start
++++ button-1.251 PASSED
---- button-1.252 start
++++ button-1.252 PASSED
---- button-1.253 start
++++ button-1.253 PASSED
---- button-1.254 start
++++ button-1.254 PASSED
---- button-1.255 start
++++ button-1.255 PASSED
---- button-1.256 start
++++ button-1.256 PASSED
---- button-1.257 start
++++ button-1.257 PASSED
---- button-1.258 start
++++ button-1.258 PASSED
---- button-1.259 start
++++ button-1.259 PASSED
---- button-1.260 start
++++ button-1.260 PASSED
---- button-1.261 start
++++ button-1.261 PASSED
---- button-1.262 start
++++ button-1.262 PASSED
---- button-1.263 start
++++ button-1.263 PASSED
---- button-1.264 start
++++ button-1.264 PASSED
---- button-1.265 start
++++ button-1.265 PASSED
---- button-1.266 start
++++ button-1.266 PASSED
---- button-1.267 start
++++ button-1.267 PASSED
---- button-1.268 start
++++ button-1.268 PASSED
---- button-1.269 start
++++ button-1.269 PASSED
---- button-1.270 start
++++ button-1.270 PASSED
---- button-1.271 start
++++ button-1.271 PASSED
---- button-2.1 start
++++ button-2.1 PASSED
---- button-2.2 start
++++ button-2.2 PASSED
---- button-2.3 start
++++ button-2.3 PASSED
---- button-2.4 start
++++ button-2.4 PASSED
---- button-2.5 start
++++ button-2.5 PASSED
---- button-2.6 start
++++ button-2.6 PASSED
---- button-2.7 start
++++ button-2.7 PASSED
---- button-2.8 start
++++ button-2.8 PASSED
---- button-2.9 start
++++ button-2.9 PASSED
---- button-2.10 start
++++ button-2.10 PASSED
---- button-2.11 start
++++ button-2.11 PASSED
---- button-2.12 start
++++ button-2.12 PASSED
---- button-3.1 start
++++ button-3.1 PASSED
---- button-3.2 start
++++ button-3.2 PASSED
---- button-3.3 start
++++ button-3.3 PASSED
---- button-3.4 start
++++ button-3.4 PASSED
---- button-3.5 start
++++ button-3.5 PASSED
---- button-3.6 start
++++ button-3.6 PASSED
---- button-3.7 start
++++ button-3.7 PASSED
---- button-3.8 start
++++ button-3.8 PASSED
---- button-3.9 start
++++ button-3.9 PASSED
---- button-3.10 start
++++ button-3.10 PASSED
---- button-3.11 start
++++ button-3.11 PASSED
---- button-3.12 start
++++ button-3.12 PASSED
---- button-3.13 start
++++ button-3.13 PASSED
---- button-3.14 start
++++ button-3.14 PASSED
---- button-3.15 start
++++ button-3.15 PASSED
---- button-3.16 start
++++ button-3.16 PASSED
---- button-3.17 start
++++ button-3.17 PASSED
---- button-3.18 start
++++ button-3.18 PASSED
---- button-3.19 start
++++ button-3.19 PASSED
---- button-3.20 start
++++ button-3.20 PASSED
---- button-3.21 start
++++ button-3.21 PASSED
---- button-3.22 start
++++ button-3.22 PASSED
---- button-3.23 start
++++ button-3.23 PASSED
---- button-3.24 start
++++ button-3.24 PASSED
---- button-3.25 start
++++ button-3.25 PASSED
---- button-3.26 start
++++ button-3.26 PASSED
---- button-3.27 start
++++ button-3.27 PASSED
---- button-3.28 start
++++ button-3.28 PASSED
---- button-3.29 start
++++ button-3.29 PASSED
---- button-3.30 start
++++ button-3.30 PASSED
---- button-3.31 start
++++ button-3.31 PASSED
---- button-3.32 start
++++ button-3.32 PASSED
---- button-3.33 start
++++ button-3.33 PASSED
---- button-3.34 start
++++ button-3.34 PASSED
---- button-3.35 start
++++ button-3.35 PASSED
---- button-3.36 start
++++ button-3.36 PASSED
---- button-3.37 start
++++ button-3.37 PASSED
---- button-3.38 start
++++ button-3.38 PASSED
---- button-3.39 start
++++ button-3.39 PASSED
---- button-3.40 start
++++ button-3.40 PASSED
---- button-3.41 start
++++ button-3.41 PASSED
---- button-3.42 start
++++ button-3.42 PASSED
---- button-3.43 start
++++ button-3.43 PASSED
---- button-3.44 start
++++ button-3.44 PASSED
---- button-3.45 start
++++ button-3.45 PASSED
---- button-3.46 start
++++ button-3.46 PASSED
---- button-3.47 start
++++ button-3.47 PASSED
---- button-3.48 start
++++ button-3.48 PASSED
---- button-3.49 start
++++ button-3.49 PASSED
---- button-3.50 start
++++ button-3.50 PASSED
---- button-3.51 start
++++ button-3.51 PASSED
---- button-3.52 start
++++ button-3.52 PASSED
---- button-3.53 start
++++ button-3.53 PASSED
---- button-3.54 start
++++ button-3.54 PASSED
---- button-3.55 start
++++ button-3.55 PASSED
---- button-3.56 start
++++ button-3.56 PASSED
---- button-4.1 start
++++ button-4.1 PASSED
---- button-5.1 start
++++ button-5.1 PASSED
---- button-5.2 start
++++ button-5.2 PASSED
---- button-5.3 start
++++ button-5.3 PASSED
---- button-5.4 start
++++ button-5.4 PASSED
---- button-5.5 start
++++ button-5.5 PASSED
---- button-5.6 start
++++ button-5.6 PASSED
---- button-5.7 start
++++ button-5.7 PASSED
---- button-5.8 start
++++ button-5.8 PASSED
---- button-5.9 start
++++ button-5.9 PASSED
---- button-5.10 start
++++ button-5.10 PASSED
---- button-5.11 start
++++ button-5.11 PASSED
---- button-5.12 start
++++ button-5.12 PASSED
---- button-5.13 start
++++ button-5.13 PASSED
---- button-5.14 start
++++ button-5.14 PASSED
---- button-5.15 start
++++ button-5.15 PASSED
---- button-5.16 start
++++ button-5.16 PASSED
---- button-5.17 start
++++ button-5.17 PASSED
---- button-5.18 start
++++ button-5.18 PASSED
---- button-5.19 start
++++ button-5.19 PASSED
---- button-5.20 start
++++ button-5.20 PASSED
---- button-5.21 start
++++ button-5.21 PASSED
---- button-5.22 start
++++ button-5.22 PASSED
---- button-5.23 start
++++ button-5.23 PASSED
++++ button-5.24 SKIPPED: fonts
---- button-5.25 start
++++ button-5.25 PASSED
---- button-6.1 start
++++ button-6.1 PASSED
---- button-6.2 start
++++ button-6.2 PASSED
---- button-7.1 start
++++ button-7.1 PASSED
---- button-8.1 start
++++ button-8.1 PASSED
---- button-8.2 start
++++ button-8.2 PASSED
---- button-8.3 start
++++ button-8.3 PASSED
---- button-8.4 start
++++ button-8.4 PASSED
---- button-8.5 start
++++ button-8.5 PASSED
---- button-8.6 start
++++ button-8.6 PASSED
---- button-8.7 start
++++ button-8.7 PASSED
---- button-8.8 start
++++ button-8.8 PASSED
---- button-8.9 start
++++ button-8.9 PASSED
---- button-8.10 start
++++ button-8.10 PASSED
---- button-8.11 start
++++ button-8.11 PASSED
---- button-9.1 start
++++ button-9.1 PASSED
---- button-9.2 start
++++ button-9.2 PASSED
---- button-9.3 start
++++ button-9.3 PASSED
---- button-9.4 start
++++ button-9.4 PASSED
---- button-9.5 start
++++ button-9.5 PASSED
---- button-9.6 start
++++ button-9.6 PASSED
---- button-9.7 start
++++ button-9.7 PASSED
---- button-9.8 start
++++ button-9.8 PASSED
---- button-10.1 start
++++ button-10.1 PASSED
---- button-10.2 start
++++ button-10.2 PASSED
---- button-11.1 start
++++ button-11.1 PASSED
---- button-12.1 start
++++ button-12.1 PASSED
---- button-13.1 start
++++ button-13.1 PASSED
---- button-13.2 start
++++ button-13.2 PASSED
---- button-13.3 start
++++ button-13.3 PASSED
---- button-13.4 start
++++ button-13.4 PASSED
---- button-13.5 start
++++ button-13.5 PASSED
---- button-13.6 start
++++ button-13.6 PASSED
---- button-13.7 start
++++ button-13.7 PASSED
---- button-13.8 start
++++ button-13.8 PASSED
---- button-14.1 start
++++ button-14.1 PASSED
---- button-15.1 start
++++ button-15.1 PASSED
---- button-15.2 start
++++ button-15.2 PASSED
---- button-15.3 start
++++ button-15.3 PASSED
canvImg.test
---- canvImg-1.1 start
++++ canvImg-1.1 PASSED
---- canvImg-1.2 start
++++ canvImg-1.2 PASSED
---- canvImg-1.3 start
++++ canvImg-1.3 PASSED
---- canvImg-1.4 start
++++ canvImg-1.4 PASSED
---- canvImg-1.5 start
++++ canvImg-1.5 PASSED
---- canvImg-2.1 start
++++ canvImg-2.1 PASSED
---- canvImg-2.2 start
++++ canvImg-2.2 PASSED
---- canvImg-2.3 start
++++ canvImg-2.3 PASSED
---- canvImg-2.4 start
++++ canvImg-2.4 PASSED
---- canvImg-2.5 start
++++ canvImg-2.5 PASSED
---- canvImg-2.6 start
++++ canvImg-2.6 PASSED
---- canvImg-3.1 start
++++ canvImg-3.1 PASSED
---- canvImg-3.2 start
++++ canvImg-3.2 PASSED
---- canvImg-3.3 start
++++ canvImg-3.3 PASSED
---- canvImg-3.4 start
++++ canvImg-3.4 PASSED
---- canvImg-3.5 start
++++ canvImg-3.5 PASSED
---- canvImg-4.1 start
++++ canvImg-4.1 PASSED
---- canvImg-4.2 start
++++ canvImg-4.2 PASSED
---- canvImg-4.3 start
++++ canvImg-4.3 PASSED
---- canvImg-5.1 start
++++ canvImg-5.1 PASSED
---- canvImg-5.2 start
++++ canvImg-5.2 PASSED
---- canvImg-6.1 start
++++ canvImg-6.1 PASSED
---- canvImg-6.2 start
++++ canvImg-6.2 PASSED
---- canvImg-6.3 start
++++ canvImg-6.3 PASSED
---- canvImg-6.4 start
++++ canvImg-6.4 PASSED
---- canvImg-6.5 start
++++ canvImg-6.5 PASSED
---- canvImg-6.6 start
++++ canvImg-6.6 PASSED
---- canvImg-6.7 start
++++ canvImg-6.7 PASSED
---- canvImg-6.8 start
++++ canvImg-6.8 PASSED
---- canvImg-6.9 start
++++ canvImg-6.9 PASSED
---- canvImg-6.10 start
++++ canvImg-6.10 PASSED
---- canvImg-6.11 start
++++ canvImg-6.11 PASSED
---- canvImg-6.12 start
++++ canvImg-6.12 PASSED
---- canvImg-7.1 start
++++ canvImg-7.1 PASSED
---- canvImg-7.2 start
++++ canvImg-7.2 PASSED
---- canvImg-8.1 start
++++ canvImg-8.1 PASSED
---- canvImg-8.2 start
++++ canvImg-8.2 PASSED
---- canvImg-8.3 start
++++ canvImg-8.3 PASSED
---- canvImg-8.4 start
++++ canvImg-8.4 PASSED
---- canvImg-8.5 start
++++ canvImg-8.5 PASSED
---- canvImg-8.6 start
++++ canvImg-8.6 PASSED
---- canvImg-8.7 start
++++ canvImg-8.7 PASSED
---- canvImg-8.8 start
++++ canvImg-8.8 PASSED
---- canvImg-8.9 start
++++ canvImg-8.9 PASSED
---- canvImg-8.10 start
++++ canvImg-8.10 PASSED
---- canvImg-8.11 start
++++ canvImg-8.11 PASSED
---- canvImg-8.12 start
++++ canvImg-8.12 PASSED
---- canvImg-8.13 start
++++ canvImg-8.13 PASSED
---- canvImg-8.14 start
++++ canvImg-8.14 PASSED
---- canvImg-8.15 start
++++ canvImg-8.15 PASSED
---- canvImg-8.16 start
++++ canvImg-8.16 PASSED
---- canvImg-8.17 start
++++ canvImg-8.17 PASSED
---- canvImg-8.18 start
++++ canvImg-8.18 PASSED
---- canvImg-8.19 start
++++ canvImg-8.19 PASSED
---- canvImg-8.20 start
++++ canvImg-8.20 PASSED
---- canvImg-8.21 start
++++ canvImg-8.21 PASSED
---- canvImg-8.22 start
++++ canvImg-8.22 PASSED
---- canvImg-8.23 start
++++ canvImg-8.23 PASSED
---- canvImg-8.24 start
++++ canvImg-8.24 PASSED
---- canvImg-8.25 start
++++ canvImg-8.25 PASSED
---- canvImg-8.26 start
++++ canvImg-8.26 PASSED
---- canvImg-8.27 start
++++ canvImg-8.27 PASSED
---- canvImg-8.28 start
++++ canvImg-8.28 PASSED
---- canvImg-8.29 start
++++ canvImg-8.29 PASSED
---- canvImg-8.30 start
++++ canvImg-8.30 PASSED
---- canvImg-8.31 start
++++ canvImg-8.31 PASSED
---- canvImg-8.32 start
++++ canvImg-8.32 PASSED
---- canvImg-8.33 start
++++ canvImg-8.33 PASSED
---- canvImg-8.34 start
++++ canvImg-8.34 PASSED
---- canvImg-8.35 start
++++ canvImg-8.35 PASSED
---- canvImg-8.36 start
++++ canvImg-8.36 PASSED
---- canvImg-8.37 start
++++ canvImg-8.37 PASSED
---- canvImg-8.38 start
++++ canvImg-8.38 PASSED
---- canvImg-8.39 start
++++ canvImg-8.39 PASSED
---- canvImg-8.40 start
++++ canvImg-8.40 PASSED
---- canvImg-8.41 start
++++ canvImg-8.41 PASSED
---- canvImg-8.42 start
++++ canvImg-8.42 PASSED
---- canvImg-8.43 start
++++ canvImg-8.43 PASSED
---- canvImg-8.44 start
++++ canvImg-8.44 PASSED
---- canvImg-9.1 start
++++ canvImg-9.1 PASSED
---- canvImg-10.1 start
++++ canvImg-10.1 PASSED
---- canvImg-11.1 start
++++ canvImg-11.1 PASSED
---- canvImg-11.2 start
++++ canvImg-11.2 PASSED
---- canvImg-11.3 start
++++ canvImg-11.3 PASSED
canvMoveto.test
---- canvMoveto-1.1 start
++++ canvMoveto-1.1 PASSED
---- canvMoveto-1.2 start
++++ canvMoveto-1.2 PASSED
---- canvMoveto-1.3 start
++++ canvMoveto-1.3 PASSED
---- canvMoveto-1.4 start
++++ canvMoveto-1.4 PASSED
---- canvMoveto-1.5 start
++++ canvMoveto-1.5 PASSED
---- canvMoveto-2.1 start
++++ canvMoveto-2.1 PASSED
---- canvMoveto-2.2 start
++++ canvMoveto-2.2 PASSED
---- canvMoveto-2.3 start
++++ canvMoveto-2.3 PASSED
canvPs.test
---- canvPs-1.1 start
++++ canvPs-1.1 PASSED
---- canvPs-1.2 start
++++ canvPs-1.2 PASSED
---- canvPs-2.1 start
++++ canvPs-2.1 PASSED
---- canvPs-2.2 start
++++ canvPs-2.2 PASSED
---- canvPs-2.3 start
++++ canvPs-2.3 PASSED
++++ canvPs-2.4 SKIPPED: win
---- canvPs-3.1 start
++++ canvPs-3.1 PASSED
---- canvPs-3.2 start
++++ canvPs-3.2 PASSED
---- canvPs-4.1 start
++++ canvPs-4.1 PASSED
---- canvPs-5.1 start
++++ canvPs-5.1 PASSED
---- canvPs-5.2 start
++++ canvPs-5.2 PASSED
canvRect.test
---- canvRect-1.1 start
++++ canvRect-1.1 PASSED
---- canvRect-1.2 start
++++ canvRect-1.2 PASSED
---- canvRect-1.3 start
++++ canvRect-1.3 PASSED
---- canvRect-1.4 start
++++ canvRect-1.4 PASSED
---- canvRect-1.5 start
++++ canvRect-1.5 PASSED
---- canvRect-1.6 start
++++ canvRect-1.6 PASSED
---- canvRect-1.7 start
++++ canvRect-1.7 PASSED
---- canvRect-1.8 start
++++ canvRect-1.8 PASSED
---- canvRect-1.9 start
++++ canvRect-1.9 PASSED
---- canvRect-1.10 start
++++ canvRect-1.10 PASSED
---- canvRect-2.1 start
++++ canvRect-2.1 PASSED
---- canvRect-2.2 start
++++ canvRect-2.2 PASSED
---- canvRect-2.3 start
++++ canvRect-2.3 PASSED
---- canvRect-2.4 start
++++ canvRect-2.4 PASSED
---- canvRect-2.5 start
++++ canvRect-2.5 PASSED
---- canvRect-2.6 start
++++ canvRect-2.6 PASSED
---- canvRect-2.7 start
++++ canvRect-2.7 PASSED
---- canvRect-2.8 start
++++ canvRect-2.8 PASSED
---- canvRect-3.1 start
++++ canvRect-3.1 PASSED
---- canvRect-3.2 start
++++ canvRect-3.2 PASSED
---- canvRect-3.3 start
++++ canvRect-3.3 PASSED
---- canvRect-3.4 start
++++ canvRect-3.4 PASSED
---- canvRect-3.5 start
++++ canvRect-3.5 PASSED
---- canvRect-3.6 start
++++ canvRect-3.6 PASSED
---- canvRect-3.7 start
++++ canvRect-3.7 PASSED
---- canvRect-4.1 start
++++ canvRect-4.1 PASSED
---- canvRect-4.2 start
++++ canvRect-4.2 PASSED
---- canvRect-4.3 start
++++ canvRect-4.3 PASSED
---- canvRect-4.4 start
++++ canvRect-4.4 PASSED
---- canvRect-5.1 start
++++ canvRect-5.1 PASSED
---- canvRect-5.2 start
++++ canvRect-5.2 PASSED
---- canvRect-5.3 start
++++ canvRect-5.3 PASSED
---- canvRect-5.4 start
++++ canvRect-5.4 PASSED
---- canvRect-6.1 start
++++ canvRect-6.1 PASSED
---- canvRect-6.2 start
++++ canvRect-6.2 PASSED
---- canvRect-6.3 start
++++ canvRect-6.3 PASSED
---- canvRect-6.4 start
++++ canvRect-6.4 PASSED
---- canvRect-6.5 start
++++ canvRect-6.5 PASSED
---- canvRect-6.6 start
++++ canvRect-6.6 PASSED
---- canvRect-6.7 start
++++ canvRect-6.7 PASSED
---- canvRect-7.1 start
++++ canvRect-7.1 PASSED
---- canvRect-7.2 start
++++ canvRect-7.2 PASSED
---- canvRect-7.3 start
++++ canvRect-7.3 PASSED
---- canvRect-7.4 start
++++ canvRect-7.4 PASSED
---- canvRect-7.5 start
++++ canvRect-7.5 PASSED
---- canvRect-7.6 start
++++ canvRect-7.6 PASSED
---- canvRect-8.1 start
++++ canvRect-8.1 PASSED
---- canvRect-8.2 start
++++ canvRect-8.2 PASSED
---- canvRect-8.3 start
++++ canvRect-8.3 PASSED
---- canvRect-9.1 start
++++ canvRect-9.1 PASSED
---- canvRect-10.1 start
++++ canvRect-10.1 PASSED
++++ canvRect-11.1 SKIPPED: nonPortable
canvText.test
---- canvText-1.1 start
++++ canvText-1.1 PASSED
---- canvasText-1.2 start
++++ canvasText-1.2 PASSED
---- canvText-1.3 start
++++ canvText-1.3 PASSED
---- canvasText-1.4 start
++++ canvasText-1.4 PASSED
---- canvText-1.5 start
++++ canvText-1.5 PASSED
---- canvText-1.6 start
++++ canvText-1.6 PASSED
---- canvasText-1.7 start
++++ canvasText-1.7 PASSED
---- canvText-1.8 start
++++ canvText-1.8 PASSED
---- canvasText-1.9 start
++++ canvasText-1.9 PASSED
---- canvText-1.10 start
++++ canvText-1.10 PASSED
---- canvasText-1.11 start
++++ canvasText-1.11 PASSED
---- canvText-1.12 start
++++ canvText-1.12 PASSED
---- canvasText-1.13 start
++++ canvasText-1.13 PASSED
---- canvText-1.14 start
++++ canvText-1.14 PASSED
---- canvasText-1.15 start
++++ canvasText-1.15 PASSED
---- canvText-1.16 start
++++ canvText-1.16 PASSED
---- canvasText-1.17 start
++++ canvasText-1.17 PASSED
---- canvasText-1.18 start
++++ canvasText-1.18 PASSED
---- canvasText-1.19 start
++++ canvasText-1.19 PASSED
---- canvText-2.1 start
++++ canvText-2.1 PASSED
---- canvText-2.2 start
++++ canvText-2.2 PASSED
---- canvText-2.3 start
++++ canvText-2.3 PASSED
---- canvText-2.4 start
++++ canvText-2.4 PASSED
---- canvText-2.5 start
++++ canvText-2.5 PASSED
---- canvText-3.1 start
++++ canvText-3.1 PASSED
---- canvText-3.2 start
++++ canvText-3.2 PASSED
---- canvText-3.3 start
++++ canvText-3.3 PASSED
---- canvText-3.4 start
++++ canvText-3.4 PASSED
---- canvText-3.5 start
++++ canvText-3.5 PASSED
---- canvText-3.6 start
++++ canvText-3.6 PASSED
---- canvText-4.1 start
++++ canvText-4.1 PASSED
---- canvText-4.2 start
++++ canvText-4.2 PASSED
---- canvText-4.3 start
++++ canvText-4.3 PASSED
---- canvText-4.4 start
++++ canvText-4.4 PASSED
---- canvText-4.5 start
++++ canvText-4.5 PASSED
---- canvText-4.6 start
++++ canvText-4.6 PASSED
---- canvText-5.1 start
++++ canvText-5.1 PASSED
++++ canvText-6.1 SKIPPED: fonts
++++ canvText-6.2 SKIPPED: fonts
++++ canvText-6.3 SKIPPED: fonts
++++ canvText-6.4 SKIPPED: fonts
++++ canvText-6.5 SKIPPED: fonts
++++ canvText-6.6 SKIPPED: fonts
++++ canvText-6.7 SKIPPED: fonts
++++ canvText-6.8 SKIPPED: fonts
++++ canvText-6.9 SKIPPED: fonts
---- canvText-7.1 start
++++ canvText-7.1 PASSED
---- canvText-7.2 start
++++ canvText-7.2 PASSED
---- canvText-7.3 start
++++ canvText-7.3 PASSED
---- canvText-7.4 start
++++ canvText-7.4 PASSED
---- canvText-7.5 start
++++ canvText-7.5 PASSED
---- canvText-7.6 start
++++ canvText-7.6 PASSED
---- canvText-7.7 start
++++ canvText-7.7 PASSED
---- canvText-7.8 start
++++ canvText-7.8 PASSED
---- canvText-7.9 start
++++ canvText-7.9 PASSED
---- canvText-8.1 start
++++ canvText-8.1 PASSED
---- canvText-8.2 start
++++ canvText-8.2 PASSED
---- canvText-8.3 start
++++ canvText-8.3 PASSED
---- canvText-8.4 start
++++ canvText-8.4 PASSED
---- canvText-8.5 start
++++ canvText-8.5 PASSED
---- canvText-8.6 start
++++ canvText-8.6 PASSED
---- canvText-8.7 start
++++ canvText-8.7 PASSED
---- canvText-8.8 start
++++ canvText-8.8 PASSED
---- canvText-8.9 start
++++ canvText-8.9 PASSED
---- canvText-9.1 start
++++ canvText-9.1 PASSED
---- canvText-9.2 start
++++ canvText-9.2 PASSED
---- canvText-9.3 start
++++ canvText-9.3 PASSED
---- canvText-9.4 start
++++ canvText-9.4 PASSED
---- canvText-9.5 start
++++ canvText-9.5 PASSED
---- canvText-9.6 start
++++ canvText-9.6 PASSED
---- canvText-9.7 start
++++ canvText-9.7 PASSED
---- canvText-9.8 start
++++ canvText-9.8 PASSED
---- canvText-9.9 start
++++ canvText-9.9 PASSED
---- canvText-9.10 start
++++ canvText-9.10 PASSED
---- canvText-9.11 start
++++ canvText-9.11 PASSED
---- canvText-9.12 start
++++ canvText-9.12 PASSED
---- canvText-9.13 start
++++ canvText-9.13 PASSED
---- canvText-9.14 start
++++ canvText-9.14 PASSED
---- canvText-9.15 start
++++ canvText-9.15 PASSED
---- canvText-10.1 start
++++ canvText-10.1 PASSED
---- canvText-11.1 start
++++ canvText-11.1 PASSED
---- canvText-11.2 start
++++ canvText-11.2 PASSED
---- canvText-12.1 start
++++ canvText-12.1 PASSED
---- canvText-13.1 start
++++ canvText-13.1 PASSED
---- canvText-14.1 start
++++ canvText-14.1 PASSED
---- canvText-14.2 start
++++ canvText-14.2 PASSED
---- canvText-14.3 start
++++ canvText-14.3 PASSED
---- canvText-14.4 start
++++ canvText-14.4 PASSED
---- canvText-14.5 start
++++ canvText-14.5 PASSED
---- canvText-14.6 start
++++ canvText-14.6 PASSED
---- canvText-14.7 start
++++ canvText-14.7 PASSED
---- canvText-15.1 start
++++ canvText-15.1 PASSED
---- canvText-16.1 start
++++ canvText-16.1 PASSED
---- canvText-17.1 start
++++ canvText-17.1 PASSED
---- canvText-18.1 start
++++ canvText-18.1 PASSED
---- canvText-19.1 start
++++ canvText-19.1 PASSED
---- canvText-20.1 start
++++ canvText-20.1 PASSED
---- canvText-20.2 start
++++ canvText-20.2 PASSED
canvWind.test
---- canvWind-1.1 start
++++ canvWind-1.1 PASSED
---- canvWind-1.2 start
++++ canvWind-1.2 PASSED
---- canvWind-1.3 start
++++ canvWind-1.3 PASSED
---- canvWind-1.4 start
++++ canvWind-1.4 PASSED
---- canvWind-2.1 start
++++ canvWind-2.1 PASSED
canvas.test
---- canvas-1.1 start
++++ canvas-1.1 PASSED
---- canvas-1.2 start
++++ canvas-1.2 PASSED
---- canvas-1.3 start
++++ canvas-1.3 PASSED
---- canvas-1.4 start
++++ canvas-1.4 PASSED
---- canvas-1.5 start
++++ canvas-1.5 PASSED
---- canvas-1.6 start
++++ canvas-1.6 PASSED
---- canvas-1.7 start
++++ canvas-1.7 PASSED
---- canvas-1.8 start
++++ canvas-1.8 PASSED
---- canvas-1.9 start
++++ canvas-1.9 PASSED
---- canvas-1.10 start
++++ canvas-1.10 PASSED
---- canvas-1.11 start
++++ canvas-1.11 PASSED
---- canvas-1.12 start
++++ canvas-1.12 PASSED
---- canvas-1.13 start
++++ canvas-1.13 PASSED
---- canvas-1.14 start
++++ canvas-1.14 PASSED
---- canvas-1.15 start
++++ canvas-1.15 PASSED
---- canvas-1.16 start
++++ canvas-1.16 PASSED
---- canvas-1.17 start
++++ canvas-1.17 PASSED
---- canvas-1.18 start
++++ canvas-1.18 PASSED
---- canvas-1.19 start
++++ canvas-1.19 PASSED
---- canvas-1.20 start
++++ canvas-1.20 PASSED
---- canvas-1.21 start
++++ canvas-1.21 PASSED
---- canvas-1.22 start
++++ canvas-1.22 PASSED
---- canvas-1.23 start
++++ canvas-1.23 PASSED
---- canvas-1.24 start
++++ canvas-1.24 PASSED
---- canvas-1.25 start
++++ canvas-1.25 PASSED
---- canvas-1.26 start
++++ canvas-1.26 PASSED
---- canvas-1.27 start
++++ canvas-1.27 PASSED
---- canvas-1.28 start
++++ canvas-1.28 PASSED
---- canvas-1.29 start
++++ canvas-1.29 PASSED
---- canvas-1.30 start
++++ canvas-1.30 PASSED
---- canvas-1.31 start
++++ canvas-1.31 PASSED
---- canvas-1.32 start
++++ canvas-1.32 PASSED
---- canvas-1.33 start
++++ canvas-1.33 PASSED
---- canvas-1.34 start
++++ canvas-1.34 PASSED
---- canvas-1.35 start
++++ canvas-1.35 PASSED
---- canvas-1.36 start
++++ canvas-1.36 PASSED
---- canvas-1.37 start
++++ canvas-1.37 PASSED
---- canvas-1.38 start
++++ canvas-1.38 PASSED
---- canvas-1.39 start
++++ canvas-1.39 PASSED
---- canvas-1.40 start
++++ canvas-1.40 PASSED
---- canvas-1.41 start
++++ canvas-1.41 PASSED
---- canvas-1.42 start
++++ canvas-1.42 PASSED
---- canvas-1.43 start
++++ canvas-1.43 PASSED
---- canvas-1.44 start
++++ canvas-1.44 PASSED
---- canvas-1.45 start
++++ canvas-1.45 PASSED
---- canvas-1.46 start
++++ canvas-1.46 PASSED
---- canvas-1.47 start
++++ canvas-1.47 PASSED
---- canvas-2.1 start
++++ canvas-2.1 PASSED
---- canvas-2.2 start
++++ canvas-2.2 PASSED
---- canvas-2.3 start
++++ canvas-2.3 PASSED
---- canvas-2.4 start
++++ canvas-2.4 PASSED
---- canvas-2.5 start
++++ canvas-2.5 PASSED
---- canvas-3.1 start
++++ canvas-3.1 PASSED
---- canvas-3.2 start
++++ canvas-3.2 PASSED
---- canvas-4.1 start
++++ canvas-4.1 PASSED
---- canvas-5.1 start
++++ canvas-5.1 PASSED
---- canvas-6.1 start
++++ canvas-6.1 PASSED
---- canvas-6.2 start
++++ canvas-6.2 PASSED
---- canvas-6.3 start
++++ canvas-6.3 PASSED
---- canvas-6.4 start
++++ canvas-6.4 PASSED
---- canvas-6.5 start
++++ canvas-6.5 PASSED
---- canvas-7.1 start
++++ canvas-7.1 PASSED
---- canvas-8.1 start
++++ canvas-8.1 PASSED
---- canvas-8.2 start
++++ canvas-8.2 PASSED
---- canvas-9.1 start
++++ canvas-9.1 PASSED
---- canvas-10.1 start
++++ canvas-10.1 PASSED
---- canvas-10.2 start
++++ canvas-10.2 PASSED
---- canvas-10.3 start
++++ canvas-10.3 PASSED
---- canvas-10.4 start
++++ canvas-10.4 PASSED
---- canvas-10.5 start
++++ canvas-10.5 PASSED
---- canvas-10.6 start
++++ canvas-10.6 PASSED
---- canvas-10.7 start
++++ canvas-10.7 PASSED
---- canvas-10.8 start
++++ canvas-10.8 PASSED
---- canvas-10.9 start
++++ canvas-10.9 PASSED
---- canvas-10.10 start
++++ canvas-10.10 PASSED
---- canvas-10.11 start
++++ canvas-10.11 PASSED
---- canvas-10.12 start
++++ canvas-10.12 PASSED
---- canvas-10.13 start
++++ canvas-10.13 PASSED
---- canvas-11.1 start
++++ canvas-11.1 PASSED
---- canvas-11.2 start
++++ canvas-11.2 PASSED
---- canvas-11.3 start
++++ canvas-11.3 PASSED
---- canvas-11.4 start
++++ canvas-11.4 PASSED
---- canvas-12.1 start
++++ canvas-12.1 PASSED
---- canvas-12.2 start
++++ canvas-12.2 PASSED
---- canvas-13.1 start
++++ canvas-13.1 PASSED
---- canvas-14.1 start
++++ canvas-14.1 PASSED
---- canvas-14.2 start
++++ canvas-14.2 PASSED
---- canvas-14.3 start
++++ canvas-14.3 PASSED
---- canvas-14.4 start
++++ canvas-14.4 PASSED
---- canvas-14.5 start
++++ canvas-14.5 PASSED
---- canvas-14.6 start
++++ canvas-14.6 PASSED
---- canvas-15.1 start
++++ canvas-15.1 PASSED
---- canvas-15.2 start
++++ canvas-15.2 PASSED
---- canvas-15.3 start
++++ canvas-15.3 PASSED
---- canvas-15.4 start
++++ canvas-15.4 PASSED
---- canvas-15.5 start
++++ canvas-15.5 PASSED
---- canvas-15.6 start
++++ canvas-15.6 PASSED
---- canvas-15.7 start
++++ canvas-15.7 PASSED
---- canvas-15.8 start
++++ canvas-15.8 PASSED
---- canvas-15.9 start
++++ canvas-15.9 PASSED
---- canvas-15.10 start
++++ canvas-15.10 PASSED
---- canvas-15.11 start
++++ canvas-15.11 PASSED
---- canvas-15.12 start
++++ canvas-15.12 PASSED
---- canvas-15.13 start
++++ canvas-15.13 PASSED
---- canvas-15.14 start
++++ canvas-15.14 PASSED
---- canvas-15.15 start
++++ canvas-15.15 PASSED
---- canvas-15.16 start
++++ canvas-15.16 PASSED
---- canvas-15.17 start
++++ canvas-15.17 PASSED
---- canvas-15.18 start
++++ canvas-15.18 PASSED
---- canvas-15.19 start
++++ canvas-15.19 PASSED
---- canvas-15.20 start
++++ canvas-15.20 PASSED
---- canvas-15.21 start
++++ canvas-15.21 PASSED
---- canvas-16.1 start
++++ canvas-16.1 PASSED
---- canvas-17.1 start
++++ canvas-17.1 PASSED
---- canvas-18.1 start
++++ canvas-18.1 PASSED
---- canvas-18.2 start
++++ canvas-18.2 PASSED
---- canvas-18.3 start
++++ canvas-18.3 PASSED
++++ canvas-18.4 SKIPPED: knownBug
---- canvas-18.5 start
++++ canvas-18.5 PASSED
---- canvas-18.6 start
++++ canvas-18.6 PASSED
---- canvas-18.7 start
++++ canvas-18.7 PASSED
++++ canvas-18.8 SKIPPED: knownBug
---- canvas-18.9 start
++++ canvas-18.9 PASSED
---- canvas-18.10 start
++++ canvas-18.10 PASSED
---- canvas-18.11 start
++++ canvas-18.11 PASSED
---- canvas-19.1 start
++++ canvas-19.1 PASSED
---- canvas-19.2 start
++++ canvas-19.2 PASSED
---- canvas-19.3 start
++++ canvas-19.3 PASSED
---- canvas-19.4 start
++++ canvas-19.4 PASSED
---- canvas-19.5 start
++++ canvas-19.5 PASSED
---- canvas-19.6 start
++++ canvas-19.6 PASSED
---- canvas-19.7 start
++++ canvas-19.7 PASSED
---- canvas-19.8 start
++++ canvas-19.8 PASSED
---- canvas-19.9 start
++++ canvas-19.9 PASSED
---- canvas-19.10 start
++++ canvas-19.10 PASSED
---- canvas-19.11 start
++++ canvas-19.11 PASSED
---- canvas-20.1 start
++++ canvas-20.1 PASSED
---- canvas-20.2 start
++++ canvas-20.2 PASSED
---- canvas-20.3 start
++++ canvas-20.3 PASSED
---- canvas-21.1 start
++++ canvas-21.1 PASSED
---- canvas-21.2 start
++++ canvas-21.2 PASSED
---- canvas-21.3 start
++++ canvas-21.3 PASSED
---- canvas-21.4 start
++++ canvas-21.4 PASSED
---- canvas-21.5 start
++++ canvas-21.5 PASSED
---- canvas-21.6 start
++++ canvas-21.6 PASSED
---- canvas-21.7 start
++++ canvas-21.7 PASSED
---- canvas-21.8 start
++++ canvas-21.8 PASSED
---- canvas-21.9 start
++++ canvas-21.9 PASSED
---- canvas-21.10 start
++++ canvas-21.10 PASSED
---- canvas-22.1 start
++++ canvas-22.1 PASSED
---- canvas-22.2 start
++++ canvas-22.2 PASSED
---- canvas-22.3 start
++++ canvas-22.3 PASSED
---- canvas-22.4 start
++++ canvas-22.4 PASSED
---- canvas-22.5 start
++++ canvas-22.5 PASSED
---- canvas-22.6 start
++++ canvas-22.6 PASSED
---- canvas-22.7 start
++++ canvas-22.7 PASSED
---- canvas-22.8 start
++++ canvas-22.8 PASSED
---- canvas-22.9 start
++++ canvas-22.9 PASSED
---- canvas-23.1 start
++++ canvas-23.1 PASSED
---- canvas-23.2 start
++++ canvas-23.2 PASSED
---- canvas-23.3 start
++++ canvas-23.3 PASSED
choosedir.test
---- choosedir-1.1 start
++++ choosedir-1.1 PASSED
---- choosedir-1.2 start
++++ choosedir-1.2 PASSED
---- choosedir-1.3 start
++++ choosedir-1.3 PASSED
---- choosedir-1.4 start
++++ choosedir-1.4 PASSED
++++ choosedir-1.5.1 SKIPPED: notAqua
---- choosedir-1.5.2 start
++++ choosedir-1.5.2 PASSED
---- choosedir-1.6 start
++++ choosedir-1.6 PASSED
++++ choosedir-2.1 SKIPPED: notAqua
++++ choosedir-3.1 SKIPPED: notAqua
++++ choosedir-3.2 SKIPPED: notAqua
++++ choosedir-4.1 SKIPPED: notAqua
++++ choosedir-4.2 SKIPPED: notAqua
++++ choosedir-4.3 SKIPPED: notAqua
++++ choosedir-5.1 SKIPPED: notAqua
clipboard.test
---- clipboard-1.1 start
++++ clipboard-1.1 PASSED
---- clipboard-1.2 start
++++ clipboard-1.2 PASSED
---- clipboard-1.3 start
++++ clipboard-1.3 PASSED
---- clipboard-1.4 start
++++ clipboard-1.4 PASSED
---- clipboard-1.5 start
++++ clipboard-1.5 PASSED
---- clipboard-1.6 start
++++ clipboard-1.6 PASSED
---- clipboard-1.7 start
++++ clipboard-1.7 PASSED
---- clipboard-1.8 start
++++ clipboard-1.8 PASSED
---- clipboard-1.9 start
++++ clipboard-1.9 PASSED
---- clipboard-2.1 start
++++ clipboard-2.1 PASSED
---- clipboard-3.1 start
++++ clipboard-3.1 PASSED
---- clipboard-4.1 start
++++ clipboard-4.1 PASSED
---- clipboard-4.2 start
++++ clipboard-4.2 PASSED
---- clipboard-4.3 start
++++ clipboard-4.3 PASSED
---- clipboard-4.4 start
++++ clipboard-4.4 PASSED
---- clipboard-4.5 start
++++ clipboard-4.5 PASSED
---- clipboard-5.1 start
++++ clipboard-5.1 PASSED
---- clipboard-5.2 start
++++ clipboard-5.2 PASSED
---- clipboard-6.1 start
++++ clipboard-6.1 PASSED
++++ clipboard-6.2 SKIPPED: x11
---- clipboard-6.3 start
++++ clipboard-6.3 PASSED
---- clipboard-7.1 start
++++ clipboard-7.1 PASSED
---- clipboard-7.2 start
++++ clipboard-7.2 PASSED
---- clipboard-7.3 start
++++ clipboard-7.3 PASSED
---- clipboard-7.4 start
++++ clipboard-7.4 PASSED
---- clipboard-7.5 start
++++ clipboard-7.5 PASSED
---- clipboard-7.6 start
++++ clipboard-7.6 PASSED
---- clipboard-7.7 start
++++ clipboard-7.7 PASSED
---- clipboard-7.8 start
++++ clipboard-7.8 PASSED
---- clipboard-7.9 start
++++ clipboard-7.9 PASSED
---- clipboard-7.10 start
++++ clipboard-7.10 PASSED
---- clipboard-7.11 start
++++ clipboard-7.11 PASSED
---- clipboard-7.12 start
++++ clipboard-7.12 PASSED
---- clipboard-7.13 start
++++ clipboard-7.13 PASSED
---- clipboard-7.14 start
++++ clipboard-7.14 PASSED
---- clipboard-7.15 start
++++ clipboard-7.15 PASSED
---- clipboard-7.16 start
++++ clipboard-7.16 PASSED
---- clipboard-7.17 start
++++ clipboard-7.17 PASSED
---- clipboard-7.18 start
++++ clipboard-7.18 PASSED
---- clipboard-7.19 start
++++ clipboard-7.19 PASSED
---- clipboard-7.20 start
++++ clipboard-7.20 PASSED
clrpick.test
---- clrpick-1.1 start
++++ clrpick-1.1 PASSED
---- clrpick-1.2 start
++++ clrpick-1.2 PASSED
---- clrpick-1.2.1 start
++++ clrpick-1.2.1 PASSED
---- clrpick-1.2.2 start
++++ clrpick-1.2.2 PASSED
---- clrpick-1.3 start
++++ clrpick-1.3 PASSED
---- clrpick-1.4 start
++++ clrpick-1.4 PASSED
---- clrpick-1.5 start
++++ clrpick-1.5 PASSED
---- clrpick-1.6 start
++++ clrpick-1.6 PASSED
---- clrpick-1.7 start
++++ clrpick-1.7 PASSED
++++ clrpick-2.1 SKIPPED: nonUnixUserInteraction
++++ clrpick-2.2 SKIPPED: nonUnixUserInteraction
++++ clrpick-2.3 SKIPPED: nonUnixUserInteraction
++++ clrpick-2.4 SKIPPED: nonUnixUserInteraction
++++ clrpick-3.1 SKIPPED: nonUnixUserInteraction
++++ clrpick-3.2 SKIPPED: nonUnixUserInteraction
++++ clrpick-4.1 SKIPPED: notAqua
cluster.test
---- cluster-1.0 start
++++ cluster-1.0 PASSED
---- cluster-1.1 start
++++ cluster-1.1 PASSED
---- cluster-1.2 start
++++ cluster-1.2 PASSED
---- cluster-1.3 start
++++ cluster-1.3 PASSED
---- cluster-1.4 start
++++ cluster-1.4 PASSED
---- cluster-1.5 start
++++ cluster-1.5 PASSED
---- cluster-1.6 start
++++ cluster-1.6 PASSED
---- cluster-1.7 start
++++ cluster-1.7 PASSED
---- cluster-2.0 start
++++ cluster-2.0 PASSED
---- cluster-2.1 start
++++ cluster-2.1 PASSED
---- cluster-2.2 start
++++ cluster-2.2 PASSED
---- cluster-2.3 start
++++ cluster-2.3 PASSED
---- cluster-2.4 start
++++ cluster-2.4 PASSED
---- cluster-2.5 start
++++ cluster-2.5 PASSED
---- cluster-2.6 start
++++ cluster-2.6 PASSED
---- cluster-2.7 start
++++ cluster-2.7 PASSED
---- cluster-3.0 start
++++ cluster-3.0 PASSED
---- cluster-3.1 start
++++ cluster-3.1 PASSED
---- cluster-3.2 start
++++ cluster-3.2 PASSED
---- cluster-3.3 start
++++ cluster-3.3 PASSED
---- cluster-3.4 start
++++ cluster-3.4 PASSED
---- cluster-3.5 start
++++ cluster-3.5 PASSED
---- cluster-3.6 start
++++ cluster-3.6 PASSED
---- cluster-3.7 start
++++ cluster-3.7 PASSED
---- cluster-3.8 start
++++ cluster-3.8 PASSED
---- cluster-3.9 start
++++ cluster-3.9 PASSED
---- cluster-4.0 start
++++ cluster-4.0 PASSED
---- cluster-4.1 start
++++ cluster-4.1 PASSED
---- cluster-4.2 start
++++ cluster-4.2 PASSED
---- cluster-4.3 start
++++ cluster-4.3 PASSED
---- cluster-4.4 start
++++ cluster-4.4 PASSED
---- cluster-4.5 start
++++ cluster-4.5 PASSED
---- cluster-4.6 start
++++ cluster-4.6 PASSED
---- cluster-4.7 start
++++ cluster-4.7 PASSED
---- cluster-4.8 start
++++ cluster-4.8 PASSED
---- cluster-4.9 start
++++ cluster-4.9 PASSED
---- cluster-5.0 start
++++ cluster-5.0 PASSED
---- cluster-5.1 start
++++ cluster-5.1 PASSED
---- cluster-5.2 start
++++ cluster-5.2 PASSED
---- cluster-5.3 start
++++ cluster-5.3 PASSED
---- cluster-5.4 start
++++ cluster-5.4 PASSED
---- cluster-5.5 start
++++ cluster-5.5 PASSED
---- cluster-5.6 start
++++ cluster-5.6 PASSED
---- cluster-5.7 start
++++ cluster-5.7 PASSED
---- cluster-5.8 start
++++ cluster-5.8 PASSED
---- cluster-5.9 start
++++ cluster-5.9 PASSED
---- cluster-6.0 start
++++ cluster-6.0 PASSED
---- cluster-6.1 start
++++ cluster-6.1 PASSED
---- cluster-6.2 start
++++ cluster-6.2 PASSED
---- cluster-6.3 start
++++ cluster-6.3 PASSED
---- cluster-6.4 start
++++ cluster-6.4 PASSED
---- cluster-6.5 start
++++ cluster-6.5 PASSED
---- cluster-6.6 start
++++ cluster-6.6 PASSED
---- cluster-6.7 start
++++ cluster-6.7 PASSED
---- cluster-6.8 start
++++ cluster-6.8 PASSED
---- cluster-6.9 start
++++ cluster-6.9 PASSED
---- cluster-7.0 start
++++ cluster-7.0 PASSED
---- cluster-7.1 start
++++ cluster-7.1 PASSED
---- cluster-7.2 start
++++ cluster-7.2 PASSED
---- cluster-7.3 start
++++ cluster-7.3 PASSED
---- cluster-7.4 start
++++ cluster-7.4 PASSED
---- cluster-7.5 start
++++ cluster-7.5 PASSED
---- cluster-7.6 start
++++ cluster-7.6 PASSED
---- cluster-7.7 start
++++ cluster-7.7 PASSED
---- cluster-7.8 start
++++ cluster-7.8 PASSED
---- cluster-7.9 start
++++ cluster-7.9 PASSED
---- cluster-8.0 start
++++ cluster-8.0 PASSED
---- cluster-8.1 start
++++ cluster-8.1 PASSED
---- cluster-8.2 start
++++ cluster-8.2 PASSED
---- cluster-8.3 start
++++ cluster-8.3 PASSED
---- cluster-8.4 start
++++ cluster-8.4 PASSED
---- cluster-8.5 start
++++ cluster-8.5 PASSED
---- cluster-8.6 start
++++ cluster-8.6 PASSED
cmds.test
---- cmds-1.1 start
++++ cmds-1.1 PASSED
---- cmds-1.2 start
++++ cmds-1.2 PASSED
---- cmds-1.3 start
++++ cmds-1.3 PASSED
---- cmds-1.4 start
++++ cmds-1.4 PASSED
---- cmds-1.5 start
++++ cmds-1.5 PASSED
---- cmds-1.6 start
++++ cmds-1.6 PASSED
color.test
++++ color-1.1 SKIPPED: colorsFree
++++ color-1.2 SKIPPED: colorsFree
++++ color-1.3 SKIPPED: colorsFree
++++ color-1.4 SKIPPED: colorsFree
++++ color-1.5 SKIPPED: nonPortable
++++ color-2.1 SKIPPED: colorsFree
++++ color-2.2 SKIPPED: colorsFree
++++ color-2.3 SKIPPED: colorsFree
++++ color-2.4 SKIPPED: colorsFree
++++ color-2.5 SKIPPED: colorsFree
++++ color-2.6 SKIPPED: colorsFree
++++ color-2.7 SKIPPED: colorsFree
---- color-2.8 start
++++ color-2.8 PASSED
---- color-2.9 start
++++ color-2.9 PASSED
---- color-2.10 start
++++ color-2.10 PASSED
---- color-2.11 start
++++ color-2.11 PASSED
++++ color-3.1 SKIPPED: colorsFree
++++ color-3.2 SKIPPED: colorsFree
++++ color-3.3 SKIPPED: colorsFree
++++ color-3.4 SKIPPED: colorsFree
++++ color-4.1 SKIPPED: colorsFree
config.test
---- config-1.1 start
++++ config-1.1 PASSED
---- config-1.2 start
++++ config-1.2 PASSED
---- config-1.3 start
++++ config-1.3 PASSED
---- config-1.4 start
++++ config-1.4 PASSED
---- config-1.5 start
++++ config-1.5 PASSED
---- config-1.6 start
++++ config-1.6 PASSED
---- config-1.7 start
++++ config-1.7 PASSED
---- config-1.8 start
++++ config-1.8 PASSED
---- config-1.9 start
++++ config-1.9 PASSED
---- config-2.1 start
++++ config-2.1 PASSED
---- config-3.1 start
++++ config-3.1 PASSED
---- config-3.2 start
++++ config-3.2 PASSED
---- config-3.3 start
++++ config-3.3 PASSED
---- config-3.4 start
++++ config-3.4 PASSED
---- config-3.5 start
++++ config-3.5 PASSED
---- config-3.6 start
++++ config-3.6 PASSED
---- config-3.7 start
++++ config-3.7 PASSED
---- config-3.8 start
++++ config-3.8 PASSED
---- config-3.9 start
++++ config-3.9 PASSED
---- config-4.1 start
++++ config-4.1 PASSED
---- config-4.2 start
++++ config-4.2 PASSED
---- config-4.3 start
++++ config-4.3 PASSED
---- config-4.4 start
++++ config-4.4 PASSED
---- config-4.5 start
++++ config-4.5 PASSED
---- config-4.6 start
++++ config-4.6 PASSED
---- config-4.7 start
++++ config-4.7 PASSED
---- config-4.8 start
++++ config-4.8 PASSED
---- config-4.9 start
++++ config-4.9 PASSED
---- config-4.10 start
++++ config-4.10 PASSED
---- config-4.11 start
++++ config-4.11 PASSED
---- config-4.12 start
++++ config-4.12 PASSED
---- config-4.13 start
++++ config-4.13 PASSED
---- config-4.14 start
++++ config-4.14 PASSED
---- config-4.15 start
++++ config-4.15 PASSED
---- config-4.16 start
++++ config-4.16 PASSED
---- config-4.17 start
++++ config-4.17 PASSED
---- config-4.18 start
++++ config-4.18 PASSED
---- config-4.19 start
++++ config-4.19 PASSED
---- config-4.20 start
++++ config-4.20 PASSED
---- config-4.21 start
++++ config-4.21 PASSED
---- config-4.22 start
++++ config-4.22 PASSED
---- config-4.23 start
++++ config-4.23 PASSED
---- config-4.24 start
++++ config-4.24 PASSED
---- config-4.25 start
++++ config-4.25 PASSED
---- config-4.26 start
++++ config-4.26 PASSED
---- config-4.27 start
++++ config-4.27 PASSED
---- config-4.28 start
++++ config-4.28 PASSED
---- config-4.29 start
++++ config-4.29 PASSED
---- config-4.29a start
++++ config-4.29a PASSED
---- config-4.30 start
++++ config-4.30 PASSED
---- config-4.31 start
++++ config-4.31 PASSED
---- config-4.32 start
++++ config-4.32 PASSED
---- config-4.33 start
++++ config-4.33 PASSED
---- config-4.34 start
++++ config-4.34 PASSED
---- config-4.35 start
++++ config-4.35 PASSED
---- config-4.36 start
++++ config-4.36 PASSED
---- config-4.37 start
++++ config-4.37 PASSED
---- config-4.38 start
++++ config-4.38 PASSED
---- config-4.39 start
++++ config-4.39 PASSED
---- config-4.40 start
++++ config-4.40 PASSED
---- config-4.41 start
++++ config-4.41 PASSED
---- config-4.42 start
++++ config-4.42 PASSED
---- config-4.43 start
++++ config-4.43 PASSED
---- config-4.44 start
++++ config-4.44 PASSED
---- config-4.45 start
++++ config-4.45 PASSED
---- config-4.46 start
++++ config-4.46 PASSED
---- config-4.47 start
++++ config-4.47 PASSED
---- config-4.48 start
++++ config-4.48 PASSED
---- config-4.49 start
++++ config-4.49 PASSED
---- config-4.50 start
++++ config-4.50 PASSED
---- config-4.51 start
++++ config-4.51 PASSED
---- config-4.52 start
++++ config-4.52 PASSED
---- config-4.53 start
++++ config-4.53 PASSED
---- config-4.54 start
++++ config-4.54 PASSED
---- config-4.55 start
++++ config-4.55 PASSED
---- config-4.56 start
++++ config-4.56 PASSED
---- config-4.57 start
++++ config-4.57 PASSED
---- config-4.58 start
++++ config-4.58 PASSED
---- config-4.59 start
++++ config-4.59 PASSED
---- config-4.60 start
++++ config-4.60 PASSED
---- config-4.61 start
++++ config-4.61 PASSED
---- config-4.62 start
++++ config-4.62 PASSED
---- config-4.63 start
++++ config-4.63 PASSED
---- config-4.64 start
++++ config-4.64 PASSED
---- config-4.65 start
++++ config-4.65 PASSED
---- config-4.66 start
++++ config-4.66 PASSED
---- config-4.67 start
++++ config-4.67 PASSED
---- config-4.68 start
++++ config-4.68 PASSED
---- config-4.69 start
++++ config-4.69 PASSED
---- config-4.70 start
++++ config-4.70 PASSED
---- config-4.71 start
++++ config-4.71 PASSED
---- config-4.72 start
++++ config-4.72 PASSED
---- config-4.73 start
++++ config-4.73 PASSED
---- config-4.74 start
++++ config-4.74 PASSED
---- config-4.75 start
++++ config-4.75 PASSED
---- config-4.76 start
++++ config-4.76 PASSED
---- config-4.77 start
++++ config-4.77 PASSED
---- config-4.78 start
++++ config-4.78 PASSED
---- config-4.79 start
++++ config-4.79 PASSED
---- config-4.80 start
++++ config-4.80 PASSED
---- config-4.81 start
++++ config-4.81 PASSED
---- config-4.82 start
++++ config-4.82 PASSED
---- config-4.83 start
++++ config-4.83 PASSED
---- config-4.84 start
++++ config-4.84 PASSED
---- config-4.85 start
++++ config-4.85 PASSED
---- config-4.86 start
++++ config-4.86 PASSED
---- config-4.87 start
++++ config-4.87 PASSED
---- config-4.88 start
++++ config-4.88 PASSED
---- config-4.89 start
++++ config-4.89 PASSED
---- config-4.90 start
++++ config-4.90 PASSED
---- config-4.91 start
++++ config-4.91 PASSED
---- config-4.92 start
++++ config-4.92 PASSED
---- config-4.93 start
++++ config-4.93 PASSED
---- config-4.94 start
++++ config-4.94 PASSED
---- config-4.95 start
++++ config-4.95 PASSED
---- config-4.96 start
++++ config-4.96 PASSED
---- config-4.97 start
++++ config-4.97 PASSED
---- config-4.98 start
++++ config-4.98 PASSED
---- config-4.99 start
++++ config-4.99 PASSED
---- config-4.100 start
++++ config-4.100 PASSED
---- config-4.101 start
++++ config-4.101 PASSED
---- config-4.102 start
++++ config-4.102 PASSED
---- config-4.103 start
++++ config-4.103 PASSED
---- config-4.104 start
++++ config-4.104 PASSED
---- config-4.105 start
++++ config-4.105 PASSED
---- config-4.106 start
++++ config-4.106 PASSED
---- config-4.107 start
++++ config-4.107 PASSED
---- config-4.108 start
++++ config-4.108 PASSED
---- config-4.109 start
++++ config-4.109 PASSED
---- config-4.110 start
++++ config-4.110 PASSED
---- config-4.111 start
++++ config-4.111 PASSED
---- config-4.112 start
++++ config-4.112 PASSED
---- config-4.113 start
++++ config-4.113 PASSED
---- config-4.114 start
++++ config-4.114 PASSED
---- config-4.115 start
++++ config-4.115 PASSED
---- config-5.1 start
++++ config-5.1 PASSED
---- config-5.2 start
++++ config-5.2 PASSED
---- config-5.3 start
++++ config-5.3 PASSED
---- config-6.1 start
++++ config-6.1 PASSED
---- config-6.2 start
++++ config-6.2 PASSED
---- config-6.3 start
++++ config-6.3 PASSED
---- config-6.4 start
++++ config-6.4 PASSED
---- config-6.5 start
++++ config-6.5 PASSED
---- config-6.6 start
++++ config-6.6 PASSED
---- config-7.1 start
++++ config-7.1 PASSED
---- config-7.2 start
++++ config-7.2 PASSED
---- config-7.3 start
++++ config-7.3 PASSED
---- config-7.4 start
++++ config-7.4 PASSED
---- config-7.5 start
++++ config-7.5 PASSED
---- config-7.6 start
++++ config-7.6 PASSED
---- config-7.7 start
++++ config-7.7 PASSED
---- config-7.8 start
++++ config-7.8 PASSED
---- config-7.9 start
++++ config-7.9 PASSED
---- config-7.10 start
++++ config-7.10 PASSED
---- config-7.11 start
++++ config-7.11 PASSED
---- config-7.12 start
++++ config-7.12 PASSED
---- config-7.13 start
++++ config-7.13 PASSED
---- config-7.14 start
++++ config-7.14 PASSED
---- config-8.1 start
++++ config-8.1 PASSED
---- config-8.2 start
++++ config-8.2 PASSED
---- config-8.3 start
++++ config-8.3 PASSED
---- config-8.4 start
++++ config-8.4 PASSED
---- config-8.5 start
++++ config-8.5 PASSED
---- config-8.6 start
++++ config-8.6 PASSED
---- config-8.7 start
++++ config-8.7 PASSED
---- config-8.8 start
++++ config-8.8 PASSED
---- config-8.9 start
++++ config-8.9 PASSED
---- config-8.10 start
++++ config-8.10 PASSED
---- config-8.11 start
++++ config-8.11 PASSED
++++ config-8.12 SKIPPED: nonPortable
---- config-8.13 start
++++ config-8.13 PASSED
---- config-8.14 start
++++ config-8.14 PASSED
---- config-8.15 start
++++ config-8.15 PASSED
---- config-8.16 start
++++ config-8.16 PASSED
---- config-8.17 start
++++ config-8.17 PASSED
---- config-8.18 start
++++ config-8.18 PASSED
---- config-8.19 start
++++ config-8.19 PASSED
---- config-8.20 start
++++ config-8.20 PASSED
---- config-9.1 start
++++ config-9.1 PASSED
---- config-9.2 start
++++ config-9.2 PASSED
---- config-9.3 start
++++ config-9.3 PASSED
---- config-9.4 start
++++ config-9.4 PASSED
---- config-9.5 start
++++ config-9.5 PASSED
---- config-9.6 start
++++ config-9.6 PASSED
---- config-9.7 start
++++ config-9.7 PASSED
---- config-9.8 start
++++ config-9.8 PASSED
---- config-9.9 start
++++ config-9.9 PASSED
---- config-9.10 start
++++ config-9.10 PASSED
---- config-9.11 start
++++ config-9.11 PASSED
---- config-9.12 start
++++ config-9.12 PASSED
---- config-9.13 start
++++ config-9.13 PASSED
---- config-10.1 start
++++ config-10.1 PASSED
---- config-10.2 start
++++ config-10.2 PASSED
---- config-10.3 start
++++ config-10.3 PASSED
---- config-10.4 start
++++ config-10.4 PASSED
---- config-11.1 start
++++ config-11.1 PASSED
---- config-11.2 start
++++ config-11.2 PASSED
---- config-11.3 start
++++ config-11.3 PASSED
---- config-12.1 start
++++ config-12.1 PASSED
---- config-12.2 start
++++ config-12.2 PASSED
---- config-12.3 start
++++ config-12.3 PASSED
---- config-12.4 start
++++ config-12.4 PASSED
---- config-12.5 start
++++ config-12.5 PASSED
---- config-12.6 start
++++ config-12.6 PASSED
---- config-12.7 start
++++ config-12.7 PASSED
---- config-12.8 start
++++ config-12.8 PASSED
---- config-12.9 start
++++ config-12.9 PASSED
---- config-12.10 start
++++ config-12.10 PASSED
---- config-12.11 start
++++ config-12.11 PASSED
---- config-12.12 start
++++ config-12.12 PASSED
---- config-12.13 start
++++ config-12.13 PASSED
---- config-12.14 start
++++ config-12.14 PASSED
---- config-12.15 start
++++ config-12.15 PASSED
---- config-12.16 start
++++ config-12.16 PASSED
---- config-12.17 start
++++ config-12.17 PASSED
---- config-13.1 start
++++ config-13.1 PASSED
---- config-13.2 start
++++ config-13.2 PASSED
---- config-13.3 start
++++ config-13.3 PASSED
---- config-13.4 start
++++ config-13.4 PASSED
---- config-13.5 start
++++ config-13.5 PASSED
---- config-13.6 start
++++ config-13.6 PASSED
---- config-13.7 start
++++ config-13.7 PASSED
---- config-13.8 start
++++ config-13.8 PASSED
---- config-13.9 start
++++ config-13.9 PASSED
---- config-13.10 start
++++ config-13.10 PASSED
---- config-13.11 start
++++ config-13.11 PASSED
---- config-13.12 start
++++ config-13.12 PASSED
---- config-13.13 start
++++ config-13.13 PASSED
---- config-14.1 start
++++ config-14.1 PASSED
---- config-14.2 start
++++ config-14.2 PASSED
---- config-14.3 start
++++ config-14.3 PASSED
---- config-14.4 start
++++ config-14.4 PASSED
---- config-14.5 start
++++ config-14.5 PASSED
---- config-14.6 start
++++ config-14.6 PASSED
---- config-14.7 start
++++ config-14.7 PASSED
---- config-14.8 start
++++ config-14.8 PASSED
---- config-14.9 start
++++ config-14.9 PASSED
---- config-14.10 start
++++ config-14.10 PASSED
---- config-14.11 start
++++ config-14.11 PASSED
---- config-14.12 start
++++ config-14.12 PASSED
---- config-14.13 start
++++ config-14.13 PASSED
---- config-14.14 start
++++ config-14.14 PASSED
cursor.test
---- cursor-1.1 start
++++ cursor-1.1 PASSED
---- cursor-1.2 start
++++ cursor-1.2 PASSED
---- cursor-1.3 start
++++ cursor-1.3 PASSED
---- cursor-2.1 start
++++ cursor-2.1 PASSED
---- cursor-2.2 start
++++ cursor-2.2 PASSED
++++ cursor-2.3 SKIPPED: win
++++ cursor-2.4 SKIPPED: win
---- cursor-3.1 start
++++ cursor-3.1 PASSED
---- cursor-4.1 start
++++ cursor-4.1 PASSED
---- cursor-5.1 start
++++ cursor-5.1 PASSED
---- cursor-6.1 start
++++ cursor-6.1 PASSED
---- cursor-6.2 start
++++ cursor-6.2 PASSED
---- cursor-6.3 start
++++ cursor-6.3 PASSED
---- cursor-6.4 start
++++ cursor-6.4 PASSED
---- cursor-6.5 start
++++ cursor-6.5 PASSED
---- cursor-6.6 start
++++ cursor-6.6 PASSED
---- cursor-6.7 start
++++ cursor-6.7 PASSED
---- cursor-6.8 start
++++ cursor-6.8 PASSED
---- cursor-6.9 start
++++ cursor-6.9 PASSED
---- cursor-6.10 start
++++ cursor-6.10 PASSED
---- cursor-6.11 start
++++ cursor-6.11 PASSED
---- cursor-6.12 start
++++ cursor-6.12 PASSED
---- cursor-6.13 start
++++ cursor-6.13 PASSED
---- cursor-6.14 start
++++ cursor-6.14 PASSED
---- cursor-6.15 start
++++ cursor-6.15 PASSED
---- cursor-6.16 start
++++ cursor-6.16 PASSED
---- cursor-6.17 start
++++ cursor-6.17 PASSED
---- cursor-6.18 start
++++ cursor-6.18 PASSED
---- cursor-6.19 start
++++ cursor-6.19 PASSED
---- cursor-6.20 start
++++ cursor-6.20 PASSED
---- cursor-6.21 start
++++ cursor-6.21 PASSED
---- cursor-6.22 start
++++ cursor-6.22 PASSED
---- cursor-6.23 start
++++ cursor-6.23 PASSED
---- cursor-6.24 start
++++ cursor-6.24 PASSED
---- cursor-6.25 start
++++ cursor-6.25 PASSED
---- cursor-6.26 start
++++ cursor-6.26 PASSED
---- cursor-6.27 start
++++ cursor-6.27 PASSED
---- cursor-6.28 start
++++ cursor-6.28 PASSED
---- cursor-6.29 start
++++ cursor-6.29 PASSED
---- cursor-6.30 start
++++ cursor-6.30 PASSED
---- cursor-6.31 start
++++ cursor-6.31 PASSED
---- cursor-6.32 start
++++ cursor-6.32 PASSED
---- cursor-6.33 start
++++ cursor-6.33 PASSED
---- cursor-6.34 start
++++ cursor-6.34 PASSED
---- cursor-6.35 start
++++ cursor-6.35 PASSED
---- cursor-6.36 start
++++ cursor-6.36 PASSED
---- cursor-6.37 start
++++ cursor-6.37 PASSED
---- cursor-6.38 start
++++ cursor-6.38 PASSED
---- cursor-6.39 start
++++ cursor-6.39 PASSED
---- cursor-6.40 start
++++ cursor-6.40 PASSED
---- cursor-6.41 start
++++ cursor-6.41 PASSED
---- cursor-6.42 start
++++ cursor-6.42 PASSED
---- cursor-6.43 start
++++ cursor-6.43 PASSED
---- cursor-6.44 start
++++ cursor-6.44 PASSED
---- cursor-6.45 start
++++ cursor-6.45 PASSED
---- cursor-6.46 start
++++ cursor-6.46 PASSED
---- cursor-6.47 start
++++ cursor-6.47 PASSED
---- cursor-6.48 start
++++ cursor-6.48 PASSED
---- cursor-6.49 start
++++ cursor-6.49 PASSED
---- cursor-6.50 start
++++ cursor-6.50 PASSED
---- cursor-6.51 start
++++ cursor-6.51 PASSED
---- cursor-6.52 start
++++ cursor-6.52 PASSED
---- cursor-6.53 start
++++ cursor-6.53 PASSED
---- cursor-6.54 start
++++ cursor-6.54 PASSED
---- cursor-6.55 start
++++ cursor-6.55 PASSED
---- cursor-6.56 start
++++ cursor-6.56 PASSED
---- cursor-6.57 start
++++ cursor-6.57 PASSED
---- cursor-6.58 start
++++ cursor-6.58 PASSED
---- cursor-6.59 start
++++ cursor-6.59 PASSED
---- cursor-6.60 start
++++ cursor-6.60 PASSED
---- cursor-6.61 start
++++ cursor-6.61 PASSED
---- cursor-6.62 start
++++ cursor-6.62 PASSED
---- cursor-6.63 start
++++ cursor-6.63 PASSED
---- cursor-6.64 start
++++ cursor-6.64 PASSED
---- cursor-6.65 start
++++ cursor-6.65 PASSED
---- cursor-6.66 start
++++ cursor-6.66 PASSED
---- cursor-6.67 start
++++ cursor-6.67 PASSED
---- cursor-6.68 start
++++ cursor-6.68 PASSED
---- cursor-6.69 start
++++ cursor-6.69 PASSED
---- cursor-6.70 start
++++ cursor-6.70 PASSED
---- cursor-6.71 start
++++ cursor-6.71 PASSED
---- cursor-6.72 start
++++ cursor-6.72 PASSED
---- cursor-6.73 start
++++ cursor-6.73 PASSED
---- cursor-6.74 start
++++ cursor-6.74 PASSED
---- cursor-6.75 start
++++ cursor-6.75 PASSED
---- cursor-6.76 start
++++ cursor-6.76 PASSED
---- cursor-6.77 start
++++ cursor-6.77 PASSED
---- cursor-6.78 start
++++ cursor-6.78 PASSED
---- cursor-6.79 start
++++ cursor-6.79 PASSED
---- cursor-6.80 start
++++ cursor-6.80 PASSED
---- cursor-6.81 start
++++ cursor-6.81 PASSED
++++ cursor-7.1 SKIPPED: win
++++ cursor-7.2 SKIPPED: win
++++ cursor-7.3 SKIPPED: win
++++ cursor-7.4 SKIPPED: win
++++ cursor-7.5 SKIPPED: win
++++ cursor-7.6 SKIPPED: win
++++ cursor-7.7 SKIPPED: win
++++ cursor-7.8 SKIPPED: win
++++ cursor-7.9 SKIPPED: win
dialog.test
---- dialog-1.1 start
++++ dialog-1.1 PASSED
---- dialog-1.2 start
++++ dialog-1.2 PASSED
---- dialog-1.3 start
++++ dialog-1.3 PASSED
---- dialog-2.1 start
++++ dialog-2.1 PASSED
---- dialog-2.2 start
++++ dialog-2.2 PASSED
---- dialog-2.3 start
++++ dialog-2.3 PASSED
embed.test
---- embed-1.1 start
++++ embed-1.1 PASSED
---- embed-1.2 start
++++ embed-1.2 PASSED
---- embed-1.3 start
++++ embed-1.3 PASSED
++++ embed-1.4.win SKIPPED: win
++++ embed-1.5.win SKIPPED: win
---- embed-1.4.nonwin start
++++ embed-1.4.nonwin PASSED
---- embed-1.5.nonwin start
++++ embed-1.5.nonwin PASSED
entry.test
---- entry-1.1 start
++++ entry-1.1 PASSED
---- entry-1.2 start
++++ entry-1.2 PASSED
---- entry-1.3 start
++++ entry-1.3 PASSED
---- entry-1.4 start
++++ entry-1.4 PASSED
---- entry-1.5 start
++++ entry-1.5 PASSED
---- entry-1.6 start
++++ entry-1.6 PASSED
---- entry-1.7 start
++++ entry-1.7 PASSED
---- entry-1.8 start
++++ entry-1.8 PASSED
---- entry-1.9 start
++++ entry-1.9 PASSED
---- entry-1.10 start
++++ entry-1.10 PASSED
---- entry-1.11 start
++++ entry-1.11 PASSED
---- entry-1.12 start
++++ entry-1.12 PASSED
---- entry-1.13 start
++++ entry-1.13 PASSED
---- entry-1.14 start
++++ entry-1.14 PASSED
---- entry-1.15 start
++++ entry-1.15 PASSED
---- entry-1.16 start
++++ entry-1.16 PASSED
---- entry-1.17 start
++++ entry-1.17 PASSED
---- entry-1.18 start
++++ entry-1.18 PASSED
---- entry-1.19 start
++++ entry-1.19 PASSED
---- entry-1.20 start
++++ entry-1.20 PASSED
---- entry-1.21 start
++++ entry-1.21 PASSED
---- entry-1.22 start
++++ entry-1.22 PASSED
---- entry-1.23 start
++++ entry-1.23 PASSED
---- entry-1.24 start
++++ entry-1.24 PASSED
---- entry-1.25 start
++++ entry-1.25 PASSED
---- entry-1.26 start
++++ entry-1.26 PASSED
---- entry-1.27 start
++++ entry-1.27 PASSED
---- entry-1.28 start
++++ entry-1.28 PASSED
---- entry-1.29 start
++++ entry-1.29 PASSED
---- entry-1.30 start
++++ entry-1.30 PASSED
---- entry-1.31 start
++++ entry-1.31 PASSED
---- entry-1.32 start
++++ entry-1.32 PASSED
---- entry-1.33 start
++++ entry-1.33 PASSED
---- entry-1.34 start
++++ entry-1.34 PASSED
---- entry-1.35 start
++++ entry-1.35 PASSED
---- entry-1.36 start
++++ entry-1.36 PASSED
---- entry-1.37 start
++++ entry-1.37 PASSED
---- entry-1.38 start
++++ entry-1.38 PASSED
---- entry-1.39 start
++++ entry-1.39 PASSED
---- entry-1.40 start
++++ entry-1.40 PASSED
---- entry-1.41 start
++++ entry-1.41 PASSED
---- entry-1.42 start
++++ entry-1.42 PASSED
---- entry-1.43 start
++++ entry-1.43 PASSED
---- entry-1.44 start
++++ entry-1.44 PASSED
---- entry-1.45 start
++++ entry-1.45 PASSED
---- entry-1.46 start
++++ entry-1.46 PASSED
---- entry-1.47 start
++++ entry-1.47 PASSED
---- entry-1.48 start
++++ entry-1.48 PASSED
---- entry-1.49 start
++++ entry-1.49 PASSED
---- entry-1.50 start
++++ entry-1.50 PASSED
---- entry-1.51 start
++++ entry-1.51 PASSED
---- entry-1.52 start
++++ entry-1.52 PASSED
---- entry-1.53 start
++++ entry-1.53 PASSED
---- entry-1.54 start
++++ entry-1.54 PASSED
---- entry-1.55 start
++++ entry-1.55 PASSED
---- entry-1.56 start
++++ entry-1.56 PASSED
---- entry-1.57 start
++++ entry-1.57 PASSED
---- entry-1.58 start
++++ entry-1.58 PASSED
---- entry-1.59 start
++++ entry-1.59 PASSED
---- entry-1.60 start
++++ entry-1.60 PASSED
---- entry-2.1 start
++++ entry-2.1 PASSED
---- entry-2.2 start
++++ entry-2.2 PASSED
---- entry-2.3 start
++++ entry-2.3 PASSED
---- entry-2.4 start
++++ entry-2.4 PASSED
---- entry-2.4.1 start
++++ entry-2.4.1 PASSED
---- entry-2.5 start
++++ entry-2.5 PASSED
---- entry-3.1 start
++++ entry-3.1 PASSED
---- entry-3.2 start
++++ entry-3.2 PASSED
---- entry-3.3 start
++++ entry-3.3 PASSED
---- entry-3.4 start
++++ entry-3.4 PASSED
---- entry-3.5 start
++++ entry-3.5 PASSED
++++ entry-3.6 SKIPPED: fonts
++++ entry-3.7 SKIPPED: fonts
++++ entry-3.8 SKIPPED: fonts
---- entry-3.9 start
++++ entry-3.9 PASSED
++++ entry-3.10 SKIPPED: fonts
---- entry-3.11 start
++++ entry-3.11 PASSED
---- entry-3.12 start
++++ entry-3.12 PASSED
---- entry-3.13 start
++++ entry-3.13 PASSED
---- entry-3.14 start
++++ entry-3.14 PASSED
---- entry-3.15 start
++++ entry-3.15 PASSED
---- entry-3.16 start
++++ entry-3.16 PASSED
---- entry-3.17 start
++++ entry-3.17 PASSED
---- entry-3.18 start
++++ entry-3.18 PASSED
---- entry-3.19 start
++++ entry-3.19 PASSED
---- entry-3.20 start
++++ entry-3.20 PASSED
---- entry-3.21 start
++++ entry-3.21 PASSED
---- entry-3.22 start
++++ entry-3.22 PASSED
---- entry-3.23 start
++++ entry-3.23 PASSED
---- entry-3.24 start
++++ entry-3.24 PASSED
---- entry-3.25 start
++++ entry-3.25 PASSED
---- entry-3.26 start
++++ entry-3.26 PASSED
---- entry-3.26a start
++++ entry-3.26a PASSED
---- entry-3.27 start
++++ entry-3.27 PASSED
---- entry-3.28 start
++++ entry-3.28 PASSED
---- entry-3.29 start
++++ entry-3.29 PASSED
---- entry-3.30 start
++++ entry-3.30 PASSED
---- entry-3.31 start
++++ entry-3.31 PASSED
---- entry-3.32 start
++++ entry-3.32 PASSED
---- entry-3.33 start
++++ entry-3.33 PASSED
---- entry-3.34 start
++++ entry-3.34 PASSED
---- entry-3.35 start
++++ entry-3.35 PASSED
---- entry-3.36 start
++++ entry-3.36 PASSED
---- entry-3.37 start
++++ entry-3.37 PASSED
---- entry-3.38 start
++++ entry-3.38 PASSED
---- entry-3.39 start
++++ entry-3.39 PASSED
---- entry-3.40 start
++++ entry-3.40 PASSED
---- entry-3.40a start
++++ entry-3.40a PASSED
---- entry-3.41 start
++++ entry-3.41 PASSED
---- entry-3.42 start
++++ entry-3.42 PASSED
---- entry-3.43 start
++++ entry-3.43 PASSED
---- entry-3.44 start
++++ entry-3.44 PASSED
---- entry-3.45 start
++++ entry-3.45 PASSED
++++ entry-3.46 SKIPPED: fonts
---- entry-3.47 start
++++ entry-3.47 PASSED
---- entry-3.48 start
++++ entry-3.48 PASSED
---- entry-3.49 start
++++ entry-3.49 PASSED
---- entry-3.50 start
++++ entry-3.50 PASSED
---- entry-3.50.1 start
++++ entry-3.50.1 PASSED
---- entry-3.51 start
++++ entry-3.51 PASSED
---- entry-3.52 start
++++ entry-3.52 PASSED
---- entry-3.53 start
++++ entry-3.53 PASSED
---- entry-3.54 start
++++ entry-3.54 PASSED
---- entry-3.55 start
++++ entry-3.55 PASSED
---- entry-3.56 start
++++ entry-3.56 PASSED
---- entry-3.57 start
++++ entry-3.57 PASSED
---- entry-3.58 start
++++ entry-3.58 PASSED
---- entry-3.59 start
++++ entry-3.59 PASSED
---- entry-3.60 start
++++ entry-3.60 PASSED
---- entry-3.61 start
++++ entry-3.61 PASSED
---- entry-3.62 start
++++ entry-3.62 PASSED
---- entry-3.63 start
++++ entry-3.63 PASSED
---- entry-3.64 start
++++ entry-3.64 PASSED
---- entry-3.64a start
++++ entry-3.64a PASSED
---- entry-3.64b start
++++ entry-3.64b PASSED
---- entry-3.65 start
++++ entry-3.65 PASSED
---- entry-3.66 start
++++ entry-3.66 PASSED
---- entry-3.67 start
++++ entry-3.67 PASSED
---- entry-3.68 start
++++ entry-3.68 PASSED
---- entry-3.69 start
++++ entry-3.69 PASSED
---- entry-3.70 start
++++ entry-3.70 PASSED
---- entry-3.71 start
++++ entry-3.71 PASSED
---- entry-3.72 start
++++ entry-3.72 PASSED
---- entry-3.73 start
++++ entry-3.73 PASSED
---- entry-3.74 start
++++ entry-3.74 PASSED
---- entry-3.75 start
++++ entry-3.75 PASSED
---- entry-3.76 start
++++ entry-3.76 PASSED
---- entry-3.77 start
++++ entry-3.77 PASSED
---- entry-3.78 start
++++ entry-3.78 PASSED
---- entry-3.79 start
++++ entry-3.79 PASSED
---- entry-3.80 start
++++ entry-3.80 PASSED
---- entry-3.86 start
++++ entry-3.86 PASSED
---- entry-3.82 start
++++ entry-3.82 PASSED
---- entry-4.1 start
++++ entry-4.1 PASSED
---- entry-5.1 start
++++ entry-5.1 PASSED
---- entry-5.2 start
++++ entry-5.2 PASSED
---- entry-5.3 start
++++ entry-5.3 PASSED
---- entry-5.4 start
++++ entry-5.4 PASSED
---- entry-5.5 start
++++ entry-5.5 PASSED
---- entry-5.6 start
++++ entry-5.6 PASSED
---- entry-5.6.1 start
++++ entry-5.6.1 PASSED
---- entry-5.7 start
++++ entry-5.7 PASSED
++++ entry-5.8 SKIPPED: fonts
++++ entry-5.9 SKIPPED: fonts
++++ entry-5.10 SKIPPED: fonts
---- entry-5.11 start
++++ entry-5.11 PASSED
++++ entry-6.1 SKIPPED: fonts
++++ entry-6.2 SKIPPED: fonts
++++ entry-6.3 SKIPPED: fonts
---- entry-6.4 start
++++ entry-6.4 PASSED
---- entry-6.5 start
++++ entry-6.5 PASSED
++++ entry-6.6 SKIPPED: fonts
++++ entry-6.7 SKIPPED: fonts
++++ entry-6.8 SKIPPED: fonts
++++ entry-6.9 SKIPPED: fonts
++++ entry-6.10 SKIPPED: fonts
++++ entry-6.11 SKIPPED: win
++++ entry-6.12 SKIPPED: fonts
---- entry-7.1 start
++++ entry-7.1 PASSED
---- entry-7.2 start
++++ entry-7.2 PASSED
---- entry-7.3 start
++++ entry-7.3 PASSED
---- entry-7.4 start
++++ entry-7.4 PASSED
---- entry-7.5 start
++++ entry-7.5 PASSED
---- entry-7.6 start
++++ entry-7.6 PASSED
---- entry-7.7 start
++++ entry-7.7 PASSED
---- entry-7.8 start
++++ entry-7.8 PASSED
---- entry-7.9 start
++++ entry-7.9 PASSED
---- entry-7.10 start
++++ entry-7.10 PASSED
++++ entry-7.11 SKIPPED: fonts
---- entry-8.1 start
++++ entry-8.1 PASSED
---- entry-8.2 start
++++ entry-8.2 PASSED
---- entry-8.3 start
++++ entry-8.3 PASSED
---- entry-8.4 start
++++ entry-8.4 PASSED
---- entry-8.5 start
++++ entry-8.5 PASSED
---- entry-8.6 start
++++ entry-8.6 PASSED
---- entry-8.7 start
++++ entry-8.7 PASSED
---- entry-8.8 start
++++ entry-8.8 PASSED
---- entry-8.9 start
++++ entry-8.9 PASSED
---- entry-8.10 start
++++ entry-8.10 PASSED
---- entry-8.11 start
++++ entry-8.11 PASSED
---- entry-8.12 start
++++ entry-8.12 PASSED
---- entry-8.13 start
++++ entry-8.13 PASSED
---- entry-8.14 start
++++ entry-8.14 PASSED
---- entry-8.15 start
++++ entry-8.15 PASSED
---- entry-8.16 start
++++ entry-8.16 PASSED
---- entry-8.17 start
++++ entry-8.17 PASSED
---- entry-8.18 start
++++ entry-8.18 PASSED
---- entry-9.1 start
++++ entry-9.1 PASSED
++++ entry-10.1 SKIPPED: fonts
---- entry-10.2 start
++++ entry-10.2 PASSED
---- entry-10.3 start
++++ entry-10.3 PASSED
---- entry-10.4 start
++++ entry-10.4 PASSED
---- entry-10.5 start
++++ entry-10.5 PASSED
---- entry-10.6 start
++++ entry-10.6 PASSED
---- entry-10.7 start
++++ entry-10.7 PASSED
---- entry-10.8 start
++++ entry-10.8 PASSED
---- entry-11.1 start
++++ entry-11.1 PASSED
---- entry-11.2 start
++++ entry-11.2 PASSED
---- entry-12.1 start
++++ entry-12.1 PASSED
---- entry-13.1 start
++++ entry-13.1 PASSED
---- entry-13.2 start
++++ entry-13.2 PASSED
---- entry-13.3 start
++++ entry-13.3 PASSED
---- entry-13.4 start
++++ entry-13.4 PASSED
---- entry-13.5 start
++++ entry-13.5 PASSED
---- entry-13.6 start
++++ entry-13.6 PASSED
---- entry-13.7 start
++++ entry-13.7 PASSED
---- entry-13.8 start
++++ entry-13.8 PASSED
---- entry-13.9 start
++++ entry-13.9 PASSED
++++ entry-13.10 SKIPPED: x11
---- entry-13.11 start
++++ entry-13.11 PASSED
++++ entry-13.12 SKIPPED: x11
---- entry-13.12.1 start
++++ entry-13.12.1 PASSED
++++ entry-13.13 SKIPPED: win
++++ entry-13.14 SKIPPED: win
++++ entry-13.14.1 SKIPPED: win
---- entry-13.15 start
++++ entry-13.15 PASSED
++++ entry-13.16 SKIPPED: fonts
++++ entry-13.17 SKIPPED: fonts
++++ entry-13.18 SKIPPED: fonts
++++ entry-13.19 SKIPPED: fonts
++++ entry-13.20 SKIPPED: fonts
---- entry-13.21 start
++++ entry-13.21 PASSED
---- entry-13.22 start
++++ entry-13.22 PASSED
---- entry-13.23 start
++++ entry-13.23 PASSED
---- entry-13.24 start
++++ entry-13.24 PASSED
---- entry-13.25 start
++++ entry-13.25 PASSED
++++ entry-13.26 SKIPPED: fonts
---- entry-14.1 start
++++ entry-14.1 PASSED
---- entry-14.2 start
++++ entry-14.2 PASSED
---- entry-14.3 start
++++ entry-14.3 PASSED
---- entry-15.1 start
++++ entry-15.1 PASSED
++++ entry-16.1 SKIPPED: fonts
++++ entry-16.2 SKIPPED: fonts
++++ entry-16.3 SKIPPED: win
---- entry-16.4 start
++++ entry-16.4 PASSED
---- entry-17.1 start
++++ entry-17.1 PASSED
---- entry-17.2 start
++++ entry-17.2 PASSED
---- entry-17.3 start
++++ entry-17.3 PASSED
---- entry-17.4 start
++++ entry-17.4 PASSED
---- entry-18.1 start
++++ entry-18.1 PASSED
---- entry-19.1 start
++++ entry-19.1 PASSED
---- entry-19.2 start
++++ entry-19.2 PASSED
---- entry-19.3 start
++++ entry-19.3 PASSED
---- entry-19.4 start
++++ entry-19.4 PASSED
---- entry-19.5 start
++++ entry-19.5 PASSED
---- entry-19.6 start
++++ entry-19.6 PASSED
---- entry-19.7 start
++++ entry-19.7 PASSED
---- entry-19.8 start
++++ entry-19.8 PASSED
---- entry-19.9 start
++++ entry-19.9 PASSED
---- entry-19.10 start
++++ entry-19.10 PASSED
---- entry-19.11 start
++++ entry-19.11 PASSED
---- entry-19.12 start
++++ entry-19.12 PASSED
---- entry-19.13 start
++++ entry-19.13 PASSED
---- entry-19.14 start
++++ entry-19.14 PASSED
---- entry-19.15 start
++++ entry-19.15 PASSED
---- entry-19.16 start
++++ entry-19.16 PASSED
---- entry-19.17 start
++++ entry-19.17 PASSED
---- entry-19.18 start
++++ entry-19.18 PASSED
---- entry-19.19 start
++++ entry-19.19 PASSED
---- entry-19.20 start
++++ entry-19.20 PASSED
---- entry-19.21 start
++++ entry-19.21 PASSED
---- entry-20.1 start
++++ entry-20.1 PASSED
---- entry-20.2 start
++++ entry-20.2 PASSED
---- entry-20.3 start
++++ entry-20.3 PASSED
---- entry-20.4 start
++++ entry-20.4 PASSED
---- entry-20.5 start
++++ entry-20.5 PASSED
---- entry-20.6 start
++++ entry-20.6 PASSED
---- entry-20.7 start
++++ entry-20.7 PASSED
---- entry-21.1 start
++++ entry-21.1 PASSED
---- entry-22.1 start
++++ entry-22.1 PASSED
---- entry-22.2 start
++++ entry-22.2 PASSED
---- entry-23.1 start
++++ entry-23.1 PASSED
---- entry-24.1 start
++++ entry-24.1 PASSED
---- entry-25.1 start
++++ entry-25.1 PASSED
---- entry-25.2 start
++++ entry-25.2 PASSED
---- entry-25.3 start
++++ entry-25.3 PASSED
event.test
---- event-1.1 start
++++ event-1.1 PASSED
---- event-1.2 start
++++ event-1.2 PASSED
---- event-2.1(keypress) start
++++ event-2.1(keypress) PASSED
---- event-2.2(keypress) start
++++ event-2.2(keypress) PASSED
---- event-2.3(keypress) start
++++ event-2.3(keypress) PASSED
---- event-2.4(keypress) start
++++ event-2.4(keypress) PASSED
---- event-2.5(keypress) start
++++ event-2.5(keypress) PASSED
---- event-2.6(keypress) start
++++ event-2.6(keypress) PASSED
---- event-3.1(click-drag) start
++++ event-3.1(click-drag) PASSED
---- event-3.2(click-drag) start
++++ event-3.2(click-drag) PASSED
---- event-4.1(double-click-drag) start
++++ event-4.1(double-click-drag) PASSED
---- event-4.2(double-click-drag) start
++++ event-4.2(double-click-drag) PASSED
---- event-5.1(triple-click-drag) start
++++ event-5.1(triple-click-drag) PASSED
---- event-6.1(button-state) start
++++ event-6.1(button-state) PASSED
---- event-7.1(double-click) start
++++ event-7.1(double-click) PASSED
---- event-7.2(double-click) start
++++ event-7.2(double-click) PASSED
++++ event-8 SKIPPED: nonPortable
---- event-9.1 start
++++ event-9.1 PASSED
++++ event-9.2 SKIPPED: notAqua
---- event-9.11 start
++++ event-9.11 PASSED
---- event-9.12 start
++++ event-9.12 PASSED
---- event-9.13 start
++++ event-9.13 PASSED
---- event-9.14 start
++++ event-9.14 PASSED
---- event-9.15 start
++++ event-9.15 PASSED
---- event-9.16 start
++++ event-9.16 PASSED
---- event-9.17 start
++++ event-9.17 PASSED
---- event-9.18 start
++++ event-9.18 PASSED
---- event-9.19 start
++++ event-9.19 PASSED
---- event-9.20 start
++++ event-9.20 PASSED
filebox.test
---- fileDialog-0.1 start
++++ fileDialog-0.1 PASSED
---- fileDialog-0.2 start
++++ fileDialog-0.2 PASSED
---- fileDialog-0.3 start
++++ fileDialog-0.3 PASSED
++++ filebox-1.1.1-0 SKIPPED: notAqua
---- filebox-1.1.2-0 start
++++ filebox-1.1.2-0 PASSED
---- filebox-1.2-0-command start
++++ filebox-1.2-0-command PASSED
---- filebox-1.2-0-defaultextension start
++++ filebox-1.2-0-defaultextension PASSED
---- filebox-1.2-0-filetypes start
++++ filebox-1.2-0-filetypes PASSED
---- filebox-1.2-0-initialdir start
++++ filebox-1.2-0-initialdir PASSED
---- filebox-1.2-0-initialfile start
++++ filebox-1.2-0-initialfile PASSED
---- filebox-1.2-0-message start
++++ filebox-1.2-0-message PASSED
---- filebox-1.2-0-multiple start
++++ filebox-1.2-0-multiple PASSED
---- filebox-1.2-0-parent start
++++ filebox-1.2-0-parent PASSED
---- filebox-1.2-0-title start
++++ filebox-1.2-0-title PASSED
---- filebox-1.2-0-typevariable start
++++ filebox-1.2-0-typevariable PASSED
++++ filebox-1.3.1-0 SKIPPED: notAqua
---- filebox-1.3.2-0 start
++++ filebox-1.3.2-0 PASSED
---- filebox-1.4-0 start
++++ filebox-1.4-0 PASSED
---- filebox-1.5-0 start
++++ filebox-1.5-0 PASSED
---- filebox-1.6-0 start
++++ filebox-1.6-0 PASSED
++++ filebox-2.1-0 SKIPPED: nonUnixUserInteraction
++++ filebox-2.2-0 SKIPPED: nonUnixUserInteraction
++++ filebox-2.3-0 SKIPPED: nonUnixUserInteraction
++++ filebox-2.4-0 SKIPPED: nonUnixUserInteraction
++++ filebox-2.5-0 SKIPPED: nonUnixUserInteraction
++++ filebox-2.6-0 SKIPPED: nonUnixUserInteraction
---- fileDialog-2.7-0 start
++++ fileDialog-2.7-0 PASSED
++++ filebox-3.1-0 SKIPPED: nonUnixUserInteraction
++++ filebox-3.2-0 SKIPPED: nonUnixUserInteraction
++++ filebox-3.3-0 SKIPPED: nonUnixUserInteraction
++++ filebox-3.4-0 SKIPPED: nonUnixUserInteraction
++++ filebox-3.5-0 SKIPPED: nonUnixUserInteraction
++++ filebox-4.1.1-0 SKIPPED: notAqua
---- filebox-4.1.2-0 start
++++ filebox-4.1.2-0 PASSED
---- filebox-4.2-0-command start
++++ filebox-4.2-0-command PASSED
---- filebox-4.2-0-confirmoverwrite start
++++ filebox-4.2-0-confirmoverwrite PASSED
---- filebox-4.2-0-defaultextension start
++++ filebox-4.2-0-defaultextension PASSED
---- filebox-4.2-0-filetypes start
++++ filebox-4.2-0-filetypes PASSED
---- filebox-4.2-0-initialdir start
++++ filebox-4.2-0-initialdir PASSED
---- filebox-4.2-0-initialfile start
++++ filebox-4.2-0-initialfile PASSED
---- filebox-4.2-0-message start
++++ filebox-4.2-0-message PASSED
---- filebox-4.2-0-parent start
++++ filebox-4.2-0-parent PASSED
---- filebox-4.2-0-title start
++++ filebox-4.2-0-title PASSED
---- filebox-4.2-0-typevariable start
++++ filebox-4.2-0-typevariable PASSED
++++ filebox-4.3.1-0 SKIPPED: notAqua
---- filebox-4.3.2-0 start
++++ filebox-4.3.2-0 PASSED
---- filebox-4.4-0 start
++++ filebox-4.4-0 PASSED
---- filebox-4.5-0 start
++++ filebox-4.5-0 PASSED
---- filebox-4.6-0 start
++++ filebox-4.6-0 PASSED
++++ filebox-5.1-0 SKIPPED: nonUnixUserInteraction
++++ filebox-5.2-0 SKIPPED: nonUnixUserInteraction
++++ filebox-5.3-0 SKIPPED: nonUnixUserInteraction
++++ filebox-5.4-0 SKIPPED: nonUnixUserInteraction
++++ filebox-5.5-0 SKIPPED: nonUnixUserInteraction
++++ filebox-5.6-0 SKIPPED: nonUnixUserInteraction
++++ filebox-6.1-0 SKIPPED: nonUnixUserInteraction
++++ filebox-6.2-0 SKIPPED: nonUnixUserInteraction
++++ filebox-6.3-0 SKIPPED: nonUnixUserInteraction
++++ filebox-7.1-0 SKIPPED: nonUnixUserInteraction
++++ filebox-7.2-0 SKIPPED: nonUnixUserInteraction
++++ filebox-1.1.1-1 SKIPPED: notAqua
---- filebox-1.1.2-1 start
++++ filebox-1.1.2-1 PASSED
---- filebox-1.2-1-command start
++++ filebox-1.2-1-command PASSED
---- filebox-1.2-1-defaultextension start
++++ filebox-1.2-1-defaultextension PASSED
---- filebox-1.2-1-filetypes start
++++ filebox-1.2-1-filetypes PASSED
---- filebox-1.2-1-initialdir start
++++ filebox-1.2-1-initialdir PASSED
---- filebox-1.2-1-initialfile start
++++ filebox-1.2-1-initialfile PASSED
---- filebox-1.2-1-message start
++++ filebox-1.2-1-message PASSED
---- filebox-1.2-1-multiple start
++++ filebox-1.2-1-multiple PASSED
---- filebox-1.2-1-parent start
++++ filebox-1.2-1-parent PASSED
---- filebox-1.2-1-title start
++++ filebox-1.2-1-title PASSED
---- filebox-1.2-1-typevariable start
++++ filebox-1.2-1-typevariable PASSED
++++ filebox-1.3.1-1 SKIPPED: notAqua
---- filebox-1.3.2-1 start
++++ filebox-1.3.2-1 PASSED
---- filebox-1.4-1 start
++++ filebox-1.4-1 PASSED
---- filebox-1.5-1 start
++++ filebox-1.5-1 PASSED
---- filebox-1.6-1 start
++++ filebox-1.6-1 PASSED
++++ filebox-2.1-1 SKIPPED: nonUnixUserInteraction
++++ filebox-2.2-1 SKIPPED: nonUnixUserInteraction
++++ filebox-2.3-1 SKIPPED: nonUnixUserInteraction
++++ filebox-2.4-1 SKIPPED: nonUnixUserInteraction
++++ filebox-2.5-1 SKIPPED: nonUnixUserInteraction
++++ filebox-2.6-1 SKIPPED: nonUnixUserInteraction
---- fileDialog-2.7-1 start
++++ fileDialog-2.7-1 PASSED
++++ filebox-3.1-1 SKIPPED: nonUnixUserInteraction
++++ filebox-3.2-1 SKIPPED: nonUnixUserInteraction
++++ filebox-3.3-1 SKIPPED: nonUnixUserInteraction
++++ filebox-3.4-1 SKIPPED: nonUnixUserInteraction
++++ filebox-3.5-1 SKIPPED: nonUnixUserInteraction
++++ filebox-4.1.1-1 SKIPPED: notAqua
---- filebox-4.1.2-1 start
++++ filebox-4.1.2-1 PASSED
---- filebox-4.2-1-command start
++++ filebox-4.2-1-command PASSED
---- filebox-4.2-1-confirmoverwrite start
++++ filebox-4.2-1-confirmoverwrite PASSED
---- filebox-4.2-1-defaultextension start
++++ filebox-4.2-1-defaultextension PASSED
---- filebox-4.2-1-filetypes start
++++ filebox-4.2-1-filetypes PASSED
---- filebox-4.2-1-initialdir start
++++ filebox-4.2-1-initialdir PASSED
---- filebox-4.2-1-initialfile start
++++ filebox-4.2-1-initialfile PASSED
---- filebox-4.2-1-message start
++++ filebox-4.2-1-message PASSED
---- filebox-4.2-1-parent start
++++ filebox-4.2-1-parent PASSED
---- filebox-4.2-1-title start
++++ filebox-4.2-1-title PASSED
---- filebox-4.2-1-typevariable start
++++ filebox-4.2-1-typevariable PASSED
++++ filebox-4.3.1-1 SKIPPED: notAqua
---- filebox-4.3.2-1 start
++++ filebox-4.3.2-1 PASSED
---- filebox-4.4-1 start
++++ filebox-4.4-1 PASSED
---- filebox-4.5-1 start
++++ filebox-4.5-1 PASSED
---- filebox-4.6-1 start
++++ filebox-4.6-1 PASSED
++++ filebox-5.1-1 SKIPPED: nonUnixUserInteraction
++++ filebox-5.2-1 SKIPPED: nonUnixUserInteraction
++++ filebox-5.3-1 SKIPPED: nonUnixUserInteraction
++++ filebox-5.4-1 SKIPPED: nonUnixUserInteraction
++++ filebox-5.5-1 SKIPPED: nonUnixUserInteraction
++++ filebox-5.6-1 SKIPPED: nonUnixUserInteraction
++++ filebox-6.1-1 SKIPPED: nonUnixUserInteraction
++++ filebox-6.2-1 SKIPPED: nonUnixUserInteraction
++++ filebox-6.3-1 SKIPPED: nonUnixUserInteraction
focus.test
---- focus-1.1 start
++++ focus-1.1 PASSED
++++ focus-1.2 SKIPPED: altDisplay
---- focus-1.3 start
++++ focus-1.3 PASSED
---- focus-1.4 start
++++ focus-1.4 PASSED
---- focus-1.5 start
++++ focus-1.5 PASSED
---- focus-1.6 start
++++ focus-1.6 PASSED
---- focus-1.7 start
++++ focus-1.7 PASSED
---- focus-1.8 start
++++ focus-1.8 PASSED
---- focus-1.9 start
++++ focus-1.9 PASSED
---- focus-1.10 start
++++ focus-1.10 PASSED
---- focus-1.11 start
++++ focus-1.11 PASSED
---- focus-1.12 start
++++ focus-1.12 PASSED
---- focus-1.13 start
++++ focus-1.13 PASSED
++++ focus-1.14 SKIPPED: altDisplay
---- focus-1.15 start
++++ focus-1.15 PASSED
---- focus-1.16 start
++++ focus-1.16 PASSED
---- focus-1.17 start
++++ focus-1.17 PASSED
---- focus-1.18 start
++++ focus-1.18 PASSED
---- focus-1.19 start
++++ focus-1.19 PASSED
---- focus-1.20 start
++++ focus-1.20 PASSED
---- focus-1.21 start
++++ focus-1.21 PASSED
---- focus-1.22 start
++++ focus-1.22 PASSED
---- focus-1.23 start
++++ focus-1.23 PASSED
---- focus-1.24 start
++++ focus-1.24 PASSED
---- focus-1.25 start
++++ focus-1.25 PASSED
++++ focus-2.1 SKIPPED: nonPortable
++++ focus-2.2 SKIPPED: nonPortable
++++ focus-2.3 SKIPPED: nonPortable
++++ focus-2.4 SKIPPED: nonPortable
++++ focus-2.5 SKIPPED: nonPortable
++++ focus-2.6 SKIPPED: testwrapper
++++ focus-2.7 SKIPPED: testwrapper
++++ focus-2.8 SKIPPED: testwrapper
++++ focus-2.9 SKIPPED: testwrapper
++++ focus-2.10 SKIPPED: testwrapper
++++ focus-2.11 SKIPPED: testwrapper
++++ focus-2.12 SKIPPED: testwrapper
++++ focus-2.13 SKIPPED: testwrapper
++++ focus-2.14 SKIPPED: testwrapper
++++ focus-2.15 SKIPPED: testwrapper
++++ focus-2.16 SKIPPED: testwrapper
++++ focus-2.17 SKIPPED: testwrapper
++++ focus-3.1 SKIPPED: testwrapper
++++ focus-3.2 SKIPPED: testwrapper
++++ focus-3.3 SKIPPED: testwrapper
++++ focus-3.4 SKIPPED: testwrapper
++++ focus-3.5 SKIPPED: testwrapper
++++ focus-3.6 SKIPPED: testwrapper
++++ focus-3.7 SKIPPED: nonPortable
++++ focus-4.1 SKIPPED: testwrapper
++++ focus-4.2 SKIPPED: testwrapper
++++ focus-4.3 SKIPPED: nonPortable
++++ focus-4.4 SKIPPED: testwrapper
++++ focus-5.1 SKIPPED: testwrapper
++++ focus-6.1 SKIPPED: testwrapper
++++ focus-6.2 SKIPPED: testwrapper
---- focus-7.1 start
++++ focus-7.1 PASSED
---- focus-8.1 start
++++ focus-8.1 PASSED
focusTcl.test
---- focusTcl-1.1 start
++++ focusTcl-1.1 PASSED
---- focusTcl-1.2 start
++++ focusTcl-1.2 PASSED
---- focusTcl-1.3 start
++++ focusTcl-1.3 PASSED
---- focusTcl-1.4 start
++++ focusTcl-1.4 PASSED
---- focusTcl-1.5 start
++++ focusTcl-1.5 PASSED
---- focusTcl-1.6 start
++++ focusTcl-1.6 PASSED
---- focusTcl-1.7 start
++++ focusTcl-1.7 PASSED
---- focusTcl-1.8 start
++++ focusTcl-1.8 PASSED
---- focusTcl-1.9 start
++++ focusTcl-1.9 PASSED
---- focusTcl-1.10 start
++++ focusTcl-1.10 PASSED
---- focusTcl-1.11 start
++++ focusTcl-1.11 PASSED
---- focusTcl-1.12 start
++++ focusTcl-1.12 PASSED
---- focusTcl-2.1 start
++++ focusTcl-2.1 PASSED
---- focusTcl-2.2 start
++++ focusTcl-2.2 PASSED
---- focusTcl-2.3 start
++++ focusTcl-2.3 PASSED
---- focusTcl-2.4 start
++++ focusTcl-2.4 PASSED
---- focusTcl-2.5 start
++++ focusTcl-2.5 PASSED
---- focusTcl-3.1 start
++++ focusTcl-3.1 PASSED
---- focusTcl-3.2 start
++++ focusTcl-3.2 PASSED
---- focusTcl-3.3 start
++++ focusTcl-3.3 PASSED
---- focusTcl-3.4 start
++++ focusTcl-3.4 PASSED
---- focusTcl-3.5 start
++++ focusTcl-3.5 PASSED
---- focusTcl-3.6 start
++++ focusTcl-3.6 PASSED
---- focusTcl-3.7 start
++++ focusTcl-3.7 PASSED
---- focusTcl-3.8 start
++++ focusTcl-3.8 PASSED
---- focusTcl-3.9 start
++++ focusTcl-3.9 PASSED
---- focusTcl-4.1 start
++++ focusTcl-4.1 PASSED
---- focusTcl-4.2 start
++++ focusTcl-4.2 PASSED
---- focusTcl-4.3 start
++++ focusTcl-4.3 PASSED
---- focusTcl-4.4 start
++++ focusTcl-4.4 PASSED
---- focusTcl-4.5 start
++++ focusTcl-4.5 PASSED
---- focusTcl-5.1 start
++++ focusTcl-5.1 PASSED
---- focusTcl-5.2 start
++++ focusTcl-5.2 PASSED
---- focusTcl-5.3 start
++++ focusTcl-5.3 PASSED
---- focusTcl-5.4 start
++++ focusTcl-5.4 PASSED
---- focusTcl-5.5 start
++++ focusTcl-5.5 PASSED
---- focusTcl-5.6 start
++++ focusTcl-5.6 PASSED
---- focusTcl-5.7 start
++++ focusTcl-5.7 PASSED
---- focusTcl-5.8 start
++++ focusTcl-5.8 PASSED
---- focusTcl-5.9 start
++++ focusTcl-5.9 PASSED
---- focusTcl-5.10 start
++++ focusTcl-5.10 PASSED
---- focusTcl-5.11 start
++++ focusTcl-5.11 PASSED
font.test
---- font-1.1 start
++++ font-1.1 PASSED
---- font-2.1 start
++++ font-2.1 PASSED
---- font-3.1 start
++++ font-3.1 PASSED
---- font-3.2 start
++++ font-3.2 PASSED
---- font-4.1 start
++++ font-4.1 PASSED
---- font-4.2 start
++++ font-4.2 PASSED
---- font-4.3 start
++++ font-4.3 PASSED
---- font-4.4 start
++++ font-4.4 PASSED
---- font-4.5 start
++++ font-4.5 PASSED
---- font-4.6 start
++++ font-4.6 PASSED
---- font-4.7 start
++++ font-4.7 PASSED
---- font-4.8 start
++++ font-4.8 PASSED
---- font-4.9 start
++++ font-4.9 PASSED
++++ font-4.10 SKIPPED: win
---- font-4.11 start
++++ font-4.11 PASSED
---- font-4.12 start
++++ font-4.12 PASSED
---- font-4.13 start
++++ font-4.13 PASSED
++++ font-4.14 SKIPPED: utfcompat
---- font-4.15 start
++++ font-4.15 PASSED
++++ font-4.16 SKIPPED: win
---- font-5.1 start
++++ font-5.1 PASSED
---- font-5.2 start
++++ font-5.2 PASSED
---- font-5.3 start
++++ font-5.3 PASSED
---- font-5.4 start
++++ font-5.4 PASSED
---- font-5.5 start
++++ font-5.5 PASSED
---- font-5.6 start
++++ font-5.6 PASSED
---- font-5.7 start
++++ font-5.7 PASSED
---- font-6.1 start
++++ font-6.1 PASSED
---- font-6.2 start
++++ font-6.2 PASSED
---- font-6.3 start
++++ font-6.3 PASSED
---- font-6.4 start
++++ font-6.4 PASSED
---- font-6.5 start
++++ font-6.5 PASSED
---- font-6.6 start
++++ font-6.6 PASSED
---- font-6.7 start
++++ font-6.7 PASSED
---- font-7.1 start
++++ font-7.1 PASSED
---- font-7.2 start
++++ font-7.2 PASSED
---- font-7.3 start
++++ font-7.3 PASSED
---- font-7.4 start
++++ font-7.4 PASSED
---- font-7.5 start
++++ font-7.5 PASSED
---- font-7.6 start
++++ font-7.6 PASSED
---- font-7.7 start
++++ font-7.7 PASSED
---- font-8.1 start
++++ font-8.1 PASSED
---- font-8.2 start
++++ font-8.2 PASSED
---- font-8.3 start
++++ font-8.3 PASSED
---- font-8.4 start
++++ font-8.4 PASSED
---- font-9.1 start
++++ font-9.1 PASSED
---- font-9.2 start
++++ font-9.2 PASSED
---- font-9.3 start
++++ font-9.3 PASSED
---- font-9.4 start
++++ font-9.4 PASSED
---- font-9.5 start
++++ font-9.5 PASSED
---- font-9.6 start
++++ font-9.6 PASSED
---- font-9.7 start
++++ font-9.7 PASSED
---- font-9.8 start
++++ font-9.8 PASSED
---- font-10.1 start
++++ font-10.1 PASSED
---- font-10.2 start
++++ font-10.2 PASSED
---- font-10.3 start
++++ font-10.3 PASSED
---- font-10.4 start
++++ font-10.4 PASSED
---- font-10.5 start
++++ font-10.5 PASSED
---- font-10.6 start
++++ font-10.6 PASSED
---- font-10.7 start
++++ font-10.7 PASSED
---- font-10.8 start
++++ font-10.8 PASSED
---- font-10.9 start
++++ font-10.9 PASSED
---- font-11.1 start
++++ font-11.1 PASSED
---- font-11.2 start
++++ font-11.2 PASSED
---- font-11.3 start
++++ font-11.3 PASSED
---- font-11.4 start
++++ font-11.4 PASSED
---- font-11.5 start
++++ font-11.5 PASSED
---- font-12.1 start
++++ font-12.1 PASSED
---- font-12.2 start
++++ font-12.2 PASSED
---- font-13.1 start
++++ font-13.1 PASSED
---- font-13.2 start
++++ font-13.2 PASSED
---- font-13.3 start
++++ font-13.3 PASSED
---- font-13.4 start
++++ font-13.4 PASSED
---- font-14.1 start
++++ font-14.1 PASSED
---- font-15.1 start
++++ font-15.1 PASSED
---- font-15.2 start
++++ font-15.2 PASSED
---- font-15.3 start
++++ font-15.3 PASSED
---- font-15.4 start
++++ font-15.4 PASSED
---- font-15.5 start
++++ font-15.5 PASSED
---- font-15.6 start
++++ font-15.6 PASSED
---- font-15.7 start
++++ font-15.7 PASSED
++++ font-15.8 SKIPPED: win
---- font-15.9 start
++++ font-15.9 PASSED
---- font-15.10 start
++++ font-15.10 PASSED
---- font-15.11 start
++++ font-15.11 PASSED
---- font-15.12 start
++++ font-15.12 PASSED
---- font-15.13 start
++++ font-15.13 PASSED
---- font-16.1 start
++++ font-16.1 PASSED
---- font-17.1 start
++++ font-17.1 PASSED
---- font-17.2 start
++++ font-17.2 PASSED
---- font-17.3 start
++++ font-17.3 PASSED
---- font-17.4 start
++++ font-17.4 PASSED
---- font-17.5 start
++++ font-17.5 PASSED
---- font-17.6 start
++++ font-17.6 PASSED
---- font-18.1 start
++++ font-18.1 PASSED
---- font-19.1 start
++++ font-19.1 PASSED
---- font-20.1 start
++++ font-20.1 PASSED
---- font-21.1 start
++++ font-21.1 PASSED
++++ font-21.2 SKIPPED: win
++++ font-21.3 SKIPPED: win
++++ font-21.4 SKIPPED: win
---- font-21.5 start
++++ font-21.5 PASSED
++++ font-21.6 SKIPPED: x11
---- font-21.7 start
++++ font-21.7 PASSED
---- font-21.8 start
++++ font-21.8 PASSED
---- font-21.9 start
++++ font-21.9 PASSED
---- font-21.10 start
++++ font-21.10 PASSED
---- font-21.11 start
++++ font-21.11 PASSED
---- font-21.12 start
++++ font-21.12 PASSED
---- font-21.13 start
++++ font-21.13 PASSED
---- font-21.14 start
++++ font-21.14 PASSED
---- font-21.15 start
++++ font-21.15 PASSED
---- font-21.16 start
++++ font-21.16 PASSED
---- font-21.17 start
++++ font-21.17 PASSED
---- font-21.18 start
++++ font-21.18 PASSED
---- font-21.19 start
++++ font-21.19 PASSED
---- font-21.20 start
++++ font-21.20 PASSED
---- font-21.21 start
++++ font-21.21 PASSED
---- font-21.22 start
++++ font-21.22 PASSED
---- font-21.23 start
++++ font-21.23 PASSED
---- font-21.24 start
++++ font-21.24 PASSED
---- font-21.25 start
++++ font-21.25 PASSED
---- font-21.26 start
++++ font-21.26 PASSED
---- font-21.27 start
++++ font-21.27 PASSED
---- font-21.28 start
++++ font-21.28 PASSED
---- font-21.29 start
++++ font-21.29 PASSED
---- font-21.30 start
++++ font-21.30 PASSED
---- font-21.31 start
++++ font-21.31 PASSED
---- font-21.32 start
++++ font-21.32 PASSED
---- font-21.33 start
++++ font-21.33 PASSED
---- font-21.34 start
++++ font-21.34 PASSED
---- font-21.35 start
++++ font-21.35 PASSED
---- font-21.36 start
++++ font-21.36 PASSED
---- font-21.37 start
++++ font-21.37 PASSED
---- font-21.38 start
++++ font-21.38 PASSED
---- font-21.39 start
++++ font-21.39 PASSED
---- font-21.40 start
++++ font-21.40 PASSED
---- font-21.41 start
++++ font-21.41 PASSED
---- font-21.42 start
++++ font-21.42 PASSED
---- font-21.43 start
++++ font-21.43 PASSED
---- font-21.44 start
++++ font-21.44 PASSED
---- font-21.45 start
++++ font-21.45 PASSED
---- font-21.46 start
++++ font-21.46 PASSED
++++ font-21.47 SKIPPED: win
++++ font-21.48 SKIPPED: win
++++ font-21.49 SKIPPED: win
++++ font-21.50 SKIPPED: win
++++ font-21.51 SKIPPED: win
++++ font-21.52 SKIPPED: win
++++ font-21.53 SKIPPED: win
++++ font-21.54 SKIPPED: win
++++ font-21.55 SKIPPED: win
++++ font-21.56 SKIPPED: win
++++ font-21.57 SKIPPED: win
++++ font-21.58 SKIPPED: win
++++ font-21.59 SKIPPED: win
++++ font-21.60 SKIPPED: win
++++ font-21.61 SKIPPED: win
++++ font-21.62 SKIPPED: win
++++ font-21.63 SKIPPED: win
++++ font-21.64 SKIPPED: win
++++ font-21.65 SKIPPED: win
++++ font-21.66 SKIPPED: win
---- font-22.1 start
++++ font-22.1 PASSED
---- font-23.1 start
++++ font-23.1 PASSED
---- font-24.1 start
++++ font-24.1 PASSED
---- font-24.2 start
++++ font-24.2 PASSED
---- font-24.3 start
++++ font-24.3 PASSED
---- font-24.4 start
++++ font-24.4 PASSED
---- font-24.5 start
++++ font-24.5 PASSED
---- font-24.6 start
++++ font-24.6 PASSED
---- font-24.7 start
++++ font-24.7 PASSED
---- font-24.8 start
++++ font-24.8 PASSED
---- font-24.9 start
++++ font-24.9 PASSED
---- font-24.10 start
++++ font-24.10 PASSED
---- font-24.11 start
++++ font-24.11 PASSED
---- font-24.12 start
++++ font-24.12 PASSED
---- font-24.13 start
++++ font-24.13 PASSED
---- font-24.14 start
++++ font-24.14 PASSED
---- font-24.15 start
++++ font-24.15 PASSED
---- font-25.1 start
++++ font-25.1 PASSED
---- font-26.1 start
++++ font-26.1 PASSED
---- font-26.2 start
++++ font-26.2 PASSED
---- font-26.3 start
++++ font-26.3 PASSED
---- font-26.4 start
++++ font-26.4 PASSED
---- font-26.5 start
++++ font-26.5 PASSED
---- font-26.6 start
++++ font-26.6 PASSED
---- font-27.1 start
++++ font-27.1 PASSED
---- font-27.2 start
++++ font-27.2 PASSED
---- font-27.3 start
++++ font-27.3 PASSED
---- font-28.1 start
++++ font-28.1 PASSED
---- font-28.2 start
++++ font-28.2 PASSED
---- font-28.3 start
++++ font-28.3 PASSED
---- font-28.4 start
++++ font-28.4 PASSED
---- font-28.5 start
++++ font-28.5 PASSED
---- font-28.6 start
++++ font-28.6 PASSED
---- font-28.7 start
++++ font-28.7 PASSED
---- font-28.8 start
++++ font-28.8 PASSED
---- font-28.9 start
++++ font-28.9 PASSED
---- font-28.10 start
++++ font-28.10 PASSED
---- font-28.11 start
++++ font-28.11 PASSED
---- font-29.1 start
++++ font-29.1 PASSED
---- font-29.2 start
++++ font-29.2 PASSED
---- font-29.3 start
++++ font-29.3 PASSED
---- font-29.4 start
++++ font-29.4 PASSED
---- font-29.5 start
++++ font-29.5 PASSED
---- font-29.6 start
++++ font-29.6 PASSED
---- font-30.1 start
++++ font-30.1 PASSED
---- font-30.2 start
++++ font-30.2 PASSED
---- font-30.3 start
++++ font-30.3 PASSED
---- font-30.4 start
++++ font-30.4 PASSED
---- font-30.5 start
++++ font-30.5 PASSED
---- font-30.6 start
++++ font-30.6 PASSED
---- font-30.7 start
++++ font-30.7 PASSED
---- font-30.8 start
++++ font-30.8 PASSED
---- font-30.9 start
++++ font-30.9 PASSED
---- font-30.10 start
++++ font-30.10 PASSED
---- font-30.11 start
++++ font-30.11 PASSED
---- font-30.12 start
++++ font-30.12 PASSED
---- font-30.13 start
++++ font-30.13 PASSED
---- font-31.1 start
++++ font-31.1 PASSED
---- font-31.2 start
++++ font-31.2 PASSED
---- font-31.3 start
++++ font-31.3 PASSED
---- font-31.4 start
++++ font-31.4 PASSED
---- font-31.5 start
++++ font-31.5 PASSED
---- font-31.6 start
++++ font-31.6 PASSED
---- font-31.7 start
++++ font-31.7 PASSED
---- font-32.1 start
++++ font-32.1 PASSED
---- font-33.1 start
++++ font-33.1 PASSED
---- font-34.1 start
++++ font-34.1 PASSED
---- font-34.2 start
++++ font-34.2 PASSED
---- font-34.3 start
++++ font-34.3 PASSED
---- font-34.4 start
++++ font-34.4 PASSED
---- font-34.5 start
++++ font-34.5 PASSED
---- font-34.6 start
++++ font-34.6 PASSED
---- font-34.7 start
++++ font-34.7 PASSED
---- font-34.8 start
++++ font-34.8 PASSED
---- font-34.9 start
++++ font-34.9 PASSED
---- font-34.10 start
++++ font-34.10 PASSED
---- font-34.11 start
++++ font-34.11 PASSED
---- font-34.12 start
++++ font-34.12 PASSED
---- font-34.13 start
++++ font-34.13 PASSED
---- font-35.1 start
++++ font-35.1 PASSED
---- font-36.1 start
++++ font-36.1 PASSED
---- font-37.1 start
++++ font-37.1 PASSED
---- font-37.2 start
++++ font-37.2 PASSED
---- font-37.3 start
++++ font-37.3 PASSED
---- font-37.4 start
++++ font-37.4 PASSED
---- font-37.5 start
++++ font-37.5 PASSED
---- font-37.6 start
++++ font-37.6 PASSED
---- font-37.7 start
++++ font-37.7 PASSED
---- font-38.1 start
++++ font-38.1 PASSED
---- font-38.2 start
++++ font-38.2 PASSED
---- font-38.3 start
++++ font-38.3 PASSED
---- font-38.4 start
++++ font-38.4 PASSED
---- font-38.5 start
++++ font-38.5 PASSED
---- font-38.6 start
++++ font-38.6 PASSED
---- font-38.7 start
++++ font-38.7 PASSED
---- font-38.8 start
++++ font-38.8 PASSED
---- font-38.9 start
++++ font-38.9 PASSED
---- font-38.10 start
++++ font-38.10 PASSED
---- font-38.11 start
++++ font-38.11 PASSED
---- font-38.12 start
++++ font-38.12 PASSED
---- font-38.13 start
++++ font-38.13 PASSED
---- font-38.14 start
++++ font-38.14 PASSED
---- font-39.1 start
++++ font-39.1 PASSED
---- font-40.1 start
++++ font-40.1 PASSED
---- font-40.2 start
++++ font-40.2 PASSED
---- font-40.3 start
++++ font-40.3 PASSED
---- font-40.4 start
++++ font-40.4 PASSED
---- font-40.5 start
++++ font-40.5 PASSED
---- font-41.1 start
++++ font-41.1 PASSED
---- font-42.1 start
++++ font-42.1 PASSED
---- font-42.2 start
++++ font-42.2 PASSED
---- font-42.3 start
++++ font-42.3 PASSED
---- font-42.4 start
++++ font-42.4 PASSED
---- font-42.5 start
++++ font-42.5 PASSED
---- font-43.1 start
++++ font-43.1 PASSED
---- font-44.1 start
++++ font-44.1 PASSED
---- font-44.2 start
++++ font-44.2 PASSED
---- font-44.3 start
++++ font-44.3 PASSED
---- font-45.1 start
++++ font-45.1 PASSED
++++ font-45.2 SKIPPED: win
---- font-45.3 start
++++ font-45.3 PASSED
---- font-46.1 start
++++ font-46.1 PASSED
---- font-46.2 start
++++ font-46.2 PASSED
---- font-46.3 start
++++ font-46.3 PASSED
---- font-46.4 start
++++ font-46.4 PASSED
---- font-46.5 start
++++ font-46.5 PASSED
---- font-47.1 start
++++ font-47.1 PASSED
---- font-47.2 start
++++ font-47.2 PASSED
---- font-47.3 start
++++ font-47.3 PASSED
fontchooser.test
---- fontchooser-1.1 start
++++ fontchooser-1.1 PASSED
---- fontchooser-1.2 start
++++ fontchooser-1.2 PASSED
---- fontchooser-1.3 start
++++ fontchooser-1.3 PASSED
---- fontchooser-1.4 start
++++ fontchooser-1.4 PASSED
---- fontchooser-1.5 start
++++ fontchooser-1.5 PASSED
---- fontchooser-1.6 start
++++ fontchooser-1.6 PASSED
---- fontchooser-1.7 start
++++ fontchooser-1.7 PASSED
---- fontchooser-1.8 start
++++ fontchooser-1.8 PASSED
---- fontchooser-1.9 start
++++ fontchooser-1.9 PASSED
++++ fontchooser-2.0 SKIPPED: scriptImpl
++++ fontchooser-2.1 SKIPPED: scriptImpl
++++ fontchooser-3.0 SKIPPED: scriptImpl
++++ fontchooser-3.1 SKIPPED: scriptImpl
++++ fontchooser-4.0 SKIPPED: scriptImpl
++++ fontchooser-4.1 SKIPPED: scriptImpl
++++ fontchooser-4.2 SKIPPED: scriptImpl
++++ fontchooser-4.3 SKIPPED: scriptImpl
++++ fontchooser-4.4 SKIPPED: scriptImpl
++++ fontchooser-5.1 SKIPPED: scriptImpl
frame.test
---- frame-1.1 start
++++ frame-1.1 PASSED
---- frame-1.2 start
++++ frame-1.2 PASSED
---- frame-1.3 start
++++ frame-1.3 PASSED
---- frame-1.4 start
++++ frame-1.4 PASSED
---- frame-1.5 start
++++ frame-1.5 PASSED
---- frame-1.6 start
++++ frame-1.6 PASSED
---- frame-1.7 start
++++ frame-1.7 PASSED
---- frame-1.8 start
++++ frame-1.8 PASSED
---- frame-1.9 start
++++ frame-1.9 PASSED
---- frame-1.10 start
++++ frame-1.10 PASSED
---- frame-1.11 start
++++ frame-1.11 PASSED
---- frame-1.12 start
++++ frame-1.12 PASSED
---- frame-1.13 start
++++ frame-1.13 PASSED
---- frame-1.14 start
++++ frame-1.14 PASSED
---- frame-1.15 start
++++ frame-1.15 PASSED
---- frame-1.16 start
++++ frame-1.16 PASSED
---- frame-1.17 start
++++ frame-1.17 PASSED
---- frame-1.18 start
++++ frame-1.18 PASSED
---- frame-1.19 start
++++ frame-1.19 PASSED
---- frame-1.20 start
++++ frame-1.20 PASSED
---- frame-1.21 start
++++ frame-1.21 PASSED
---- frame-1.22 start
++++ frame-1.22 PASSED
---- frame-1.23 start
++++ frame-1.23 PASSED
---- frame-1.24 start
++++ frame-1.24 PASSED
---- frame-1.25 start
++++ frame-1.25 PASSED
---- frame-1.26 start
++++ frame-1.26 PASSED
---- frame-1.27 start
++++ frame-1.27 PASSED
---- frame-1.28 start
++++ frame-1.28 PASSED
---- frame-1.29 start
++++ frame-1.29 PASSED
---- frame-1.30 start
++++ frame-1.30 PASSED
---- frame-1.31 start
++++ frame-1.31 PASSED
---- frame-1.32 start
++++ frame-1.32 PASSED
---- frame-1.33 start
++++ frame-1.33 PASSED
---- frame-1.34 start
++++ frame-1.34 PASSED
---- frame-1.35 start
++++ frame-1.35 PASSED
---- frame-1.36 start
++++ frame-1.36 PASSED
---- frame-1.37 start
++++ frame-1.37 PASSED
---- frame-1.38 start
++++ frame-1.38 PASSED
---- frame-1.39 start
++++ frame-1.39 PASSED
---- frame-2.1 start
++++ frame-2.1 PASSED
---- frame-2.2 start
++++ frame-2.2 PASSED
---- frame-2.3 start
++++ frame-2.3 PASSED
---- frame-2.4 start
++++ frame-2.4 PASSED
---- frame-2.5 start
++++ frame-2.5 PASSED
---- frame-2.6 start
++++ frame-2.6 PASSED
---- frame-2.7 start
++++ frame-2.7 PASSED
++++ frame-2.8 SKIPPED: win
++++ frame-2.9 SKIPPED: win
---- frame-2.10 start
++++ frame-2.10 PASSED
---- frame-2.11 start
++++ frame-2.11 PASSED
---- frame-2.12 start
++++ frame-2.12 PASSED
---- frame-2.13 start
++++ frame-2.13 PASSED
---- frame-2.14 start
++++ frame-2.14 PASSED
++++ frame-2.15 SKIPPED: haveDISPLAY
++++ frame-2.16 SKIPPED: haveDISPLAY
---- frame-2.17 start
++++ frame-2.17 PASSED
---- frame-2.18 start
++++ frame-2.18 PASSED
---- frame-2.19 start
++++ frame-2.19 PASSED
---- frame-2.20 start
++++ frame-2.20 PASSED
---- frame-2.21 start
++++ frame-2.21 PASSED
---- frame-2.22 start
++++ frame-2.22 PASSED
---- frame-2.23 start
++++ frame-2.23 PASSED
---- frame-2.24 start
++++ frame-2.24 PASSED
---- frame-2.25 start
++++ frame-2.25 PASSED
---- frame-2.26 start
++++ frame-2.26 PASSED
---- frame-2.27 start
++++ frame-2.27 PASSED
---- frame-2.28 start
++++ frame-2.28 PASSED
---- frame-2.29 start
++++ frame-2.29 PASSED
---- frame-2.30 start
++++ frame-2.30 PASSED
---- frame-2.31 start
++++ frame-2.31 PASSED
---- frame-2.32 start
++++ frame-2.32 PASSED
---- frame-2.33 start
++++ frame-2.33 PASSED
---- frame-2.34 start
++++ frame-2.34 PASSED
---- frame-2.35 start
++++ frame-2.35 PASSED
---- frame-2.36 start
++++ frame-2.36 PASSED
---- frame-2.37 start
++++ frame-2.37 PASSED
---- frame-2.38 start
++++ frame-2.38 PASSED
---- frame-2.39 start
++++ frame-2.39 PASSED
---- frame-2.40 start
++++ frame-2.40 PASSED
---- frame-2.41 start
++++ frame-2.41 PASSED
---- frame-2.42 start
++++ frame-2.42 PASSED
---- frame-2.43 start
++++ frame-2.43 PASSED
---- frame-3.1 start
++++ frame-3.1 PASSED
---- frame-3.2 start
++++ frame-3.2 PASSED
---- frame-3.3 start
++++ frame-3.3 PASSED
---- frame-3.4 start
++++ frame-3.4 PASSED
---- frame-3.5 start
++++ frame-3.5 PASSED
---- frame-3.7 start
++++ frame-3.7 PASSED
---- frame-3.8 start
++++ frame-3.8 PASSED
---- frame-3.9 start
++++ frame-3.9 PASSED
---- frame-3.10 start
++++ frame-3.10 PASSED
++++ frame-3.11 SKIPPED: defaultPseudocolor8
++++ frame-3.12 SKIPPED: defaultPseudocolor8
++++ frame-3.13 SKIPPED: defaultPseudocolor8
++++ frame-3.14 SKIPPED: defaultPseudocolor8
++++ frame-3.15 SKIPPED: defaultPseudocolor8
++++ frame-3.16 SKIPPED: defaultPseudocolor8
++++ frame-3.17 SKIPPED: defaultPseudocolor8
++++ frame-3.18 SKIPPED: defaultPseudocolor8
++++ frame-3.19 SKIPPED: defaultPseudocolor8
++++ frame-3.20 SKIPPED: defaultPseudocolor8
++++ frame-3.21 SKIPPED: defaultPseudocolor8
---- frame-3.22 start
++++ frame-3.22 PASSED
---- frame-3.23 start
++++ frame-3.23 PASSED
---- frame-3.24 start
++++ frame-3.24 PASSED
---- frame-4.1 start
++++ frame-4.1 PASSED
---- frame-4.2 start
++++ frame-4.2 PASSED
---- frame-5.1 start
++++ frame-5.1 PASSED
---- frame-5.2 start
++++ frame-5.2 PASSED
---- frame-5.3 start
++++ frame-5.3 PASSED
---- frame-5.4 start
++++ frame-5.4 PASSED
---- frame-5.5 start
++++ frame-5.5 PASSED
---- frame-5.6 start
++++ frame-5.6 PASSED
---- frame-5.7 start
++++ frame-5.7 PASSED
---- frame-5.8 start
++++ frame-5.8 PASSED
---- frame-5.9 start
++++ frame-5.9 PASSED
---- frame-5.10 start
++++ frame-5.10 PASSED
---- frame-5.11 start
++++ frame-5.11 PASSED
---- frame-5.12 start
++++ frame-5.12 PASSED
---- frame-5.13 start
++++ frame-5.13 PASSED
---- frame-6.1 start
++++ frame-6.1 PASSED
---- frame-6.2 start
++++ frame-6.2 PASSED
---- frame-6.3 start
++++ frame-6.3 PASSED
---- frame-7.1 start
++++ frame-7.1 PASSED
---- frame-7.2 start
++++ frame-7.2 PASSED
---- frame-8.1 start
++++ frame-8.1 PASSED
---- frame-8.2 start
++++ frame-8.2 PASSED
---- frame-9.1 start
++++ frame-9.1 PASSED
---- frame-9.2 start
++++ frame-9.2 PASSED
---- frame-9.3 start
++++ frame-9.3 PASSED
---- frame-10.1 start
++++ frame-10.1 PASSED
---- frame-11.1 start
++++ frame-11.1 PASSED
---- frame-11.2 start
++++ frame-11.2 PASSED
---- frame-12.1 start
++++ frame-12.1 PASSED
---- frame-12.2 start
++++ frame-12.2 PASSED
---- frame-12.3 start
++++ frame-12.3 PASSED
---- frame-13.1 start
++++ frame-13.1 PASSED
---- frame-13.2 start
++++ frame-13.2 PASSED
---- frame-13.3 start
++++ frame-13.3 PASSED
---- frame-13.4 start
++++ frame-13.4 PASSED
---- frame-13.5 start
++++ frame-13.5 PASSED
---- frame-13.6 start
++++ frame-13.6 PASSED
---- frame-13.7 start
++++ frame-13.7 PASSED
---- frame-13.8 start
++++ frame-13.8 PASSED
---- frame-13.9 start
++++ frame-13.9 PASSED
---- frame-13.10 start
++++ frame-13.10 PASSED
---- frame-13.11 start
++++ frame-13.11 PASSED
---- frame-13.12 start
++++ frame-13.12 PASSED
---- frame-13.13 start
++++ frame-13.13 PASSED
---- frame-13.14 start
++++ frame-13.14 PASSED
---- frame-13.15 start
++++ frame-13.15 PASSED
---- frame-13.16 start
++++ frame-13.16 PASSED
---- frame-13.17 start
++++ frame-13.17 PASSED
---- frame-13.18 start
++++ frame-13.18 PASSED
---- frame-13.19 start
++++ frame-13.19 PASSED
---- frame-13.20 start
++++ frame-13.20 PASSED
---- frame-13.21 start
++++ frame-13.21 PASSED
---- frame-13.22 start
++++ frame-13.22 PASSED
---- frame-13.23 start
++++ frame-13.23 PASSED
---- frame-13.24 start
++++ frame-13.24 PASSED
---- frame-13.25 start
++++ frame-13.25 PASSED
---- frame-13.26 start
++++ frame-13.26 PASSED
---- frame-13.27 start
++++ frame-13.27 PASSED
---- frame-13.28 start
++++ frame-13.28 PASSED
---- frame-13.29 start
++++ frame-13.29 PASSED
---- frame-13.30 start
++++ frame-13.30 PASSED
---- frame-13.31 start
++++ frame-13.31 PASSED
---- frame-13.32 start
++++ frame-13.32 PASSED
---- frame-13.33 start
++++ frame-13.33 PASSED
---- frame-13.34 start
++++ frame-13.34 PASSED
---- frame-13.35 start
++++ frame-13.35 PASSED
---- frame-13.36 start
++++ frame-13.36 PASSED
---- frame-13.37 start
++++ frame-13.37 PASSED
---- frame-13.38 start
++++ frame-13.38 PASSED
---- frame-13.39 start
++++ frame-13.39 PASSED
---- frame-13.40 start
++++ frame-13.40 PASSED
---- frame-13.41 start
++++ frame-13.41 PASSED
---- frame-13.42 start
++++ frame-13.42 PASSED
---- frame-13.43 start
++++ frame-13.43 PASSED
---- frame-13.44 start
++++ frame-13.44 PASSED
---- frame-14.1 start
++++ frame-14.1 PASSED
---- frame-14.2 start
++++ frame-14.2 PASSED
---- frame-14.3 start
++++ frame-14.3 PASSED
---- frame-14.4 start
++++ frame-14.4 PASSED
---- frame-14.5 start
++++ frame-14.5 PASSED
---- frame-14.6 start
++++ frame-14.6 PASSED
---- frame-15.1 start
++++ frame-15.1 PASSED
---- frame-15.2 start
++++ frame-15.2 PASSED
---- frame-15.3 start
++++ frame-15.3 PASSED
---- frame-15.4 start
++++ frame-15.4 PASSED
---- frame-15.5 start
++++ frame-15.5 PASSED
---- frame-15.6 start
++++ frame-15.6 PASSED
---- frame-15.6a start
++++ frame-15.6a PASSED
---- frame-15.7 start
++++ frame-15.7 PASSED
---- frame-15.7a start
++++ frame-15.7a PASSED
---- frame-15.7b start
++++ frame-15.7b PASSED
---- frame-15.7c start
++++ frame-15.7c PASSED
---- frame-15.8 start
++++ frame-15.8 PASSED
---- frame-15.9 start
++++ frame-15.9 PASSED
---- frame-15.10 start
++++ frame-15.10 PASSED
---- frame-15.11 start
++++ frame-15.11 PASSED
---- frame-15.12 start
++++ frame-15.12 PASSED
---- frame-15.13 start
++++ frame-15.13 PASSED
---- frame-15.14 start
++++ frame-15.14 PASSED
geometry.test
---- geometry-1.1 start
++++ geometry-1.1 PASSED
---- geometry-1.2 start
++++ geometry-1.2 PASSED
---- geometry-2.1 start
++++ geometry-2.1 PASSED
---- geometry-3.1 start
++++ geometry-3.1 PASSED
---- geometry-4.1 start
++++ geometry-4.1 PASSED
---- geometry-4.2 start
++++ geometry-4.2 PASSED
---- geometry-4.3 start
++++ geometry-4.3 PASSED
---- geometry-4.4 start
++++ geometry-4.4 PASSED
---- geometry-4.5 start
++++ geometry-4.5 PASSED
---- geometry-4.6 start
++++ geometry-4.6 PASSED
---- geometry-4.7 start
++++ geometry-4.7 PASSED
---- geometry-4.8 start
++++ geometry-4.8 PASSED
---- geometry-4.9 start
++++ geometry-4.9 PASSED
---- geometry-4.10 start
++++ geometry-4.10 PASSED
get.test
---- get-1.1 start
++++ get-1.1 PASSED
---- get-1.2 start
++++ get-1.2 PASSED
---- get-1.3 start
++++ get-1.3 PASSED
---- get-1.4 start
++++ get-1.4 PASSED
---- get-1.5 start
++++ get-1.5 PASSED
---- get-1.6 start
++++ get-1.6 PASSED
---- get-1.7 start
++++ get-1.7 PASSED
---- get-1.8 start
++++ get-1.8 PASSED
---- get-1.9 start
++++ get-1.9 PASSED
---- get-1.10 start
++++ get-1.10 PASSED
---- get-1.11 start
++++ get-1.11 PASSED
---- get-2.1 start
++++ get-2.1 PASSED
---- get-2.2 start
++++ get-2.2 PASSED
---- get-2.3 start
++++ get-2.3 PASSED
---- get-2.4 start
++++ get-2.4 PASSED
grab.test
---- grab-1.1 start
++++ grab-1.1 PASSED
---- grab-1.2 start
++++ grab-1.2 PASSED
---- grab-1.3 start
++++ grab-1.3 PASSED
---- grab-1.4 start
++++ grab-1.4 PASSED
---- grab-1.5 start
++++ grab-1.5 PASSED
---- grab-1.6 start
++++ grab-1.6 PASSED
---- grab-1.7 start
++++ grab-1.7 PASSED
---- grab-1.8 start
++++ grab-1.8 PASSED
---- grab-1.9 start
++++ grab-1.9 PASSED
---- grab-1.10 start
++++ grab-1.10 PASSED
---- grab-1.11 start
++++ grab-1.11 PASSED
---- grab-1.12 start
++++ grab-1.12 PASSED
---- grab-1.13 start
++++ grab-1.13 PASSED
---- grab-1.14 start
++++ grab-1.14 PASSED
---- grab-1.15 start
++++ grab-1.15 PASSED
---- grab-1.16 start
++++ grab-1.16 PASSED
---- grab-1.17 start
++++ grab-1.17 PASSED
---- grab-1.18 start
++++ grab-1.18 PASSED
---- grab-1.19 start
++++ grab-1.19 PASSED
---- grab-1.20 start
++++ grab-1.20 PASSED
---- grab-2.1 start
++++ grab-2.1 PASSED
---- grab-2.2 start
++++ grab-2.2 PASSED
---- grab-2.3 start
++++ grab-2.3 PASSED
---- grab-3.1 start
++++ grab-3.1 PASSED
---- grab-3.2 start
++++ grab-3.2 PASSED
---- grab-4.1 start
++++ grab-4.1 PASSED
---- grab-5.1 start
++++ grab-5.1 PASSED
---- grab-5.2 start
++++ grab-5.2 PASSED
---- grab-6.1 start
++++ grab-6.1 PASSED
grid.test
---- grid-1.1 start
++++ grid-1.1 PASSED
---- grid-1.2 start
++++ grid-1.2 PASSED
---- grid-1.3 start
++++ grid-1.3 PASSED
---- grid-1.4 start
++++ grid-1.4 PASSED
---- grid-1.5 start
++++ grid-1.5 PASSED
---- grid-1.6 start
++++ grid-1.6 PASSED
---- grid-1.7 start
++++ grid-1.7 PASSED
---- grid-1.8 start
++++ grid-1.8 PASSED
---- grid-1.9 start
++++ grid-1.9 PASSED
---- grid-2.1 start
++++ grid-2.1 PASSED
---- grid-2.2 start
++++ grid-2.2 PASSED
---- grid-2.3 start
++++ grid-2.3 PASSED
---- grid-2.4 start
++++ grid-2.4 PASSED
---- grid-2.5 start
++++ grid-2.5 PASSED
---- grid-2.6 start
++++ grid-2.6 PASSED
---- grid-2.7 start
++++ grid-2.7 PASSED
---- grid-2.8 start
++++ grid-2.8 PASSED
---- grid-2.9 start
++++ grid-2.9 PASSED
---- grid-2.10 start
++++ grid-2.10 PASSED
---- grid-3.1 start
++++ grid-3.1 PASSED
---- grid-3.2 start
++++ grid-3.2 PASSED
---- grid-3.3 start
++++ grid-3.3 PASSED
---- grid-3.4 start
++++ grid-3.4 PASSED
---- grid-3.5 start
++++ grid-3.5 PASSED
---- grid-3.6 start
++++ grid-3.6 PASSED
---- grid-3.7 start
++++ grid-3.7 PASSED
---- grid-3.8 start
++++ grid-3.8 PASSED
---- grid-3.9 start
++++ grid-3.9 PASSED
---- grid-3.10 start
++++ grid-3.10 PASSED
---- grid-3.11 start
++++ grid-3.11 PASSED
---- grid-3.12 start
++++ grid-3.12 PASSED
---- grid-4.1 start
++++ grid-4.1 PASSED
---- grid-4.2 start
++++ grid-4.2 PASSED
---- grid-4.3 start
++++ grid-4.3 PASSED
---- grid-4.4 start
++++ grid-4.4 PASSED
---- grid-4.5 start
++++ grid-4.5 PASSED
---- grid-5.1 start
++++ grid-5.1 PASSED
---- grid-5.2 start
++++ grid-5.2 PASSED
---- grid-5.3 start
++++ grid-5.3 PASSED
---- grid-5.4 start
++++ grid-5.4 PASSED
---- grid-6.1 start
++++ grid-6.1 PASSED
---- grid-6.2 start
++++ grid-6.2 PASSED
---- grid-6.3 start
++++ grid-6.3 PASSED
---- grid-6.4 start
++++ grid-6.4 PASSED
---- grid-6.5 start
++++ grid-6.5 PASSED
---- grid-6.6 start
++++ grid-6.6 PASSED
---- grid-6.7 start
++++ grid-6.7 PASSED
---- grid-6.8 start
++++ grid-6.8 PASSED
---- grid-6.9 start
++++ grid-6.9 PASSED
---- grid-7.1 start
++++ grid-7.1 PASSED
---- grid-7.2 start
++++ grid-7.2 PASSED
---- grid-7.3 start
++++ grid-7.3 PASSED
---- grid-7.4 start
++++ grid-7.4 PASSED
---- grid-7.5 start
++++ grid-7.5 PASSED
---- grid-7.6 start
++++ grid-7.6 PASSED
---- grid-7.7 start
++++ grid-7.7 PASSED
---- grid-8.1 start
++++ grid-8.1 PASSED
---- grid-8.2 start
++++ grid-8.2 PASSED
---- grid-8.3 start
++++ grid-8.3 PASSED
---- grid-8.4 start
++++ grid-8.4 PASSED
---- grid-8.5 start
++++ grid-8.5 PASSED
---- grid-8.6 start
++++ grid-8.6 PASSED
---- grid-9.1 start
++++ grid-9.1 PASSED
---- grid-9.2 start
++++ grid-9.2 PASSED
---- grid-9.3 start
++++ grid-9.3 PASSED
---- grid-9.4 start
++++ grid-9.4 PASSED
---- grid-9.5 start
++++ grid-9.5 PASSED
---- grid-9.6 start
++++ grid-9.6 PASSED
---- grid-9.7 start
++++ grid-9.7 PASSED
---- grid-9.8 start
++++ grid-9.8 PASSED
---- grid-9.9 start
++++ grid-9.9 PASSED
---- grid-9.10 start
++++ grid-9.10 PASSED
---- grid-9.11 start
++++ grid-9.11 PASSED
---- grid-10.1 start
++++ grid-10.1 PASSED
---- grid-10.2 start
++++ grid-10.2 PASSED
---- grid-10.3 start
++++ grid-10.3 PASSED
---- grid-10.4 start
++++ grid-10.4 PASSED
---- grid-10.5 start
++++ grid-10.5 PASSED
---- grid-10.6 start
++++ grid-10.6 PASSED
---- grid-10.7 start
++++ grid-10.7 PASSED
---- grid-10.8 start
++++ grid-10.8 PASSED
---- grid-10.9 start
++++ grid-10.9 PASSED
---- grid-10.10 start
++++ grid-10.10 PASSED
---- grid-10.11 start
++++ grid-10.11 PASSED
---- grid-10.12 start
++++ grid-10.12 PASSED
---- grid-10.13 start
++++ grid-10.13 PASSED
---- grid-10.14 start
++++ grid-10.14 PASSED
---- grid-10.15 start
++++ grid-10.15 PASSED
---- grid-10.16 start
++++ grid-10.16 PASSED
---- grid-10.17 start
++++ grid-10.17 PASSED
---- grid-10.18 start
++++ grid-10.18 PASSED
---- grid-10.19 start
++++ grid-10.19 PASSED
---- grid-10.20 start
++++ grid-10.20 PASSED
---- grid-10.21 start
++++ grid-10.21 PASSED
---- grid-10.22 start
++++ grid-10.22 PASSED
---- grid-10.23 start
++++ grid-10.23 PASSED
---- grid-10.24 start
++++ grid-10.24 PASSED
---- grid-10.25 start
++++ grid-10.25 PASSED
---- grid-10.26 start
++++ grid-10.26 PASSED
---- grid-10.27 start
++++ grid-10.27 PASSED
---- grid-10.28 start
++++ grid-10.28 PASSED
---- grid-10.29 start
++++ grid-10.29 PASSED
---- grid-10.30 start
++++ grid-10.30 PASSED
---- grid-10.31 start
++++ grid-10.31 PASSED
---- grid-10.32 start
++++ grid-10.32 PASSED
---- grid-10.33 start
++++ grid-10.33 PASSED
---- grid-10.34 start
++++ grid-10.34 PASSED
---- grid-10.35 start
++++ grid-10.35 PASSED
---- grid-10.36 start
++++ grid-10.36 PASSED
---- grid-11.1 start
++++ grid-11.1 PASSED
---- grid-11.2 start
++++ grid-11.2 PASSED
---- grid-11.3 start
++++ grid-11.3 PASSED
---- grid-11.4 start
++++ grid-11.4 PASSED
---- grid-11.5 start
++++ grid-11.5 PASSED
---- grid-11.6 start
++++ grid-11.6 PASSED
---- grid-11.7 start
++++ grid-11.7 PASSED
---- grid-11.8 start
++++ grid-11.8 PASSED
---- grid-11.9 start
++++ grid-11.9 PASSED
---- grid-11.10 start
++++ grid-11.10 PASSED
---- grid-11.11 start
++++ grid-11.11 PASSED
---- grid-11.12 start
++++ grid-11.12 PASSED
---- grid-11.13 start
++++ grid-11.13 PASSED
---- grid-11.14 start
++++ grid-11.14 PASSED
---- grid-11.15 start
++++ grid-11.15 PASSED
---- grid-11.16 start
++++ grid-11.16 PASSED
---- grid-11.17 start
++++ grid-11.17 PASSED
---- grid-11.18 start
++++ grid-11.18 PASSED
---- grid-11.19 start
++++ grid-11.19 PASSED
---- grid-12.1 start
++++ grid-12.1 PASSED
---- grid-12.2 start
++++ grid-12.2 PASSED
---- grid-12.3 start
++++ grid-12.3 PASSED
---- grid-13.1 start
++++ grid-13.1 PASSED
---- grid-13.2 start
++++ grid-13.2 PASSED
---- grid-13.3 start
++++ grid-13.3 PASSED
---- grid-13.4 start
++++ grid-13.4 PASSED
---- grid-13.5 start
++++ grid-13.5 PASSED
---- grid-13.6 start
++++ grid-13.6 PASSED
---- grid-13.7 start
++++ grid-13.7 PASSED
---- grid-13.8 start
++++ grid-13.8 PASSED
---- grid-13.9 start
++++ grid-13.9 PASSED
---- grid-13.10 start
++++ grid-13.10 PASSED
---- grid-13.11 start
++++ grid-13.11 PASSED
---- grid-13.12 start
++++ grid-13.12 PASSED
---- grid-13.13 start
++++ grid-13.13 PASSED
---- grid-13.14 start
++++ grid-13.14 PASSED
---- grid-13.15 start
++++ grid-13.15 PASSED
---- grid-13.16 start
++++ grid-13.16 PASSED
---- grid-13.17 start
++++ grid-13.17 PASSED
---- grid-13.18 start
++++ grid-13.18 PASSED
---- grid-13.19 start
++++ grid-13.19 PASSED
---- grid-13.20 start
++++ grid-13.20 PASSED
---- grid-14.1 start
++++ grid-14.1 PASSED
---- grid-14.2 start
++++ grid-14.2 PASSED
++++ grid-14.3 SKIPPED: nonPortable
---- grid-15.1 start
++++ grid-15.1 PASSED
---- grid-15.2 start
++++ grid-15.2 PASSED
---- grid-16.1 start
++++ grid-16.1 PASSED
---- grid-16.2 start
++++ grid-16.2 PASSED
---- grid-16.3 start
++++ grid-16.3 PASSED
---- grid-16.4 start
++++ grid-16.4 PASSED
---- grid-16.5 start
++++ grid-16.5 PASSED
---- grid-16.6 start
++++ grid-16.6 PASSED
---- grid-16.7 start
++++ grid-16.7 PASSED
---- grid-16.8 start
++++ grid-16.8 PASSED
---- grid-16.9 start
++++ grid-16.9 PASSED
---- grid-16.10 start
++++ grid-16.10 PASSED
---- grid-16.11 start
++++ grid-16.11 PASSED
---- grid-16.12 start
++++ grid-16.12 PASSED
---- grid-16.13 start
++++ grid-16.13 PASSED
---- grid-16.14 start
++++ grid-16.14 PASSED
---- grid-16.15 start
++++ grid-16.15 PASSED
---- grid-16.16 start
++++ grid-16.16 PASSED
---- grid-16.17 start
++++ grid-16.17 PASSED
---- grid-16.18 start
++++ grid-16.18 PASSED
++++ grid-16.19 SKIPPED: knownBug
---- grid-17.1 start
++++ grid-17.1 PASSED
---- grid-18.1 start
++++ grid-18.1 PASSED
---- grid-18.2 start
++++ grid-18.2 PASSED
---- grid-19.1 start
++++ grid-19.1 PASSED
---- grid-20.1 start
++++ grid-20.1 PASSED
---- grid-20.2 start
++++ grid-20.2 PASSED
---- grid-21.1 start
++++ grid-21.1 PASSED
---- grid-21.2 start
++++ grid-21.2 PASSED
---- grid-21.3 start
++++ grid-21.3 PASSED
---- grid-21.4 start
++++ grid-21.4 PASSED
---- grid-21.5 start
++++ grid-21.5 PASSED
---- grid-21.6 start
++++ grid-21.6 PASSED
---- grid-21.7 start
++++ grid-21.7 PASSED
---- grid-22.1 start
++++ grid-22.1 PASSED
---- grid-22.2 start
++++ grid-22.2 PASSED
---- grid-22.3 start
++++ grid-22.3 PASSED
---- grid-22.3.1 start
++++ grid-22.3.1 PASSED
---- grid-22.4 start
++++ grid-22.4 PASSED
---- grid-22.5 start
++++ grid-22.5 PASSED
---- grid-23 start
++++ grid-23 PASSED
---- grid-24.1 start
++++ grid-24.1 PASSED
---- grid-24.2 start
++++ grid-24.2 PASSED
---- grid-24.3 start
++++ grid-24.3 PASSED
---- grid-24.4 start
++++ grid-24.4 PASSED
---- grid-24.5 start
++++ grid-24.5 PASSED
---- grid-24.6 start
++++ grid-24.6 PASSED
---- grid-24.7 start
++++ grid-24.7 PASSED
---- grid-24.8 start
++++ grid-24.8 PASSED
image.test
---- image-1.1 start
++++ image-1.1 PASSED
---- image-1.2 start
++++ image-1.2 PASSED
---- image-1.3 start
++++ image-1.3 PASSED
---- image-1.4 start
++++ image-1.4 PASSED
---- image-1.5 start
++++ image-1.5 PASSED
---- image-1.6 start
++++ image-1.6 PASSED
---- image-1.7 start
++++ image-1.7 PASSED
---- image-1.8 start
++++ image-1.8 PASSED
---- image-1.9 start
++++ image-1.9 PASSED
---- image-1.10 start
++++ image-1.10 PASSED
---- image-1.11 start
++++ image-1.11 PASSED
---- image-1.12 start
++++ image-1.12 PASSED
---- image-1.13 start
++++ image-1.13 PASSED
---- image-2.1 start
++++ image-2.1 PASSED
---- image-2.2 start
++++ image-2.2 PASSED
---- image-2.3 start
++++ image-2.3 PASSED
---- image-2.4 start
++++ image-2.4 PASSED
---- image-3.1 start
++++ image-3.1 PASSED
---- image-3.2 start
++++ image-3.2 PASSED
---- image-3.3 start
++++ image-3.3 PASSED
---- image-3.4 start
++++ image-3.4 PASSED
---- image-4.1 start
++++ image-4.1 PASSED
---- image-4.2 start
++++ image-4.2 PASSED
---- image-4.3 start
++++ image-4.3 PASSED
---- image-5.1 start
++++ image-5.1 PASSED
---- image-5.2 start
++++ image-5.2 PASSED
---- image-5.3 start
++++ image-5.3 PASSED
---- image-5.4 start
++++ image-5.4 PASSED
---- image-5.5 start
++++ image-5.5 PASSED
---- image-6.1 start
++++ image-6.1 PASSED
---- image-6.2 start
++++ image-6.2 PASSED
---- image-7.1 start
++++ image-7.1 PASSED
---- image-7.2 start
++++ image-7.2 PASSED
---- image-7.3 start
++++ image-7.3 PASSED
---- image-7.4 start
++++ image-7.4 PASSED
---- image-8.1 start
++++ image-8.1 PASSED
---- image-9.1 start
++++ image-9.1 PASSED
---- image-9.2 start
++++ image-9.2 PASSED
---- image-10.1 start
++++ image-10.1 PASSED
---- image-10.2 start
++++ image-10.2 PASSED
---- image-11.1 start
++++ image-11.1 PASSED
---- image-11.2 start
++++ image-11.2 PASSED
++++ image-12.1 SKIPPED: nonPortable
++++ image-12.2 SKIPPED: nonPortable
++++ image-12.3 SKIPPED: nonPortable
++++ image-12.4 SKIPPED: nonPortable
++++ image-12.5 SKIPPED: nonPortable
++++ image-12.6 SKIPPED: nonPortable
---- image-13.1 start
++++ image-13.1 PASSED
---- image-13.2 start
++++ image-13.2 PASSED
---- image-14.1 start
++++ image-14.1 PASSED
---- image-15.1 start
++++ image-15.1 PASSED
imgBmap.test
---- imageBmap-1.1 start
++++ imageBmap-1.1 PASSED
---- imageBmap-1.2 start
++++ imageBmap-1.2 PASSED
---- imageBmap-1.3 start
++++ imageBmap-1.3 PASSED
---- imageBmap-1.4 start
++++ imageBmap-1.4 PASSED
---- imageBmap-1.5 start
++++ imageBmap-1.5 PASSED
---- imageBmap-1.6 start
++++ imageBmap-1.6 PASSED
---- imageBmap-1.7 start
++++ imageBmap-1.7 PASSED
---- imageBmap-1.8 start
++++ imageBmap-1.8 PASSED
---- imageBmap-1.9 start
++++ imageBmap-1.9 PASSED
---- imageBmap-1.10 start
++++ imageBmap-1.10 PASSED
---- imageBmap-1.11 start
++++ imageBmap-1.11 PASSED
---- imageBmap-1.12 start
++++ imageBmap-1.12 PASSED
---- imageBmap-2.1 start
++++ imageBmap-2.1 PASSED
---- imageBmap-2.2 start
++++ imageBmap-2.2 PASSED
---- imageBmap-3.1 start
++++ imageBmap-3.1 PASSED
---- imageBmap-3.2 start
++++ imageBmap-3.2 PASSED
---- imageBmap-3.3 start
++++ imageBmap-3.3 PASSED
---- imageBmap-3.4 start
++++ imageBmap-3.4 PASSED
---- imageBmap-3.5 start
++++ imageBmap-3.5 PASSED
---- imageBmap-3.6 start
++++ imageBmap-3.6 PASSED
---- imageBmap-3.7 start
++++ imageBmap-3.7 PASSED
---- imageBmap-4.1 start
++++ imageBmap-4.1 PASSED
---- imageBmap-5.1 start
++++ imageBmap-5.1 PASSED
---- imageBmap-5.2 start
++++ imageBmap-5.2 PASSED
---- imageBmap-5.3 start
++++ imageBmap-5.3 PASSED
---- imageBmap-5.4 start
++++ imageBmap-5.4 PASSED
---- imageBmap-5.5 start
++++ imageBmap-5.5 PASSED
---- imageBmap-5.6 start
++++ imageBmap-5.6 PASSED
---- imageBmap-5.7 start
++++ imageBmap-5.7 PASSED
---- imageBmap-5.8 start
++++ imageBmap-5.8 PASSED
---- imageBmap-5.9 start
++++ imageBmap-5.9 PASSED
---- imageBmap-5.10 start
++++ imageBmap-5.10 PASSED
---- imageBmap-5.11 start
++++ imageBmap-5.11 PASSED
---- imageBmap-5.12 start
++++ imageBmap-5.12 PASSED
---- imageBmap-5.13 start
++++ imageBmap-5.13 PASSED
---- imageBmap-5.14 start
++++ imageBmap-5.14 PASSED
---- imageBmap-5.15 start
++++ imageBmap-5.15 PASSED
---- imageBmap-5.16 start
++++ imageBmap-5.16 PASSED
---- imageBmap-5.17 start
++++ imageBmap-5.17 PASSED
---- imageBmap-6.1 start
++++ imageBmap-6.1 PASSED
---- imageBmap-6.2 start
++++ imageBmap-6.2 PASSED
---- imageBmap-6.3 start
++++ imageBmap-6.3 PASSED
---- imageBmap-7.1 start
++++ imageBmap-7.1 PASSED
---- imageBmap-7.2 start
++++ imageBmap-7.2 PASSED
---- imageBmap-7.3 start
++++ imageBmap-7.3 PASSED
---- imageBmap-7.4 start
++++ imageBmap-7.4 PASSED
---- imageBmap-7.5 start
++++ imageBmap-7.5 PASSED
---- imageBmap-7.6 start
++++ imageBmap-7.6 PASSED
---- imageBmap-7.7 start
++++ imageBmap-7.7 PASSED
---- imageBmap-7.8 start
++++ imageBmap-7.8 PASSED
---- imageBmap-7.9 start
++++ imageBmap-7.9 PASSED
---- imageBmap-7.10 start
++++ imageBmap-7.10 PASSED
---- imageBmap-8.1 start
++++ imageBmap-8.1 PASSED
---- imageBmap-9.1 start
++++ imageBmap-9.1 PASSED
---- imageBmap-9.2 start
++++ imageBmap-9.2 PASSED
---- imageBmap-10.1 start
++++ imageBmap-10.1 PASSED
---- imageBmap-10.2 start
++++ imageBmap-10.2 PASSED
---- imageBmap-11.1 start
++++ imageBmap-11.1 PASSED
---- imageBmap-11.2 start
++++ imageBmap-11.2 PASSED
---- imageBmap-12.1 start
++++ imageBmap-12.1 PASSED
imgListFormat.test
---- imgListFormat-1.1 start
++++ imgListFormat-1.1 PASSED
---- imgListFormat-1.2 start
++++ imgListFormat-1.2 PASSED
---- imgListFormat-1.3 start
++++ imgListFormat-1.3 PASSED
---- imgListFormat-1.4 start
++++ imgListFormat-1.4 PASSED
---- imgListFormat-1.5 start
++++ imgListFormat-1.5 PASSED
---- imgListFormat-1.6 start
++++ imgListFormat-1.6 PASSED
---- imgListFormat-1.7 start
++++ imgListFormat-1.7 PASSED
---- imgListFormat-1.8 start
++++ imgListFormat-1.8 PASSED
---- imgListFormat-1.9 start
++++ imgListFormat-1.9 PASSED
---- imgListFormat-1.10 start
++++ imgListFormat-1.10 PASSED
---- imgListFormat-1.11 start
++++ imgListFormat-1.11 PASSED
---- imgListFormat-3.1 start
++++ imgListFormat-3.1 PASSED
---- imgListFormat-3.2 start
++++ imgListFormat-3.2 PASSED
---- imgListFormat-3.3 start
++++ imgListFormat-3.3 PASSED
---- imgListFormat-3.4 start
++++ imgListFormat-3.4 PASSED
---- imgListFormat-3.5 start
++++ imgListFormat-3.5 PASSED
---- imgListFormat-4.1 start
++++ imgListFormat-4.1 PASSED
---- imgListFormat-4.2 start
++++ imgListFormat-4.2 PASSED
---- imgListFormat-4.3 start
++++ imgListFormat-4.3 PASSED
---- imgListFormat-4.4 start
++++ imgListFormat-4.4 PASSED
---- imgListFormat-4.5 start
++++ imgListFormat-4.5 PASSED
---- imgListFormat-5.1 start
++++ imgListFormat-5.1 PASSED
---- imgListFormat-5.2 start
++++ imgListFormat-5.2 PASSED
---- imgListFormat-5.3 start
++++ imgListFormat-5.3 PASSED
---- imgListFormat-5.4 start
++++ imgListFormat-5.4 PASSED
---- imgListFormat-5.5 start
++++ imgListFormat-5.5 PASSED
---- imgListFormat-5.6 start
++++ imgListFormat-5.6 PASSED
---- imgListFormat-5.7 start
++++ imgListFormat-5.7 PASSED
---- imgListFormat-5.8 start
++++ imgListFormat-5.8 PASSED
---- imgListFormat-5.9 start
++++ imgListFormat-5.9 PASSED
---- imgListFormat-5.10 start
++++ imgListFormat-5.10 PASSED
---- imgListFormat-6.1 start
++++ imgListFormat-6.1 PASSED
---- imgListFormat-6.2 start
++++ imgListFormat-6.2 PASSED
---- imgListFormat-6.3 start
++++ imgListFormat-6.3 PASSED
---- imgListFormat-6.4 start
++++ imgListFormat-6.4 PASSED
---- imgListFormat-6.5 start
++++ imgListFormat-6.5 PASSED
---- imgListFormat-6.6 start
++++ imgListFormat-6.6 PASSED
---- imgListFormat-6.7 start
++++ imgListFormat-6.7 PASSED
---- imgListFormat-6.8 start
++++ imgListFormat-6.8 PASSED
---- imgListFormat-7.1 start
++++ imgListFormat-7.1 PASSED
---- imgListFormat-7.2 start
++++ imgListFormat-7.2 PASSED
---- imgListFormat-7.3 start
++++ imgListFormat-7.3 PASSED
---- imgListFormat-7.4 start
++++ imgListFormat-7.4 PASSED
---- imgListFormat-7.5 start
++++ imgListFormat-7.5 PASSED
---- imgListFormat-7.6 start
++++ imgListFormat-7.6 PASSED
---- imgListFormat-7.7 start
++++ imgListFormat-7.7 PASSED
---- imgListFormat-7.8 start
++++ imgListFormat-7.8 PASSED
---- imgListFormat-7.9 start
++++ imgListFormat-7.9 PASSED
---- imgListFormat-7.10 start
++++ imgListFormat-7.10 PASSED
---- imgListFormat-8.1 start
++++ imgListFormat-8.1 PASSED
---- imgListFormat-8.2 start
++++ imgListFormat-8.2 PASSED
---- imgListFormat-8.3 start
++++ imgListFormat-8.3 PASSED
---- imgListFormat-8.4 start
++++ imgListFormat-8.4 PASSED
---- imgListFormat-9.1 start
++++ imgListFormat-9.1 PASSED
---- imgListFormat-9.2 start
++++ imgListFormat-9.2 PASSED
---- imgListFormat-9.3 start
++++ imgListFormat-9.3 PASSED
---- imgListFormat-9.4 start
++++ imgListFormat-9.4 PASSED
---- imgListFormat-9.5 start
++++ imgListFormat-9.5 PASSED
---- imgListFormat-9.6 start
++++ imgListFormat-9.6 PASSED
---- imgListFormat-9.7 start
++++ imgListFormat-9.7 PASSED
---- imgListFormat-9.8 start
++++ imgListFormat-9.8 PASSED
---- imgListFormat-9.9 start
++++ imgListFormat-9.9 PASSED
---- imgListFormat-9.10 start
++++ imgListFormat-9.10 PASSED
---- imgListFormat-9.11 start
++++ imgListFormat-9.11 PASSED
---- imgListFormat-9.12 start
++++ imgListFormat-9.12 PASSED
---- imgListFormat-9.13 start
++++ imgListFormat-9.13 PASSED
---- imgListFormat-9.14 start
++++ imgListFormat-9.14 PASSED
imgPNG.test
---- imgPNG-1.1 start
++++ imgPNG-1.1 PASSED
---- imgPNG-1.2 start
++++ imgPNG-1.2 PASSED
---- imgPNG-1.3 start
++++ imgPNG-1.3 PASSED
---- imgPNG-1.4 start
++++ imgPNG-1.4 PASSED
---- imgPNG-2.1 start
++++ imgPNG-2.1 PASSED
---- imgPNG-2.2 start
++++ imgPNG-2.2 PASSED
---- imgPNG-3.1 start
++++ imgPNG-3.1 PASSED
---- imgPNG-4.1 start
++++ imgPNG-4.1 PASSED
---- imgPNG-4.2 start
++++ imgPNG-4.2 PASSED
---- imgPNG-4.3 start
++++ imgPNG-4.3 PASSED
---- imgPNG-4.4 start
++++ imgPNG-4.4 PASSED
imgPPM.test
---- imgPPM-1.1 start
++++ imgPPM-1.1 PASSED
---- imgPPM-1.2 start
++++ imgPPM-1.2 PASSED
---- imgPPM-1.3 start
++++ imgPPM-1.3 PASSED
---- imgPPM-1.4 start
++++ imgPPM-1.4 PASSED
---- imgPPM-1.5 start
++++ imgPPM-1.5 PASSED
---- imgPPM-1.6 start
++++ imgPPM-1.6 PASSED
---- imgPPM-1.7 start
++++ imgPPM-1.7 PASSED
---- imgPPM-1.8 start
++++ imgPPM-1.8 PASSED
---- imgPPM-1.9 start
++++ imgPPM-1.9 PASSED
---- imgPPM-2.1 start
++++ imgPPM-2.1 PASSED
---- imgPPM-2.2 start
++++ imgPPM-2.2 PASSED
---- imgPPM-3.1 start
++++ imgPPM-3.1 PASSED
---- imgPPM-3.2 start
++++ imgPPM-3.2 PASSED
---- imgPPM-3.3 start
++++ imgPPM-3.3 PASSED
---- imgPPM-3.4 start
++++ imgPPM-3.4 PASSED
---- imgPPM-3.5 start
++++ imgPPM-3.5 PASSED
---- imgPPM-3.6 start
++++ imgPPM-3.6 PASSED
---- imgPPM-3.7 start
++++ imgPPM-3.7 PASSED
---- imgPPM-3.8 start
++++ imgPPM-3.8 PASSED
---- imgPPM-3.9 start
++++ imgPPM-3.9 PASSED
---- imgPPM-3.10 start
++++ imgPPM-3.10 PASSED
---- imgPPM-3.11 start
++++ imgPPM-3.11 PASSED
---- imgPPM-3.12 start
++++ imgPPM-3.12 PASSED
---- imgPPM-3.13 start
++++ imgPPM-3.13 PASSED
---- imgPPM-4.1 start
++++ imgPPM-4.1 PASSED
---- imgPPM-5.1 start
++++ imgPPM-5.1 PASSED
---- imgPPM-5.2 start
++++ imgPPM-5.2 PASSED
---- imgPPM-5.3 start
++++ imgPPM-5.3 PASSED
---- imgPPM-5.4 start
++++ imgPPM-5.4 PASSED
---- imgPPM-5.5 start
++++ imgPPM-5.5 PASSED
---- imgPPM-5.6 start
++++ imgPPM-5.6 PASSED
---- imgPPM-5.7 start
++++ imgPPM-5.7 PASSED
---- imgPPM-5.8 start
++++ imgPPM-5.8 PASSED
---- imgPPM-5.9 start
++++ imgPPM-5.9 PASSED
imgPhoto.test
---- imgPhoto-1.1 start
++++ imgPhoto-1.1 PASSED
---- imgPhoto-1.2 start
++++ imgPhoto-1.2 PASSED
---- imgPhoto-1.3 start
++++ imgPhoto-1.3 PASSED
---- imgPhoto-1.4 start
++++ imgPhoto-1.4 PASSED
---- imgPhoto-1.5 start
++++ imgPhoto-1.5 PASSED
---- imgPhoto-1.6 start
++++ imgPhoto-1.6 PASSED
---- imgPhoto-1.7 start
++++ imgPhoto-1.7 PASSED
---- imgPhoto-1.8 start
++++ imgPhoto-1.8 PASSED
---- imgPhoto-1.9 start
++++ imgPhoto-1.9 PASSED
---- imgPhoto-1.10 start
++++ imgPhoto-1.10 PASSED
---- imgPhoto-1.11 start
++++ imgPhoto-1.11 PASSED
---- imgPhoto-1.12 start
++++ imgPhoto-1.12 PASSED
---- imgPhoto-1.13 start
++++ imgPhoto-1.13 PASSED
---- imgPhoto-1.14 start
++++ imgPhoto-1.14 PASSED
---- imgPhoto-2.1 start
++++ imgPhoto-2.1 PASSED
---- imgPhoto-2.2 start
++++ imgPhoto-2.2 PASSED
---- imgPhoto-3.1 start
++++ imgPhoto-3.1 PASSED
---- imgPhoto-3.2 start
++++ imgPhoto-3.2 PASSED
---- imgPhoto-3.3 start
++++ imgPhoto-3.3 PASSED
---- imgPhoto-3.4 start
++++ imgPhoto-3.4 PASSED
---- imgPhoto-3.5 start
++++ imgPhoto-3.5 PASSED
---- imgPhoto-3.6 start
++++ imgPhoto-3.6 PASSED
---- imgPhoto-4.1 start
++++ imgPhoto-4.1 PASSED
---- imgPhoto-4.2 start
++++ imgPhoto-4.2 PASSED
---- imgPhoto-4.3 start
++++ imgPhoto-4.3 PASSED
---- imgPhoto-4.4 start
++++ imgPhoto-4.4 PASSED
---- imgPhoto-4.5 start
++++ imgPhoto-4.5 PASSED
---- imgPhoto-4.6 start
++++ imgPhoto-4.6 PASSED
---- imgPhoto-4.7 start
++++ imgPhoto-4.7 PASSED
---- imgPhoto-4.8 start
++++ imgPhoto-4.8 PASSED
---- imgPhoto-4.9 start
++++ imgPhoto-4.9 PASSED
---- imgPhoto-4.10 start
++++ imgPhoto-4.10 PASSED
---- imgPhoto-4.11 start
++++ imgPhoto-4.11 PASSED
---- imgPhoto-4.12 start
++++ imgPhoto-4.12 PASSED
---- imgPhoto-4.13 start
++++ imgPhoto-4.13 PASSED
---- imgPhoto-4.14 start
++++ imgPhoto-4.14 PASSED
---- imgPhoto-4.15 start
++++ imgPhoto-4.15 PASSED
---- imgPhoto-4.16 start
++++ imgPhoto-4.16 PASSED
---- imgPhoto-4.17 start
++++ imgPhoto-4.17 PASSED
---- imgPhoto-4.18 start
++++ imgPhoto-4.18 PASSED
---- imgPhoto-4.19 start
++++ imgPhoto-4.19 PASSED
---- imgPhoto-4.20 start
++++ imgPhoto-4.20 PASSED
---- imgPhoto-4.21 start
++++ imgPhoto-4.21 PASSED
---- imgPhoto-4.22 start
++++ imgPhoto-4.22 PASSED
---- imgPhoto-4.23 start
++++ imgPhoto-4.23 PASSED
---- imgPhoto-4.24 start
++++ imgPhoto-4.24 PASSED
---- imgPhoto-4.25 start
++++ imgPhoto-4.25 PASSED
---- imgPhoto-4.26 start
++++ imgPhoto-4.26 PASSED
---- imgPhoto-4.27 start
++++ imgPhoto-4.27 PASSED
---- imgPhoto-4.28 start
++++ imgPhoto-4.28 PASSED
---- imgPhoto-4.29 start
++++ imgPhoto-4.29 PASSED
---- imgPhoto-4.30 start
++++ imgPhoto-4.30 PASSED
---- imgPhoto-4.31 start
++++ imgPhoto-4.31 PASSED
---- imgPhoto-4.32 start
++++ imgPhoto-4.32 PASSED
---- imgPhoto-4.33 start
++++ imgPhoto-4.33 PASSED
---- imgPhoto-4.34 start
++++ imgPhoto-4.34 PASSED
---- imgPhoto-4.35 start
++++ imgPhoto-4.35 PASSED
---- imgPhoto-4.36 start
++++ imgPhoto-4.36 PASSED
---- imgPhoto-4.37 start
++++ imgPhoto-4.37 PASSED
---- imgPhoto-4.38 start
++++ imgPhoto-4.38 PASSED
---- imgPhoto-4.39 start
++++ imgPhoto-4.39 PASSED
---- imgPhoto-4.40 start
++++ imgPhoto-4.40 PASSED
---- imgPhoto-4.41 start
++++ imgPhoto-4.41 PASSED
---- imgPhoto-4.42 start
++++ imgPhoto-4.42 PASSED
---- imgPhoto-4.43 start
++++ imgPhoto-4.43 PASSED
---- imgPhoto-4.44 start
++++ imgPhoto-4.44 PASSED
---- imgPhoto-4.45 start
++++ imgPhoto-4.45 PASSED
---- imgPhoto-4.46 start
++++ imgPhoto-4.46 PASSED
---- imgPhoto-4.47 start
++++ imgPhoto-4.47 PASSED
---- imgPhoto-4.48 start
++++ imgPhoto-4.48 PASSED
---- imgPhoto-4.49 start
++++ imgPhoto-4.49 PASSED
---- imgPhoto-4.50 start
++++ imgPhoto-4.50 PASSED
---- imgPhoto-4.51 start
++++ imgPhoto-4.51 PASSED
---- imgPhoto-4.52 start
++++ imgPhoto-4.52 PASSED
---- imgPhoto-4.53 start
++++ imgPhoto-4.53 PASSED
---- imgPhoto-4.54 start
++++ imgPhoto-4.54 PASSED
---- imgPhoto-4.55 start
++++ imgPhoto-4.55 PASSED
---- imgPhoto-4.56 start
++++ imgPhoto-4.56 PASSED
---- imgPhoto-4.57 start
++++ imgPhoto-4.57 PASSED
---- imgPhoto-4.58 start
++++ imgPhoto-4.58 PASSED
---- imgPhoto-4.59 start
++++ imgPhoto-4.59 PASSED
---- imgPhoto-4.60 start
++++ imgPhoto-4.60 PASSED
---- imgPhoto-4.61 start
++++ imgPhoto-4.61 PASSED
---- imgPhoto-4.62 start
++++ imgPhoto-4.62 PASSED
---- imgPhoto-4.63 start
++++ imgPhoto-4.63 PASSED
---- imgPhoto-4.64 start
++++ imgPhoto-4.64 PASSED
---- imgPhoto-4.65 start
++++ imgPhoto-4.65 PASSED
---- imgPhoto-4.66 start
++++ imgPhoto-4.66 PASSED
---- imgPhoto-4.67 start
++++ imgPhoto-4.67 PASSED
---- imgPhoto-4.68 start
++++ imgPhoto-4.68 PASSED
---- imgPhoto-4.69 start
++++ imgPhoto-4.69 PASSED
---- imgPhoto-4.70 start
++++ imgPhoto-4.70 PASSED
---- imgPhoto-4.71 start
++++ imgPhoto-4.71 PASSED
---- imgPhoto-4.72 start
++++ imgPhoto-4.72 PASSED
---- imgPhoto-4.73 start
++++ imgPhoto-4.73 PASSED
---- imgPhoto-4.74 start
++++ imgPhoto-4.74 PASSED
---- imgPhoto-4.75 start
++++ imgPhoto-4.75 PASSED
---- imgPhoto-4.75.1 start
++++ imgPhoto-4.75.1 PASSED
---- imgPhoto-4.76 start
++++ imgPhoto-4.76 PASSED
---- imgPhoto-4.77 start
++++ imgPhoto-4.77 PASSED
---- imgPhoto-4.78 start
++++ imgPhoto-4.78 PASSED
---- imgPhoto-4.79 start
++++ imgPhoto-4.79 PASSED
---- imgPhoto-4.81 start
++++ imgPhoto-4.81 PASSED
---- imgPhoto-4.82 start
++++ imgPhoto-4.82 PASSED
---- imgPhoto-4.83 start
++++ imgPhoto-4.83 PASSED
---- imgPhoto-4.84 start
++++ imgPhoto-4.84 PASSED
---- imgPhoto-4.85 start
++++ imgPhoto-4.85 PASSED
---- imgPhoto-4.86 start
++++ imgPhoto-4.86 PASSED
---- imgPhoto-4.87 start
++++ imgPhoto-4.87 PASSED
---- imgPhoto-4.89 start
++++ imgPhoto-4.89 PASSED
---- imgPhoto-4.90 start
++++ imgPhoto-4.90 PASSED
---- imgPhoto-4.91 start
++++ imgPhoto-4.91 PASSED
---- imgPhoto-4.92 start
++++ imgPhoto-4.92 PASSED
---- imgPhoto-4.93 start
++++ imgPhoto-4.93 PASSED
---- imgPhoto-4.94 start
++++ imgPhoto-4.94 PASSED
---- imgPhoto-4.95 start
++++ imgPhoto-4.95 PASSED
---- imgPhoto-4.96 start
++++ imgPhoto-4.96 PASSED
---- imgPhoto-4.97 start
++++ imgPhoto-4.97 PASSED
---- imgPhoto-4.98 start
++++ imgPhoto-4.98 PASSED
---- imgPhoto-4.99 start
++++ imgPhoto-4.99 PASSED
---- imgPhoto-4.100 start
++++ imgPhoto-4.100 PASSED
---- imgPhoto-4.101 start
++++ imgPhoto-4.101 PASSED
---- imgPhoto-4.102 start
++++ imgPhoto-4.102 PASSED
---- imgPhoto-4.103 start
++++ imgPhoto-4.103 PASSED
---- imgPhoto-4.104 start
++++ imgPhoto-4.104 PASSED
---- imgPhoto-4.105 start
++++ imgPhoto-4.105 PASSED
---- imgPhoto-4.106 start
++++ imgPhoto-4.106 PASSED
---- imgPhoto-4.107 start
++++ imgPhoto-4.107 PASSED
---- imgPhoto-4.108 start
++++ imgPhoto-4.108 PASSED
---- imgPhoto-4.109 start
++++ imgPhoto-4.109 PASSED
---- imgPhoto-4.110 start
++++ imgPhoto-4.110 PASSED
---- imgPhoto-4.111 start
++++ imgPhoto-4.111 PASSED
---- imgPhoto-4.112 start
++++ imgPhoto-4.112 PASSED
---- imgPhoto-4.113 start
++++ imgPhoto-4.113 PASSED
---- imgPhoto-4.114 start
++++ imgPhoto-4.114 PASSED
---- imgPhoto-4.115 start
++++ imgPhoto-4.115 PASSED
---- imgPhoto-4.116 start
++++ imgPhoto-4.116 PASSED
---- imgPhoto-4.117 start
++++ imgPhoto-4.117 PASSED
---- imgPhoto-4.118 start
++++ imgPhoto-4.118 PASSED
---- imgPhoto-5.1 start
++++ imgPhoto-5.1 PASSED
---- imgPhoto-6.1 start
++++ imgPhoto-6.1 PASSED
---- imgPhoto-7.1 start
++++ imgPhoto-7.1 PASSED
---- imgPhoto-7.2 start
++++ imgPhoto-7.2 PASSED
---- imgPhoto-7.3 start
++++ imgPhoto-7.3 PASSED
---- imgPhoto-8.1 start
++++ imgPhoto-8.1 PASSED
---- imgPhoto-8.2 start
++++ imgPhoto-8.2 PASSED
---- imgPhoto-8.3 start
++++ imgPhoto-8.3 PASSED
---- imgPhoto-9.1 start
++++ imgPhoto-9.1 PASSED
---- imgPhoto-10.1 start
++++ imgPhoto-10.1 PASSED
---- imgPhoto-10.2 start
++++ imgPhoto-10.2 PASSED
---- imgPhoto-10.3 start
++++ imgPhoto-10.3 PASSED
---- imgPhoto-10.4 start
++++ imgPhoto-10.4 PASSED
---- imgPhoto-11.1 start
++++ imgPhoto-11.1 PASSED
---- imgPhoto-12.1 start
++++ imgPhoto-12.1 PASSED
---- imgPhoto-12.2 start
++++ imgPhoto-12.2 PASSED
---- imgPhoto-12.3 start
++++ imgPhoto-12.3 PASSED
---- imgPhoto-12.4 start
++++ imgPhoto-12.4 PASSED
---- imgPhoto-12.5 start
++++ imgPhoto-12.5 PASSED
---- imgPhoto-13.1 start
++++ imgPhoto-13.1 PASSED
---- imgPhoto-14.1 start
++++ imgPhoto-14.1 PASSED
---- imgPhoto-14.2 start
++++ imgPhoto-14.2 PASSED
---- imgPhoto-14.3 start
++++ imgPhoto-14.3 PASSED
---- imgPhoto-14.4 start
++++ imgPhoto-14.4 PASSED
---- imgPhoto-14.5 start
++++ imgPhoto-14.5 PASSED
---- imgPhoto-14.6 start
++++ imgPhoto-14.6 PASSED
++++ imgPhoto-15.1 SKIPPED: nonPortable
---- imgPhoto-16.1 start
++++ imgPhoto-16.1 PASSED
---- imgPhoto-17.1 start
++++ imgPhoto-17.1 PASSED
---- imgPhoto-17.2 start
++++ imgPhoto-17.2 PASSED
---- imgPhoto-17.3 start
++++ imgPhoto-17.3 PASSED
---- imgPhoto-17.4 start
++++ imgPhoto-17.4 PASSED
---- imgPhoto-17.5 start
++++ imgPhoto-17.5 PASSED
---- imgPhoto-18.1 start
++++ imgPhoto-18.1 PASSED
---- imgPhoto-19.1 start
++++ imgPhoto-19.1 PASSED
---- imgPhoto-19.2 start
++++ imgPhoto-19.2 PASSED
---- imgPhoto-19.3 start
++++ imgPhoto-19.3 PASSED
---- imgPhoto-19.4 start
++++ imgPhoto-19.4 PASSED
---- imgPhoto-19.5 start
++++ imgPhoto-19.5 PASSED
---- imgPhoto-19.6 start
++++ imgPhoto-19.6 PASSED
---- imgPhoto-19.7 start
++++ imgPhoto-19.7 PASSED
---- imgPhoto-19.8 start
++++ imgPhoto-19.8 PASSED
---- imgPhoto-20.1 start
++++ imgPhoto-20.1 PASSED
---- imgPhoto-20.2 start
++++ imgPhoto-20.2 PASSED
---- imgPhoto-20.3 start
++++ imgPhoto-20.3 PASSED
---- imgPhoto-20.4 start
++++ imgPhoto-20.4 PASSED
---- imgPhoto-20.5 start
++++ imgPhoto-20.5 PASSED
---- imgPhoto-20.6 start
++++ imgPhoto-20.6 PASSED
---- imgPhoto-20.6.1 start
++++ imgPhoto-20.6.1 PASSED
---- imgPhoto-20.6.2 start
++++ imgPhoto-20.6.2 PASSED
++++ imgPhoto-20.7 SKIPPED: nonPortable
++++ imgPhoto-20.8 SKIPPED: nonPortable
++++ imgPhoto-20.9 SKIPPED: nonPortable
---- imgPhoto-20.10 start
++++ imgPhoto-20.10 PASSED
---- imgPhoto-20.11 start
++++ imgPhoto-20.11 PASSED
---- imgPhoto-20.12 start
++++ imgPhoto-20.12 PASSED
---- imgPhoto-21.1 start
++++ imgPhoto-21.1 PASSED
---- imgPhoto-21.2 start
++++ imgPhoto-21.2 PASSED
---- imgPhoto-21.3 start
++++ imgPhoto-21.3 PASSED
---- imgPhoto-21.4 start
++++ imgPhoto-21.4 PASSED
---- imgPhoto-22.1 start
++++ imgPhoto-22.1 PASSED
---- imgPhoto-22.2 start
++++ imgPhoto-22.2 PASSED
---- imgPhoto-22.3 start
++++ imgPhoto-22.3 PASSED
---- imgPhoto-23.1 start
++++ imgPhoto-23.1 PASSED
---- imgPhoto-23.2 start
++++ imgPhoto-23.2 PASSED
---- imgPhoto-23.3 start
++++ imgPhoto-23.3 PASSED
---- imgPhoto-23.4 start
++++ imgPhoto-23.4 PASSED
---- imgPhoto-23.5 start
++++ imgPhoto-23.5 PASSED
---- imgPhoto-23.6 start
++++ imgPhoto-23.6 PASSED
---- imgPhoto-23.7 start
++++ imgPhoto-23.7 PASSED
---- imgPhoto-23.8 start
++++ imgPhoto-23.8 PASSED
---- imgPhoto-23.9 start
++++ imgPhoto-23.9 PASSED
---- imgPhoto-23.10 start
++++ imgPhoto-23.10 PASSED
---- imgPhoto-23.11 start
++++ imgPhoto-23.11 PASSED
---- imgPhoto-23.12 start
++++ imgPhoto-23.12 PASSED
---- imgPhoto-23.13 start
++++ imgPhoto-23.13 PASSED
---- imgPhoto-23.14 start
++++ imgPhoto-23.14 PASSED
---- imgPhoto-23.15 start
++++ imgPhoto-23.15 PASSED
---- imgPhoto-23.16 start
++++ imgPhoto-23.16 PASSED
---- imgPhoto-23.17 start
++++ imgPhoto-23.17 PASSED
---- imgPhoto-23.18 start
++++ imgPhoto-23.18 PASSED
---- imgPhoto-23.19 start
++++ imgPhoto-23.19 PASSED
---- imgPhoto-23.20 start
++++ imgPhoto-23.20 PASSED
---- imgPhoto-23.21 start
++++ imgPhoto-23.21 PASSED
---- imgPhoto-23.22 start
++++ imgPhoto-23.22 PASSED
---- imgPhoto-23.23 start
++++ imgPhoto-23.23 PASSED
---- imgPhoto-23.24 start
++++ imgPhoto-23.24 PASSED
---- imgPhoto-23.25 start
++++ imgPhoto-23.25 PASSED
---- imgPhoto-23.26 start
++++ imgPhoto-23.26 PASSED
---- imgPhoto-23.27 start
++++ imgPhoto-23.27 PASSED
---- imgPhoto-23.28 start
++++ imgPhoto-23.28 PASSED
---- imgPhoto-23.29 start
++++ imgPhoto-23.29 PASSED
---- imgPhoto-24.1 start
++++ imgPhoto-24.1 PASSED
---- imgPhoto-24.2 start
++++ imgPhoto-24.2 PASSED
---- imgPhoto-24.3 start
++++ imgPhoto-24.3 PASSED
---- imgPhoto-24.4 start
++++ imgPhoto-24.4 PASSED
---- imgPhoto-24.5 start
++++ imgPhoto-24.5 PASSED
---- imgPhoto-24.6 start
++++ imgPhoto-24.6 PASSED
---- imgPhoto-25.1 start
++++ imgPhoto-25.1 PASSED
---- imgPhoto-25.2 start
++++ imgPhoto-25.2 PASSED
---- imgPhoto-25.3 start
++++ imgPhoto-25.3 PASSED
---- imgPhoto-25.4 start
++++ imgPhoto-25.4 PASSED
---- imgPhoto-25.5 start
++++ imgPhoto-25.5 PASSED
---- imgPhoto-25.6 start
++++ imgPhoto-25.6 PASSED
imgSVGnano.test
---- imgSVGnano-1.1 start
++++ imgSVGnano-1.1 PASSED
---- imgSVGnano-1.2 start
++++ imgSVGnano-1.2 PASSED
---- imgSVGnano-1.3 start
++++ imgSVGnano-1.3 PASSED
---- imgSVGnano-1.4 start
++++ imgSVGnano-1.4 PASSED
---- imgSVGnano-1.5 start
++++ imgSVGnano-1.5 PASSED
---- imgSVGnano-1.6 start
++++ imgSVGnano-1.6 PASSED
---- imgSVGnano-1.7 start
++++ imgSVGnano-1.7 PASSED
---- imgSVGnano-1.8 start
++++ imgSVGnano-1.8 PASSED
---- imgSVGnano-2.1 start
++++ imgSVGnano-2.1 PASSED
---- imgSVGnano-2.2 start
++++ imgSVGnano-2.2 PASSED
---- imgSVGnano-2.3 start
++++ imgSVGnano-2.3 PASSED
---- imgSVGnano-2.4 start
++++ imgSVGnano-2.4 PASSED
---- imgSVGnano-3.1 start
++++ imgSVGnano-3.1 PASSED
---- imgSVGnano-3.2 start
++++ imgSVGnano-3.2 PASSED
---- imgSVGnano-3.3 start
++++ imgSVGnano-3.3 PASSED
---- imgSVGnano-3.4 start
++++ imgSVGnano-3.4 PASSED
---- imgSVGnano-3.5 start
++++ imgSVGnano-3.5 PASSED
---- imgSVGnano-3.6 start
++++ imgSVGnano-3.6 PASSED
---- imgSVGnano-3.7 start
++++ imgSVGnano-3.7 PASSED
---- imgSVGnano-3.8 start
++++ imgSVGnano-3.8 PASSED
---- imgSVGnano-3.10 start
++++ imgSVGnano-3.10 PASSED
---- imgSVGnano-4.1 start
++++ imgSVGnano-4.1 PASSED
---- imgSVGnano-4.2 start
++++ imgSVGnano-4.2 PASSED
---- imgSVGnano-5.0 start
++++ imgSVGnano-5.0 PASSED
---- imgSVGnano-5.1 start
++++ imgSVGnano-5.1 PASSED
---- imgSVGnano-5.2 start
++++ imgSVGnano-5.2 PASSED
listbox.test
---- listbox-1.1 start
++++ listbox-1.1 PASSED
---- listbox-1.2 start
++++ listbox-1.2 PASSED
---- listbox-1.3 start
++++ listbox-1.3 PASSED
---- listbox-1.4 start
++++ listbox-1.4 PASSED
---- listbox-1.5 start
++++ listbox-1.5 PASSED
---- listbox-1.6 start
++++ listbox-1.6 PASSED
---- listbox-1.7 start
++++ listbox-1.7 PASSED
---- listbox-1.8 start
++++ listbox-1.8 PASSED
---- listbox-1.9 start
++++ listbox-1.9 PASSED
---- listbox-1.10 start
++++ listbox-1.10 PASSED
---- listbox-1.11 start
++++ listbox-1.11 PASSED
---- listbox-1.12 start
++++ listbox-1.12 PASSED
---- listbox-1.13 start
++++ listbox-1.13 PASSED
---- listbox-1.14 start
++++ listbox-1.14 PASSED
---- listbox-1.15 start
++++ listbox-1.15 PASSED
---- listbox-1.16 start
++++ listbox-1.16 PASSED
---- listbox-1.17 start
++++ listbox-1.17 PASSED
---- listbox-1.18 start
++++ listbox-1.18 PASSED
---- listbox-1.19 start
++++ listbox-1.19 PASSED
---- listbox-1.21 start
++++ listbox-1.21 PASSED
---- listbox-1.22 start
++++ listbox-1.22 PASSED
---- listbox-1.23 start
++++ listbox-1.23 PASSED
---- listbox-1.24 start
++++ listbox-1.24 PASSED
---- listbox-1.25 start
++++ listbox-1.25 PASSED
---- listbox-1.26 start
++++ listbox-1.26 PASSED
---- listbox-1.27 start
++++ listbox-1.27 PASSED
---- listbox-1.28 start
++++ listbox-1.28 PASSED
---- listbox-1.29 start
++++ listbox-1.29 PASSED
---- listbox-1.30 start
++++ listbox-1.30 PASSED
---- listbox-1.31 start
++++ listbox-1.31 PASSED
---- listbox-1.32.1 start
++++ listbox-1.32.1 PASSED
---- listbox-1.32.2 start
++++ listbox-1.32.2 PASSED
---- listbox-1.33 start
++++ listbox-1.33 PASSED
---- listbox-1.34 start
++++ listbox-1.34 PASSED
---- listbox-1.35 start
++++ listbox-1.35 PASSED
---- listbox-1.36 start
++++ listbox-1.36 PASSED
---- listbox-1.37 start
++++ listbox-1.37 PASSED
---- listbox-1.38 start
++++ listbox-1.38 PASSED
---- listbox-1.39 start
++++ listbox-1.39 PASSED
---- listbox-1.40 start
++++ listbox-1.40 PASSED
---- listbox-1.41 start
++++ listbox-1.41 PASSED
---- listbox-1.43 start
++++ listbox-1.43 PASSED
---- listbox-1.44 start
++++ listbox-1.44 PASSED
---- listbox-1.45 start
++++ listbox-1.45 PASSED
---- listbox-1.46 start
++++ listbox-1.46 PASSED
---- listbox-1.47 start
++++ listbox-1.47 PASSED
---- listbox-1.49 start
++++ listbox-1.49 PASSED
---- listbox-1.50 start
++++ listbox-1.50 PASSED
---- listbox-1.51 start
++++ listbox-1.51 PASSED
---- listbox-1.53 start
++++ listbox-1.53 PASSED
---- listbox-1.55 start
++++ listbox-1.55 PASSED
---- listbox-2.1 start
++++ listbox-2.1 PASSED
---- listbox-2.2 start
++++ listbox-2.2 PASSED
---- listbox-2.3 start
++++ listbox-2.3 PASSED
---- listbox-2.4 start
++++ listbox-2.4 PASSED
---- listbox-2.4.1 start
++++ listbox-2.4.1 PASSED
---- listbox-2.5 start
++++ listbox-2.5 PASSED
---- listbox-3.1 start
++++ listbox-3.1 PASSED
---- listbox-3.2 start
++++ listbox-3.2 PASSED
---- listbox-3.3 start
++++ listbox-3.3 PASSED
---- listbox-3.4 start
++++ listbox-3.4 PASSED
---- listbox-3.5 start
++++ listbox-3.5 PASSED
---- listbox-3.6 start
++++ listbox-3.6 PASSED
---- listbox-3.7 start
++++ listbox-3.7 PASSED
---- listbox-3.8 start
++++ listbox-3.8 PASSED
---- listbox-3.9 start
++++ listbox-3.9 PASSED
---- listbox-3.10 start
++++ listbox-3.10 PASSED
---- listbox-3.11 start
++++ listbox-3.11 PASSED
---- listbox-3.12 start
++++ listbox-3.12 PASSED
---- listbox-3.13 start
++++ listbox-3.13 PASSED
++++ listbox-3.14 SKIPPED: fonts
++++ listbox-3.15 SKIPPED: fonts
++++ listbox-3.16 SKIPPED: fonts
++++ listbox-3.17 SKIPPED: fonts
++++ listbox-3.18 SKIPPED: fonts
++++ listbox-3.18a SKIPPED: fonts
---- listbox-3.18b start
++++ listbox-3.18b PASSED
---- listbox-3.19 start
++++ listbox-3.19 PASSED
---- listbox-3.20 start
++++ listbox-3.20 PASSED
---- listbox-3.21 start
++++ listbox-3.21 PASSED
---- listbox-3.22 start
++++ listbox-3.22 PASSED
---- listbox-3.23 start
++++ listbox-3.23 PASSED
---- listbox-3.24 start
++++ listbox-3.24 PASSED
---- listbox-3.25 start
++++ listbox-3.25 PASSED
---- listbox-3.26 start
++++ listbox-3.26 PASSED
---- listbox-3.27 start
++++ listbox-3.27 PASSED
---- listbox-3.28 start
++++ listbox-3.28 PASSED
---- listbox-3.29 start
++++ listbox-3.29 PASSED
---- listbox-3.30 start
++++ listbox-3.30 PASSED
---- listbox-3.31 start
++++ listbox-3.31 PASSED
---- listbox-3.32 start
++++ listbox-3.32 PASSED
---- listbox-3.33 start
++++ listbox-3.33 PASSED
---- listbox-3.34 start
++++ listbox-3.34 PASSED
---- listbox-3.35 start
++++ listbox-3.35 PASSED
---- listbox-3.36 start
++++ listbox-3.36 PASSED
---- listbox-3.37 start
++++ listbox-3.37 PASSED
---- listbox-3.38 start
++++ listbox-3.38 PASSED
---- listbox-3.39 start
++++ listbox-3.39 PASSED
---- listbox-3.40 start
++++ listbox-3.40 PASSED
---- listbox-3.41 start
++++ listbox-3.41 PASSED
---- listbox-3.42 start
++++ listbox-3.42 PASSED
---- listbox-3.43 start
++++ listbox-3.43 PASSED
---- listbox-3.44 start
++++ listbox-3.44 PASSED
---- listbox-3.45 start
++++ listbox-3.45 PASSED
---- listbox-3.46 start
++++ listbox-3.46 PASSED
---- listbox-3.47 start
++++ listbox-3.47 PASSED
---- listbox-3.48 start
++++ listbox-3.48 PASSED
---- listbox-3.49 start
++++ listbox-3.49 PASSED
---- listbox-3.50 start
++++ listbox-3.50 PASSED
---- listbox-3.51 start
++++ listbox-3.51 PASSED
---- listbox-3.52 start
++++ listbox-3.52 PASSED
---- listbox-3.53 start
++++ listbox-3.53 PASSED
---- listbox-3.54 start
++++ listbox-3.54 PASSED
---- listbox-3.55 start
++++ listbox-3.55 PASSED
---- listbox-3.56 start
++++ listbox-3.56 PASSED
---- listbox-3.57 start
++++ listbox-3.57 PASSED
---- listbox-3.58 start
++++ listbox-3.58 PASSED
---- listbox-3.59 start
++++ listbox-3.59 PASSED
---- listbox-3.60 start
++++ listbox-3.60 PASSED
---- listbox-3.61 start
++++ listbox-3.61 PASSED
---- listbox-3.62 start
++++ listbox-3.62 PASSED
---- listbox-3.63 start
++++ listbox-3.63 PASSED
---- listbox-3.64 start
++++ listbox-3.64 PASSED
---- listbox-3.65 start
++++ listbox-3.65 PASSED
---- listbox-3.66 start
++++ listbox-3.66 PASSED
---- listbox-3.67 start
++++ listbox-3.67 PASSED
---- listbox-3.68 start
++++ listbox-3.68 PASSED
---- listbox-3.69 start
++++ listbox-3.69 PASSED
---- listbox-3.70 start
++++ listbox-3.70 PASSED
---- listbox-3.71 start
++++ listbox-3.71 PASSED
---- listbox-3.72 start
++++ listbox-3.72 PASSED
---- listbox-3.73 start
++++ listbox-3.73 PASSED
---- listbox-3.74 start
++++ listbox-3.74 PASSED
---- listbox-3.75 start
++++ listbox-3.75 PASSED
---- listbox-3.76 start
++++ listbox-3.76 PASSED
---- listbox-3.77 start
++++ listbox-3.77 PASSED
++++ listbox-3.78 SKIPPED: fonts
---- listbox-3.79 start
++++ listbox-3.79 PASSED
---- listbox-3.80 start
++++ listbox-3.80 PASSED
---- listbox-3.81 start
++++ listbox-3.81 PASSED
---- listbox-3.82 start
++++ listbox-3.82 PASSED
---- listbox-3.83 start
++++ listbox-3.83 PASSED
---- listbox-3.84 start
++++ listbox-3.84 PASSED
---- listbox-3.85 start
++++ listbox-3.85 PASSED
---- listbox-3.86 start
++++ listbox-3.86 PASSED
---- listbox-3.87 start
++++ listbox-3.87 PASSED
---- listbox-3.88 start
++++ listbox-3.88 PASSED
---- listbox-3.89 start
++++ listbox-3.89 PASSED
---- listbox-3.90 start
++++ listbox-3.90 PASSED
---- listbox-3.91 start
++++ listbox-3.91 PASSED
---- listbox-3.92 start
++++ listbox-3.92 PASSED
---- listbox-3.93 start
++++ listbox-3.93 PASSED
---- listbox-3.94 start
++++ listbox-3.94 PASSED
---- listbox-3.95 start
++++ listbox-3.95 PASSED
---- listbox-3.96 start
++++ listbox-3.96 PASSED
---- listbox-3.97 start
++++ listbox-3.97 PASSED
---- listbox-3.98 start
++++ listbox-3.98 PASSED
---- listbox-3.99 start
++++ listbox-3.99 PASSED
---- listbox-3.100 start
++++ listbox-3.100 PASSED
---- listbox-3.101 start
++++ listbox-3.101 PASSED
---- listbox-3.102 start
++++ listbox-3.102 PASSED
---- listbox-3.103 start
++++ listbox-3.103 PASSED
---- listbox-3.104 start
++++ listbox-3.104 PASSED
---- listbox-3.105 start
++++ listbox-3.105 PASSED
---- listbox-3.106 start
++++ listbox-3.106 PASSED
---- listbox-3.107 start
++++ listbox-3.107 PASSED
---- listbox-3.108 start
++++ listbox-3.108 PASSED
---- listbox-3.109 start
++++ listbox-3.109 PASSED
---- listbox-3.110 start
++++ listbox-3.110 PASSED
---- listbox-3.111 start
++++ listbox-3.111 PASSED
---- listbox-3.112 start
++++ listbox-3.112 PASSED
---- listbox-3.113 start
++++ listbox-3.113 PASSED
---- listbox-3.114 start
++++ listbox-3.114 PASSED
---- listbox-3.115 start
++++ listbox-3.115 PASSED
++++ listbox-3.116 SKIPPED: fonts
---- listbox-3.117 start
++++ listbox-3.117 PASSED
---- listbox-3.118 start
++++ listbox-3.118 PASSED
++++ listbox-3.119 SKIPPED: fonts
++++ listbox-3.120 SKIPPED: fonts
++++ listbox-3.121 SKIPPED: fonts
++++ listbox-3.122 SKIPPED: fonts
---- listbox-3.123 start
++++ listbox-3.123 PASSED
---- listbox-3.124 start
++++ listbox-3.124 PASSED
---- listbox-3.125 start
++++ listbox-3.125 PASSED
---- listbox-3.126 start
++++ listbox-3.126 PASSED
---- listbox-3.127 start
++++ listbox-3.127 PASSED
---- listbox-3.128 start
++++ listbox-3.128 PASSED
---- listbox-3.129 start
++++ listbox-3.129 PASSED
---- listbox-3.130 start
++++ listbox-3.130 PASSED
---- listbox-3.131 start
++++ listbox-3.131 PASSED
---- listbox-3.132 start
++++ listbox-3.132 PASSED
---- listbox-3.133 start
++++ listbox-3.133 PASSED
---- listbox-3.134 start
++++ listbox-3.134 PASSED
---- listbox-3.135 start
++++ listbox-3.135 PASSED
---- listbox-3.136 start
++++ listbox-3.136 PASSED
---- listbox-3.137 start
++++ listbox-3.137 PASSED
++++ listbox-4.1 SKIPPED: fonts
---- listbox-4.2 start
++++ listbox-4.2 PASSED
---- listbox-4.3 start
++++ listbox-4.3 PASSED
---- listbox-4.4 start
++++ listbox-4.4 PASSED
---- listbox-4.5 start
++++ listbox-4.5 PASSED
++++ listbox-4.6 SKIPPED: fonts
---- listbox-4.7 start
++++ listbox-4.7 PASSED
---- listbox-4.8 start
++++ listbox-4.8 PASSED
---- listbox-4.9 start
++++ listbox-4.9 PASSED
---- listbox-4.10 start
++++ listbox-4.10 PASSED
---- listbox-4.11 start
++++ listbox-4.11 PASSED
---- listbox-4.12 start
++++ listbox-4.12 PASSED
---- listbox-4.13 start
++++ listbox-4.13 PASSED
---- listbox-4.14 start
++++ listbox-4.14 PASSED
---- listbox-4.15 start
++++ listbox-4.15 PASSED
---- listbox-4.16 start
++++ listbox-4.16 PASSED
---- listbox-4.17 start
++++ listbox-4.17 PASSED
---- listbox-4.18 start
++++ listbox-4.18 PASSED
---- listbox-4.19 start
++++ listbox-4.19 PASSED
++++ listbox-5.1 SKIPPED: fonts
++++ listbox-5.2 SKIPPED: fonts
++++ listbox-5.3 SKIPPED: fonts
++++ listbox-5.4 SKIPPED: fonts
++++ listbox-5.5 SKIPPED: fonts
---- listbox-5.6 start
++++ listbox-5.6 PASSED
---- listbox-6.1 start
++++ listbox-6.1 PASSED
---- listbox-6.2 start
++++ listbox-6.2 PASSED
---- listbox-6.3 start
++++ listbox-6.3 PASSED
---- listbox-6.4 start
++++ listbox-6.4 PASSED
---- listbox-6.5 start
++++ listbox-6.5 PASSED
---- listbox-6.6 start
++++ listbox-6.6 PASSED
---- listbox-6.7 start
++++ listbox-6.7 PASSED
---- listbox-6.8 start
++++ listbox-6.8 PASSED
---- listbox-6.9 start
++++ listbox-6.9 PASSED
---- listbox-6.10 start
++++ listbox-6.10 PASSED
---- listbox-6.11 start
++++ listbox-6.11 PASSED
++++ listbox-6.12 SKIPPED: fonts
---- listbox-6.13 start
++++ listbox-6.13 PASSED
---- listbox-6.14 start
++++ listbox-6.14 PASSED
---- listbox-6.15 start
++++ listbox-6.15 PASSED
---- listbox-7.1 start
++++ listbox-7.1 PASSED
---- listbox-7.2 start
++++ listbox-7.2 PASSED
---- listbox-7.3 start
++++ listbox-7.3 PASSED
---- listbox-7.4 start
++++ listbox-7.4 PASSED
---- listbox-7.5 start
++++ listbox-7.5 PASSED
---- listbox-7.6 start
++++ listbox-7.6 PASSED
---- listbox-7.7 start
++++ listbox-7.7 PASSED
---- listbox-7.8 start
++++ listbox-7.8 PASSED
---- listbox-7.9 start
++++ listbox-7.9 PASSED
---- listbox-7.10 start
++++ listbox-7.10 PASSED
---- listbox-7.11 start
++++ listbox-7.11 PASSED
---- listbox-7.12 start
++++ listbox-7.12 PASSED
---- listbox-7.13 start
++++ listbox-7.13 PASSED
---- listbox-7.14 start
++++ listbox-7.14 PASSED
---- listbox-7.15 start
++++ listbox-7.15 PASSED
---- listbox-7.16 start
++++ listbox-7.16 PASSED
---- listbox-7.17 start
++++ listbox-7.17 PASSED
---- listbox-7.18 start
++++ listbox-7.18 PASSED
---- listbox-7.19 start
++++ listbox-7.19 PASSED
++++ listbox-7.20 SKIPPED: fonts
---- listbox-7.21 start
++++ listbox-7.21 PASSED
++++ listbox-8.1 SKIPPED: fonts
++++ listbox-8.2 SKIPPED: fonts
---- listbox-8.3 start
++++ listbox-8.3 PASSED
---- listbox-9.1 start
++++ listbox-9.1 PASSED
++++ listbox-9.2 SKIPPED: fonts
---- listbox-10.1 start
++++ listbox-10.1 PASSED
---- listbox-10.2 start
++++ listbox-10.2 PASSED
---- listbox-10.3 start
++++ listbox-10.3 PASSED
---- listbox-10.4 start
++++ listbox-10.4 PASSED
---- listbox-10.5 start
++++ listbox-10.5 PASSED
---- listbox-10.6 start
++++ listbox-10.6 PASSED
---- listbox-10.7 start
++++ listbox-10.7 PASSED
---- listbox-10.8 start
++++ listbox-10.8 PASSED
---- listbox-10.9 start
++++ listbox-10.9 PASSED
---- listbox-10.10 start
++++ listbox-10.10 PASSED
---- listbox-10.11 start
++++ listbox-10.11 PASSED
---- listbox-10.12 start
++++ listbox-10.12 PASSED
---- listbox-10.13 start
++++ listbox-10.13 PASSED
++++ listbox-10.14 SKIPPED: fonts
---- listbox-10.15 start
++++ listbox-10.15 PASSED
---- listbox-10.16 start
++++ listbox-10.16 PASSED
---- listbox-10.17 start
++++ listbox-10.17 PASSED
---- listbox-10.18 start
++++ listbox-10.18 PASSED
---- listbox-10.19 start
++++ listbox-10.19 PASSED
---- listbox-10.20 start
++++ listbox-10.20 PASSED
---- listbox-11.1 start
++++ listbox-11.1 PASSED
---- listbox-11.2 start
++++ listbox-11.2 PASSED
---- listbox-11.3 start
++++ listbox-11.3 PASSED
---- listbox-11.4 start
++++ listbox-11.4 PASSED
---- listbox-11.5 start
++++ listbox-11.5 PASSED
---- listbox-11.6 start
++++ listbox-11.6 PASSED
++++ listbox-12.1 SKIPPED: fonts
++++ listbox-12.2 SKIPPED: fonts
++++ listbox-12.3 SKIPPED: fonts
++++ listbox-13.1 SKIPPED: fonts
++++ listbox-13.2 SKIPPED: fonts
++++ listbox-13.3 SKIPPED: fonts
---- listbox-14.1 start
++++ listbox-14.1 PASSED
++++ listbox-14.2 SKIPPED: fonts
++++ listbox-14.3 SKIPPED: fonts
++++ listbox-14.4 SKIPPED: fonts
---- listbox-15.1 start
++++ listbox-15.1 PASSED
---- listbox-15.2 start
++++ listbox-15.2 PASSED
---- listbox-15.3 start
++++ listbox-15.3 PASSED
---- listbox-15.4 start
++++ listbox-15.4 PASSED
---- listbox-15.5 start
++++ listbox-15.5 PASSED
---- listbox-15.6 start
++++ listbox-15.6 PASSED
---- listbox-15.7 start
++++ listbox-15.7 PASSED
---- listbox-15.8 start
++++ listbox-15.8 PASSED
---- listbox-15.9 start
++++ listbox-15.9 PASSED
---- listbox-15.10 start
++++ listbox-15.10 PASSED
---- listbox-16.1 start
++++ listbox-16.1 PASSED
---- listbox-16.2 start
++++ listbox-16.2 PASSED
---- listbox-16.3 start
++++ listbox-16.3 PASSED
---- listbox-17.1 start
++++ listbox-17.1 PASSED
---- listbox-17.2 start
++++ listbox-17.2 PASSED
---- listbox-18.1 start
++++ listbox-18.1 PASSED
---- listbox-18.2 start
++++ listbox-18.2 PASSED
---- listbox-18.3 start
++++ listbox-18.3 PASSED
++++ listbox-19.1 SKIPPED: fonts
---- listbox-19.2 start
++++ listbox-19.2 PASSED
---- listbox-20.1 start
++++ listbox-20.1 PASSED
---- listbox-21.1 start
++++ listbox-21.1 PASSED
---- listbox-21.2 start
++++ listbox-21.2 PASSED
---- listbox-21.3 start
++++ listbox-21.3 PASSED
---- listbox-21.4 start
++++ listbox-21.4 PASSED
---- listbox-21.5 start
++++ listbox-21.5 PASSED
---- listbox-21.6 start
++++ listbox-21.6 PASSED
---- listbox-21.7 start
++++ listbox-21.7 PASSED
---- listbox-21.8 start
++++ listbox-21.8 PASSED
---- listbox-21.9 start
++++ listbox-21.9 PASSED
---- listbox-21.10 start
++++ listbox-21.10 PASSED
---- listbox-21.11 start
++++ listbox-21.11 PASSED
---- listbox-21.12 start
++++ listbox-21.12 PASSED
---- listbox-21.12a start
++++ listbox-21.12a PASSED
---- listbox-21.13 start
++++ listbox-21.13 PASSED
---- listbox-21.14 start
++++ listbox-21.14 PASSED
---- listbox-21.15 start
++++ listbox-21.15 PASSED
---- listbox-21.16 start
++++ listbox-21.16 PASSED
---- listbox-22.1 start
++++ listbox-22.1 PASSED
---- listbox-23.1 start
++++ listbox-23.1 PASSED
---- listbox-23.2 start
++++ listbox-23.2 PASSED
---- listbox-23.3 start
++++ listbox-23.3 PASSED
---- listbox-23.4 start
++++ listbox-23.4 PASSED
---- listbox-23.5 start
++++ listbox-23.5 PASSED
---- listbox-23.6 start
++++ listbox-23.6 PASSED
---- listbox-23.7 start
++++ listbox-23.7 PASSED
---- listbox-23.8 start
++++ listbox-23.8 PASSED
---- listbox-23.9 start
++++ listbox-23.9 PASSED
---- listbox-23.10 start
++++ listbox-23.10 PASSED
---- listbox-23.11 start
++++ listbox-23.11 PASSED
---- listbox-23.12 start
++++ listbox-23.12 PASSED
---- listbox-23.13 start
++++ listbox-23.13 PASSED
---- listbox-23.14 start
++++ listbox-23.14 PASSED
---- listbox-23.15 start
++++ listbox-23.15 PASSED
---- listbox-23.16 start
++++ listbox-23.16 PASSED
---- listbox-23.17 start
++++ listbox-23.17 PASSED
---- listbox-24.1 start
++++ listbox-24.1 PASSED
---- listbox-24.2 start
++++ listbox-24.2 PASSED
---- listbox-24.3 start
++++ listbox-24.3 PASSED
---- listbox-24.4 start
++++ listbox-24.4 PASSED
---- listbox-25.1 start
++++ listbox-25.1 PASSED
---- listbox-25.2 start
++++ listbox-25.2 PASSED
---- listbox-26.1 start
++++ listbox-26.1 PASSED
---- listbox-26.2 start
++++ listbox-26.2 PASSED
---- listbox-26.3 start
++++ listbox-26.3 PASSED
---- listbox-26.4 start
++++ listbox-26.4 PASSED
---- listbox-26.5 start
++++ listbox-26.5 PASSED
---- listbox-27.1 start
++++ listbox-27.1 PASSED
---- listbox-28.1 start
++++ listbox-28.1 PASSED
---- listbox-28.2 start
++++ listbox-28.2 PASSED
++++ listbox-28.3 SKIPPED: win
---- listbox-28.4 start
++++ listbox-28.4 PASSED
---- listbox-29.1 start
++++ listbox-29.1 PASSED
---- listbox-30.1 start
++++ listbox-30.1 PASSED
---- listbox-31.1 start
++++ listbox-31.1 PASSED
---- listbox-31.2 start
++++ listbox-31.2 PASSED
---- listbox-32.1 start
++++ listbox-32.1 PASSED
---- listbox-32.2 start
++++ listbox-32.2 PASSED
main.test
---- main-1.1 start
++++ main-1.1 PASSED
---- main-2.1 start
++++ main-2.1 PASSED
---- main-2.2 start
++++ main-2.2 PASSED
---- main-2.3 start
++++ main-2.3 PASSED
---- main-3.1 start
++++ main-3.1 PASSED
---- main-3.2 start
++++ main-3.2 PASSED
---- main-3.3 start
++++ main-3.3 PASSED
menu.test
---- menu-1.1 start
++++ menu-1.1 PASSED
---- menu-1.2 start
++++ menu-1.2 PASSED
---- menu-1.3 start
++++ menu-1.3 PASSED
---- menu-1.4 start
++++ menu-1.4 PASSED
---- menu-1.5 start
++++ menu-1.5 PASSED
---- menu-1.6 start
++++ menu-1.6 PASSED
---- menu-1.7 start
++++ menu-1.7 PASSED
---- menu-1.8 start
++++ menu-1.8 PASSED
---- menu-1.9 start
++++ menu-1.9 PASSED
---- menu-1.10 start
++++ menu-1.10 PASSED
---- menu-1.11 start
++++ menu-1.11 PASSED
---- menu-1.12 start
++++ menu-1.12 PASSED
---- menu-1.13 start
++++ menu-1.13 PASSED
---- menu-1.14 start
++++ menu-1.14 PASSED
---- menu-2.1 start
++++ menu-2.1 PASSED
---- menu-2.2 start
++++ menu-2.2 PASSED
---- menu-2.3 start
++++ menu-2.3 PASSED
---- menu-2.4 start
++++ menu-2.4 PASSED
---- menu-2.5 start
++++ menu-2.5 PASSED
---- menu-2.6 start
++++ menu-2.6 PASSED
---- menu-2.6a start
++++ menu-2.6a PASSED
---- menu-2.6b start
++++ menu-2.6b PASSED
---- menu-2.7 start
++++ menu-2.7 PASSED
---- menu-2.8 start
++++ menu-2.8 PASSED
---- menu-2.9 start
++++ menu-2.9 PASSED
---- menu-2.10 start
++++ menu-2.10 PASSED
---- menu-2.11 start
++++ menu-2.11 PASSED
---- menu-2.12 start
++++ menu-2.12 PASSED
---- menu-2.13 start
++++ menu-2.13 PASSED
---- menu-2.14 start
++++ menu-2.14 PASSED
---- menu-2.15 start
++++ menu-2.15 PASSED
---- menu-2.16 start
++++ menu-2.16 PASSED
---- menu-2.17 start
++++ menu-2.17 PASSED
---- menu-2.18 start
++++ menu-2.18 PASSED
---- menu-2.19 start
++++ menu-2.19 PASSED
---- menu-2.20 start
++++ menu-2.20 PASSED
---- menu-2.21 start
++++ menu-2.21 PASSED
---- menu-2.22 start
++++ menu-2.22 PASSED
---- menu-2.23 start
++++ menu-2.23 PASSED
---- menu-2.24 start
++++ menu-2.24 PASSED
---- menu-2.25 start
++++ menu-2.25 PASSED
---- menu-2.26 start
++++ menu-2.26 PASSED
---- menu-2.27 start
++++ menu-2.27 PASSED
---- menu-2.28 start
++++ menu-2.28 PASSED
---- menu-2.29 start
++++ menu-2.29 PASSED
---- menu-2.30 start
++++ menu-2.30 PASSED
---- menu-2.31 start
++++ menu-2.31 PASSED
---- menu-2.32 start
++++ menu-2.32 PASSED
---- menu-2.33 start
++++ menu-2.33 PASSED
---- menu-2.34 start
++++ menu-2.34 PASSED
---- menu-2.35 start
++++ menu-2.35 PASSED
---- menu-2.36 start
++++ menu-2.36 PASSED
---- menu-2.37 start
++++ menu-2.37 PASSED
---- menu-2.38 start
++++ menu-2.38 PASSED
---- menu-2.39 start
++++ menu-2.39 PASSED
---- menu-2.40 start
++++ menu-2.40 PASSED
---- menu-2.41 start
++++ menu-2.41 PASSED
---- menu-2.42 start
++++ menu-2.42 PASSED
---- menu-2.43 start
++++ menu-2.43 PASSED
---- menu-2.44 start
++++ menu-2.44 PASSED
---- menu-2.45 start
++++ menu-2.45 PASSED
---- menu-2.46 start
++++ menu-2.46 PASSED
---- menu-2.47 start
++++ menu-2.47 PASSED
---- menu-2.48 start
++++ menu-2.48 PASSED
---- menu-2.49 start
++++ menu-2.49 PASSED
---- menu-2.50 start
++++ menu-2.50 PASSED
---- menu-2.51 start
++++ menu-2.51 PASSED
---- menu-2.52 start
++++ menu-2.52 PASSED
---- menu-2.53 start
++++ menu-2.53 PASSED
---- menu-2.54 start
++++ menu-2.54 PASSED
---- menu-2.55 start
++++ menu-2.55 PASSED
---- menu-2.56 start
++++ menu-2.56 PASSED
---- menu-2.57 start
++++ menu-2.57 PASSED
---- menu-2.58 start
++++ menu-2.58 PASSED
---- menu-2.59 start
++++ menu-2.59 PASSED
---- menu-2.60 start
++++ menu-2.60 PASSED
---- menu-2.61 start
++++ menu-2.61 PASSED
---- menu-2.62 start
++++ menu-2.62 PASSED
---- menu-2.63 start
++++ menu-2.63 PASSED
---- menu-2.64 start
++++ menu-2.64 PASSED
---- menu-2.65 start
++++ menu-2.65 PASSED
---- menu-2.66 start
++++ menu-2.66 PASSED
---- menu-2.67 start
++++ menu-2.67 PASSED
---- menu-2.68 start
++++ menu-2.68 PASSED
---- menu-2.69 start
++++ menu-2.69 PASSED
---- menu-2.70 start
++++ menu-2.70 PASSED
---- menu-2.71 start
++++ menu-2.71 PASSED
---- menu-2.72 start
++++ menu-2.72 PASSED
---- menu-2.73 start
++++ menu-2.73 PASSED
---- menu-2.74 start
++++ menu-2.74 PASSED
---- menu-2.75 start
++++ menu-2.75 PASSED
---- menu-2.76 start
++++ menu-2.76 PASSED
---- menu-2.77 start
++++ menu-2.77 PASSED
---- menu-2.78 start
++++ menu-2.78 PASSED
---- menu-2.79 start
++++ menu-2.79 PASSED
---- menu-2.80 start
++++ menu-2.80 PASSED
---- menu-2.81 start
++++ menu-2.81 PASSED
---- menu-2.82 start
++++ menu-2.82 PASSED
---- menu-2.83 start
++++ menu-2.83 PASSED
---- menu-2.84 start
++++ menu-2.84 PASSED
---- menu-2.85 start
++++ menu-2.85 PASSED
---- menu-2.86 start
++++ menu-2.86 PASSED
---- menu-2.87 start
++++ menu-2.87 PASSED
---- menu-2.88 start
++++ menu-2.88 PASSED
---- menu-2.89 start
++++ menu-2.89 PASSED
---- menu-2.90 start
++++ menu-2.90 PASSED
---- menu-2.91 start
++++ menu-2.91 PASSED
---- menu-2.92 start
++++ menu-2.92 PASSED
---- menu-2.93 start
++++ menu-2.93 PASSED
---- menu-2.94 start
++++ menu-2.94 PASSED
---- menu-2.95 start
++++ menu-2.95 PASSED
---- menu-2.96 start
++++ menu-2.96 PASSED
---- menu-2.97 start
++++ menu-2.97 PASSED
---- menu-2.98 start
++++ menu-2.98 PASSED
---- menu-2.99 start
++++ menu-2.99 PASSED
---- menu-2.100 start
++++ menu-2.100 PASSED
---- menu-2.101 start
++++ menu-2.101 PASSED
---- menu-2.102 start
++++ menu-2.102 PASSED
---- menu-2.103 start
++++ menu-2.103 PASSED
---- menu-2.104 start
++++ menu-2.104 PASSED
---- menu-2.105 start
++++ menu-2.105 PASSED
---- menu-2.106 start
++++ menu-2.106 PASSED
---- menu-2.107 start
++++ menu-2.107 PASSED
---- menu-2.108 start
++++ menu-2.108 PASSED
---- menu-2.109 start
++++ menu-2.109 PASSED
---- menu-2.110 start
++++ menu-2.110 PASSED
---- menu-2.111 start
++++ menu-2.111 PASSED
---- menu-2.112 start
++++ menu-2.112 PASSED
---- menu-2.113 start
++++ menu-2.113 PASSED
---- menu-2.114 start
++++ menu-2.114 PASSED
---- menu-2.115 start
++++ menu-2.115 PASSED
---- menu-2.116 start
++++ menu-2.116 PASSED
---- menu-2.117 start
++++ menu-2.117 PASSED
---- menu-2.118 start
++++ menu-2.118 PASSED
---- menu-2.119 start
++++ menu-2.119 PASSED
---- menu-2.120 start
++++ menu-2.120 PASSED
---- menu-2.121 start
++++ menu-2.121 PASSED
---- menu-2.122 start
++++ menu-2.122 PASSED
---- menu-2.123 start
++++ menu-2.123 PASSED
---- menu-2.124 start
++++ menu-2.124 PASSED
---- menu-2.125 start
++++ menu-2.125 PASSED
---- menu-2.126 start
++++ menu-2.126 PASSED
---- menu-2.127 start
++++ menu-2.127 PASSED
---- menu-2.128 start
++++ menu-2.128 PASSED
---- menu-2.129 start
++++ menu-2.129 PASSED
---- menu-2.130 start
++++ menu-2.130 PASSED
---- menu-2.131 start
++++ menu-2.131 PASSED
---- menu-2.132 start
++++ menu-2.132 PASSED
---- menu-2.133 start
++++ menu-2.133 PASSED
---- menu-2.134 start
++++ menu-2.134 PASSED
---- menu-2.135 start
++++ menu-2.135 PASSED
---- menu-2.136 start
++++ menu-2.136 PASSED
---- menu-2.137 start
++++ menu-2.137 PASSED
---- menu-2.138 start
++++ menu-2.138 PASSED
---- menu-2.139 start
++++ menu-2.139 PASSED
---- menu-2.140 start
++++ menu-2.140 PASSED
---- menu-2.141 start
++++ menu-2.141 PASSED
---- menu-2.142 start
++++ menu-2.142 PASSED
---- menu-2.143 start
++++ menu-2.143 PASSED
---- menu-2.144 start
++++ menu-2.144 PASSED
---- menu-2.145 start
++++ menu-2.145 PASSED
---- menu-2.146 start
++++ menu-2.146 PASSED
---- menu-2.147 start
++++ menu-2.147 PASSED
---- menu-2.148 start
++++ menu-2.148 PASSED
---- menu-2.149 start
++++ menu-2.149 PASSED
---- menu-2.150 start
++++ menu-2.150 PASSED
---- menu-2.151 start
++++ menu-2.151 PASSED
---- menu-2.152 start
++++ menu-2.152 PASSED
---- menu-2.153 start
++++ menu-2.153 PASSED
---- menu-2.154 start
++++ menu-2.154 PASSED
---- menu-2.155 start
++++ menu-2.155 PASSED
---- menu-2.156 start
++++ menu-2.156 PASSED
---- menu-2.157 start
++++ menu-2.157 PASSED
---- menu-2.158 start
++++ menu-2.158 PASSED
---- menu-2.159 start
++++ menu-2.159 PASSED
---- menu-2.160 start
++++ menu-2.160 PASSED
---- menu-2.161 start
++++ menu-2.161 PASSED
---- menu-2.162 start
++++ menu-2.162 PASSED
---- menu-2.163 start
++++ menu-2.163 PASSED
---- menu-2.164 start
++++ menu-2.164 PASSED
---- menu-2.165 start
++++ menu-2.165 PASSED
---- menu-2.166 start
++++ menu-2.166 PASSED
---- menu-2.167 start
++++ menu-2.167 PASSED
---- menu-2.168 start
++++ menu-2.168 PASSED
---- menu-2.169 start
++++ menu-2.169 PASSED
---- menu-2.170 start
++++ menu-2.170 PASSED
---- menu-2.171 start
++++ menu-2.171 PASSED
---- menu-2.172 start
++++ menu-2.172 PASSED
---- menu-2.173 start
++++ menu-2.173 PASSED
---- menu-2.174 start
++++ menu-2.174 PASSED
---- menu-2.175 start
++++ menu-2.175 PASSED
---- menu-2.176 start
++++ menu-2.176 PASSED
---- menu-2.177 start
++++ menu-2.177 PASSED
---- menu-2.178 start
++++ menu-2.178 PASSED
---- menu-2.179 start
++++ menu-2.179 PASSED
---- menu-2.180 start
++++ menu-2.180 PASSED
---- menu-2.181 start
++++ menu-2.181 PASSED
---- menu-2.182 start
++++ menu-2.182 PASSED
---- menu-2.183 start
++++ menu-2.183 PASSED
---- menu-2.184 start
++++ menu-2.184 PASSED
---- menu-2.185 start
++++ menu-2.185 PASSED
---- menu-2.186 start
++++ menu-2.186 PASSED
---- menu-2.187 start
++++ menu-2.187 PASSED
---- menu-2.188 start
++++ menu-2.188 PASSED
---- menu-2.189 start
++++ menu-2.189 PASSED
---- menu-2.190 start
++++ menu-2.190 PASSED
---- menu-2.191 start
++++ menu-2.191 PASSED
---- menu-2.192 start
++++ menu-2.192 PASSED
---- menu-2.193 start
++++ menu-2.193 PASSED
---- menu-2.194 start
++++ menu-2.194 PASSED
---- menu-2.195 start
++++ menu-2.195 PASSED
---- menu-2.196 start
++++ menu-2.196 PASSED
---- menu-2.197 start
++++ menu-2.197 PASSED
---- menu-2.198 start
++++ menu-2.198 PASSED
---- menu-2.199 start
++++ menu-2.199 PASSED
---- menu-2.200 start
++++ menu-2.200 PASSED
---- menu-2.201 start
++++ menu-2.201 PASSED
---- menu-2.202 start
++++ menu-2.202 PASSED
---- menu-2.203 start
++++ menu-2.203 PASSED
---- menu-2.204 start
++++ menu-2.204 PASSED
---- menu-2.205 start
++++ menu-2.205 PASSED
---- menu-2.206 start
++++ menu-2.206 PASSED
---- menu-2.207 start
++++ menu-2.207 PASSED
---- menu-2.208 start
++++ menu-2.208 PASSED
---- menu-2.209 start
++++ menu-2.209 PASSED
---- menu-2.210 start
++++ menu-2.210 PASSED
---- menu-2.211 start
++++ menu-2.211 PASSED
---- menu-2.212 start
++++ menu-2.212 PASSED
---- menu-2.213 start
++++ menu-2.213 PASSED
---- menu-2.214 start
++++ menu-2.214 PASSED
---- menu-2.215 start
++++ menu-2.215 PASSED
---- menu-2.216 start
++++ menu-2.216 PASSED
---- menu-2.217 start
++++ menu-2.217 PASSED
---- menu-2.218 start
++++ menu-2.218 PASSED
---- menu-2.219 start
++++ menu-2.219 PASSED
---- menu-2.220 start
++++ menu-2.220 PASSED
---- menu-2.221 start
++++ menu-2.221 PASSED
---- menu-2.222 start
++++ menu-2.222 PASSED
---- menu-2.223 start
++++ menu-2.223 PASSED
---- menu-2.224 start
++++ menu-2.224 PASSED
---- menu-2.225 start
++++ menu-2.225 PASSED
---- menu-2.226 start
++++ menu-2.226 PASSED
---- menu-2.227 start
++++ menu-2.227 PASSED
---- menu-2.228 start
++++ menu-2.228 PASSED
---- menu-3.1 start
++++ menu-3.1 PASSED
++++ menu-3.2 SKIPPED: nonUnixUserInteraction
---- menu-3.3 start
++++ menu-3.3 PASSED
---- menu-3.4 start
++++ menu-3.4 PASSED
---- menu-3.5 start
++++ menu-3.5 PASSED
---- menu-3.6 start
++++ menu-3.6 PASSED
---- menu-3.7 start
++++ menu-3.7 PASSED
---- menu-3.8 start
++++ menu-3.8 PASSED
---- menu-3.9 start
++++ menu-3.9 PASSED
---- menu-3.10 start
++++ menu-3.10 PASSED
---- menu-3.11 start
++++ menu-3.11 PASSED
---- menu-3.12 start
++++ menu-3.12 PASSED
---- menu-3.13 start
++++ menu-3.13 PASSED
---- menu-3.14 start
++++ menu-3.14 PASSED
---- menu-3.15 start
++++ menu-3.15 PASSED
---- menu-3.16 start
++++ menu-3.16 PASSED
---- menu-3.17 start
++++ menu-3.17 PASSED
---- menu-3.18 start
++++ menu-3.18 PASSED
---- menu-3.19 start
++++ menu-3.19 PASSED
---- menu-3.20 start
++++ menu-3.20 PASSED
---- menu-3.21 start
++++ menu-3.21 PASSED
---- menu-3.22 start
++++ menu-3.22 PASSED
---- menu-3.23 start
++++ menu-3.23 PASSED
---- menu-3.24 start
++++ menu-3.24 PASSED
---- menu-3.25 start
++++ menu-3.25 PASSED
---- menu-3.26 start
++++ menu-3.26 PASSED
---- menu-3.27 start
++++ menu-3.27 PASSED
---- menu-3.28 start
++++ menu-3.28 PASSED
---- menu-3.29 start
++++ menu-3.29 PASSED
---- menu-3.29+1 start
++++ menu-3.29+1 PASSED
---- menu-3.30 start
++++ menu-3.30 PASSED
---- menu-3.31 start
++++ menu-3.31 PASSED
---- menu-3.32 start
++++ menu-3.32 PASSED
---- menu-3.33 start
++++ menu-3.33 PASSED
---- menu-3.34 start
++++ menu-3.34 PASSED
---- menu-3.35 start
++++ menu-3.35 PASSED
---- menu-3.36 start
++++ menu-3.36 PASSED
---- menu-3.37 start
++++ menu-3.37 PASSED
---- menu-3.38 start
++++ menu-3.38 PASSED
---- menu-3.39 start
++++ menu-3.39 PASSED
---- menu-3.40 start
++++ menu-3.40 PASSED
---- menu-3.41 start
++++ menu-3.41 PASSED
---- menu-3.42 start
++++ menu-3.42 PASSED
---- menu-3.43 start
++++ menu-3.43 PASSED
---- menu-3.44 start
++++ menu-3.44 PASSED
---- menu-3.45 start
++++ menu-3.45 PASSED
---- menu-3.46 start
++++ menu-3.46 PASSED
---- menu-3.47 start
++++ menu-3.47 PASSED
---- menu-3.48 start
++++ menu-3.48 PASSED
---- menu-3.49 start
++++ menu-3.49 PASSED
++++ menu-3.50 SKIPPED: nonUnixUserInteraction
---- menu-3.51 start
++++ menu-3.51 PASSED
---- menu-3.52 start
++++ menu-3.52 PASSED
++++ menu-3.53 SKIPPED: nonUnixUserInteraction
---- menu-3.54 start
++++ menu-3.54 PASSED
---- menu-3.55 start
++++ menu-3.55 PASSED
---- menu-3.56 start
++++ menu-3.56 PASSED
---- menu-3.57 start
++++ menu-3.57 PASSED
---- menu-3.58 start
++++ menu-3.58 PASSED
---- menu-3.59 start
++++ menu-3.59 PASSED
---- menu-3.60 start
++++ menu-3.60 PASSED
---- menu-3.61 start
++++ menu-3.61 PASSED
---- menu-3.62 start
++++ menu-3.62 PASSED
---- menu-3.63 start
++++ menu-3.63 PASSED
++++ menu-3.64 SKIPPED: nonUnixUserInteraction
---- menu-3.65 start
++++ menu-3.65 PASSED
---- menu-3.66a start
++++ menu-3.66a PASSED
++++ menu-3.66b SKIPPED: notAqua
---- menu-3.66c start
++++ menu-3.66c PASSED
---- menu-3.67 start
++++ menu-3.67 PASSED
---- menu-3.68 start
++++ menu-3.68 PASSED
---- menu-3.69 start
++++ menu-3.69 PASSED
---- menu-3.70 start
++++ menu-3.70 PASSED
---- menu-3.71 start
++++ menu-3.71 PASSED
---- menu-4.1 start
++++ menu-4.1 PASSED
---- menu-4.2 start
++++ menu-4.2 PASSED
---- menu-4.3 start
++++ menu-4.3 PASSED
---- menu-4.4 start
++++ menu-4.4 PASSED
---- menu-4.5 start
++++ menu-4.5 PASSED
---- menu-4.6 start
++++ menu-4.6 PASSED
---- menu-4.7 start
++++ menu-4.7 PASSED
---- menu-4.8 start
++++ menu-4.8 PASSED
---- menu-4.9 start
++++ menu-4.9 PASSED
---- menu-4.10 start
++++ menu-4.10 PASSED
---- menu-4.11 start
++++ menu-4.11 PASSED
---- menu-4.12 start
++++ menu-4.12 PASSED
---- menu-5.1 start
++++ menu-5.1 PASSED
---- menu-5.2 start
++++ menu-5.2 PASSED
---- menu-5.3 start
++++ menu-5.3 PASSED
---- menu-5.4 start
++++ menu-5.4 PASSED
---- menu-5.5 start
++++ menu-5.5 PASSED
---- menu-5.6 start
++++ menu-5.6 PASSED
---- menu-5.7 start
++++ menu-5.7 PASSED
---- menu-5.8 start
++++ menu-5.8 PASSED
---- menu-5.9 start
++++ menu-5.9 PASSED
---- menu-5.10 start
++++ menu-5.10 PASSED
---- menu-5.11 start
++++ menu-5.11 PASSED
---- menu-5.12 start
++++ menu-5.12 PASSED
---- menu-5.13 start
++++ menu-5.13 PASSED
---- menu-6.1 start
++++ menu-6.1 PASSED
---- menu-6.2 start
++++ menu-6.2 PASSED
---- menu-6.3 start
++++ menu-6.3 PASSED
---- menu-6.4 start
++++ menu-6.4 PASSED
---- menu-6.5 start
++++ menu-6.5 PASSED
---- menu-6.6 start
++++ menu-6.6 PASSED
---- menu-6.7 start
++++ menu-6.7 PASSED
---- menu-6.8 start
++++ menu-6.8 PASSED
---- menu-6.9 start
++++ menu-6.9 PASSED
---- menu-6.10 start
++++ menu-6.10 PASSED
---- menu-6.11 start
++++ menu-6.11 PASSED
---- menu-6.12 start
++++ menu-6.12 PASSED
---- menu-6.13 start
++++ menu-6.13 PASSED
---- menu-6.14 start
++++ menu-6.14 PASSED
---- menu-6.15 start
++++ menu-6.15 PASSED
---- menu-6.16 start
++++ menu-6.16 PASSED
---- menu-6.17 start
++++ menu-6.17 PASSED
---- menu-7.1 start
++++ menu-7.1 PASSED
---- menu-7.2 start
++++ menu-7.2 PASSED
---- menu-7.3 start
++++ menu-7.3 PASSED
---- menu-7.4 start
++++ menu-7.4 PASSED
---- menu-7.5 start
++++ menu-7.5 PASSED
---- menu-7.6 start
++++ menu-7.6 PASSED
---- menu-7.7 start
++++ menu-7.7 PASSED
---- menu-7.8 start
++++ menu-7.8 PASSED
---- menu-7.9 start
++++ menu-7.9 PASSED
---- menu-8.1 start
++++ menu-8.1 PASSED
---- menu-8.2 start
++++ menu-8.2 PASSED
---- menu-8.3 start
++++ menu-8.3 PASSED
---- menu-8.4 start
++++ menu-8.4 PASSED
---- menu-8.5 start
++++ menu-8.5 PASSED
---- menu-8.6 start
++++ menu-8.6 PASSED
---- menu-8.7 start
++++ menu-8.7 PASSED
---- menu-9.1 start
++++ menu-9.1 PASSED
---- menu-9.2 start
++++ menu-9.2 PASSED
---- menu-9.3 start
++++ menu-9.3 PASSED
---- menu-9.4 start
++++ menu-9.4 PASSED
---- menu-9.5 start
++++ menu-9.5 PASSED
---- menu-9.6 start
++++ menu-9.6 PASSED
---- menu-9.7 start
++++ menu-9.7 PASSED
---- menu-9.8 start
++++ menu-9.8 PASSED
---- menu-9.9 start
++++ menu-9.9 PASSED
---- menu-10.1 start
++++ menu-10.1 PASSED
---- menu-10.2 start
++++ menu-10.2 PASSED
---- menu-11.1 start
++++ menu-11.1 PASSED
---- menu-11.2 start
++++ menu-11.2 PASSED
---- menu-11.3 start
++++ menu-11.3 PASSED
---- menu-11.4 start
++++ menu-11.4 PASSED
---- menu-11.5 start
++++ menu-11.5 PASSED
---- menu-11.6 start
++++ menu-11.6 PASSED
---- menu-11.7 start
++++ menu-11.7 PASSED
---- menu-11.8 start
++++ menu-11.8 PASSED
---- menu-11.9 start
++++ menu-11.9 PASSED
---- menu-11.10 start
++++ menu-11.10 PASSED
---- menu-11.11 start
++++ menu-11.11 PASSED
---- menu-11.12 start
++++ menu-11.12 PASSED
---- menu-11.13 start
++++ menu-11.13 PASSED
---- menu-11.14 start
++++ menu-11.14 PASSED
---- menu-11.15 start
++++ menu-11.15 PASSED
---- menu-11.16 start
++++ menu-11.16 PASSED
---- menu-11.17 start
++++ menu-11.17 PASSED
---- menu-11.18 start
++++ menu-11.18 PASSED
---- menu-11.19 start
++++ menu-11.19 PASSED
---- menu-11.20 start
++++ menu-11.20 PASSED
---- menu-11.21 start
++++ menu-11.21 PASSED
---- menu-12.1 start
++++ menu-12.1 PASSED
---- menu-12.2 start
++++ menu-12.2 PASSED
---- menu-12.3 start
++++ menu-12.3 PASSED
---- menu-12.4 start
++++ menu-12.4 PASSED
---- menu-13.1 start
++++ menu-13.1 PASSED
---- menu-13.2 start
++++ menu-13.2 PASSED
---- menu-13.3 start
++++ menu-13.3 PASSED
---- menu-13.4 start
++++ menu-13.4 PASSED
---- menu-13.5 start
++++ menu-13.5 PASSED
---- menu-13.6 start
++++ menu-13.6 PASSED
---- menu-13.7 start
++++ menu-13.7 PASSED
---- menu-13.8 start
++++ menu-13.8 PASSED
---- menu-13.9 start
++++ menu-13.9 PASSED
---- menu-13.10 start
++++ menu-13.10 PASSED
---- menu-13.11 start
++++ menu-13.11 PASSED
---- menu-13.12 start
++++ menu-13.12 PASSED
---- menu-14.1 start
++++ menu-14.1 PASSED
---- menu-14.2 start
++++ menu-14.2 PASSED
---- menu-15.1 start
++++ menu-15.1 PASSED
---- menu-15.2 start
++++ menu-15.2 PASSED
---- menu-15.3 start
++++ menu-15.3 PASSED
---- menu-15.4 start
++++ menu-15.4 PASSED
---- menu-16.1 start
++++ menu-16.1 PASSED
---- menu-16.2 start
++++ menu-16.2 PASSED
---- menu-16.3 start
++++ menu-16.3 PASSED
---- menu-16.4 start
++++ menu-16.4 PASSED
---- menu-16.5 start
++++ menu-16.5 PASSED
---- menu-16.6 start
++++ menu-16.6 PASSED
---- menu-16.7 start
++++ menu-16.7 PASSED
---- menu-16.8 start
++++ menu-16.8 PASSED
---- menu-16.9 start
++++ menu-16.9 PASSED
---- menu-16.10 start
++++ menu-16.10 PASSED
---- menu-16.11 start
++++ menu-16.11 PASSED
---- menu-16.12 start
++++ menu-16.12 PASSED
---- menu-16.13 start
++++ menu-16.13 PASSED
---- menu-16.14 start
++++ menu-16.14 PASSED
---- menu-16.15 start
++++ menu-16.15 PASSED
---- menu-16.16 start
++++ menu-16.16 PASSED
---- menu-16.17 start
++++ menu-16.17 PASSED
---- menu-16.18 start
++++ menu-16.18 PASSED
---- menu-16.19 start
++++ menu-16.19 PASSED
---- menu-17.1 start
++++ menu-17.1 PASSED
---- menu-17.2 start
++++ menu-17.2 PASSED
---- menu-17.3 start
++++ menu-17.3 PASSED
---- menu-17.4 start
++++ menu-17.4 PASSED
---- menu-17.5 start
++++ menu-17.5 PASSED
---- menu-17.6 start
++++ menu-17.6 PASSED
---- menu-17.7 start
++++ menu-17.7 PASSED
---- menu-18.1 start
++++ menu-18.1 PASSED
---- menu-18.2 start
++++ menu-18.2 PASSED
---- menu-18.3 start
++++ menu-18.3 PASSED
---- menu-18.4 start
++++ menu-18.4 PASSED
++++ menu-19.1 SKIPPED: nonUnixUserInteraction
++++ menu-19.2 SKIPPED: nonUnixUserInteraction
---- menu-20.1 start
++++ menu-20.1 PASSED
---- menu-20.2 start
++++ menu-20.2 PASSED
---- menu-20.3 start
++++ menu-20.3 PASSED
---- menu-20.4 start
++++ menu-20.4 PASSED
---- menu-20.5 start
++++ menu-20.5 PASSED
---- menu-20.6 start
++++ menu-20.6 PASSED
---- menu-20.7 start
++++ menu-20.7 PASSED
---- menu-20.8 start
++++ menu-20.8 PASSED
---- menu-20.9 start
++++ menu-20.9 PASSED
---- menu-20.10 start
++++ menu-20.10 PASSED
---- menu-20.11 start
++++ menu-20.11 PASSED
---- menu-20.12 start
++++ menu-20.12 PASSED
---- menu-20.13 start
++++ menu-20.13 PASSED
---- menu-20.14 start
++++ menu-20.14 PASSED
---- menu-20.15 start
++++ menu-20.15 PASSED
---- menu-20.16 start
++++ menu-20.16 PASSED
---- menu-21.1 start
++++ menu-21.1 PASSED
---- menu-21.2 start
++++ menu-21.2 PASSED
---- menu-22.1 start
++++ menu-22.1 PASSED
---- menu-22.2 start
++++ menu-22.2 PASSED
++++ menu-22.3 SKIPPED: x11
++++ menu-22.4 SKIPPED: x11
++++ menu-22.5 SKIPPED: x11
---- menu-22.6 start
++++ menu-22.6 PASSED
---- menu-22.7 start
++++ menu-22.7 PASSED
---- menu-22.8 start
++++ menu-22.8 PASSED
---- menu-22.9 start
++++ menu-22.9 PASSED
++++ menu-22.10 SKIPPED: x11
---- menu-23.1 start
++++ menu-23.1 PASSED
---- menu-23.2 start
++++ menu-23.2 PASSED
---- menu-24.1 start
++++ menu-24.1 PASSED
---- menu-24.2 start
++++ menu-24.2 PASSED
---- menu-24.3 start
++++ menu-24.3 PASSED
---- menu-25.1 start
++++ menu-25.1 PASSED
---- menu-25.2 start
++++ menu-25.2 PASSED
---- menu-25.3 start
++++ menu-25.3 PASSED
---- menu-25.4 start
++++ menu-25.4 PASSED
---- menu-25.5 start
++++ menu-25.5 PASSED
---- menu-25.6 start
++++ menu-25.6 PASSED
---- menu-25.7 start
++++ menu-25.7 PASSED
---- menu-25.8 start
++++ menu-25.8 PASSED
---- menu-25.9 start
++++ menu-25.9 PASSED
---- menu-25.10 start
++++ menu-25.10 PASSED
---- menu-25.11 start
++++ menu-25.11 PASSED
---- menu-25.12 start
++++ menu-25.12 PASSED
---- menu-25.13 start
++++ menu-25.13 PASSED
---- menu-25.14 start
++++ menu-25.14 PASSED
---- menu-25.15 start
++++ menu-25.15 PASSED
---- menu-25.16 start
++++ menu-25.16 PASSED
---- menu-26.1 start
++++ menu-26.1 PASSED
---- menu-27.1 start
++++ menu-27.1 PASSED
---- menu-28.1 start
++++ menu-28.1 PASSED
---- menu-28.2 start
++++ menu-28.2 PASSED
---- menu-29.1 start
++++ menu-29.1 PASSED
---- menu-30.1 start
++++ menu-30.1 PASSED
---- menu-31.1 start
++++ menu-31.1 PASSED
---- menu-31.2 start
++++ menu-31.2 PASSED
---- menu-31.3 start
++++ menu-31.3 PASSED
---- menu-31.4 start
++++ menu-31.4 PASSED
---- menu-32.1 start
++++ menu-32.1 PASSED
---- menu-32.2 start
++++ menu-32.2 PASSED
---- menu-32.3 start
++++ menu-32.3 PASSED
---- menu-32.4 start
++++ menu-32.4 PASSED
---- menu-32.5 start
++++ menu-32.5 PASSED
---- menu-32.6 start
++++ menu-32.6 PASSED
---- menu-32.7 start
++++ menu-32.7 PASSED
---- menu-32.8 start
++++ menu-32.8 PASSED
---- menu-32.9 start
++++ menu-32.9 PASSED
---- menu-33.1 start
++++ menu-33.1 PASSED
++++ menu-34.1 SKIPPED: altDisplay
---- menu-35.1 start
++++ menu-35.1 PASSED
---- menu-37.1 start
++++ menu-37.1 PASSED
++++ menu-38.1 SKIPPED: x11
---- menu-39.1 start
++++ menu-39.1 PASSED
---- menu-39.2 start
++++ menu-39.2 PASSED
---- menu-40.1 start
++++ menu-40.1 PASSED
---- menu-40.2 start
++++ menu-40.2 PASSED
---- menu-41.1 start
++++ menu-41.1 PASSED
---- menu-41.2 start
++++ menu-41.2 PASSED
---- menu-41.3 start
++++ menu-41.3 PASSED
---- menu-41.4 start
++++ menu-41.4 PASSED
---- menu-41.5 start
++++ menu-41.5 PASSED
---- menu-41.6 start
++++ menu-41.6 PASSED
---- menu-41.7 start
++++ menu-41.7 PASSED
---- menu-41.8 start
++++ menu-41.8 PASSED
---- menu-41.9 start
++++ menu-41.9 PASSED
---- menu-41.10 start
++++ menu-41.10 PASSED
---- menu-41.11 start
++++ menu-41.11 PASSED
---- menu-41.12 start
++++ menu-41.12 PASSED
---- menu-41.13 start
++++ menu-41.13 PASSED
---- menu-41.14 start
++++ menu-41.14 PASSED
menuDraw.test
---- menuDraw-1.1 start
++++ menuDraw-1.1 PASSED
---- menuDraw-2.1 start
++++ menuDraw-2.1 PASSED
---- menuDraw-3.1 start
++++ menuDraw-3.1 PASSED
---- menuDraw-4.1 start
++++ menuDraw-4.1 PASSED
---- menuDraw-4.2 start
++++ menuDraw-4.2 PASSED
---- menuDraw-5.1 start
++++ menuDraw-5.1 PASSED
---- menuDraw-5.2 start
++++ menuDraw-5.2 PASSED
---- menuDraw-5.3 start
++++ menuDraw-5.3 PASSED
---- menuDraw-6.1 start
++++ menuDraw-6.1 PASSED
---- menuDraw-6.2 start
++++ menuDraw-6.2 PASSED
---- menuDraw-6.3 start
++++ menuDraw-6.3 PASSED
---- menuDraw-6.4 start
++++ menuDraw-6.4 PASSED
---- menuDraw-6.5 start
++++ menuDraw-6.5 PASSED
---- menuDraw-6.6 start
++++ menuDraw-6.6 PASSED
---- menuDraw-6.7 start
++++ menuDraw-6.7 PASSED
---- menuDraw-6.8 start
++++ menuDraw-6.8 PASSED
---- menuDraw-6.9 start
++++ menuDraw-6.9 PASSED
---- menuDraw-6.10 start
++++ menuDraw-6.10 PASSED
---- menuDraw-6.11 start
++++ menuDraw-6.11 PASSED
---- menuDraw-6.12 start
++++ menuDraw-6.12 PASSED
---- menuDraw-6.13 start
++++ menuDraw-6.13 PASSED
---- menuDraw-6.14 start
++++ menuDraw-6.14 PASSED
---- menuDraw-6.15 start
++++ menuDraw-6.15 PASSED
---- menuDraw-6.16 start
++++ menuDraw-6.16 PASSED
---- menuDraw-7.1 start
++++ menuDraw-7.1 PASSED
---- menuDraw-7.2 start
++++ menuDraw-7.2 PASSED
++++ menuDraw-8.1 SKIPPED: win
---- menuDraw-9.1 start
++++ menuDraw-9.1 PASSED
---- menuDraw-9.2 start
++++ menuDraw-9.2 PASSED
---- menuDraw-10.1 start
++++ menuDraw-10.1 PASSED
---- menuDraw-10.2 start
++++ menuDraw-10.2 PASSED
---- menuDraw-10.3 start
++++ menuDraw-10.3 PASSED
---- menuDraw-10.4 start
++++ menuDraw-10.4 PASSED
---- menuDraw-11.1 start
++++ menuDraw-11.1 PASSED
---- menuDraw-11.2 start
++++ menuDraw-11.2 PASSED
---- menuDraw-11.3 start
++++ menuDraw-11.3 PASSED
---- menuDraw-12.1 start
++++ menuDraw-12.1 PASSED
---- menuDraw-12.2 start
++++ menuDraw-12.2 PASSED
---- menuDraw-12.3 start
++++ menuDraw-12.3 PASSED
---- menuDraw-12.4 start
++++ menuDraw-12.4 PASSED
---- menuDraw.12.5 start
++++ menuDraw.12.5 PASSED
---- menuDraw-12.5 start
++++ menuDraw-12.5 PASSED
---- menuDraw.12.7 start
++++ menuDraw.12.7 PASSED
---- menuDraw-12.6 start
++++ menuDraw-12.6 PASSED
---- menuDraw-12.7 start
++++ menuDraw-12.7 PASSED
---- menuDraw-13.1 start
++++ menuDraw-13.1 PASSED
---- menuDraw-13.2 start
++++ menuDraw-13.2 PASSED
---- menuDraw-13.4 start
++++ menuDraw-13.4 PASSED
---- menuDraw-13.5 start
++++ menuDraw-13.5 PASSED
---- menuDraw-14.1 start
++++ menuDraw-14.1 PASSED
---- menuDraw-14.2 start
++++ menuDraw-14.2 PASSED
---- menuDraw-15.1 start
++++ menuDraw-15.1 PASSED
---- menuDraw-15.2 start
++++ menuDraw-15.2 PASSED
---- menuDraw-15.3 start
++++ menuDraw-15.3 PASSED
---- menuDraw-15.4 start
++++ menuDraw-15.4 PASSED
---- menuDraw-15.5 start
++++ menuDraw-15.5 PASSED
---- menuDraw-15.6 start
++++ menuDraw-15.6 PASSED
++++ menuDraw-16.1 SKIPPED: nonUnixUserInteraction
++++ menuDraw-16.2 SKIPPED: nonUnixUserInteraction
---- menuDraw-16.3 start
++++ menuDraw-16.3 PASSED
---- menuDraw-16.4 start
++++ menuDraw-16.4 PASSED
---- menuDraw-16.5 start
++++ menuDraw-16.5 PASSED
++++ menuDraw-16.6 SKIPPED: win
---- menuDraw-17.1 start
++++ menuDraw-17.1 PASSED
++++ menuDraw-17.2 SKIPPED: win
menubut.test
---- menubutton-1.1 start
++++ menubutton-1.1 PASSED
---- menubutton-1.2 start
++++ menubutton-1.2 PASSED
---- menubutton-1.3 start
++++ menubutton-1.3 PASSED
---- menubutton-1.4 start
++++ menubutton-1.4 PASSED
---- menubutton-1.5 start
++++ menubutton-1.5 PASSED
---- menubutton-1.6 start
++++ menubutton-1.6 PASSED
---- menubutton-1.7 start
++++ menubutton-1.7 PASSED
---- menubutton-1.8 start
++++ menubutton-1.8 PASSED
---- menubutton-1.9 start
++++ menubutton-1.9 PASSED
---- menubutton-1.10 start
++++ menubutton-1.10 PASSED
---- menubutton-1.11 start
++++ menubutton-1.11 PASSED
---- menubutton-1.12 start
++++ menubutton-1.12 PASSED
---- menubutton-1.13 start
++++ menubutton-1.13 PASSED
---- menubutton-1.14 start
++++ menubutton-1.14 PASSED
---- menubutton-1.15 start
++++ menubutton-1.15 PASSED
---- menubutton-1.16 start
++++ menubutton-1.16 PASSED
---- menubutton-1.17 start
++++ menubutton-1.17 PASSED
---- menubutton-1.18 start
++++ menubutton-1.18 PASSED
---- menubutton-1.19 start
++++ menubutton-1.19 PASSED
---- menubutton-1.20 start
++++ menubutton-1.20 PASSED
---- menubutton-1.21 start
++++ menubutton-1.21 PASSED
---- menubutton-1.22 start
++++ menubutton-1.22 PASSED
---- menubutton-1.23 start
++++ menubutton-1.23 PASSED
---- menubutton-1.24 start
++++ menubutton-1.24 PASSED
---- menubutton-1.25 start
++++ menubutton-1.25 PASSED
---- menubutton-1.26 start
++++ menubutton-1.26 PASSED
---- menubutton-1.27 start
++++ menubutton-1.27 PASSED
---- menubutton-1.28 start
++++ menubutton-1.28 PASSED
---- menubutton-1.29 start
++++ menubutton-1.29 PASSED
---- menubutton-1.30 start
++++ menubutton-1.30 PASSED
---- menubutton-1.31 start
++++ menubutton-1.31 PASSED
---- menubutton-1.32 start
++++ menubutton-1.32 PASSED
---- menubutton-1.33 start
++++ menubutton-1.33 PASSED
---- menubutton-1.34 start
++++ menubutton-1.34 PASSED
---- menubutton-1.35 start
++++ menubutton-1.35 PASSED
---- menubutton-1.36 start
++++ menubutton-1.36 PASSED
---- menubutton-1.37 start
++++ menubutton-1.37 PASSED
---- menubutton-1.38 start
++++ menubutton-1.38 PASSED
---- menubutton-1.39 start
++++ menubutton-1.39 PASSED
---- menubutton-1.40 start
++++ menubutton-1.40 PASSED
---- menubutton-1.41 start
++++ menubutton-1.41 PASSED
---- menubutton-1.42 start
++++ menubutton-1.42 PASSED
---- menubutton-1.43 start
++++ menubutton-1.43 PASSED
---- menubutton-1.44 start
++++ menubutton-1.44 PASSED
---- menubutton-1.45 start
++++ menubutton-1.45 PASSED
---- menubutton-1.46 start
++++ menubutton-1.46 PASSED
---- menubutton-1.47 start
++++ menubutton-1.47 PASSED
---- menubutton-1.48 start
++++ menubutton-1.48 PASSED
---- menubutton-1.49 start
++++ menubutton-1.49 PASSED
---- menubutton-1.50 start
++++ menubutton-1.50 PASSED
---- menubutton-1.51 start
++++ menubutton-1.51 PASSED
---- menubutton-1.52 start
++++ menubutton-1.52 PASSED
---- menubutton-1.53 start
++++ menubutton-1.53 PASSED
---- menubutton-1.54 start
++++ menubutton-1.54 PASSED
---- menubutton-1.55 start
++++ menubutton-1.55 PASSED
---- menubutton-1.56 start
++++ menubutton-1.56 PASSED
---- menubutton-1.57 start
++++ menubutton-1.57 PASSED
---- menubutton-1.58 start
++++ menubutton-1.58 PASSED
---- menubutton-1.59 start
++++ menubutton-1.59 PASSED
---- menubutton-2.1 start
++++ menubutton-2.1 PASSED
---- menubutton-2.2 start
++++ menubutton-2.2 PASSED
---- menubutton-2.3 start
++++ menubutton-2.3 PASSED
---- menubutton-2.4 start
++++ menubutton-2.4 PASSED
---- menubutton-2.5 start
++++ menubutton-2.5 PASSED
---- menubutton-3.1 start
++++ menubutton-3.1 PASSED
---- menubutton-3.2 start
++++ menubutton-3.2 PASSED
---- menubutton-3.3 start
++++ menubutton-3.3 PASSED
---- menubutton-3.4 start
++++ menubutton-3.4 PASSED
---- menubutton-3.5 start
++++ menubutton-3.5 PASSED
---- menubutton-3.6 start
++++ menubutton-3.6 PASSED
---- menubutton-3.7 start
++++ menubutton-3.7 PASSED
---- menubutton-3.8 start
++++ menubutton-3.8 PASSED
---- menubutton-3.9 start
++++ menubutton-3.9 PASSED
---- menubutton-3.10 start
++++ menubutton-3.10 PASSED
---- menubutton-3.11 start
++++ menubutton-3.11 PASSED
---- menubutton-4.1 start
++++ menubutton-4.1 PASSED
---- menubutton-4.2 start
++++ menubutton-4.2 PASSED
---- menubutton-4.3 start
++++ menubutton-4.3 PASSED
---- menubutton-4.4 start
++++ menubutton-4.4 PASSED
---- menubutton-4.5 start
++++ menubutton-4.5 PASSED
---- menubutton-4.6 start
++++ menubutton-4.6 PASSED
---- menubutton-4.7 start
++++ menubutton-4.7 PASSED
---- menubutton-4.8 start
++++ menubutton-4.8 PASSED
++++ menubutton-4.9 SKIPPED: nonPortable
---- menubutton-4.10 start
++++ menubutton-4.10 PASSED
---- menubutton-4.11 start
++++ menubutton-4.11 PASSED
---- menubutton-5.1 start
++++ menubutton-5.1 PASSED
---- menubutton-6.1 start
++++ menubutton-6.1 PASSED
---- menubutton-7.1 start
++++ menubutton-7.1 PASSED
---- menubutton-7.2 start
++++ menubutton-7.2 PASSED
---- menubutton-7.3 start
++++ menubutton-7.3 PASSED
---- menubutton-7.4 start
++++ menubutton-7.4 PASSED
---- menubutton-7.5 start
++++ menubutton-7.5 PASSED
---- menubutton-7.6 start
++++ menubutton-7.6 PASSED
---- menubutton-7.7 start
++++ menubutton-7.7 PASSED
---- menubutton-7.8 start
++++ menubutton-7.8 PASSED
++++ menubutton-7.9 SKIPPED: fonts
++++ menubutton-7.10 SKIPPED: fonts
++++ menubutton-7.11 SKIPPED: fonts
++++ menubutton-7.12 SKIPPED: fonts
++++ menubutton-7.13 SKIPPED: nonPortable
++++ menubutton-7.14 SKIPPED: nonPortable
++++ menubutton-7.15 SKIPPED: win
---- menubutton-8.1 start
++++ menubutton-8.1 PASSED
---- menubutton-9.1 start
++++ menubutton-9.1 PASSED
---- menubutton-9.2 start
++++ menubutton-9.2 PASSED
message.test
---- message-1.1 start
++++ message-1.1 PASSED
---- message-1.2 start
++++ message-1.2 PASSED
---- message-1.3 start
++++ message-1.3 PASSED
---- message-1.4 start
++++ message-1.4 PASSED
---- message-1.5 start
++++ message-1.5 PASSED
---- message-1.6 start
++++ message-1.6 PASSED
---- message-1.7 start
++++ message-1.7 PASSED
---- message-1.8 start
++++ message-1.8 PASSED
---- message-1.9 start
++++ message-1.9 PASSED
---- message-1.10 start
++++ message-1.10 PASSED
---- message-1.11 start
++++ message-1.11 PASSED
---- message-1.12 start
++++ message-1.12 PASSED
---- message-1.13 start
++++ message-1.13 PASSED
---- message-1.14 start
++++ message-1.14 PASSED
---- message-1.15 start
++++ message-1.15 PASSED
---- message-1.16 start
++++ message-1.16 PASSED
---- message-1.17 start
++++ message-1.17 PASSED
---- message-1.18 start
++++ message-1.18 PASSED
---- message-1.19 start
++++ message-1.19 PASSED
---- message-1.20 start
++++ message-1.20 PASSED
---- message-1.21 start
++++ message-1.21 PASSED
---- message-1.22 start
++++ message-1.22 PASSED
---- message-1.23 start
++++ message-1.23 PASSED
---- message-1.24 start
++++ message-1.24 PASSED
---- message-1.25 start
++++ message-1.25 PASSED
---- message-1.26 start
++++ message-1.26 PASSED
---- message-1.27 start
++++ message-1.27 PASSED
---- message-1.28 start
++++ message-1.28 PASSED
---- message-1.29 start
++++ message-1.29 PASSED
---- message-1.30 start
++++ message-1.30 PASSED
---- message-1.31 start
++++ message-1.31 PASSED
---- message-1.32 start
++++ message-1.32 PASSED
---- message-1.33 start
++++ message-1.33 PASSED
---- message-1.34 start
++++ message-1.34 PASSED
---- message-1.35 start
++++ message-1.35 PASSED
---- message-1.36 start
++++ message-1.36 PASSED
---- message-1.37 start
++++ message-1.37 PASSED
---- message-1.38 start
++++ message-1.38 PASSED
---- message-1.39 start
++++ message-1.39 PASSED
---- message-2.1 start
++++ message-2.1 PASSED
---- message-2.2 start
++++ message-2.2 PASSED
---- message-2.3 start
++++ message-2.3 PASSED
---- message-2.4 start
++++ message-2.4 PASSED
---- message-2.5 start
++++ message-2.5 PASSED
---- message-3.1 start
++++ message-3.1 PASSED
---- message-3.2 start
++++ message-3.2 PASSED
---- message-3.3 start
++++ message-3.3 PASSED
---- message-3.4 start
++++ message-3.4 PASSED
---- message-3.5 start
++++ message-3.5 PASSED
---- message-3.6 start
++++ message-3.6 PASSED
---- message-3.7 start
++++ message-3.7 PASSED
---- message-4.1 start
++++ message-4.1 PASSED
---- message-4.2 start
++++ message-4.2 PASSED
msgbox.test
++++ msgbox-1.1.1 SKIPPED: notAqua
---- msgbox-1.1.2 start
++++ msgbox-1.1.2 PASSED
++++ msgbox-1.2.1 SKIPPED: notAqua
---- msgbox-1.2.2 start
++++ msgbox-1.2.2 PASSED
---- msgbox-1.3 start
++++ msgbox-1.3 PASSED
---- msgbox-1.4 start
++++ msgbox-1.4 PASSED
---- msgbox-1.5 start
++++ msgbox-1.5 PASSED
---- msgbox-1.6 start
++++ msgbox-1.6 PASSED
---- msgbox-1.7 start
++++ msgbox-1.7 PASSED
---- msgbox-1.8 start
++++ msgbox-1.8 PASSED
---- msgbox-1.9 start
++++ msgbox-1.9 PASSED
---- msgbox-1.10 start
++++ msgbox-1.10 PASSED
---- msgbox-1.11 start
++++ msgbox-1.11 PASSED
---- msgbox-1.13 start
++++ msgbox-1.13 PASSED
---- msgbox-1.14 start
++++ msgbox-1.14 PASSED
---- msgbox-1.16 start
++++ msgbox-1.16 PASSED
---- msgbox-1.18 start
++++ msgbox-1.18 PASSED
---- msgbox-1.19 start
++++ msgbox-1.19 PASSED
++++ msgbox-2.1 SKIPPED: nonUnixUserInteraction
++++ msgbox-2.2 SKIPPED: nonUnixUserInteraction
++++ msgbox-2.3 SKIPPED: nonUnixUserInteraction
++++ msgbox-2.4 SKIPPED: nonUnixUserInteraction
++++ msgbox-2.5 SKIPPED: nonUnixUserInteraction
++++ msgbox-2.6 SKIPPED: nonUnixUserInteraction
++++ msgbox-2.7 SKIPPED: nonUnixUserInteraction
++++ msgbox-2.8 SKIPPED: nonUnixUserInteraction
++++ msgbox-2.9 SKIPPED: nonUnixUserInteraction
++++ msgbox-2.10 SKIPPED: nonUnixUserInteraction
++++ msgbox-2.11 SKIPPED: nonUnixUserInteraction
++++ msgbox-2.12 SKIPPED: nonUnixUserInteraction
++++ msgbox-2.13 SKIPPED: nonUnixUserInteraction
++++ msgbox-2.14 SKIPPED: nonUnixUserInteraction
++++ msgbox-2.15 SKIPPED: nonUnixUserInteraction
++++ msgbox-2.16 SKIPPED: nonUnixUserInteraction
++++ msgbox-2.17 SKIPPED: nonUnixUserInteraction
++++ msgbox-2.18 SKIPPED: nonUnixUserInteraction
++++ msgbox-2.19 SKIPPED: nonUnixUserInteraction
++++ msgbox-2.20 SKIPPED: nonUnixUserInteraction
++++ msgbox-2.21 SKIPPED: nonUnixUserInteraction
++++ msgbox-2.22 SKIPPED: nonUnixUserInteraction
++++ msgbox-2.23 SKIPPED: nonUnixUserInteraction
++++ msgbox-2.24 SKIPPED: nonUnixUserInteraction
++++ msgbox-2.25 SKIPPED: nonUnixUserInteraction
++++ msgbox-2.26 SKIPPED: nonUnixUserInteraction
++++ msgbox-2.27 SKIPPED: nonUnixUserInteraction
++++ msgbox-2.28 SKIPPED: nonUnixUserInteraction
++++ msgbox-2.29 SKIPPED: nonUnixUserInteraction
++++ msgbox-2.30 SKIPPED: nonUnixUserInteraction
++++ msgbox-2.31 SKIPPED: nonUnixUserInteraction
++++ msgbox-2.32 SKIPPED: nonUnixUserInteraction
++++ msgbox-2.33 SKIPPED: nonUnixUserInteraction
++++ msgbox-2.34 SKIPPED: nonUnixUserInteraction
++++ msgbox-2.35 SKIPPED: nonUnixUserInteraction
++++ msgbox-2.36 SKIPPED: nonUnixUserInteraction
++++ msgbox-2.37 SKIPPED: nonUnixUserInteraction
++++ msgbox-2.38 SKIPPED: nonUnixUserInteraction
++++ msgbox-2.39 SKIPPED: nonUnixUserInteraction
++++ msgbox-2.40 SKIPPED: nonUnixUserInteraction
++++ msgbox-2.41 SKIPPED: nonUnixUserInteraction
++++ msgbox-2.42 SKIPPED: nonUnixUserInteraction
++++ msgbox-2.43 SKIPPED: nonUnixUserInteraction
++++ msgbox-3.1 SKIPPED: nonUnixUserInteraction
++++ msgbox-3.2 SKIPPED: nonUnixUserInteraction
obj.test
---- obj-1.1 start
++++ obj-1.1 PASSED
---- obj-2.1 start
++++ obj-2.1 PASSED
---- obj-3.1 start
++++ obj-3.1 PASSED
---- obj-4.1 start
++++ obj-4.1 PASSED
option.test
---- option-1.1 start
++++ option-1.1 PASSED
---- option-1.2 start
++++ option-1.2 PASSED
---- option-1.3 start
++++ option-1.3 PASSED
---- option-1.4 start
++++ option-1.4 PASSED
---- option-1.5 start
++++ option-1.5 PASSED
---- option-1.6 start
++++ option-1.6 PASSED
---- option-2.1 start
++++ option-2.1 PASSED
---- option-2.2 start
++++ option-2.2 PASSED
---- option-2.3 start
++++ option-2.3 PASSED
---- option-2.4 start
++++ option-2.4 PASSED
---- option-2.5 start
++++ option-2.5 PASSED
---- option-2.6 start
++++ option-2.6 PASSED
---- option-3.1 start
++++ option-3.1 PASSED
---- option-3.2 start
++++ option-3.2 PASSED
---- option-3.3 start
++++ option-3.3 PASSED
---- option-3.4 start
++++ option-3.4 PASSED
---- option-3.5 start
++++ option-3.5 PASSED
---- option-3.6 start
++++ option-3.6 PASSED
---- option-4.1 start
++++ option-4.1 PASSED
---- option-4.2 start
++++ option-4.2 PASSED
---- option-4.3 start
++++ option-4.3 PASSED
---- option-4.4 start
++++ option-4.4 PASSED
---- option-4.5 start
++++ option-4.5 PASSED
---- option-4.6 start
++++ option-4.6 PASSED
---- option-5.1 start
++++ option-5.1 PASSED
---- option-5.2 start
++++ option-5.2 PASSED
---- option-5.3 start
++++ option-5.3 PASSED
---- option-5.4 start
++++ option-5.4 PASSED
---- option-5.5 start
++++ option-5.5 PASSED
---- option-5.6 start
++++ option-5.6 PASSED
---- option-6.1 start
++++ option-6.1 PASSED
---- option-6.2 start
++++ option-6.2 PASSED
---- option-6.3 start
++++ option-6.3 PASSED
---- option-6.4 start
++++ option-6.4 PASSED
---- option-6.5 start
++++ option-6.5 PASSED
---- option-6.6 start
++++ option-6.6 PASSED
---- option-7.1 start
++++ option-7.1 PASSED
---- option-7.2 start
++++ option-7.2 PASSED
---- option-7.3 start
++++ option-7.3 PASSED
---- option-7.4 start
++++ option-7.4 PASSED
---- option-7.5 start
++++ option-7.5 PASSED
---- option-7.6 start
++++ option-7.6 PASSED
---- option-8.1 start
++++ option-8.1 PASSED
---- option-8.2 start
++++ option-8.2 PASSED
---- option-8.3 start
++++ option-8.3 PASSED
---- option-8.4 start
++++ option-8.4 PASSED
---- option-8.5 start
++++ option-8.5 PASSED
---- option-8.6 start
++++ option-8.6 PASSED
---- option-9.1 start
++++ option-9.1 PASSED
---- option-9.2 start
++++ option-9.2 PASSED
---- option-9.3 start
++++ option-9.3 PASSED
---- option-9.4 start
++++ option-9.4 PASSED
---- option-9.5 start
++++ option-9.5 PASSED
---- option-9.6 start
++++ option-9.6 PASSED
---- option-10.1 start
++++ option-10.1 PASSED
---- option-10.2 start
++++ option-10.2 PASSED
---- option-10.3 start
++++ option-10.3 PASSED
---- option-10.4 start
++++ option-10.4 PASSED
---- option-10.5 start
++++ option-10.5 PASSED
---- option-10.6 start
++++ option-10.6 PASSED
---- option-11.1 start
++++ option-11.1 PASSED
---- option-11.2 start
++++ option-11.2 PASSED
---- option-11.3 start
++++ option-11.3 PASSED
---- option-11.4 start
++++ option-11.4 PASSED
---- option-11.5 start
++++ option-11.5 PASSED
---- option-11.6 start
++++ option-11.6 PASSED
---- option-12.1 start
++++ option-12.1 PASSED
---- option-12.2 start
++++ option-12.2 PASSED
---- option-12.3 start
++++ option-12.3 PASSED
---- option-12.4 start
++++ option-12.4 PASSED
---- option-12.5 start
++++ option-12.5 PASSED
---- option-12.6 start
++++ option-12.6 PASSED
---- option-13.1 start
++++ option-13.1 PASSED
---- option-13.2 start
++++ option-13.2 PASSED
---- option-13.3 start
++++ option-13.3 PASSED
---- option-13.4 start
++++ option-13.4 PASSED
---- option-13.5 start
++++ option-13.5 PASSED
---- option-13.6 start
++++ option-13.6 PASSED
---- option-13.7 start
++++ option-13.7 PASSED
---- option-14.1 start
++++ option-14.1 PASSED
---- option-14.2 start
++++ option-14.2 PASSED
---- option-14.3 start
++++ option-14.3 PASSED
---- option-14.4 start
++++ option-14.4 PASSED
---- option-14.5 start
++++ option-14.5 PASSED
---- option-14.6 start
++++ option-14.6 PASSED
---- option-14.7 start
++++ option-14.7 PASSED
---- option-14.8 start
++++ option-14.8 PASSED
---- option-14.9 start
++++ option-14.9 PASSED
---- option-14.10 start
++++ option-14.10 PASSED
---- option-14.11 start
++++ option-14.11 PASSED
---- option-14.12 start
++++ option-14.12 PASSED
---- option-15.1 start
++++ option-15.1 PASSED
---- option-15.2 start
++++ option-15.2 PASSED
---- option-15.3 start
++++ option-15.3 PASSED
---- option-15.4 start
++++ option-15.4 PASSED
---- option-15.5 start
++++ option-15.5 PASSED
---- option-15.6 start
++++ option-15.6 PASSED
---- option-15.7 start
++++ option-15.7 PASSED
---- option-15.8 start
++++ option-15.8 PASSED
---- option-15.9 start
++++ option-15.9 PASSED
---- option-15.10 start
++++ option-15.10 PASSED
---- option-15.11 start
++++ option-15.11 PASSED
---- option-16.1 start
++++ option-16.1 PASSED
---- option-16.2 start
++++ option-16.2 PASSED
pack.test
---- pack-1.1 start
++++ pack-1.1 PASSED
---- pack-1.2 start
++++ pack-1.2 PASSED
---- pack-1.3 start
++++ pack-1.3 PASSED
---- pack-1.4 start
++++ pack-1.4 PASSED
---- pack-2.1 start
++++ pack-2.1 PASSED
---- pack-2.2 start
++++ pack-2.2 PASSED
---- pack-2.3 start
++++ pack-2.3 PASSED
---- pack-2.4 start
++++ pack-2.4 PASSED
---- pack-2.5 start
++++ pack-2.5 PASSED
---- pack-2.6 start
++++ pack-2.6 PASSED
---- pack-2.7 start
++++ pack-2.7 PASSED
---- pack-2.8 start
++++ pack-2.8 PASSED
---- pack-2.9 start
++++ pack-2.9 PASSED
---- pack-2.10 start
++++ pack-2.10 PASSED
---- pack-2.11 start
++++ pack-2.11 PASSED
---- pack-2.12 start
++++ pack-2.12 PASSED
---- pack-2.13 start
++++ pack-2.13 PASSED
---- pack-2.14 start
++++ pack-2.14 PASSED
---- pack-2.15 start
++++ pack-2.15 PASSED
---- pack-2.16 start
++++ pack-2.16 PASSED
---- pack-2.17 start
++++ pack-2.17 PASSED
---- pack-2.18 start
++++ pack-2.18 PASSED
---- pack-2.19 start
++++ pack-2.19 PASSED
---- pack-2.20 start
++++ pack-2.20 PASSED
---- pack-2.21 start
++++ pack-2.21 PASSED
---- pack-2.22 start
++++ pack-2.22 PASSED
---- pack-2.23 start
++++ pack-2.23 PASSED
---- pack-3.1 start
++++ pack-3.1 PASSED
---- pack-3.2 start
++++ pack-3.2 PASSED
---- pack-3.3 start
++++ pack-3.3 PASSED
---- pack-3.4 start
++++ pack-3.4 PASSED
---- pack-3.5 start
++++ pack-3.5 PASSED
---- pack-3.6 start
++++ pack-3.6 PASSED
---- pack-3.7 start
++++ pack-3.7 PASSED
---- pack-3.8 start
++++ pack-3.8 PASSED
---- pack-3.9 start
++++ pack-3.9 PASSED
---- pack-3.10 start
++++ pack-3.10 PASSED
---- pack-3.11 start
++++ pack-3.11 PASSED
---- pack-3.12 start
++++ pack-3.12 PASSED
---- pack-3.13 start
++++ pack-3.13 PASSED
---- pack-3.14 start
++++ pack-3.14 PASSED
---- pack-3.15 start
++++ pack-3.15 PASSED
---- pack-3.16 start
++++ pack-3.16 PASSED
---- pack-3.17 start
++++ pack-3.17 PASSED
---- pack-3.18 start
++++ pack-3.18 PASSED
---- pack-3.19 start
++++ pack-3.19 PASSED
---- pack-3.20 start
++++ pack-3.20 PASSED
---- pack-3.21 start
++++ pack-3.21 PASSED
---- pack-3.22 start
++++ pack-3.22 PASSED
---- pack-3.23 start
++++ pack-3.23 PASSED
---- pack-4.1 start
++++ pack-4.1 PASSED
---- pack-4.2 start
++++ pack-4.2 PASSED
---- pack-4.3 start
++++ pack-4.3 PASSED
---- pack-4.4 start
++++ pack-4.4 PASSED
---- pack-4.5 start
++++ pack-4.5 PASSED
---- pack-4.6 start
++++ pack-4.6 PASSED
---- pack-4.7 start
++++ pack-4.7 PASSED
---- pack-4.8 start
++++ pack-4.8 PASSED
---- pack-4.9 start
++++ pack-4.9 PASSED
---- pack-5.1 start
++++ pack-5.1 PASSED
---- pack-5.2 start
++++ pack-5.2 PASSED
---- pack-5.3 start
++++ pack-5.3 PASSED
---- pack-5.4 start
++++ pack-5.4 PASSED
---- pack-5.5 start
++++ pack-5.5 PASSED
---- pack-5.6 start
++++ pack-5.6 PASSED
---- pack-5.7 start
++++ pack-5.7 PASSED
---- pack-5.8 start
++++ pack-5.8 PASSED
---- pack-5.9 start
++++ pack-5.9 PASSED
---- pack-6.1 start
++++ pack-6.1 PASSED
---- pack-6.2 start
++++ pack-6.2 PASSED
---- pack-6.3 start
++++ pack-6.3 PASSED
---- pack-6.4 start
++++ pack-6.4 PASSED
---- pack-6.5 start
++++ pack-6.5 PASSED
---- pack-6.6 start
++++ pack-6.6 PASSED
---- pack-6.7 start
++++ pack-6.7 PASSED
---- pack-6.8 start
++++ pack-6.8 PASSED
---- pack-6.9 start
++++ pack-6.9 PASSED
---- pack-6.10 start
++++ pack-6.10 PASSED
---- pack-6.11 start
++++ pack-6.11 PASSED
---- pack-6.12 start
++++ pack-6.12 PASSED
---- pack-6.13 start
++++ pack-6.13 PASSED
---- pack-7.1 start
++++ pack-7.1 PASSED
---- pack-7.2 start
++++ pack-7.2 PASSED
---- pack-7.3 start
++++ pack-7.3 PASSED
---- pack-7.4 start
++++ pack-7.4 PASSED
---- pack-7.5 start
++++ pack-7.5 PASSED
---- pack-7.6 start
++++ pack-7.6 PASSED
---- pack-7.7 start
++++ pack-7.7 PASSED
---- pack-8.1 start
++++ pack-8.1 PASSED
---- pack-8.2 start
++++ pack-8.2 PASSED
---- pack-8.3 start
++++ pack-8.3 PASSED
---- pack-8.4 start
++++ pack-8.4 PASSED
---- pack-8.5 start
++++ pack-8.5 PASSED
---- pack-8.6 start
++++ pack-8.6 PASSED
---- pack-8.7 start
++++ pack-8.7 PASSED
---- pack-8.8 start
++++ pack-8.8 PASSED
---- pack-8.9 start
++++ pack-8.9 PASSED
---- pack-9.1 start
++++ pack-9.1 PASSED
---- pack-9.2 start
++++ pack-9.2 PASSED
---- pack-9.3 start
++++ pack-9.3 PASSED
---- pack-9.4 start
++++ pack-9.4 PASSED
---- pack-9.5 start
++++ pack-9.5 PASSED
---- pack-9.6 start
++++ pack-9.6 PASSED
---- pack-9.7 start
++++ pack-9.7 PASSED
---- pack-9.8 start
++++ pack-9.8 PASSED
---- pack-9.9 start
++++ pack-9.9 PASSED
---- pack-9.10 start
++++ pack-9.10 PASSED
---- pack-10.1 start
++++ pack-10.1 PASSED
---- pack-10.2 start
++++ pack-10.2 PASSED
---- pack-10.3 start
++++ pack-10.3 PASSED
---- pack-10.4 start
++++ pack-10.4 PASSED
---- pack-10.5 start
++++ pack-10.5 PASSED
---- pack-10.6 start
++++ pack-10.6 PASSED
---- pack-11.1 start
++++ pack-11.1 PASSED
---- pack-11.2 start
++++ pack-11.2 PASSED
---- pack-11.3 start
++++ pack-11.3 PASSED
---- pack-11.4 start
++++ pack-11.4 PASSED
---- pack-11.5 start
++++ pack-11.5 PASSED
---- pack-11.6 start
++++ pack-11.6 PASSED
---- pack-11.7 start
++++ pack-11.7 PASSED
---- pack-11.8 start
++++ pack-11.8 PASSED
---- pack-11.9 start
++++ pack-11.9 PASSED
---- pack-11.10 start
++++ pack-11.10 PASSED
---- pack-11.11 start
++++ pack-11.11 PASSED
---- pack-11.12 start
++++ pack-11.12 PASSED
---- pack-11.13 start
++++ pack-11.13 PASSED
---- pack-11.14 start
++++ pack-11.14 PASSED
---- pack-11.15 start
++++ pack-11.15 PASSED
---- pack-11.16 start
++++ pack-11.16 PASSED
---- pack-11.17 start
++++ pack-11.17 PASSED
---- pack-11.18 start
++++ pack-11.18 PASSED
---- pack-11.19 start
++++ pack-11.19 PASSED
---- pack-12.1 start
++++ pack-12.1 PASSED
---- pack-12.2 start
++++ pack-12.2 PASSED
---- pack-12.3 start
++++ pack-12.3 PASSED
---- pack-12.4 start
++++ pack-12.4 PASSED
---- pack-12.5 start
++++ pack-12.5 PASSED
---- pack-12.6 start
++++ pack-12.6 PASSED
---- pack-12.7 start
++++ pack-12.7 PASSED
---- pack-12.8 start
++++ pack-12.8 PASSED
---- pack-12.9 start
++++ pack-12.9 PASSED
---- pack-12.10 start
++++ pack-12.10 PASSED
---- pack-12.11 start
++++ pack-12.11 PASSED
---- pack-12.12 start
++++ pack-12.12 PASSED
---- pack-12.13 start
++++ pack-12.13 PASSED
---- pack-12.14 start
++++ pack-12.14 PASSED
---- pack-12.15 start
++++ pack-12.15 PASSED
---- pack-12.16 start
++++ pack-12.16 PASSED
---- pack-12.17 start
++++ pack-12.17 PASSED
---- pack-12.18 start
++++ pack-12.18 PASSED
---- pack-12.19 start
++++ pack-12.19 PASSED
---- pack-12.20 start
++++ pack-12.20 PASSED
---- pack-12.21 start
++++ pack-12.21 PASSED
---- pack-12.22 start
++++ pack-12.22 PASSED
---- pack-12.23 start
++++ pack-12.23 PASSED
---- pack-12.24 start
++++ pack-12.24 PASSED
---- pack-12.25 start
++++ pack-12.25 PASSED
---- pack-12.26 start
++++ pack-12.26 PASSED
---- pack-12.27 start
++++ pack-12.27 PASSED
---- pack-12.28 start
++++ pack-12.28 PASSED
---- pack-12.29 start
++++ pack-12.29 PASSED
---- pack-12.30 start
++++ pack-12.30 PASSED
---- pack-12.31 start
++++ pack-12.31 PASSED
---- pack-12.32 start
++++ pack-12.32 PASSED
---- pack-12.33 start
++++ pack-12.33 PASSED
---- pack-12.34 start
++++ pack-12.34 PASSED
---- pack-12.35 start
++++ pack-12.35 PASSED
---- pack-12.36 start
++++ pack-12.36 PASSED
---- pack-12.37 start
++++ pack-12.37 PASSED
---- pack-12.38 start
++++ pack-12.38 PASSED
---- pack-12.39 start
++++ pack-12.39 PASSED
---- pack-12.40 start
++++ pack-12.40 PASSED
---- pack-12.41 start
++++ pack-12.41 PASSED
---- pack-12.42 start
++++ pack-12.42 PASSED
---- pack-12.43 start
++++ pack-12.43 PASSED
---- pack-12.44 start
++++ pack-12.44 PASSED
---- pack-12.45 start
++++ pack-12.45 PASSED
---- pack-12.46 start
++++ pack-12.46 PASSED
---- pack-13.1 start
++++ pack-13.1 PASSED
---- pack-14.1 start
++++ pack-14.1 PASSED
---- pack-15.1 start
++++ pack-15.1 PASSED
---- pack-15.2 start
++++ pack-15.2 PASSED
---- pack-15.3 start
++++ pack-15.3 PASSED
---- pack-15.4 start
++++ pack-15.4 PASSED
---- pack-15.5 start
++++ pack-15.5 PASSED
---- pack-16.1 start
++++ pack-16.1 PASSED
---- pack-17.1 start
++++ pack-17.1 PASSED
---- pack-17.2 start
++++ pack-17.2 PASSED
---- pack-18.1.1 start
++++ pack-18.1.1 PASSED
++++ pack-18.1.2 SKIPPED: win
---- pack-18.2 start
++++ pack-18.2 PASSED
---- pack-19.1 start
++++ pack-19.1 PASSED
---- pack-19.2 start
++++ pack-19.2 PASSED
---- pack-20.1 start
++++ pack-20.1 PASSED
---- pack-20.2 start
++++ pack-20.2 PASSED
---- pack-20.3 start
++++ pack-20.3 PASSED
---- pack-20.4 start
++++ pack-20.4 PASSED
---- pack-20.5 start
++++ pack-20.5 PASSED
---- pack-20.6 start
++++ pack-20.6 PASSED
packgrid.test
---- packgrid-1.1 start
++++ packgrid-1.1 PASSED
---- packgrid-1.2 start
++++ packgrid-1.2 PASSED
---- packgrid-1.3 start
++++ packgrid-1.3 PASSED
---- packgrid-1.4 start
++++ packgrid-1.4 PASSED
---- packgrid-1.5 start
++++ packgrid-1.5 PASSED
---- packgrid-1.6 start
++++ packgrid-1.6 PASSED
---- packgrid-1.7 start
++++ packgrid-1.7 PASSED
---- packgrid-1.8 start
++++ packgrid-1.8 PASSED
---- packgrid-2.1 start
++++ packgrid-2.1 PASSED
---- packgrid-2.2 start
++++ packgrid-2.2 PASSED
---- packgrid-2.3 start
++++ packgrid-2.3 PASSED
---- packgrid-2.4 start
++++ packgrid-2.4 PASSED
---- packgrid-3.1 start
++++ packgrid-3.1 PASSED
---- packgrid-3.2 start
++++ packgrid-3.2 PASSED
---- packgrid-3.3 start
++++ packgrid-3.3 PASSED
---- packgrid-3.4 start
++++ packgrid-3.4 PASSED
---- packgrid-4.1 start
++++ packgrid-4.1 PASSED
---- packgrid-4.2 start
++++ packgrid-4.2 PASSED
panedwindow.test
---- panedwindow-1.1 start
++++ panedwindow-1.1 PASSED
---- panedwindow-1.2 start
++++ panedwindow-1.2 PASSED
---- panedwindow-1.3 start
++++ panedwindow-1.3 PASSED
---- panedwindow-1.4 start
++++ panedwindow-1.4 PASSED
---- panedwindow-1.5 start
++++ panedwindow-1.5 PASSED
---- panedwindow-1.6 start
++++ panedwindow-1.6 PASSED
---- panedwindow-1.7 start
++++ panedwindow-1.7 PASSED
---- panedwindow-1.8 start
++++ panedwindow-1.8 PASSED
---- panedwindow-1.9 start
++++ panedwindow-1.9 PASSED
---- panedwindow-1.10 start
++++ panedwindow-1.10 PASSED
---- panedwindow-1.11 start
++++ panedwindow-1.11 PASSED
---- panedwindow-1.12 start
++++ panedwindow-1.12 PASSED
---- panedwindow-1.13 start
++++ panedwindow-1.13 PASSED
---- panedwindow-1.14 start
++++ panedwindow-1.14 PASSED
---- panedwindow-1.15 start
++++ panedwindow-1.15 PASSED
---- panedwindow-1.16 start
++++ panedwindow-1.16 PASSED
---- panedwindow-1.17 start
++++ panedwindow-1.17 PASSED
---- panedwindow-1.18 start
++++ panedwindow-1.18 PASSED
---- panedwindow-1.19 start
++++ panedwindow-1.19 PASSED
---- panedwindow-1.20 start
++++ panedwindow-1.20 PASSED
---- panedwindow-1.21 start
++++ panedwindow-1.21 PASSED
---- panedwindow-1.22 start
++++ panedwindow-1.22 PASSED
---- panedwindow-1.23 start
++++ panedwindow-1.23 PASSED
---- panedwindow-1.24 start
++++ panedwindow-1.24 PASSED
---- panedwindow-1.25 start
++++ panedwindow-1.25 PASSED
---- panedwindow-1.26 start
++++ panedwindow-1.26 PASSED
---- panedwindow-1.27 start
++++ panedwindow-1.27 PASSED
---- panedwindow-1.28 start
++++ panedwindow-1.28 PASSED
---- panedwindow-1.29 start
++++ panedwindow-1.29 PASSED
---- panedwindow-1.30 start
++++ panedwindow-1.30 PASSED
---- panedwindow-1.31 start
++++ panedwindow-1.31 PASSED
---- panedwindow-1.32 start
++++ panedwindow-1.32 PASSED
---- panedwindow-1.33 start
++++ panedwindow-1.33 PASSED
---- panedwindow-1.34 start
++++ panedwindow-1.34 PASSED
---- panedwindow-1.35 start
++++ panedwindow-1.35 PASSED
---- panedwindow-1.36 start
++++ panedwindow-1.36 PASSED
---- panedwindow-1.37 start
++++ panedwindow-1.37 PASSED
---- panedwindow-1.38 start
++++ panedwindow-1.38 PASSED
---- panedwindow-1.39 start
++++ panedwindow-1.39 PASSED
---- panedwindow-1.40 start
++++ panedwindow-1.40 PASSED
---- panedwindow-1.41 start
++++ panedwindow-1.41 PASSED
---- panedwindow-1.42 start
++++ panedwindow-1.42 PASSED
---- panedwindow-1.43 start
++++ panedwindow-1.43 PASSED
---- panedwindow-1.44 start
++++ panedwindow-1.44 PASSED
---- panedwindow-1.45 start
++++ panedwindow-1.45 PASSED
---- panedwindow-1.46 start
++++ panedwindow-1.46 PASSED
---- panedwindow-1.47 start
++++ panedwindow-1.47 PASSED
---- panedwindow-1.48 start
++++ panedwindow-1.48 PASSED
---- panedwindow-1.49 start
++++ panedwindow-1.49 PASSED
---- panedwindow-1.50 start
++++ panedwindow-1.50 PASSED
---- panedwindow-1.51 start
++++ panedwindow-1.51 PASSED
---- panedwindow-1.52 start
++++ panedwindow-1.52 PASSED
---- panedwindow-1.53 start
++++ panedwindow-1.53 PASSED
---- panedwindow-1.54 start
++++ panedwindow-1.54 PASSED
---- panedwindow-1.55 start
++++ panedwindow-1.55 PASSED
---- panedwindow-1.56 start
++++ panedwindow-1.56 PASSED
---- panedwindow-1.57 start
++++ panedwindow-1.57 PASSED
---- panedwindow-1.58 start
++++ panedwindow-1.58 PASSED
---- panedwindow-2.1 start
++++ panedwindow-2.1 PASSED
---- panedwindow-3.1 start
++++ panedwindow-3.1 PASSED
---- panedwindow-4.1 start
++++ panedwindow-4.1 PASSED
---- panedwindow-4.2 start
++++ panedwindow-4.2 PASSED
---- panedwindow-4.3 start
++++ panedwindow-4.3 PASSED
---- panedwindow-4.4 start
++++ panedwindow-4.4 PASSED
---- panedwindow-4.5 start
++++ panedwindow-4.5 PASSED
---- panedwindow-4.6 start
++++ panedwindow-4.6 PASSED
---- panedwindow-5.1 start
++++ panedwindow-5.1 PASSED
---- panedwindow-5.2 start
++++ panedwindow-5.2 PASSED
---- panedwindow-6.1 start
++++ panedwindow-6.1 PASSED
---- panedwindow-6.2 start
++++ panedwindow-6.2 PASSED
---- panedwindow-6.3 start
++++ panedwindow-6.3 PASSED
---- panedwindow-6.4 start
++++ panedwindow-6.4 PASSED
---- panedwindow-6.5 start
++++ panedwindow-6.5 PASSED
---- panedwindow-6.6 start
++++ panedwindow-6.6 PASSED
---- panedwindow-6.7 start
++++ panedwindow-6.7 PASSED
---- panedwindow-6.8 start
++++ panedwindow-6.8 PASSED
---- panedwindow-6.9 start
++++ panedwindow-6.9 PASSED
---- panedwindow-6.10 start
++++ panedwindow-6.10 PASSED
---- panedwindow-7.1 start
++++ panedwindow-7.1 PASSED
---- panedwindow-7.2 start
++++ panedwindow-7.2 PASSED
---- panedwindow-7.3 start
++++ panedwindow-7.3 PASSED
---- panedwindow-7.4 start
++++ panedwindow-7.4 PASSED
---- panedwindow-7.5 start
++++ panedwindow-7.5 PASSED
---- panedwindow-7.6 start
++++ panedwindow-7.6 PASSED
---- panedwindow-7.7 start
++++ panedwindow-7.7 PASSED
---- panedwindow-8.1 start
++++ panedwindow-8.1 PASSED
---- panedwindow-8.2 start
++++ panedwindow-8.2 PASSED
---- panedwindow-8.3 start
++++ panedwindow-8.3 PASSED
---- panedwindow-8.4 start
++++ panedwindow-8.4 PASSED
---- panedwindow-8.5 start
++++ panedwindow-8.5 PASSED
---- panedwindow-9.1 start
++++ panedwindow-9.1 PASSED
---- panedwindow-9.2 start
++++ panedwindow-9.2 PASSED
---- panedwindow-9.3 start
++++ panedwindow-9.3 PASSED
---- panedwindow-10.1 start
++++ panedwindow-10.1 PASSED
---- panedwindow-10.2 start
++++ panedwindow-10.2 PASSED
---- panedwindow-10.3 start
++++ panedwindow-10.3 PASSED
---- panedwindow-10.4 start
++++ panedwindow-10.4 PASSED
---- panedwindow-10.5 start
++++ panedwindow-10.5 PASSED
---- panedwindow-10.6 start
++++ panedwindow-10.6 PASSED
---- panedwindow-10.7 start
++++ panedwindow-10.7 PASSED
---- panedwindow-10.8 start
++++ panedwindow-10.8 PASSED
---- panedwindow-10.9 start
++++ panedwindow-10.9 PASSED
---- panedwindow-11.1 start
++++ panedwindow-11.1 PASSED
---- panedwindow-11.2 start
++++ panedwindow-11.2 PASSED
---- panedwindow-11.3 start
++++ panedwindow-11.3 PASSED
---- panedwindow-11.4 start
++++ panedwindow-11.4 PASSED
---- panedwindow-11.5 start
++++ panedwindow-11.5 PASSED
---- panedwindow-11.6 start
++++ panedwindow-11.6 PASSED
---- panedwindow-11.7 start
++++ panedwindow-11.7 PASSED
---- panedwindow-11.8 start
++++ panedwindow-11.8 PASSED
---- panedwindow-11.9 start
++++ panedwindow-11.9 PASSED
---- panedwindow-11.10 start
++++ panedwindow-11.10 PASSED
---- panedwindow-11.11 start
++++ panedwindow-11.11 PASSED
---- panedwindow-11.12 start
++++ panedwindow-11.12 PASSED
---- panedwindow-11.13 start
++++ panedwindow-11.13 PASSED
---- panedwindow-11.14 start
++++ panedwindow-11.14 PASSED
---- panedwindow-11.15 start
++++ panedwindow-11.15 PASSED
---- panedwindow-12.1 start
++++ panedwindow-12.1 PASSED
---- panedwindow-12.2 start
++++ panedwindow-12.2 PASSED
---- panedwindow-12.3 start
++++ panedwindow-12.3 PASSED
---- panedwindow-12.4 start
++++ panedwindow-12.4 PASSED
---- panedwindow-12.5 start
++++ panedwindow-12.5 PASSED
---- panedwindow-12.6 start
++++ panedwindow-12.6 PASSED
---- panedwindow-12.7 start
++++ panedwindow-12.7 PASSED
---- panedwindow-12.8 start
++++ panedwindow-12.8 PASSED
---- panedwindow-12.9 start
++++ panedwindow-12.9 PASSED
---- panedwindow-12.10 start
++++ panedwindow-12.10 PASSED
---- panedwindow-12.11 start
++++ panedwindow-12.11 PASSED
---- panedwindow-12.12 start
++++ panedwindow-12.12 PASSED
---- panedwindow-12.13 start
++++ panedwindow-12.13 PASSED
---- panedwindow-12.14 start
++++ panedwindow-12.14 PASSED
---- panedwindow-13.1 start
++++ panedwindow-13.1 PASSED
---- panedwindow-13.2 start
++++ panedwindow-13.2 PASSED
---- panedwindow-14.1 start
++++ panedwindow-14.1 PASSED
---- panedwindow-14.2 start
++++ panedwindow-14.2 PASSED
---- panedwindow-14.3 start
++++ panedwindow-14.3 PASSED
---- panedwindow-14.4 start
++++ panedwindow-14.4 PASSED
---- panedwindow-14.5 start
++++ panedwindow-14.5 PASSED
---- panedwindow-14.6 start
++++ panedwindow-14.6 PASSED
---- panedwindow-14.7 start
++++ panedwindow-14.7 PASSED
---- panedwindow-14.8 start
++++ panedwindow-14.8 PASSED
---- panedwindow-14.9 start
++++ panedwindow-14.9 PASSED
---- panedwindow-14.10 start
++++ panedwindow-14.10 PASSED
---- panedwindow-14.11 start
++++ panedwindow-14.11 PASSED
---- panedwindow-14.12 start
++++ panedwindow-14.12 PASSED
---- panedwindow-14.13 start
++++ panedwindow-14.13 PASSED
---- panedwindow-14.14 start
++++ panedwindow-14.14 PASSED
---- panedwindow-14.15 start
++++ panedwindow-14.15 PASSED
---- panedwindow-15.1 start
++++ panedwindow-15.1 PASSED
---- panedwindow-15.2 start
++++ panedwindow-15.2 PASSED
---- panedwindow-15.3 start
++++ panedwindow-15.3 PASSED
---- panedwindow-15.4 start
++++ panedwindow-15.4 PASSED
---- panedwindow-15.5 start
++++ panedwindow-15.5 PASSED
---- panedwindow-15.6 start
++++ panedwindow-15.6 PASSED
---- panedwindow-15.7 start
++++ panedwindow-15.7 PASSED
---- panedwindow-15.8 start
++++ panedwindow-15.8 PASSED
---- panedwindow-15.9 start
++++ panedwindow-15.9 PASSED
---- panedwindow-15.10 start
++++ panedwindow-15.10 PASSED
---- panedwindow-15.11 start
++++ panedwindow-15.11 PASSED
---- panedwindow-15.12 start
++++ panedwindow-15.12 PASSED
---- panedwindow-15.13 start
++++ panedwindow-15.13 PASSED
---- panedwindow-15.14 start
++++ panedwindow-15.14 PASSED
---- panedwindow-15.15 start
++++ panedwindow-15.15 PASSED
---- panedwindow-15.16 start
++++ panedwindow-15.16 PASSED
---- panedwindow-16.1 start
++++ panedwindow-16.1 PASSED
---- panedwindow-17.1 start
++++ panedwindow-17.1 PASSED
---- panedwindow-17.2 start
++++ panedwindow-17.2 PASSED
---- panedwindow-17.3 start
++++ panedwindow-17.3 PASSED
---- panedwindow-17.4 start
++++ panedwindow-17.4 PASSED
---- panedwindow-17.5 start
++++ panedwindow-17.5 PASSED
---- panedwindow-17.6 start
++++ panedwindow-17.6 PASSED
---- panedwindow-17.7 start
++++ panedwindow-17.7 PASSED
---- panedwindow-17.8 start
++++ panedwindow-17.8 PASSED
---- panedwindow-17.9 start
++++ panedwindow-17.9 PASSED
---- panedwindow-17.10 start
++++ panedwindow-17.10 PASSED
---- panedwindow-17.11 start
++++ panedwindow-17.11 PASSED
---- panedwindow-17.12 start
++++ panedwindow-17.12 PASSED
---- panedwindow-17.13 start
++++ panedwindow-17.13 PASSED
---- panedwindow-17.14 start
++++ panedwindow-17.14 PASSED
---- panedwindow-17.15 start
++++ panedwindow-17.15 PASSED
---- panedwindow-17.16 start
++++ panedwindow-17.16 PASSED
---- panedwindow-17.17 start
++++ panedwindow-17.17 PASSED
---- panedwindow-17.18 start
++++ panedwindow-17.18 PASSED
---- panedwindow-18.1 start
++++ panedwindow-18.1 PASSED
---- panedwindow-18.2 start
++++ panedwindow-18.2 PASSED
---- panedwindow-18.3 start
++++ panedwindow-18.3 PASSED
---- panedwindow-18.4 start
++++ panedwindow-18.4 PASSED
---- panedwindow-18.5 start
++++ panedwindow-18.5 PASSED
---- panedwindow-18.6 start
++++ panedwindow-18.6 PASSED
---- panedwindow-18.7 start
++++ panedwindow-18.7 PASSED
---- panedwindow-18.8 start
++++ panedwindow-18.8 PASSED
---- panedwindow-18.9 start
++++ panedwindow-18.9 PASSED
---- panedwindow-18.10 start
++++ panedwindow-18.10 PASSED
---- panedwindow-18.11 start
++++ panedwindow-18.11 PASSED
---- panedwindow-18.12 start
++++ panedwindow-18.12 PASSED
---- panedwindow-18.13 start
++++ panedwindow-18.13 PASSED
---- panedwindow-18.14 start
++++ panedwindow-18.14 PASSED
---- panedwindow-18.15 start
++++ panedwindow-18.15 PASSED
---- panedwindow-18.16 start
++++ panedwindow-18.16 PASSED
---- panedwindow-18.17 start
++++ panedwindow-18.17 PASSED
---- panedwindow-18.18 start
++++ panedwindow-18.18 PASSED
---- panedwindow-19.1 start
++++ panedwindow-19.1 PASSED
---- panedwindow-19.2 start
++++ panedwindow-19.2 PASSED
---- panedwindow-19.3 start
++++ panedwindow-19.3 PASSED
---- panedwindow-19.4 start
++++ panedwindow-19.4 PASSED
---- panedwindow-19.5 start
++++ panedwindow-19.5 PASSED
---- panedwindow-19.6 start
++++ panedwindow-19.6 PASSED
---- panedwindow-19.7 start
++++ panedwindow-19.7 PASSED
---- panedwindow-19.8 start
++++ panedwindow-19.8 PASSED
---- panedwindow-19.9 start
++++ panedwindow-19.9 PASSED
---- panedwindow-19.10 start
++++ panedwindow-19.10 PASSED
---- panedwindow-19.11 start
++++ panedwindow-19.11 PASSED
---- panedwindow-19.12 start
++++ panedwindow-19.12 PASSED
---- panedwindow-19.13 start
++++ panedwindow-19.13 PASSED
---- panedwindow-19.14 start
++++ panedwindow-19.14 PASSED
---- panedwindow-19.15 start
++++ panedwindow-19.15 PASSED
---- panedwindow-19.16 start
++++ panedwindow-19.16 PASSED
---- panedwindow-19.17 start
++++ panedwindow-19.17 PASSED
---- panedwindow-19.18 start
++++ panedwindow-19.18 PASSED
---- panedwindow-19.19 start
++++ panedwindow-19.19 PASSED
---- panedwindow-19.20 start
++++ panedwindow-19.20 PASSED
---- panedwindow-19.21 start
++++ panedwindow-19.21 PASSED
---- panedwindow-19.22 start
++++ panedwindow-19.22 PASSED
---- panedwindow-19.23 start
++++ panedwindow-19.23 PASSED
---- panedwindow-19.24 start
++++ panedwindow-19.24 PASSED
---- panedwindow-19.25 start
++++ panedwindow-19.25 PASSED
---- panedwindow-19.26 start
++++ panedwindow-19.26 PASSED
---- panedwindow-19.27 start
++++ panedwindow-19.27 PASSED
---- panedwindow-19.28 start
++++ panedwindow-19.28 PASSED
---- panedwindow-19.29 start
++++ panedwindow-19.29 PASSED
---- panedwindow-19.30 start
++++ panedwindow-19.30 PASSED
---- panedwindow-19.31 start
++++ panedwindow-19.31 PASSED
---- panedwindow-19.32 start
++++ panedwindow-19.32 PASSED
---- panedwindow-19.33 start
++++ panedwindow-19.33 PASSED
---- panedwindow-19.34 start
++++ panedwindow-19.34 PASSED
---- panedwindow-19.35 start
++++ panedwindow-19.35 PASSED
---- panedwindow-19.36 start
++++ panedwindow-19.36 PASSED
---- panedwindow-19.37 start
++++ panedwindow-19.37 PASSED
---- panedwindow-19.38 start
++++ panedwindow-19.38 PASSED
---- panedwindow-19.39 start
++++ panedwindow-19.39 PASSED
---- panedwindow-19.40 start
++++ panedwindow-19.40 PASSED
---- panedwindow-19.41 start
++++ panedwindow-19.41 PASSED
---- panedwindow-19.42 start
++++ panedwindow-19.42 PASSED
---- panedwindow-19.43 start
++++ panedwindow-19.43 PASSED
---- panedwindow-19.44 start
++++ panedwindow-19.44 PASSED
---- panedwindow-19.45 start
++++ panedwindow-19.45 PASSED
---- panedwindow-19.46 start
++++ panedwindow-19.46 PASSED
---- panedwindow-19.47 start
++++ panedwindow-19.47 PASSED
---- panedwindow-19.48 start
++++ panedwindow-19.48 PASSED
---- panedwindow-19.49 start
++++ panedwindow-19.49 PASSED
---- panedwindow-19.50 start
++++ panedwindow-19.50 PASSED
---- panedwindow-19.51 start
++++ panedwindow-19.51 PASSED
---- panedwindow-19.52 start
++++ panedwindow-19.52 PASSED
---- panedwindow-19.53 start
++++ panedwindow-19.53 PASSED
---- panedwindow-19.54 start
++++ panedwindow-19.54 PASSED
---- panedwindow-19.55 start
++++ panedwindow-19.55 PASSED
---- panedwindow-19.56 start
++++ panedwindow-19.56 PASSED
---- panedwindow-19.57 start
++++ panedwindow-19.57 PASSED
---- panedwindow-19.58 start
++++ panedwindow-19.58 PASSED
---- panedwindow-19.59 start
++++ panedwindow-19.59 PASSED
---- panedwindow-19.60 start
++++ panedwindow-19.60 PASSED
---- panedwindow-19.61 start
++++ panedwindow-19.61 PASSED
---- panedwindow-19.62 start
++++ panedwindow-19.62 PASSED
---- panedwindow-19.63 start
++++ panedwindow-19.63 PASSED
---- panedwindow-19.64 start
++++ panedwindow-19.64 PASSED
---- panedwindow-19.65 start
++++ panedwindow-19.65 PASSED
---- panedwindow-19.66 start
++++ panedwindow-19.66 PASSED
---- panedwindow-19.67 start
++++ panedwindow-19.67 PASSED
---- panedwindow-19.68 start
++++ panedwindow-19.68 PASSED
---- panedwindow-19.69 start
++++ panedwindow-19.69 PASSED
---- panedwindow-19.70 start
++++ panedwindow-19.70 PASSED
---- panedwindow-19.71 start
++++ panedwindow-19.71 PASSED
---- panedwindow-19.72 start
++++ panedwindow-19.72 PASSED
---- panedwindow-19.73 start
++++ panedwindow-19.73 PASSED
---- panedwindow-19.74 start
++++ panedwindow-19.74 PASSED
---- panedwindow-19.75 start
++++ panedwindow-19.75 PASSED
---- panedwindow-19.76 start
++++ panedwindow-19.76 PASSED
---- panedwindow-19.77 start
++++ panedwindow-19.77 PASSED
---- panedwindow-19.78 start
++++ panedwindow-19.78 PASSED
---- panedwindow-19.79 start
++++ panedwindow-19.79 PASSED
---- panedwindow-19.80 start
++++ panedwindow-19.80 PASSED
---- panedwindow-19.81 start
++++ panedwindow-19.81 PASSED
---- panedwindow-19.82 start
++++ panedwindow-19.82 PASSED
---- panedwindow-19.83 start
++++ panedwindow-19.83 PASSED
---- panedwindow-19.84 start
++++ panedwindow-19.84 PASSED
---- panedwindow-19.85 start
++++ panedwindow-19.85 PASSED
---- panedwindow-19.86 start
++++ panedwindow-19.86 PASSED
---- panedwindow-19.87 start
++++ panedwindow-19.87 PASSED
---- panedwindow-19.88 start
++++ panedwindow-19.88 PASSED
---- panedwindow-19.89 start
++++ panedwindow-19.89 PASSED
---- panedwindow-19.90 start
++++ panedwindow-19.90 PASSED
---- panedwindow-19.91 start
++++ panedwindow-19.91 PASSED
---- panedwindow-19.92 start
++++ panedwindow-19.92 PASSED
---- panedwindow-19.93 start
++++ panedwindow-19.93 PASSED
---- panedwindow-19.94 start
++++ panedwindow-19.94 PASSED
---- panedwindow-19.95 start
++++ panedwindow-19.95 PASSED
---- panedwindow-19.96 start
++++ panedwindow-19.96 PASSED
---- panedwindow-19.97 start
++++ panedwindow-19.97 PASSED
---- panedwindow-19.98 start
++++ panedwindow-19.98 PASSED
---- panedwindow-19.99 start
++++ panedwindow-19.99 PASSED
---- panedwindow-19.100 start
++++ panedwindow-19.100 PASSED
---- panedwindow-19.101 start
++++ panedwindow-19.101 PASSED
---- panedwindow-19.102 start
++++ panedwindow-19.102 PASSED
---- panedwindow-19.103 start
++++ panedwindow-19.103 PASSED
---- panedwindow-19.104 start
++++ panedwindow-19.104 PASSED
---- panedwindow-19.105 start
++++ panedwindow-19.105 PASSED
---- panedwindow-19.106 start
++++ panedwindow-19.106 PASSED
---- panedwindow-19.107 start
++++ panedwindow-19.107 PASSED
---- panedwindow-19.108 start
++++ panedwindow-19.108 PASSED
---- panedwindow-19.109 start
++++ panedwindow-19.109 PASSED
---- panedwindow-19.110 start
++++ panedwindow-19.110 PASSED
---- panedwindow-19.111 start
++++ panedwindow-19.111 PASSED
---- panedwindow-19.112 start
++++ panedwindow-19.112 PASSED
---- panedwindow-19.113 start
++++ panedwindow-19.113 PASSED
---- panedwindow-19.114 start
++++ panedwindow-19.114 PASSED
---- panedwindow-19.115 start
++++ panedwindow-19.115 PASSED
---- panedwindow-19.116 start
++++ panedwindow-19.116 PASSED
---- panedwindow-19.117 start
++++ panedwindow-19.117 PASSED
---- panedwindow-19.118 start
++++ panedwindow-19.118 PASSED
---- panedwindow-19.119 start
++++ panedwindow-19.119 PASSED
---- panedwindow-19.120 start
++++ panedwindow-19.120 PASSED
---- panedwindow-19.121 start
++++ panedwindow-19.121 PASSED
---- panedwindow-19.122 start
++++ panedwindow-19.122 PASSED
---- panedwindow-19.123 start
++++ panedwindow-19.123 PASSED
---- panedwindow-19.124 start
++++ panedwindow-19.124 PASSED
---- panedwindow-19.125 start
++++ panedwindow-19.125 PASSED
---- panedwindow-19.126 start
++++ panedwindow-19.126 PASSED
---- panedwindow-19.127 start
++++ panedwindow-19.127 PASSED
---- panedwindow-19.128 start
++++ panedwindow-19.128 PASSED
---- panedwindow-19.129 start
++++ panedwindow-19.129 PASSED
---- panedwindow-19.130 start
++++ panedwindow-19.130 PASSED
---- panedwindow-19.131 start
++++ panedwindow-19.131 PASSED
---- panedwindow-19.132 start
++++ panedwindow-19.132 PASSED
---- panedwindow-19.133 start
++++ panedwindow-19.133 PASSED
---- panedwindow-19.134 start
++++ panedwindow-19.134 PASSED
---- panedwindow-20.1 start
++++ panedwindow-20.1 PASSED
---- panedwindow-20.2 start
++++ panedwindow-20.2 PASSED
---- panedwindow-21.1 start
++++ panedwindow-21.1 PASSED
---- panedwindow-21.2 start
++++ panedwindow-21.2 PASSED
---- panedwindow-21.3 start
++++ panedwindow-21.3 PASSED
---- panedwindow-21.4 start
++++ panedwindow-21.4 PASSED
---- panedwindow-21.5 start
++++ panedwindow-21.5 PASSED
---- panedwindow-21.6 start
++++ panedwindow-21.6 PASSED
---- panedwindow-21.7 start
++++ panedwindow-21.7 PASSED
---- panedwindow-21.8 start
++++ panedwindow-21.8 PASSED
---- panedwindow-21.9 start
++++ panedwindow-21.9 PASSED
---- panedwindow-21.10 start
++++ panedwindow-21.10 PASSED
---- panedwindow-21.11 start
++++ panedwindow-21.11 PASSED
---- panedwindow-21.12 start
++++ panedwindow-21.12 PASSED
---- panedwindow-21.13 start
++++ panedwindow-21.13 PASSED
---- panedwindow-21.14 start
++++ panedwindow-21.14 PASSED
---- panedwindow-21.15 start
++++ panedwindow-21.15 PASSED
---- panedwindow-22.1 start
++++ panedwindow-22.1 PASSED
---- panedwindow-22.2 start
++++ panedwindow-22.2 PASSED
---- panedwindow-23.1 start
++++ panedwindow-23.1 PASSED
---- panedwindow-23.2 start
++++ panedwindow-23.2 PASSED
---- panedwindow-23.3 start
++++ panedwindow-23.3 PASSED
---- panedwindow-23.4 start
++++ panedwindow-23.4 PASSED
---- panedwindow-23.5 start
++++ panedwindow-23.5 PASSED
---- panedwindow-23.6 start
++++ panedwindow-23.6 PASSED
---- panedwindow-23.7 start
++++ panedwindow-23.7 PASSED
---- panedwindow-23.8 start
++++ panedwindow-23.8 PASSED
---- panedwindow-23.9 start
++++ panedwindow-23.9 PASSED
---- panedwindow-23.10 start
++++ panedwindow-23.10 PASSED
---- panedwindow-23.11 start
++++ panedwindow-23.11 PASSED
---- panedwindow-23.12 start
++++ panedwindow-23.12 PASSED
---- panedwindow-23.13 start
++++ panedwindow-23.13 PASSED
---- panedwindow-23.14 start
++++ panedwindow-23.14 PASSED
---- panedwindow-23.15 start
++++ panedwindow-23.15 PASSED
---- panedwindow-23.16 start
++++ panedwindow-23.16 PASSED
---- panedwindow-23.17 start
++++ panedwindow-23.17 PASSED
---- panedwindow-23.18 start
++++ panedwindow-23.18 PASSED
---- panedwindow-23.19 start
++++ panedwindow-23.19 PASSED
---- panedwindow-23.20 start
++++ panedwindow-23.20 PASSED
---- panedwindow-23.21 start
++++ panedwindow-23.21 PASSED
---- panedwindow-23.22 start
++++ panedwindow-23.22 PASSED
---- panedwindow-23.23 start
++++ panedwindow-23.23 PASSED
---- panedwindow-23.24 start
++++ panedwindow-23.24 PASSED
---- panedwindow-23.25 start
++++ panedwindow-23.25 PASSED
---- panedwindow-23.26 start
++++ panedwindow-23.26 PASSED
---- panedwindow-23.27 start
++++ panedwindow-23.27 PASSED
---- panedwindow-23.28 start
++++ panedwindow-23.28 PASSED
---- panedwindow-23.29 start
++++ panedwindow-23.29 PASSED
---- panedwindow-23.30 start
++++ panedwindow-23.30 PASSED
---- panedwindow-23.30a start
++++ panedwindow-23.30a PASSED
---- panedwindow-23.31 start
++++ panedwindow-23.31 PASSED
---- panedwindow-23.32 start
++++ panedwindow-23.32 PASSED
---- panedwindow-23.33 start
++++ panedwindow-23.33 PASSED
---- panedwindow-23.34 start
++++ panedwindow-23.34 PASSED
---- panedwindow-23.35 start
++++ panedwindow-23.35 PASSED
---- panedwindow-23.36 start
++++ panedwindow-23.36 PASSED
---- panedwindow-24.1 start
++++ panedwindow-24.1 PASSED
---- panedwindow-25.1 start
++++ panedwindow-25.1 PASSED
---- panedwindow-25.2 start
++++ panedwindow-25.2 PASSED
---- panedwindow-26.1 start
++++ panedwindow-26.1 PASSED
---- panedwindow-26.2 start
++++ panedwindow-26.2 PASSED
---- panedwindow-26.3 start
++++ panedwindow-26.3 PASSED
---- panedwindow-26.4 start
++++ panedwindow-26.4 PASSED
---- panedwindow-26.5 start
++++ panedwindow-26.5 PASSED
---- panedwindow-26.6 start
++++ panedwindow-26.6 PASSED
---- panedwindow-26.7 start
++++ panedwindow-26.7 PASSED
---- panedwindow-26.8 start
++++ panedwindow-26.8 PASSED
---- panedwindow-26.9 start
++++ panedwindow-26.9 PASSED
---- panedwindow-26.10 start
++++ panedwindow-26.10 PASSED
---- panedwindow-26.11 start
++++ panedwindow-26.11 PASSED
---- panedwindow-26.12 start
++++ panedwindow-26.12 PASSED
---- panedwindow-26.13 start
++++ panedwindow-26.13 PASSED
---- panedwindow-26.14 start
++++ panedwindow-26.14 PASSED
---- panedwindow-26.15 start
++++ panedwindow-26.15 PASSED
---- panedwindow-26.16 start
++++ panedwindow-26.16 PASSED
---- panedwindow-26.17 start
++++ panedwindow-26.17 PASSED
---- panedwindow-26.18 start
++++ panedwindow-26.18 PASSED
---- panedwindow-26.19 start
++++ panedwindow-26.19 PASSED
---- panedwindow-26.20 start
++++ panedwindow-26.20 PASSED
---- panedwindow-26.21 start
++++ panedwindow-26.21 PASSED
---- panedwindow-26.22 start
++++ panedwindow-26.22 PASSED
---- panedwindow-26.23 start
++++ panedwindow-26.23 PASSED
---- panedwindow-26.24 start
++++ panedwindow-26.24 PASSED
---- panedwindow-26.25 start
++++ panedwindow-26.25 PASSED
---- panedwindow-26.26 start
++++ panedwindow-26.26 PASSED
---- panedwindow-26.27 start
++++ panedwindow-26.27 PASSED
---- panedwindow-27.1 start
++++ panedwindow-27.1 PASSED
---- panedwindow-27.2 start
++++ panedwindow-27.2 PASSED
---- panedwindow-28.1 start
++++ panedwindow-28.1 PASSED
---- panedwindow-28.2 start
++++ panedwindow-28.2 PASSED
++++ panedwindow-29.1 SKIPPED: pseudocolor8
++++ panedwindow-29.2 SKIPPED: pseudocolor8
pkgconfig.test
---- pkgconfig-1.1 start
++++ pkgconfig-1.1 PASSED
---- pkgconfig-1.2 start
++++ pkgconfig-1.2 PASSED
---- pkgconfig-1.3 start
++++ pkgconfig-1.3 PASSED
---- pkgconfig-2.0 start
++++ pkgconfig-2.0 PASSED
---- pkgconfig-2.1 start
++++ pkgconfig-2.1 PASSED
---- pkgconfig-2.2 start
++++ pkgconfig-2.2 PASSED
---- pkgconfig-2.3 start
++++ pkgconfig-2.3 PASSED
---- pkgconfig-2.4 start
++++ pkgconfig-2.4 PASSED
---- pkgconfig-2.5 start
++++ pkgconfig-2.5 PASSED
place.test
---- place-1.1 start
++++ place-1.1 PASSED
---- place-1.2 start
++++ place-1.2 PASSED
---- place-1.3 start
++++ place-1.3 PASSED
---- place-2.1 start
++++ place-2.1 PASSED
---- place-2.2 start
++++ place-2.2 PASSED
---- place-2.3 start
++++ place-2.3 PASSED
---- place-3.1 start
++++ place-3.1 PASSED
---- place-3.2 start
++++ place-3.2 PASSED
---- place-3.3 start
++++ place-3.3 PASSED
---- place-4.1 start
++++ place-4.1 PASSED
---- place-4.2 start
++++ place-4.2 PASSED
---- place-4.3 start
++++ place-4.3 PASSED
---- place-4.4 start
++++ place-4.4 PASSED
---- place-4.5 start
++++ place-4.5 PASSED
---- place-4.6 start
++++ place-4.6 PASSED
---- place-4.7 start
++++ place-4.7 PASSED
---- place-5.1 start
++++ place-5.1 PASSED
---- place-5.2 start
++++ place-5.2 PASSED
---- place-5.3 start
++++ place-5.3 PASSED
---- place-6.1 start
++++ place-6.1 PASSED
---- place-6.2 start
++++ place-6.2 PASSED
---- place-6.3 start
++++ place-6.3 PASSED
---- place-7.1 start
++++ place-7.1 PASSED
---- place-7.2 start
++++ place-7.2 PASSED
---- place-7.3 start
++++ place-7.3 PASSED
---- place-7.4 start
++++ place-7.4 PASSED
---- place-7.5 start
++++ place-7.5 PASSED
---- place-7.6 start
++++ place-7.6 PASSED
---- place-7.7 start
++++ place-7.7 PASSED
---- place-7.8 start
++++ place-7.8 PASSED
---- place-7.9 start
++++ place-7.9 PASSED
---- place-7.10 start
++++ place-7.10 PASSED
---- place-8.1 start
++++ place-8.1 PASSED
---- place-8.2 start
++++ place-8.2 PASSED
---- place-9.1 start
++++ place-9.1 PASSED
---- place-9.2 start
++++ place-9.2 PASSED
---- place-9.3 start
++++ place-9.3 PASSED
---- place-9.4 start
++++ place-9.4 PASSED
---- place-9.5 start
++++ place-9.5 PASSED
---- place-9.6 start
++++ place-9.6 PASSED
---- place-9.7 start
++++ place-9.7 PASSED
---- place-9.8 start
++++ place-9.8 PASSED
---- place-9.9 start
++++ place-9.9 PASSED
---- place-9.10 start
++++ place-9.10 PASSED
---- place-9.11 start
++++ place-9.11 PASSED
---- place-9.12 start
++++ place-9.12 PASSED
---- place-10.1 start
++++ place-10.1 PASSED
---- place-10.2 start
++++ place-10.2 PASSED
---- place-10.3 start
++++ place-10.3 PASSED
---- place-10.4 start
++++ place-10.4 PASSED
---- place-11.1 start
++++ place-11.1 PASSED
---- place-11.2 start
++++ place-11.2 PASSED
---- place-12.1 start
++++ place-12.1 PASSED
---- place-13.1 start
++++ place-13.1 PASSED
++++ place-14.1 SKIPPED: memory
raise.test
---- raise-1.1 start
++++ raise-1.1 PASSED
---- raise-1.2 start
++++ raise-1.2 PASSED
---- raise-1.3 start
++++ raise-1.3 PASSED
---- raise-1.4 start
++++ raise-1.4 PASSED
---- raise-1.5 start
++++ raise-1.5 PASSED
---- raise-2.1 start
++++ raise-2.1 PASSED
---- raise-2.2 start
++++ raise-2.2 PASSED
---- raise-2.3 start
++++ raise-2.3 PASSED
---- raise-2.4 start
++++ raise-2.4 PASSED
---- raise-2.5 start
++++ raise-2.5 PASSED
---- raise-3.1 start
++++ raise-3.1 PASSED
---- raise-3.2 start
++++ raise-3.2 PASSED
---- raise-3.3 start
++++ raise-3.3 PASSED
---- raise-3.4 start
++++ raise-3.4 PASSED
---- raise-4.1 start
++++ raise-4.1 PASSED
---- raise-4.2 start
++++ raise-4.2 PASSED
---- raise-5.1 start
++++ raise-5.1 PASSED
---- raise-5.2 start
++++ raise-5.2 PASSED
---- raise-5.3 start
++++ raise-5.3 PASSED
---- raise-5.4 start
++++ raise-5.4 PASSED
++++ raise-6.1 SKIPPED: nonPortable
++++ raise-6.2 SKIPPED: nonPortable
++++ raise-6.3 SKIPPED: nonPortable
++++ raise-6.4 SKIPPED: nonPortable
++++ raise-6.5 SKIPPED: nonPortable
++++ raise-6.6 SKIPPED: nonPortable
---- raise-7.1 start
++++ raise-7.1 PASSED
---- raise-7.2 start
++++ raise-7.2 PASSED
---- raise-7.3 start
++++ raise-7.3 PASSED
---- raise-7.4 start
++++ raise-7.4 PASSED
---- raise-7.5 start
++++ raise-7.5 PASSED
---- raise-7.6 start
++++ raise-7.6 PASSED
---- raise-7.7 start
++++ raise-7.7 PASSED
---- raise-7.8 start
++++ raise-7.8 PASSED
safe.test
---- safe-1.1 start
++++ safe-1.1 PASSED
---- safe-1.2 start
++++ safe-1.2 PASSED
---- safe-1.3 start
++++ safe-1.3 PASSED
---- safe-2.1 start
++++ safe-2.1 PASSED
---- safe-2.2 start
++++ safe-2.2 PASSED
---- safe-2.3 start
++++ safe-2.3 PASSED
---- safe-2.4 start
++++ safe-2.4 PASSED
---- safe-3.1 start
++++ safe-3.1 PASSED
---- safe-3.2 start
++++ safe-3.2 PASSED
---- safe-4.1 start
++++ safe-4.1 PASSED
---- safe-4.2 start
++++ safe-4.2 PASSED
---- safe-5.1 start
++++ safe-5.1 PASSED
---- safe-5.2 start
++++ safe-5.2 PASSED
---- safe-6.1 start
++++ safe-6.1 PASSED
---- safe-6.2 start
++++ safe-6.2 PASSED
---- safe-7.1 start
++++ safe-7.1 PASSED
safePrimarySelection.test
---- safePrimarySelection-1.1 start
++++ safePrimarySelection-1.1 PASSED
---- safePrimarySelection-1.2 start
++++ safePrimarySelection-1.2 PASSED
---- safePrimarySelection-1.3 start
++++ safePrimarySelection-1.3 PASSED
---- safePrimarySelection-1.4 start
++++ safePrimarySelection-1.4 PASSED
---- safePrimarySelection-1.5 start
++++ safePrimarySelection-1.5 PASSED
---- safePrimarySelection-1.6 start
++++ safePrimarySelection-1.6 PASSED
---- safePrimarySelection-1.7 start
++++ safePrimarySelection-1.7 PASSED
---- safePrimarySelection-1.8 start
++++ safePrimarySelection-1.8 PASSED
---- safePrimarySelection-1.9 start
++++ safePrimarySelection-1.9 PASSED
---- safePrimarySelection-1.10 start
++++ safePrimarySelection-1.10 PASSED
---- safePrimarySelection-2.1 start
++++ safePrimarySelection-2.1 PASSED
---- safePrimarySelection-2.2 start
++++ safePrimarySelection-2.2 PASSED
---- safePrimarySelection-2.3 start
++++ safePrimarySelection-2.3 PASSED
---- safePrimarySelection-2.4 start
++++ safePrimarySelection-2.4 PASSED
---- safePrimarySelection-2.5 start
++++ safePrimarySelection-2.5 PASSED
---- safePrimarySelection-2.6 start
++++ safePrimarySelection-2.6 PASSED
---- safePrimarySelection-2.7 start
++++ safePrimarySelection-2.7 PASSED
---- safePrimarySelection-2.8 start
++++ safePrimarySelection-2.8 PASSED
---- safePrimarySelection-2.9 start
++++ safePrimarySelection-2.9 PASSED
---- safePrimarySelection-2.10 start
++++ safePrimarySelection-2.10 PASSED
---- safePrimarySelection-3.1 start
++++ safePrimarySelection-3.1 PASSED
---- safePrimarySelection-3.2 start
++++ safePrimarySelection-3.2 PASSED
---- safePrimarySelection-3.3 start
++++ safePrimarySelection-3.3 PASSED
---- safePrimarySelection-3.4 start
++++ safePrimarySelection-3.4 PASSED
---- safePrimarySelection-3.5 start
++++ safePrimarySelection-3.5 PASSED
---- safePrimarySelection-3.6 start
++++ safePrimarySelection-3.6 PASSED
---- safePrimarySelection-3.7 start
++++ safePrimarySelection-3.7 PASSED
---- safePrimarySelection-3.8 start
++++ safePrimarySelection-3.8 PASSED
---- safePrimarySelection-3.9 start
++++ safePrimarySelection-3.9 PASSED
---- safePrimarySelection-3.10 start
++++ safePrimarySelection-3.10 PASSED
---- safePrimarySelection-4.1 start
++++ safePrimarySelection-4.1 PASSED
---- safePrimarySelection-4.2 start
++++ safePrimarySelection-4.2 PASSED
---- safePrimarySelection-4.3 start
++++ safePrimarySelection-4.3 PASSED
---- safePrimarySelection-4.4 start
++++ safePrimarySelection-4.4 PASSED
---- safePrimarySelection-4.5 start
++++ safePrimarySelection-4.5 PASSED
---- safePrimarySelection-4.6 start
++++ safePrimarySelection-4.6 PASSED
---- safePrimarySelection-4.7 start
++++ safePrimarySelection-4.7 PASSED
---- safePrimarySelection-4.8 start
++++ safePrimarySelection-4.8 PASSED
---- safePrimarySelection-4.9 start
++++ safePrimarySelection-4.9 PASSED
---- safePrimarySelection-4.10 start
++++ safePrimarySelection-4.10 PASSED
---- safePrimarySelection-5.1 start
++++ safePrimarySelection-5.1 PASSED
---- safePrimarySelection-5.2 start
++++ safePrimarySelection-5.2 PASSED
---- safePrimarySelection-5.3 start
++++ safePrimarySelection-5.3 PASSED
---- safePrimarySelection-5.4 start
++++ safePrimarySelection-5.4 PASSED
---- safePrimarySelection-5.5 start
++++ safePrimarySelection-5.5 PASSED
---- safePrimarySelection-5.6 start
++++ safePrimarySelection-5.6 PASSED
---- safePrimarySelection-5.7 start
++++ safePrimarySelection-5.7 PASSED
---- safePrimarySelection-5.8 start
++++ safePrimarySelection-5.8 PASSED
---- safePrimarySelection-5.9 start
++++ safePrimarySelection-5.9 PASSED
---- safePrimarySelection-5.10 start
++++ safePrimarySelection-5.10 PASSED
---- safePrimarySelection-6.1 start
++++ safePrimarySelection-6.1 PASSED
---- safePrimarySelection-6.2 start
++++ safePrimarySelection-6.2 PASSED
---- safePrimarySelection-6.3 start
++++ safePrimarySelection-6.3 PASSED
---- safePrimarySelection-6.4 start
++++ safePrimarySelection-6.4 PASSED
---- safePrimarySelection-6.5 start
++++ safePrimarySelection-6.5 PASSED
---- safePrimarySelection-6.6 start
++++ safePrimarySelection-6.6 PASSED
---- safePrimarySelection-6.7 start
++++ safePrimarySelection-6.7 PASSED
---- safePrimarySelection-6.8 start
++++ safePrimarySelection-6.8 PASSED
---- safePrimarySelection-6.9 start
++++ safePrimarySelection-6.9 PASSED
---- safePrimarySelection-6.10 start
++++ safePrimarySelection-6.10 PASSED
scale.test
---- scale-1.1 start
++++ scale-1.1 PASSED
---- scale-1.2 start
++++ scale-1.2 PASSED
---- scale-1.3 start
++++ scale-1.3 PASSED
---- scale-1.4 start
++++ scale-1.4 PASSED
---- scale-1.5 start
++++ scale-1.5 PASSED
---- scale-1.6 start
++++ scale-1.6 PASSED
---- scale-1.7 start
++++ scale-1.7 PASSED
---- scale-1.8 start
++++ scale-1.8 PASSED
---- scale-1.9 start
++++ scale-1.9 PASSED
---- scale-1.10 start
++++ scale-1.10 PASSED
---- scale-1.11 start
++++ scale-1.11 PASSED
---- scale-1.12 start
++++ scale-1.12 PASSED
---- scale-1.13 start
++++ scale-1.13 PASSED
---- scale-1.15 start
++++ scale-1.15 PASSED
---- scale-1.16 start
++++ scale-1.16 PASSED
---- scale-1.17 start
++++ scale-1.17 PASSED
---- scale-1.18 start
++++ scale-1.18 PASSED
---- scale-1.19 start
++++ scale-1.19 PASSED
---- scale-1.20 start
++++ scale-1.20 PASSED
---- scale-1.21 start
++++ scale-1.21 PASSED
---- scale-1.23 start
++++ scale-1.23 PASSED
---- scale-1.24 start
++++ scale-1.24 PASSED
---- scale-1.25 start
++++ scale-1.25 PASSED
---- scale-1.26 start
++++ scale-1.26 PASSED
---- scale-1.27 start
++++ scale-1.27 PASSED
---- scale-1.28 start
++++ scale-1.28 PASSED
---- scale-1.29 start
++++ scale-1.29 PASSED
---- scale-1.30 start
++++ scale-1.30 PASSED
---- scale-1.31 start
++++ scale-1.31 PASSED
---- scale-1.32 start
++++ scale-1.32 PASSED
---- scale-1.33 start
++++ scale-1.33 PASSED
---- scale-1.35 start
++++ scale-1.35 PASSED
---- scale-1.36 start
++++ scale-1.36 PASSED
---- scale-1.37 start
++++ scale-1.37 PASSED
---- scale-1.38 start
++++ scale-1.38 PASSED
---- scale-1.39 start
++++ scale-1.39 PASSED
---- scale-1.41 start
++++ scale-1.41 PASSED
---- scale-1.42 start
++++ scale-1.42 PASSED
---- scale-1.43 start
++++ scale-1.43 PASSED
---- scale-1.44 start
++++ scale-1.44 PASSED
---- scale-1.45 start
++++ scale-1.45 PASSED
---- scale-1.46 start
++++ scale-1.46 PASSED
---- scale-1.47 start
++++ scale-1.47 PASSED
---- scale-1.48 start
++++ scale-1.48 PASSED
---- scale-1.49 start
++++ scale-1.49 PASSED
---- scale-1.50 start
++++ scale-1.50 PASSED
---- scale-1.51 start
++++ scale-1.51 PASSED
---- scale-1.52 start
++++ scale-1.52 PASSED
---- scale-1.53 start
++++ scale-1.53 PASSED
---- scale-1.54 start
++++ scale-1.54 PASSED
---- scale-1.55 start
++++ scale-1.55 PASSED
---- scale-1.56 start
++++ scale-1.56 PASSED
---- scale-1.57 start
++++ scale-1.57 PASSED
---- scale-1.59 start
++++ scale-1.59 PASSED
---- scale-1.61 start
++++ scale-1.61 PASSED
---- scale-1.62 start
++++ scale-1.62 PASSED
---- scale-1.63 start
++++ scale-1.63 PASSED
---- scale-1.64 start
++++ scale-1.64 PASSED
---- scale-1.65 start
++++ scale-1.65 PASSED
---- scale-1.66 start
++++ scale-1.66 PASSED
---- scale-1.67 start
++++ scale-1.67 PASSED
---- scale-1.69 start
++++ scale-1.69 PASSED
---- scale-1.70 start
++++ scale-1.70 PASSED
---- scale-2.1 start
++++ scale-2.1 PASSED
---- scale-2.2 start
++++ scale-2.2 PASSED
---- scale-2.3 start
++++ scale-2.3 PASSED
---- scale-2.4 start
++++ scale-2.4 PASSED
---- scale-2.5 start
++++ scale-2.5 PASSED
---- scale-3.1 start
++++ scale-3.1 PASSED
---- scale-3.2 start
++++ scale-3.2 PASSED
---- scale-3.3 start
++++ scale-3.3 PASSED
---- scale-3.4 start
++++ scale-3.4 PASSED
---- scale-3.5 start
++++ scale-3.5 PASSED
---- scale-3.6 start
++++ scale-3.6 PASSED
---- scale-3.7 start
++++ scale-3.7 PASSED
---- scale-3.8 start
++++ scale-3.8 PASSED
---- scale-3.9 start
++++ scale-3.9 PASSED
---- scale-3.10 start
++++ scale-3.10 PASSED
++++ scale-3.11 SKIPPED: fonts
++++ scale-3.12 SKIPPED: fonts
---- scale-3.13 start
++++ scale-3.13 PASSED
---- scale-3.14 start
++++ scale-3.14 PASSED
---- scale-3.15 start
++++ scale-3.15 PASSED
---- scale-3.16 start
++++ scale-3.16 PASSED
---- scale-3.17 start
++++ scale-3.17 PASSED
---- scale-3.18 start
++++ scale-3.18 PASSED
---- scale-3.19 start
++++ scale-3.19 PASSED
---- scale-3.20 start
++++ scale-3.20 PASSED
---- scale-3.21 start
++++ scale-3.21 PASSED
---- scale-3.22 start
++++ scale-3.22 PASSED
++++ scale-3.23 SKIPPED: fonts
---- scale-3.24 start
++++ scale-3.24 PASSED
---- scale-3.25 start
++++ scale-3.25 PASSED
---- scale-3.26 start
++++ scale-3.26 PASSED
---- scale-3.27 start
++++ scale-3.27 PASSED
---- scale-3.28 start
++++ scale-3.28 PASSED
---- scale-3.29 start
++++ scale-3.29 PASSED
---- scale-3.30 start
++++ scale-3.30 PASSED
---- scale-3.31 start
++++ scale-3.31 PASSED
---- scale-3.32 start
++++ scale-3.32 PASSED
---- scale-4.1 start
++++ scale-4.1 PASSED
---- scale-5.1 start
++++ scale-5.1 PASSED
---- scale-5.2 start
++++ scale-5.2 PASSED
---- scale-5.3 start
++++ scale-5.3 PASSED
---- scale-5.4 start
++++ scale-5.4 PASSED
---- scale-5.5 start
++++ scale-5.5 PASSED
---- scale-5.6 start
++++ scale-5.6 PASSED
---- scale-5.7 start
++++ scale-5.7 PASSED
---- scale-6.1 start
++++ scale-6.1 PASSED
---- scale-6.2 start
++++ scale-6.2 PASSED
---- scale-6.3 start
++++ scale-6.3 PASSED
---- scale-6.4 start
++++ scale-6.4 PASSED
---- scale-6.5 start
++++ scale-6.5 PASSED
++++ scale-6.6 SKIPPED: nonPortable
---- scale-6.7 start
++++ scale-6.7 PASSED
---- scale-6.8 start
++++ scale-6.8 PASSED
---- scale-6.9 start
++++ scale-6.9 PASSED
---- scale-6.10 start
++++ scale-6.10 PASSED
---- scale-6.11 start
++++ scale-6.11 PASSED
---- scale-6.12 start
++++ scale-6.12 PASSED
---- scale-6.13 start
++++ scale-6.13 PASSED
---- scale-6.14 start
++++ scale-6.14 PASSED
---- scale-6.15 start
++++ scale-6.15 PASSED
---- scale-6.16 start
++++ scale-6.16 PASSED
---- scale-6.17 start
++++ scale-6.17 PASSED
---- scale-6.18 start
++++ scale-6.18 PASSED
---- scale-6.19 start
++++ scale-6.19 PASSED
---- scale-6.20 start
++++ scale-6.20 PASSED
---- scale-6.21 start
++++ scale-6.21 PASSED
++++ scale-7.1 SKIPPED: nonPortable
++++ scale-7.2 SKIPPED: fonts
++++ scale-7.3 SKIPPED: fonts
++++ scale-7.4 SKIPPED: fonts
++++ scale-7.5 SKIPPED: nonPortable
++++ scale-7.6 SKIPPED: fonts
++++ scale-7.7 SKIPPED: fonts
---- scale-7.8 start
++++ scale-7.8 PASSED
++++ scale-8.1 SKIPPED: fonts
++++ scale-8.2 SKIPPED: fonts
++++ scale-8.3 SKIPPED: fonts
---- scale-8.4 start
++++ scale-8.4 PASSED
++++ scale-8.5 SKIPPED: fonts
++++ scale-8.6 SKIPPED: fonts
---- scale-8.7 start
++++ scale-8.7 PASSED
---- scale-8.8 start
++++ scale-8.8 PASSED
---- scale-8.9 start
++++ scale-8.9 PASSED
---- scale-9.1 start
++++ scale-9.1 PASSED
---- scale-9.2 start
++++ scale-9.2 PASSED
---- scale-9.3 start
++++ scale-9.3 PASSED
---- scale-9.4 start
++++ scale-9.4 PASSED
---- scale-9.5 start
++++ scale-9.5 PASSED
---- scale-9.6 start
++++ scale-9.6 PASSED
---- scale-9.7 start
++++ scale-9.7 PASSED
---- scale-9.8 start
++++ scale-9.8 PASSED
---- scale-9.9 start
++++ scale-9.9 PASSED
++++ scale-10.1 SKIPPED: fonts
++++ scale-10.2 SKIPPED: fonts
---- scale-11.1 start
++++ scale-11.1 PASSED
---- scale-11.2 start
++++ scale-11.2 PASSED
---- scale-12.1 start
++++ scale-12.1 PASSED
---- scale-13.1 start
++++ scale-13.1 PASSED
---- scale-13.2 start
++++ scale-13.2 PASSED
---- scale-13.3 start
++++ scale-13.3 PASSED
---- scale-13.4 start
++++ scale-13.4 PASSED
---- scale-13.5 start
++++ scale-13.5 PASSED
---- scale-13.6 start
++++ scale-13.6 PASSED
---- scale-14.1 start
++++ scale-14.1 PASSED
---- scale-14.2 start
++++ scale-14.2 PASSED
---- scale-14.3 start
++++ scale-14.3 PASSED
---- scale-14.4 start
++++ scale-14.4 PASSED
---- scale-14.5 start
++++ scale-14.5 PASSED
---- scale-14.6 start
++++ scale-14.6 PASSED
---- scale-14.7 start
++++ scale-14.7 PASSED
---- scale-14.8 start
++++ scale-14.8 PASSED
---- scale-14.9 start
++++ scale-14.9 PASSED
---- scale-14.10 start
++++ scale-14.10 PASSED
---- scale-14.11 start
++++ scale-14.11 PASSED
---- scale-14.12 start
++++ scale-14.12 PASSED
---- scale-14.13 start
++++ scale-14.13 PASSED
---- scale-14a.1 start
++++ scale-14a.1 PASSED
---- scale-14a.2 start
++++ scale-14a.2 PASSED
---- scale-15.1 start
++++ scale-15.1 PASSED
---- scale-15.2 start
++++ scale-15.2 PASSED
---- scale-15.3 start
++++ scale-15.3 PASSED
---- scale-15.4 start
++++ scale-15.4 PASSED
---- scale-15.5 start
++++ scale-15.5 PASSED
---- scale-15.6 start
++++ scale-15.6 PASSED
---- scale-15.7 start
++++ scale-15.7 PASSED
---- scale-15.8 start
++++ scale-15.8 PASSED
---- scale-16.1 start
++++ scale-16.1 PASSED
---- scale-17.1 start
++++ scale-17.1 PASSED
---- scale-18.1 start
++++ scale-18.1 PASSED
---- scale-18.2 start
++++ scale-18.2 PASSED
---- scale-18.3 start
++++ scale-18.3 PASSED
---- scale-18.4 start
++++ scale-18.4 PASSED
---- scale-19 start
++++ scale-19 PASSED
---- scale-20.1 start
++++ scale-20.1 PASSED
---- scale-20.2 start
++++ scale-20.2 PASSED
---- scale-20.3 start
++++ scale-20.3 PASSED
---- scale-20.4 start
++++ scale-20.4 PASSED
---- scale-20.5 start
++++ scale-20.5 PASSED
---- scale-20.6 start
++++ scale-20.6 PASSED
---- scale-20.7 start
++++ scale-20.7 PASSED
---- scale-20.8 start
++++ scale-20.8 PASSED
---- scale-21.1 start
++++ scale-21.1 PASSED
---- scale-21.2 start
++++ scale-21.2 PASSED
---- scale-22.1 start
++++ scale-22.1 PASSED
---- scale-22.2 start
++++ scale-22.2 PASSED
scrollbar.test
---- scrollbar-1.1 start
++++ scrollbar-1.1 PASSED
---- scrollbar-1.2 start
++++ scrollbar-1.2 PASSED
---- scrollbar-1.3 start
++++ scrollbar-1.3 PASSED
---- scrollbar-1.4 start
++++ scrollbar-1.4 PASSED
---- scrollbar-1.5 start
++++ scrollbar-1.5 PASSED
---- scrollbar-1.6 start
++++ scrollbar-1.6 PASSED
---- scrollbar-1.7 start
++++ scrollbar-1.7 PASSED
---- scrollbar-1.8 start
++++ scrollbar-1.8 PASSED
---- scrollbar-1.9 start
++++ scrollbar-1.9 PASSED
---- scrollbar-1.10 start
++++ scrollbar-1.10 PASSED
---- scrollbar-1.11 start
++++ scrollbar-1.11 PASSED
---- scrollbar-1.12 start
++++ scrollbar-1.12 PASSED
---- scrollbar-1.13 start
++++ scrollbar-1.13 PASSED
---- scrollbar-1.14 start
++++ scrollbar-1.14 PASSED
---- scrollbar-1.15 start
++++ scrollbar-1.15 PASSED
---- scrollbar-1.16 start
++++ scrollbar-1.16 PASSED
---- scrollbar-1.17 start
++++ scrollbar-1.17 PASSED
---- scrollbar-1.18 start
++++ scrollbar-1.18 PASSED
---- scrollbar-1.19 start
++++ scrollbar-1.19 PASSED
---- scrollbar-1.20 start
++++ scrollbar-1.20 PASSED
---- scrollbar-1.21 start
++++ scrollbar-1.21 PASSED
---- scrollbar-1.22 start
++++ scrollbar-1.22 PASSED
---- scrollbar-1.23 start
++++ scrollbar-1.23 PASSED
---- scrollbar-1.24 start
++++ scrollbar-1.24 PASSED
---- scrollbar-1.25 start
++++ scrollbar-1.25 PASSED
---- scrollbar-1.26 start
++++ scrollbar-1.26 PASSED
---- scrollbar-1.27 start
++++ scrollbar-1.27 PASSED
---- scrollbar-1.28 start
++++ scrollbar-1.28 PASSED
---- scrollbar-1.29 start
++++ scrollbar-1.29 PASSED
---- scrollbar-1.30 start
++++ scrollbar-1.30 PASSED
---- scrollbar-1.31 start
++++ scrollbar-1.31 PASSED
---- scrollbar-1.32 start
++++ scrollbar-1.32 PASSED
---- scrollbar-1.33 start
++++ scrollbar-1.33 PASSED
---- scrollbar-1.34 start
++++ scrollbar-1.34 PASSED
---- scrollbar-1.35 start
++++ scrollbar-1.35 PASSED
---- scrollbar-1.36 start
++++ scrollbar-1.36 PASSED
---- scrollbar-1.37 start
++++ scrollbar-1.37 PASSED
---- scrollbar-1.38 start
++++ scrollbar-1.38 PASSED
---- scrollbar-1.39 start
++++ scrollbar-1.39 PASSED
---- scrollbar-1.40 start
++++ scrollbar-1.40 PASSED
---- scrollbar-1.41 start
++++ scrollbar-1.41 PASSED
---- scrollbar-2.1 start
++++ scrollbar-2.1 PASSED
---- scrollbar-2.2 start
++++ scrollbar-2.2 PASSED
---- scrollbar-2.3 start
++++ scrollbar-2.3 PASSED
---- scrollbar-2.4 start
++++ scrollbar-2.4 PASSED
---- scrollbar-2.5 start
++++ scrollbar-2.5 PASSED
---- scrollbar-3.1 start
++++ scrollbar-3.1 PASSED
---- scrollbar-3.2 start
++++ scrollbar-3.2 PASSED
---- scrollbar-3.3 start
++++ scrollbar-3.3 PASSED
---- scrollbar-3.4 start
++++ scrollbar-3.4 PASSED
---- scrollbar-3.5 start
++++ scrollbar-3.5 PASSED
---- scrollbar-3.6 start
++++ scrollbar-3.6 PASSED
---- scrollbar-3.7 start
++++ scrollbar-3.7 PASSED
---- scrollbar-3.8 start
++++ scrollbar-3.8 PASSED
---- scrollbar-3.9 start
++++ scrollbar-3.9 PASSED
---- scrollbar-3.10 start
++++ scrollbar-3.10 PASSED
---- scrollbar-3.11 start
++++ scrollbar-3.11 PASSED
++++ scrollbar-3.12 SKIPPED: emptyTest
++++ scrollbar-3.12.1 SKIPPED: emptyTest
---- scrollbar-3.13 start
++++ scrollbar-3.13 PASSED
++++ scrollbar-3.14 SKIPPED: emptyTest
++++ scrollbar-3.14.1 SKIPPED: emptyTest
---- scrollbar-3.15 start
++++ scrollbar-3.15 PASSED
---- scrollbar-3.16 start
++++ scrollbar-3.16 PASSED
---- scrollbar-3.17 start
++++ scrollbar-3.17 PASSED
---- scrollbar-3.18 start
++++ scrollbar-3.18 PASSED
---- scrollbar-3.19 start
++++ scrollbar-3.19 PASSED
---- scrollbar-3.20 start
++++ scrollbar-3.20 PASSED
---- scrollbar-3.21 start
++++ scrollbar-3.21 PASSED
---- scrollbar-3.22 start
++++ scrollbar-3.22 PASSED
---- scrollbar-3.23 start
++++ scrollbar-3.23 PASSED
---- scrollbar-3.24 start
++++ scrollbar-3.24 PASSED
---- scrollbar-3.25 start
++++ scrollbar-3.25 PASSED
---- scrollbar-3.26 start
++++ scrollbar-3.26 PASSED
---- scrollbar-3.27 start
++++ scrollbar-3.27 PASSED
---- scrollbar-3.28 start
++++ scrollbar-3.28 PASSED
---- scrollbar-3.29 start
++++ scrollbar-3.29 PASSED
---- scrollbar-3.30 start
++++ scrollbar-3.30 PASSED
---- scrollbar-3.31 start
++++ scrollbar-3.31 PASSED
---- scrollbar-3.32 start
++++ scrollbar-3.32 PASSED
---- scrollbar-3.33 start
++++ scrollbar-3.33 PASSED
---- scrollbar-3.34 start
++++ scrollbar-3.34 PASSED
---- scrollbar-3.35 start
++++ scrollbar-3.35 PASSED
---- scrollbar-3.36 start
++++ scrollbar-3.36 PASSED
++++ scrollbar-3.37 SKIPPED: testmetrics
---- scrollbar-3.38 start
++++ scrollbar-3.38 PASSED
++++ scrollbar-3.39 SKIPPED: testmetrics
---- scrollbar-3.41 start
++++ scrollbar-3.41 PASSED
---- scrollbar-3.42 start
++++ scrollbar-3.42 PASSED
---- scrollbar-3.43 start
++++ scrollbar-3.43 PASSED
---- scrollbar-3.45 start
++++ scrollbar-3.45 PASSED
---- scrollbar-3.46 start
++++ scrollbar-3.46 PASSED
---- scrollbar-3.47 start
++++ scrollbar-3.47 PASSED
---- scrollbar-3.48 start
++++ scrollbar-3.48 PASSED
---- scrollbar-3.49 start
++++ scrollbar-3.49 PASSED
++++ scrollbar-3.50.1 SKIPPED: notAqua
---- scrollbar-3.50.2 start
++++ scrollbar-3.50.2 PASSED
---- scrollbar-3.51 start
++++ scrollbar-3.51 PASSED
---- scrollbar-3.52 start
++++ scrollbar-3.52 PASSED
---- scrollbar-3.53 start
++++ scrollbar-3.53 PASSED
++++ scrollbar-3.54.1 SKIPPED: notAqua
---- scrollbar-3.54.2 start
++++ scrollbar-3.54.2 PASSED
---- scrollbar-3.56 start
++++ scrollbar-3.56 PASSED
---- scrollbar-3.57 start
++++ scrollbar-3.57 PASSED
---- scrollbar-3.58 start
++++ scrollbar-3.58 PASSED
---- scrollbar-3.59 start
++++ scrollbar-3.59 PASSED
---- scrollbar-3.60 start
++++ scrollbar-3.60 PASSED
---- scrollbar-3.61 start
++++ scrollbar-3.61 PASSED
---- scrollbar-3.62 start
++++ scrollbar-3.62 PASSED
---- scrollbar-3.63 start
++++ scrollbar-3.63 PASSED
---- scrollbar-3.71 start
++++ scrollbar-3.71 PASSED
---- scrollbar-3.72 start
++++ scrollbar-3.72 PASSED
---- scrollbar-3.73 start
++++ scrollbar-3.73 PASSED
---- scrollbar-3.74 start
++++ scrollbar-3.74 PASSED
---- scrollbar-4.1 start
++++ scrollbar-4.1 PASSED
---- scrollbar-5.1 start
++++ scrollbar-5.1 PASSED
---- scrollbar-6.1 start
++++ scrollbar-6.1 PASSED
---- scrollbar-6.3 start
++++ scrollbar-6.3 PASSED
---- scrollbar-6.4 start
++++ scrollbar-6.4 PASSED
---- scrollbar-6.6 start
++++ scrollbar-6.6 PASSED
---- scrollbar-6.7 start
++++ scrollbar-6.7 PASSED
---- scrollbar-6.8 start
++++ scrollbar-6.8 PASSED
---- scrollbar-6.9 start
++++ scrollbar-6.9 PASSED
---- scrollbar-6.10 start
++++ scrollbar-6.10 PASSED
++++ scrollbar-6.11.1 SKIPPED: x11
---- scrollbar-6.11.2 start
++++ scrollbar-6.11.2 PASSED
++++ scrollbar-6.12.1 SKIPPED: x11
---- scrollbar-6.12.2 start
++++ scrollbar-6.12.2 PASSED
++++ scrollbar-6.14 SKIPPED: win
++++ scrollbar-6.15 SKIPPED: testmetrics
---- scrollbar-6.16 start
++++ scrollbar-6.16 PASSED
++++ scrollbar-6.17 SKIPPED: nonPortable
++++ scrollbar-6.18 SKIPPED: testmetrics
++++ scrollbar-6.19 SKIPPED: testmetrics
---- scrollbar-6.20 start
++++ scrollbar-6.20 PASSED
++++ scrollbar-6.21 SKIPPED: nonPortable
++++ scrollbar-6.22 SKIPPED: testmetrics
++++ scrollbar-6.23 SKIPPED: testmetrics
---- scrollbar-6.24 start
++++ scrollbar-6.24 PASSED
---- scrollbar-6.25 start
++++ scrollbar-6.25 PASSED
++++ scrollbar-6.27 SKIPPED: testmetrics
++++ scrollbar-6.28 SKIPPED: testmetrics
++++ scrollbar-6.29.1 SKIPPED: x11
---- scrollbar-6.29.2 start
++++ scrollbar-6.29.2 PASSED
++++ scrollbar-6.30.1 SKIPPED: x11
---- scrollbar-6.30.2 start
++++ scrollbar-6.30.2 PASSED
++++ scrollbar-6.32 SKIPPED: testmetrics
++++ scrollbar-6.33 SKIPPED: win
---- scrollbar-6.34 start
++++ scrollbar-6.34 PASSED
---- scrollbar-6.35 start
++++ scrollbar-6.35 PASSED
++++ scrollbar-6.37 SKIPPED: win
++++ scrollbar-6.38 SKIPPED: win
++++ scrollbar-6.39.1 SKIPPED: x11
---- scrollbar-6.39.2 start
++++ scrollbar-6.39.2 PASSED
++++ scrollbar-6.40 SKIPPED: win
++++ scrollbar-6.41.1 SKIPPED: x11
---- scrollbar-6.41.2 start
++++ scrollbar-6.41.2 PASSED
++++ scrollbar-6.43 SKIPPED: testmetrics
---- scrollbar-6.44 start
++++ scrollbar-6.44 PASSED
++++ scrollbar-6.46 SKIPPED: win
---- scrollbar-7.1 start
++++ scrollbar-7.1 PASSED
++++ scrollbar-8.1 SKIPPED: notAqua
++++ scrollbar-8.2 SKIPPED: notAqua
---- scrollbar-9.1 start
++++ scrollbar-9.1 PASSED
---- scrollbar-10.1 start
++++ scrollbar-10.1 PASSED
---- scrollbar-10.2 start
++++ scrollbar-10.2 PASSED
---- scrollbar-10.3 start
++++ scrollbar-10.3 PASSED
---- scrollbar-11.1 start
++++ scrollbar-11.1 PASSED
---- scrollbar-11.2 start
++++ scrollbar-11.2 PASSED
select.test
---- select-1.1 start
++++ select-1.1 PASSED
---- select-1.2 start
++++ select-1.2 PASSED
---- select-1.3 start
++++ select-1.3 PASSED
---- select-1.4.1 start
++++ select-1.4.1 PASSED
++++ select-1.4.2 SKIPPED: win
---- select-1.5 start
++++ select-1.5 PASSED
---- select-1.6.1 start
++++ select-1.6.1 PASSED
++++ select-1.6.2 SKIPPED: win
---- select-1.7.1 start
++++ select-1.7.1 PASSED
++++ select-1.7.2 SKIPPED: win
---- select-1.8 start
++++ select-1.8 PASSED
---- select-2.1 start
++++ select-2.1 PASSED
---- select-2.2 start
++++ select-2.2 PASSED
---- select-2.3 start
++++ select-2.3 PASSED
++++ select-2.4 SKIPPED: win
++++ select-2.5 SKIPPED: win
++++ select-2.6 SKIPPED: win
---- select-2.7 start
++++ select-2.7 PASSED
---- select-3.1 start
++++ select-3.1 PASSED
---- select-3.2 start
++++ select-3.2 PASSED
---- select-3.3 start
++++ select-3.3 PASSED
---- select-3.4 start
++++ select-3.4 PASSED
---- select-3.5 start
++++ select-3.5 PASSED
---- select-3.6 start
++++ select-3.6 PASSED
++++ select-3.7 SKIPPED: x11
---- select-3.8 start
++++ select-3.8 PASSED
---- select-3.9 start
++++ select-3.9 PASSED
++++ select-3.10 SKIPPED: altDisplay
++++ select-3.11 SKIPPED: altDisplay
---- select-4.1 start
++++ select-4.1 PASSED
---- select-4.2 start
++++ select-4.2 PASSED
---- select-4.3 start
++++ select-4.3 PASSED
++++ select-4.4 SKIPPED: x11
++++ select-4.5 SKIPPED: altDisplay
++++ select-4.6 SKIPPED: x11
---- select-5.1 start
++++ select-5.1 PASSED
---- select-5.2 start
++++ select-5.2 PASSED
---- select-5.3 start
++++ select-5.3 PASSED
---- select-5.4 start
++++ select-5.4 PASSED
---- select-5.5 start
++++ select-5.5 PASSED
---- select-5.6 start
++++ select-5.6 PASSED
---- select-5.7 start
++++ select-5.7 PASSED
---- select-5.8 start
++++ select-5.8 PASSED
++++ select-5.9 SKIPPED: x11
++++ select-5.10 SKIPPED: x11
++++ select-5.11 SKIPPED: altDisplay
++++ select-5.12 SKIPPED: altDisplay
++++ select-5.13 SKIPPED: x11
++++ select-5.14 SKIPPED: x11
---- select-5.15 start
++++ select-5.15 PASSED
---- select-6.1 start
++++ select-6.1 PASSED
---- select-6.2 start
++++ select-6.2 PASSED
---- select-6.3 start
++++ select-6.3 PASSED
---- select-6.4 start
++++ select-6.4 PASSED
---- select-6.5 start
++++ select-6.5 PASSED
---- select-6.6 start
++++ select-6.6 PASSED
---- select-6.7 start
++++ select-6.7 PASSED
---- select-6.8 start
++++ select-6.8 PASSED
---- select-6.9 start
++++ select-6.9 PASSED
---- select-6.10 start
++++ select-6.10 PASSED
---- select-6.11 start
++++ select-6.11 PASSED
---- select-6.12 start
++++ select-6.12 PASSED
---- select-6.13 start
++++ select-6.13 PASSED
---- select-6.14 start
++++ select-6.14 PASSED
---- select-6.15 start
++++ select-6.15 PASSED
---- select-6.16 start
++++ select-6.16 PASSED
---- select-6.17 start
++++ select-6.17 PASSED
---- select-6.18 start
++++ select-6.18 PASSED
---- select-6.19 start
++++ select-6.19 PASSED
---- select-6.20 start
++++ select-6.20 PASSED
---- select-6.21 start
++++ select-6.21 PASSED
---- select-6.22 start
++++ select-6.22 PASSED
---- select-6.23 start
++++ select-6.23 PASSED
---- select-6.24 start
++++ select-6.24 PASSED
---- select-6.25 start
++++ select-6.25 PASSED
---- select-6.26 start
++++ select-6.26 PASSED
---- select-6.27 start
++++ select-6.27 PASSED
---- select-6.28 start
++++ select-6.28 PASSED
---- select-6.29 start
++++ select-6.29 PASSED
---- select-6.30 start
++++ select-6.30 PASSED
---- select-6.31 start
++++ select-6.31 PASSED
---- select-6.32 start
++++ select-6.32 PASSED
---- select-6.33 start
++++ select-6.33 PASSED
---- select-6.34 start
++++ select-6.34 PASSED
---- select-6.35 start
++++ select-6.35 PASSED
---- select-6.36 start
++++ select-6.36 PASSED
---- select-6.37 start
++++ select-6.37 PASSED
---- select-6.38 start
++++ select-6.38 PASSED
---- select-6.39 start
++++ select-6.39 PASSED
++++ select-7.1 SKIPPED: nonPortable
++++ select-8.1 SKIPPED: x11
++++ select-9.1 SKIPPED: x11
++++ select-9.2 SKIPPED: x11
++++ select-9.3 SKIPPED: x11
++++ select-9.4 SKIPPED: x11
++++ select-9.5 SKIPPED: x11
++++ select-10.1 SKIPPED: x11
++++ select-10.2 SKIPPED: x11
++++ select-10.3 SKIPPED: x11
++++ select-10.4 SKIPPED: x11
++++ select-10.5 SKIPPED: x11
++++ select-10.6 SKIPPED: x11
++++ select-11.1 SKIPPED: x11
++++ select-12.1 SKIPPED: x11
++++ select-12.2 SKIPPED: x11
++++ select-12.3 SKIPPED: x11
++++ select-12.4 SKIPPED: x11
++++ select-12.5 SKIPPED: x11
---- select-12.6 start
++++ select-12.6 PASSED
++++ select-13.1 SKIPPED: x11
++++ select-14.1 SKIPPED: cliboardManagerPresent
send.test
++++ send-1.1 SKIPPED: testsend
++++ send-1.2 SKIPPED: testsend
++++ send-1.3 SKIPPED: testsend
++++ send-2.1 SKIPPED: testsend
++++ send-2.2 SKIPPED: testsend
++++ send-2.3 SKIPPED: testsend
++++ send-2.4 SKIPPED: testsend
++++ send-3.1 SKIPPED: testsend
++++ send-3.2 SKIPPED: testsend
++++ send-3.3 SKIPPED: testsend
++++ send-3.4 SKIPPED: testsend
++++ send-3.5 SKIPPED: testsend
++++ send-4.1 SKIPPED: testsend
++++ send-4.2 SKIPPED: testsend
++++ send-5.1 SKIPPED: testsend
++++ send-5.2 SKIPPED: testsend
++++ send-5.3 SKIPPED: testsend
++++ send-5.4 SKIPPED: testsend
++++ send-6.1 SKIPPED: nonPortable
++++ send-6.2 SKIPPED: nonPortable
++++ send-6.3 SKIPPED: nonPortable
++++ send-7.1 SKIPPED: testsend
++++ send-7.2 SKIPPED: testsend
++++ send-7.3 SKIPPED: testsend
++++ send-7.4 SKIPPED: testsend
++++ send-8.1 SKIPPED: notAqua
++++ send-8.2 SKIPPED: altDisplay
++++ send-8.3 SKIPPED: notAqua
---- send-8.4 start
++++ send-8.4 PASSED
---- send-8.5 start
++++ send-8.5 PASSED
---- send-8.6 start
++++ send-8.6 PASSED
---- send-8.7 start
++++ send-8.7 PASSED
---- send-8.8 start
++++ send-8.8 PASSED
---- send-8.9 start
++++ send-8.9 PASSED
++++ send-8.10 SKIPPED: notAqua
++++ send-8.11 SKIPPED: testsend
++++ send-8.12 SKIPPED: testsend
++++ send-8.13 SKIPPED: testsend
++++ send-8.14 SKIPPED: testsend
++++ send-8.15 SKIPPED: testsend
++++ send-8.16 SKIPPED: testsend
++++ send-8.17 SKIPPED: nonPortable
---- send-8.18 start
++++ send-8.18 PASSED
---- send-8.19 start
++++ send-8.19 PASSED
++++ send-9.1 SKIPPED: testsend
++++ send-9.2 SKIPPED: testsend
++++ send-9.3 SKIPPED: testsend
++++ send-10.1 SKIPPED: testsend
++++ send-10.2 SKIPPED: testsend
++++ send-10.3 SKIPPED: testsend
++++ send-10.4 SKIPPED: testsend
++++ send-10.5 SKIPPED: testsend
++++ send-10.6 SKIPPED: testsend
++++ send-10.7 SKIPPED: testsend
++++ send-10.8 SKIPPED: testsend
++++ send-10.9 SKIPPED: testsend
++++ send-10.10 SKIPPED: testsend
++++ send-10.11 SKIPPED: testsend
++++ send-10.12 SKIPPED: testsend
++++ send-10.13 SKIPPED: testsend
++++ send-10.14 SKIPPED: testsend
++++ send-10.15 SKIPPED: testsend
++++ send-10.16 SKIPPED: testsend
++++ send-10.17 SKIPPED: testsend
++++ send-10.18 SKIPPED: testsend
++++ send-10.19 SKIPPED: testsend
++++ send-11.1 SKIPPED: testsend
++++ send-11.2 SKIPPED: testsend
++++ send-12.1 SKIPPED: testsend
++++ send-12.2 SKIPPED: notAqua
++++ send-13.1 SKIPPED: notAqua
++++ send-13.2 SKIPPED: notAqua
++++ send-14.1 SKIPPED: altDisplay
++++ send-15.1 SKIPPED: testsend
spinbox.test
---- spinbox-1.1 start
++++ spinbox-1.1 PASSED
---- spinbox-1.2 start
++++ spinbox-1.2 PASSED
---- spinbox-1.3 start
++++ spinbox-1.3 PASSED
---- spinbox-1.4 start
++++ spinbox-1.4 PASSED
---- spinbox-1.5 start
++++ spinbox-1.5 PASSED
---- spinbox-1.6 start
++++ spinbox-1.6 PASSED
---- spinbox-1.7 start
++++ spinbox-1.7 PASSED
---- spinbox-1.8 start
++++ spinbox-1.8 PASSED
---- spinbox-1.9 start
++++ spinbox-1.9 PASSED
---- spinbox-1.10 start
++++ spinbox-1.10 PASSED
---- spinbox-1.11 start
++++ spinbox-1.11 PASSED
---- spinbox-1.12 start
++++ spinbox-1.12 PASSED
---- spinbox-1.13 start
++++ spinbox-1.13 PASSED
---- spinbox-1.14 start
++++ spinbox-1.14 PASSED
---- spinbox-1.15 start
++++ spinbox-1.15 PASSED
---- spinbox-1.16 start
++++ spinbox-1.16 PASSED
---- spinbox-1.17 start
++++ spinbox-1.17 PASSED
---- spinbox-1.18 start
++++ spinbox-1.18 PASSED
---- spinbox-1.19 start
++++ spinbox-1.19 PASSED
---- spinbox-1.20 start
++++ spinbox-1.20 PASSED
---- spinbox-1.21 start
++++ spinbox-1.21 PASSED
---- spinbox-1.22 start
++++ spinbox-1.22 PASSED
---- spinbox-1.23 start
++++ spinbox-1.23 PASSED
---- spinbox-1.24 start
++++ spinbox-1.24 PASSED
---- spinbox-1.25 start
++++ spinbox-1.25 PASSED
---- spinbox-1.26 start
++++ spinbox-1.26 PASSED
---- spinbox-1.27 start
++++ spinbox-1.27 PASSED
---- spinbox-1.28 start
++++ spinbox-1.28 PASSED
---- spinbox-1.29 start
++++ spinbox-1.29 PASSED
---- spinbox-1.30 start
++++ spinbox-1.30 PASSED
---- spinbox-1.31 start
++++ spinbox-1.31 PASSED
---- spinbox-1.32 start
++++ spinbox-1.32 PASSED
---- spinbox-1.33 start
++++ spinbox-1.33 PASSED
---- spinbox-1.34 start
++++ spinbox-1.34 PASSED
---- spinbox-1.35 start
++++ spinbox-1.35 PASSED
---- spinbox-1.36 start
++++ spinbox-1.36 PASSED
---- spinbox-1.37 start
++++ spinbox-1.37 PASSED
---- spinbox-1.38 start
++++ spinbox-1.38 PASSED
---- spinbox-1.39 start
++++ spinbox-1.39 PASSED
---- spinbox-1.40 start
++++ spinbox-1.40 PASSED
---- spinbox-1.41 start
++++ spinbox-1.41 PASSED
---- spinbox-1.42 start
++++ spinbox-1.42 PASSED
---- spinbox-1.43 start
++++ spinbox-1.43 PASSED
---- spinbox-1.44 start
++++ spinbox-1.44 PASSED
---- spinbox-1.45 start
++++ spinbox-1.45 PASSED
---- spinbox-1.46 start
++++ spinbox-1.46 PASSED
---- spinbox-1.47 start
++++ spinbox-1.47 PASSED
---- spinbox-1.48 start
++++ spinbox-1.48 PASSED
---- spinbox-1.49 start
++++ spinbox-1.49 PASSED
---- spinbox-1.50 start
++++ spinbox-1.50 PASSED
---- spinbox-1.51 start
++++ spinbox-1.51 PASSED
---- spinbox-1.52 start
++++ spinbox-1.52 PASSED
---- spinbox-1.53 start
++++ spinbox-1.53 PASSED
---- spinbox-1.54 start
++++ spinbox-1.54 PASSED
---- spinbox-1.55 start
++++ spinbox-1.55 PASSED
---- spinbox-1.56 start
++++ spinbox-1.56 PASSED
---- spinbox-1.57 start
++++ spinbox-1.57 PASSED
---- spinbox-1.58 start
++++ spinbox-1.58 PASSED
---- spinbox-1.59 start
++++ spinbox-1.59 PASSED
---- spinbox-1.60 start
++++ spinbox-1.60 PASSED
---- spinbox-1.61 start
++++ spinbox-1.61 PASSED
---- spinbox-1.62 start
++++ spinbox-1.62 PASSED
---- spinbox-1.63 start
++++ spinbox-1.63 PASSED
---- spinbox-1.64 start
++++ spinbox-1.64 PASSED
---- spinbox-1.65 start
++++ spinbox-1.65 PASSED
---- spinbox-1.66 start
++++ spinbox-1.66 PASSED
---- spinbox-1.67 start
++++ spinbox-1.67 PASSED
---- spinbox-1.68 start
++++ spinbox-1.68 PASSED
---- spinbox-1.69 start
++++ spinbox-1.69 PASSED
---- spinbox-1.70 start
++++ spinbox-1.70 PASSED
---- spinbox-1.71 start
++++ spinbox-1.71 PASSED
---- spinbox-1.72 start
++++ spinbox-1.72 PASSED
---- spinbox-1.73 start
++++ spinbox-1.73 PASSED
---- spinbox-1.74 start
++++ spinbox-1.74 PASSED
---- spinbox-1.75 start
++++ spinbox-1.75 PASSED
---- spinbox-1.76 start
++++ spinbox-1.76 PASSED
---- spinbox-1.77 start
++++ spinbox-1.77 PASSED
---- spinbox-1.78 start
++++ spinbox-1.78 PASSED
---- spinbox-1.79 start
++++ spinbox-1.79 PASSED
---- spinbox-1.80 start
++++ spinbox-1.80 PASSED
---- spinbox-1.81 start
++++ spinbox-1.81 PASSED
---- spinbox-1.82 start
++++ spinbox-1.82 PASSED
---- spinbox-1.83 start
++++ spinbox-1.83 PASSED
---- spinbox-1.84 start
++++ spinbox-1.84 PASSED
---- spinbox-1.85 start
++++ spinbox-1.85 PASSED
---- spinbox-2.1 start
++++ spinbox-2.1 PASSED
---- spinbox-2.2 start
++++ spinbox-2.2 PASSED
---- spinbox-2.3 start
++++ spinbox-2.3 PASSED
---- spinbox-2.4 start
++++ spinbox-2.4 PASSED
---- spinbox-2.4.1 start
++++ spinbox-2.4.1 PASSED
---- spinbox-2.5 start
++++ spinbox-2.5 PASSED
---- spinbox-3.1 start
++++ spinbox-3.1 PASSED
---- spinbox-3.2 start
++++ spinbox-3.2 PASSED
---- spinbox-3.3 start
++++ spinbox-3.3 PASSED
---- spinbox-3.4 start
++++ spinbox-3.4 PASSED
---- spinbox-3.5 start
++++ spinbox-3.5 PASSED
++++ spinbox-3.6 SKIPPED: fonts
++++ spinbox-3.7 SKIPPED: fonts
++++ spinbox-3.8 SKIPPED: fonts
---- spinbox-3.9 start
++++ spinbox-3.9 PASSED
++++ spinbox-3.10 SKIPPED: fonts
---- spinbox-3.11 start
++++ spinbox-3.11 PASSED
---- spinbox-3.12 start
++++ spinbox-3.12 PASSED
---- spinbox-3.13 start
++++ spinbox-3.13 PASSED
---- spinbox-3.14 start
++++ spinbox-3.14 PASSED
---- spinbox-3.15 start
++++ spinbox-3.15 PASSED
---- spinbox-3.16 start
++++ spinbox-3.16 PASSED
---- spinbox-3.17 start
++++ spinbox-3.17 PASSED
---- spinbox-3.18 start
++++ spinbox-3.18 PASSED
---- spinbox-3.19 start
++++ spinbox-3.19 PASSED
---- spinbox-3.20 start
++++ spinbox-3.20 PASSED
---- spinbox-3.21 start
++++ spinbox-3.21 PASSED
---- spinbox-3.22 start
++++ spinbox-3.22 PASSED
---- spinbox-3.23 start
++++ spinbox-3.23 PASSED
---- spinbox-3.24 start
++++ spinbox-3.24 PASSED
---- spinbox-3.25 start
++++ spinbox-3.25 PASSED
---- spinbox-3.26 start
++++ spinbox-3.26 PASSED
---- spinbox-3.26.1 start
++++ spinbox-3.26.1 PASSED
---- spinbox-3.27 start
++++ spinbox-3.27 PASSED
---- spinbox-3.28 start
++++ spinbox-3.28 PASSED
---- spinbox-3.29 start
++++ spinbox-3.29 PASSED
---- spinbox-3.30 start
++++ spinbox-3.30 PASSED
---- spinbox-3.31 start
++++ spinbox-3.31 PASSED
---- spinbox-3.32 start
++++ spinbox-3.32 PASSED
---- spinbox-3.33 start
++++ spinbox-3.33 PASSED
---- spinbox-3.34 start
++++ spinbox-3.34 PASSED
---- spinbox-3.35 start
++++ spinbox-3.35 PASSED
---- spinbox-3.36 start
++++ spinbox-3.36 PASSED
---- spinbox-3.37 start
++++ spinbox-3.37 PASSED
---- spinbox-3.38 start
++++ spinbox-3.38 PASSED
---- spinbox-3.39 start
++++ spinbox-3.39 PASSED
---- spinbox-3.40 start
++++ spinbox-3.40 PASSED
---- spinbox-3.40.1 start
++++ spinbox-3.40.1 PASSED
---- spinbox-3.41 start
++++ spinbox-3.41 PASSED
---- spinbox-3.42 start
++++ spinbox-3.42 PASSED
---- spinbox-3.43 start
++++ spinbox-3.43 PASSED
---- spinbox-3.44 start
++++ spinbox-3.44 PASSED
---- spinbox-3.45 start
++++ spinbox-3.45 PASSED
++++ spinbox-3.46 SKIPPED: fonts
---- spinbox-3.47 start
++++ spinbox-3.47 PASSED
---- spinbox-3.48 start
++++ spinbox-3.48 PASSED
---- spinbox-3.49 start
++++ spinbox-3.49 PASSED
---- spinbox-3.50 start
++++ spinbox-3.50 PASSED
---- spinbox-3.50.1 start
++++ spinbox-3.50.1 PASSED
---- spinbox-3.51 start
++++ spinbox-3.51 PASSED
---- spinbox-3.52 start
++++ spinbox-3.52 PASSED
---- spinbox-3.53 start
++++ spinbox-3.53 PASSED
---- spinbox-3.54 start
++++ spinbox-3.54 PASSED
---- spinbox-3.55 start
++++ spinbox-3.55 PASSED
---- spinbox-3.56 start
++++ spinbox-3.56 PASSED
---- spinbox-3.57 start
++++ spinbox-3.57 PASSED
---- spinbox-3.58 start
++++ spinbox-3.58 PASSED
---- spinbox-3.59 start
++++ spinbox-3.59 PASSED
---- spinbox-3.60 start
++++ spinbox-3.60 PASSED
---- spinbox-3.61 start
++++ spinbox-3.61 PASSED
---- spinbox-3.62 start
++++ spinbox-3.62 PASSED
---- spinbox-3.63 start
++++ spinbox-3.63 PASSED
---- spinbox-3.64 start
++++ spinbox-3.64 PASSED
---- spinbox-3.64.1 start
++++ spinbox-3.64.1 PASSED
---- spinbox-3.64.2 start
++++ spinbox-3.64.2 PASSED
---- spinbox-3.65 start
++++ spinbox-3.65 PASSED
---- spinbox-3.66 start
++++ spinbox-3.66 PASSED
---- spinbox-3.67 start
++++ spinbox-3.67 PASSED
---- spinbox-3.68 start
++++ spinbox-3.68 PASSED
---- spinbox-3.69 start
++++ spinbox-3.69 PASSED
---- spinbox-3.70 start
++++ spinbox-3.70 PASSED
---- spinbox-3.71 start
++++ spinbox-3.71 PASSED
---- spinbox-3.72 start
++++ spinbox-3.72 PASSED
---- spinbox-3.73 start
++++ spinbox-3.73 PASSED
---- spinbox-3.74 start
++++ spinbox-3.74 PASSED
---- spinbox-3.75 start
++++ spinbox-3.75 PASSED
---- spinbox-3.76 start
++++ spinbox-3.76 PASSED
---- spinbox-3.77 start
++++ spinbox-3.77 PASSED
---- spinbox-3.78 start
++++ spinbox-3.78 PASSED
---- spinbox-3.79 start
++++ spinbox-3.79 PASSED
---- spinbox-3.80 start
++++ spinbox-3.80 PASSED
---- spinbox-3.81 start
++++ spinbox-3.81 PASSED
---- spinbox-3.82 start
++++ spinbox-3.82 PASSED
---- spinbox-5.1 start
++++ spinbox-5.1 PASSED
---- spinbox-5.2 start
++++ spinbox-5.2 PASSED
---- spinbox-5.3 start
++++ spinbox-5.3 PASSED
---- spinbox-5.4 start
++++ spinbox-5.4 PASSED
---- spinbox-5.5 start
++++ spinbox-5.5 PASSED
---- spinbox-5.6 start
++++ spinbox-5.6 PASSED
---- spinbox-5.6.1 start
++++ spinbox-5.6.1 PASSED
---- spinbox-5.7 start
++++ spinbox-5.7 PASSED
++++ spinbox-5.8 SKIPPED: fonts
++++ spinbox-5.9 SKIPPED: fonts
++++ spinbox-5.10 SKIPPED: fonts
---- spinbox-5.11 start
++++ spinbox-5.11 PASSED
---- spinbox-5.12 start
++++ spinbox-5.12 PASSED
++++ spinbox-6.1 SKIPPED: fonts
++++ spinbox-6.2 SKIPPED: fonts
++++ spinbox-6.3 SKIPPED: fonts
---- spinbox-6.4 start
++++ spinbox-6.4 PASSED
---- spinbox-6.5 start
++++ spinbox-6.5 PASSED
++++ spinbox-6.6 SKIPPED: fonts
++++ spinbox-6.7 SKIPPED: fonts
++++ spinbox-6.8 SKIPPED: fonts
++++ spinbox-6.9 SKIPPED: fonts
---- spinbox-7.1 start
++++ spinbox-7.1 PASSED
---- spinbox-7.2 start
++++ spinbox-7.2 PASSED
---- spinbox-7.3 start
++++ spinbox-7.3 PASSED
---- spinbox-7.4 start
++++ spinbox-7.4 PASSED
---- spinbox-7.5 start
++++ spinbox-7.5 PASSED
---- spinbox-7.6 start
++++ spinbox-7.6 PASSED
---- spinbox-7.7 start
++++ spinbox-7.7 PASSED
---- spinbox-7.8 start
++++ spinbox-7.8 PASSED
---- spinbox-7.9 start
++++ spinbox-7.9 PASSED
---- spinbox-7.10 start
++++ spinbox-7.10 PASSED
++++ spinbox-7.11 SKIPPED: fonts
---- spinbox-8.1 start
++++ spinbox-8.1 PASSED
---- spinbox-8.2 start
++++ spinbox-8.2 PASSED
---- spinbox-8.3 start
++++ spinbox-8.3 PASSED
---- spinbox-8.4 start
++++ spinbox-8.4 PASSED
---- spinbox-8.5 start
++++ spinbox-8.5 PASSED
---- spinbox-8.6 start
++++ spinbox-8.6 PASSED
---- spinbox-8.7 start
++++ spinbox-8.7 PASSED
---- spinbox-8.8 start
++++ spinbox-8.8 PASSED
---- spinbox-8.9 start
++++ spinbox-8.9 PASSED
---- spinbox-8.10 start
++++ spinbox-8.10 PASSED
---- spinbox-8.11 start
++++ spinbox-8.11 PASSED
---- spinbox-8.12 start
++++ spinbox-8.12 PASSED
---- spinbox-8.13 start
++++ spinbox-8.13 PASSED
---- spinbox-8.14 start
++++ spinbox-8.14 PASSED
---- spinbox-8.15 start
++++ spinbox-8.15 PASSED
---- spinbox-8.16 start
++++ spinbox-8.16 PASSED
---- spinbox-8.17 start
++++ spinbox-8.17 PASSED
---- spinbox-8.18 start
++++ spinbox-8.18 PASSED
---- spinbox-9.1 start
++++ spinbox-9.1 PASSED
++++ spinbox-10.1 SKIPPED: fonts
---- spinbox-10.2 start
++++ spinbox-10.2 PASSED
---- spinbox-10.3 start
++++ spinbox-10.3 PASSED
---- spinbox-10.4 start
++++ spinbox-10.4 PASSED
---- spinbox-10.5 start
++++ spinbox-10.5 PASSED
---- spinbox-10.6 start
++++ spinbox-10.6 PASSED
---- spinbox-10.7 start
++++ spinbox-10.7 PASSED
---- spinbox-10.8 start
++++ spinbox-10.8 PASSED
---- spinbox-11.1 start
++++ spinbox-11.1 PASSED
---- spinbox-11.2 start
++++ spinbox-11.2 PASSED
---- spinbox-12.1 start
++++ spinbox-12.1 PASSED
---- spinbox-13.1 start
++++ spinbox-13.1 PASSED
---- spinbox-13.2 start
++++ spinbox-13.2 PASSED
---- spinbox-13.3 start
++++ spinbox-13.3 PASSED
---- spinbox-13.4 start
++++ spinbox-13.4 PASSED
---- spinbox-13.5 start
++++ spinbox-13.5 PASSED
---- spinbox-13.6 start
++++ spinbox-13.6 PASSED
---- spinbox-13.7 start
++++ spinbox-13.7 PASSED
---- spinbox-13.8 start
++++ spinbox-13.8 PASSED
---- spinbox-13.9 start
++++ spinbox-13.9 PASSED
++++ spinbox-13.10 SKIPPED: x11
---- spinbox-13.11 start
++++ spinbox-13.11 PASSED
++++ spinbox-13.12 SKIPPED: x11
---- spinbox-13.12.1 start
++++ spinbox-13.12.1 PASSED
++++ spinbox-13.13 SKIPPED: win
++++ spinbox-13.14 SKIPPED: win
++++ spinbox-13.14.1 SKIPPED: win
---- spinbox-13.15 start
++++ spinbox-13.15 PASSED
++++ spinbox-13.16 SKIPPED: fonts
++++ spinbox-13.17 SKIPPED: fonts
++++ spinbox-13.18 SKIPPED: fonts
++++ spinbox-13.19 SKIPPED: fonts
++++ spinbox-13.20 SKIPPED: fonts
---- spinbox-13.21 start
++++ spinbox-13.21 PASSED
---- spinbox-13.22 start
++++ spinbox-13.22 PASSED
---- spinbox-13.23 start
++++ spinbox-13.23 PASSED
---- spinbox-13.24 start
++++ spinbox-13.24 PASSED
---- spinbox-13.25 start
++++ spinbox-13.25 PASSED
---- spinbox-14.1 start
++++ spinbox-14.1 PASSED
---- spinbox-14.3 start
++++ spinbox-14.3 PASSED
---- spinbox-15.1 start
++++ spinbox-15.1 PASSED
++++ spinbox-16.1 SKIPPED: fonts
---- spinbox-16.2 start
++++ spinbox-16.2 PASSED
---- spinbox-17.1 start
++++ spinbox-17.1 PASSED
---- spinbox-17.2 start
++++ spinbox-17.2 PASSED
---- spinbox-17.3 start
++++ spinbox-17.3 PASSED
---- spinbox-17.4 start
++++ spinbox-17.4 PASSED
---- spinbox-18.1 start
++++ spinbox-18.1 PASSED
---- spinbox-19.1 start
++++ spinbox-19.1 PASSED
---- spinbox-19.2 start
++++ spinbox-19.2 PASSED
---- spinbox-19.3 start
++++ spinbox-19.3 PASSED
---- spinbox-19.4 start
++++ spinbox-19.4 PASSED
---- spinbox-19.5 start
++++ spinbox-19.5 PASSED
---- spinbox-19.6 start
++++ spinbox-19.6 PASSED
---- spinbox-19.7 start
++++ spinbox-19.7 PASSED
---- spinbox-19.8 start
++++ spinbox-19.8 PASSED
---- spinbox-19.9 start
++++ spinbox-19.9 PASSED
---- spinbox-19.10 start
++++ spinbox-19.10 PASSED
---- spinbox-19.11 start
++++ spinbox-19.11 PASSED
---- spinbox-19.12 start
++++ spinbox-19.12 PASSED
---- spinbox-19.13 start
++++ spinbox-19.13 PASSED
---- spinbox-19.14 start
++++ spinbox-19.14 PASSED
---- spinbox-19.15 start
++++ spinbox-19.15 PASSED
---- spinbox-19.16 start
++++ spinbox-19.16 PASSED
---- spinbox-19.17 start
++++ spinbox-19.17 PASSED
---- spinbox-19.18 start
++++ spinbox-19.18 PASSED
---- spinbox-19.19 start
++++ spinbox-19.19 PASSED
---- spinbox-19.20 start
++++ spinbox-19.20 PASSED
---- spinbox-19.21 start
++++ spinbox-19.21 PASSED
---- spinbox-20.1 start
++++ spinbox-20.1 PASSED
---- spinbox-20.2 start
++++ spinbox-20.2 PASSED
---- spinbox-20.3 start
++++ spinbox-20.3 PASSED
---- spinbox-20.4 start
++++ spinbox-20.4 PASSED
---- spinbox-20.5 start
++++ spinbox-20.5 PASSED
---- spinbox-20.6 start
++++ spinbox-20.6 PASSED
---- spinbox-20.7 start
++++ spinbox-20.7 PASSED
---- spinbox-20.8 start
++++ spinbox-20.8 PASSED
---- spinbox-20.9 start
++++ spinbox-20.9 PASSED
---- spinbox-20.10 start
++++ spinbox-20.10 PASSED
---- spinbox-20.11 start
++++ spinbox-20.11 PASSED
---- spinbox-20.12 start
++++ spinbox-20.12 PASSED
---- spinbox-21.1 start
++++ spinbox-21.1 PASSED
---- spinbox-22.1 start
++++ spinbox-22.1 PASSED
---- spinbox-22.2 start
++++ spinbox-22.2 PASSED
---- spinbox-22.3 start
++++ spinbox-22.3 PASSED
---- spinbox-23.1 start
++++ spinbox-23.1 PASSED
---- spinbox-24.1 start
++++ spinbox-24.1 PASSED
---- spinbox-25.1 start
++++ spinbox-25.1 PASSED
---- spinbox-25.3 start
++++ spinbox-25.3 PASSED
systray.test
---- systray-1 start
++++ systray-1 PASSED
---- systray-2 start
++++ systray-2 PASSED
---- systray-3 start
++++ systray-3 PASSED
---- systray-4 start
++++ systray-4 PASSED
---- systray-5 start
++++ systray-5 PASSED
---- systray-6 start
++++ systray-6 PASSED
---- systray-7 start
++++ systray-7 PASSED
---- systray-8 start
++++ systray-8 PASSED
---- systray-9 start
++++ systray-9 PASSED
---- systray-10 start
++++ systray-10 PASSED
---- systray-11 start
++++ systray-11 PASSED
---- systray-12 start
++++ systray-12 PASSED
---- systray-13 start
++++ systray-13 PASSED
---- systray-14 start
++++ systray-14 PASSED
---- systray-15 start
++++ systray-15 PASSED
---- systray-16 start
++++ systray-16 PASSED
---- systray-17 start
++++ systray-17 PASSED
---- systray-18 start
++++ systray-18 PASSED
---- sysnotify-1 start
++++ sysnotify-1 PASSED
++++ sysnotify-2.1 SKIPPED: win
---- sysnotify-2.2 start
++++ sysnotify-2.2 PASSED
text.test
---- text-1.1 start
++++ text-1.1 PASSED
---- text-1.1b start
++++ text-1.1b PASSED
---- text-1.2 start
++++ text-1.2 PASSED
---- text-1.3 start
++++ text-1.3 PASSED
---- text-1.4 start
++++ text-1.4 PASSED
---- text-1.5 start
++++ text-1.5 PASSED
---- text-1.6 start
++++ text-1.6 PASSED
---- text-1.7 start
++++ text-1.7 PASSED
---- text-1.8 start
++++ text-1.8 PASSED
---- text-1.9 start
++++ text-1.9 PASSED
---- text-1.10 start
++++ text-1.10 PASSED
---- text-1.11 start
++++ text-1.11 PASSED
---- text-1.12 start
++++ text-1.12 PASSED
---- text-1.13 start
++++ text-1.13 PASSED
---- text-1.14 start
++++ text-1.14 PASSED
---- text-1.15 start
++++ text-1.15 PASSED
---- text-1.16 start
++++ text-1.16 PASSED
---- text-1.17 start
++++ text-1.17 PASSED
---- text-1.18 start
++++ text-1.18 PASSED
---- text-1.19 start
++++ text-1.19 PASSED
---- text-1.20 start
++++ text-1.20 PASSED
---- text-1.21 start
++++ text-1.21 PASSED
---- text-1.22 start
++++ text-1.22 PASSED
---- text-1.23 start
++++ text-1.23 PASSED
---- text-1.24 start
++++ text-1.24 PASSED
---- text-1.25 start
++++ text-1.25 PASSED
---- text-1.26 start
++++ text-1.26 PASSED
---- text-1.27 start
++++ text-1.27 PASSED
---- text-1.28 start
++++ text-1.28 PASSED
---- text-1.29 start
++++ text-1.29 PASSED
---- text-1.30 start
++++ text-1.30 PASSED
---- text-1.31 start
++++ text-1.31 PASSED
---- text-1.32 start
++++ text-1.32 PASSED
---- text-1.33 start
++++ text-1.33 PASSED
---- text-1.34 start
++++ text-1.34 PASSED
---- text-1.35 start
++++ text-1.35 PASSED
---- text-1.36 start
++++ text-1.36 PASSED
---- text-1.37 start
++++ text-1.37 PASSED
---- text-1.38 start
++++ text-1.38 PASSED
---- text-1.39 start
++++ text-1.39 PASSED
---- text-1.40 start
++++ text-1.40 PASSED
---- text-1.41 start
++++ text-1.41 PASSED
---- text-1.42 start
++++ text-1.42 PASSED
---- text-1.43 start
++++ text-1.43 PASSED
---- text-1.43b start
++++ text-1.43b PASSED
---- text-1.44 start
++++ text-1.44 PASSED
---- text-1.45 start
++++ text-1.45 PASSED
---- text-1.46 start
++++ text-1.46 PASSED
---- text-1.47 start
++++ text-1.47 PASSED
---- text-1.48 start
++++ text-1.48 PASSED
---- text-1.49 start
++++ text-1.49 PASSED
---- text-1.50 start
++++ text-1.50 PASSED
---- text-1.51 start
++++ text-1.51 PASSED
---- text-1.52 start
++++ text-1.52 PASSED
---- text-1.53 start
++++ text-1.53 PASSED
---- text-1.54 start
++++ text-1.54 PASSED
---- text-1.55 start
++++ text-1.55 PASSED
---- text-1.56 start
++++ text-1.56 PASSED
---- text-1.57 start
++++ text-1.57 PASSED
---- text-1.58 start
++++ text-1.58 PASSED
---- text-1.59 start
++++ text-1.59 PASSED
---- text-1.60 start
++++ text-1.60 PASSED
---- text-1.61 start
++++ text-1.61 PASSED
---- text-1.62 start
++++ text-1.62 PASSED
---- text-1.63 start
++++ text-1.63 PASSED
---- text-1.64 start
++++ text-1.64 PASSED
---- text-1.65 start
++++ text-1.65 PASSED
---- text-1.66 start
++++ text-1.66 PASSED
---- text-1.67 start
++++ text-1.67 PASSED
---- text-1.68 start
++++ text-1.68 PASSED
---- text-1.69 start
++++ text-1.69 PASSED
---- text-1.70 start
++++ text-1.70 PASSED
---- text-1.71 start
++++ text-1.71 PASSED
---- text-1.72 start
++++ text-1.72 PASSED
---- text-1.73 start
++++ text-1.73 PASSED
---- text-1.74 start
++++ text-1.74 PASSED
---- text-1.75 start
++++ text-1.75 PASSED
---- text-1.75b start
++++ text-1.75b PASSED
---- text-1.76 start
++++ text-1.76 PASSED
---- text-1.77 start
++++ text-1.77 PASSED
---- text-1.78 start
++++ text-1.78 PASSED
---- text-1.79 start
++++ text-1.79 PASSED
---- text-1.80 start
++++ text-1.80 PASSED
---- text-1.81 start
++++ text-1.81 PASSED
---- text-1.82 start
++++ text-1.82 PASSED
---- text-1.83 start
++++ text-1.83 PASSED
---- text-1.83.1 start
++++ text-1.83.1 PASSED
---- text-1.84 start
++++ text-1.84 PASSED
---- text-1.85 start
++++ text-1.85 PASSED
---- text-1.86 start
++++ text-1.86 PASSED
---- text-2.1 start
++++ text-2.1 PASSED
---- text-2.2 start
++++ text-2.2 PASSED
---- text-2.3 start
++++ text-2.3 PASSED
---- text-2.4 start
++++ text-2.4 PASSED
---- text-2.5 start
++++ text-2.5 PASSED
---- text-2.6 start
++++ text-2.6 PASSED
++++ text-2.7 SKIPPED: win
---- text-2.8 start
++++ text-2.8 PASSED
++++ text-2.9 SKIPPED: notAqua
---- text-2.10 start
++++ text-2.10 PASSED
---- text-3.1 start
++++ text-3.1 PASSED
---- text-3.2 start
++++ text-3.2 PASSED
---- text-4.1 start
++++ text-4.1 PASSED
---- text-4.2 start
++++ text-4.2 PASSED
---- text-4.3 start
++++ text-4.3 PASSED
---- text-5.1 start
++++ text-5.1 PASSED
---- text-5.2 start
++++ text-5.2 PASSED
---- text-5.3 start
++++ text-5.3 PASSED
---- text-5.4 start
++++ text-5.4 PASSED
---- text-6.1 start
++++ text-6.1 PASSED
---- text-6.2 start
++++ text-6.2 PASSED
---- text-6.3 start
++++ text-6.3 PASSED
---- text-6.4 start
++++ text-6.4 PASSED
---- text-6.5 start
++++ text-6.5 PASSED
---- text-6.6 start
++++ text-6.6 PASSED
---- text-6.7 start
++++ text-6.7 PASSED
---- text-6.8 start
++++ text-6.8 PASSED
---- text-6.9 start
++++ text-6.9 PASSED
---- text-6.10 start
++++ text-6.10 PASSED
---- text-6.11 start
++++ text-6.11 PASSED
---- text-6.12 start
++++ text-6.12 PASSED
---- text-6.13 start
++++ text-6.13 PASSED
---- text-6.14 start
++++ text-6.14 PASSED
---- text-7.1 start
++++ text-7.1 PASSED
---- text-7.2 start
++++ text-7.2 PASSED
---- text-7.3 start
++++ text-7.3 PASSED
---- text-7.4 start
++++ text-7.4 PASSED
---- text-8.1 start
++++ text-8.1 PASSED
---- text-8.2 start
++++ text-8.2 PASSED
---- text-8.3 start
++++ text-8.3 PASSED
---- text-8.4 start
++++ text-8.4 PASSED
---- text-8.5 start
++++ text-8.5 PASSED
---- text-8.6 start
++++ text-8.6 PASSED
---- text-8.7 start
++++ text-8.7 PASSED
---- text-8.8 start
++++ text-8.8 PASSED
---- text-8.9 start
++++ text-8.9 PASSED
---- text-8.10 start
++++ text-8.10 PASSED
---- text-8.11 start
++++ text-8.11 PASSED
---- text-8.12 start
++++ text-8.12 PASSED
---- text-8.13 start
++++ text-8.13 PASSED
---- text-8.14 start
++++ text-8.14 PASSED
---- text-8.15 start
++++ text-8.15 PASSED
---- text-8.16 start
++++ text-8.16 PASSED
---- text-8.17 start
++++ text-8.17 PASSED
---- text-8.18 start
++++ text-8.18 PASSED
---- text-8.19 start
++++ text-8.19 PASSED
---- text-8.20 start
++++ text-8.20 PASSED
---- text-8.21 start
++++ text-8.21 PASSED
---- text-8.22 start
++++ text-8.22 PASSED
---- text-8.23 start
++++ text-8.23 PASSED
---- text-8.24 start
++++ text-8.24 PASSED
---- text-8.25 start
++++ text-8.25 PASSED
---- text-8.26 start
++++ text-8.26 PASSED
---- text-8.27 start
++++ text-8.27 PASSED
---- text-8.28 start
++++ text-8.28 PASSED
---- text-9.1 start
++++ text-9.1 PASSED
---- text-9.2 start
++++ text-9.2 PASSED
---- text-9.3 start
++++ text-9.3 PASSED
---- text-9.4 start
++++ text-9.4 PASSED
---- text-9.5 start
++++ text-9.5 PASSED
---- text-9.6 start
++++ text-9.6 PASSED
---- text-9.7 start
++++ text-9.7 PASSED
---- text-9.8 start
++++ text-9.8 PASSED
---- text-9.9 start
++++ text-9.9 PASSED
---- text-9.10 start
++++ text-9.10 PASSED
---- text-9.11 start
++++ text-9.11 PASSED
---- text-9.12 start
++++ text-9.12 PASSED
---- text-9.13 start
++++ text-9.13 PASSED
---- text-9.14 start
++++ text-9.14 PASSED
---- text-9.15 start
++++ text-9.15 PASSED
---- text-9.16 start
++++ text-9.16 PASSED
---- text-9.17 start
++++ text-9.17 PASSED
---- text-9.18 start
++++ text-9.18 PASSED
---- text-9.19 start
++++ text-9.19 PASSED
---- text-9.20 start
++++ text-9.20 PASSED
---- text-9.21 start
++++ text-9.21 PASSED
---- text-9.22 start
++++ text-9.22 PASSED
---- text-9.23 start
++++ text-9.23 PASSED
---- text-9.24 start
++++ text-9.24 PASSED
---- text-9.25 start
++++ text-9.25 PASSED
---- text-9.26 start
++++ text-9.26 PASSED
---- text-9.27 start
++++ text-9.27 PASSED
---- text-9.28 start
++++ text-9.28 PASSED
---- text-9.29 start
++++ text-9.29 PASSED
---- text-9.30 start
++++ text-9.30 PASSED
---- text-9.31 start
++++ text-9.31 PASSED
---- text-10.1 start
++++ text-10.1 PASSED
---- text-10.2 start
++++ text-10.2 PASSED
---- text-10.3 start
++++ text-10.3 PASSED
---- text-10.4 start
++++ text-10.4 PASSED
---- text-10.5 start
++++ text-10.5 PASSED
---- text-10.6 start
++++ text-10.6 PASSED
---- text-10.7 start
++++ text-10.7 PASSED
---- text-10.8 start
++++ text-10.8 PASSED
---- text-10.9 start
++++ text-10.9 PASSED
---- text-10.10 start
++++ text-10.10 PASSED
---- text-10.11 start
++++ text-10.11 PASSED
---- text-10.12 start
++++ text-10.12 PASSED
---- text-10.13 start
++++ text-10.13 PASSED
---- text-10.14 start
++++ text-10.14 PASSED
---- text-10.15 start
++++ text-10.15 PASSED
---- text-10.16 start
++++ text-10.16 PASSED
---- text-10.17 start
++++ text-10.17 PASSED
---- text-10.18 start
++++ text-10.18 PASSED
---- text-10.19 start
++++ text-10.19 PASSED
---- text-10.20 start
++++ text-10.20 PASSED
---- text-10.21 start
++++ text-10.21 PASSED
---- text-10.22 start
++++ text-10.22 PASSED
---- text-10.23 start
++++ text-10.23 PASSED
---- text-10.24 start
++++ text-10.24 PASSED
---- text-10.25 start
++++ text-10.25 PASSED
---- text-10.26 start
++++ text-10.26 PASSED
---- text-10.27 start
++++ text-10.27 PASSED
---- text-10.28 start
++++ text-10.28 PASSED
---- text-10.29 start
++++ text-10.29 PASSED
---- text-10.30 start
++++ text-10.30 PASSED
---- text-10.31 start
++++ text-10.31 PASSED
---- text-10.32 start
++++ text-10.32 PASSED
---- text-10.33 start
++++ text-10.33 PASSED
---- text-10.34 start
++++ text-10.34 PASSED
---- text-10.35 start
++++ text-10.35 PASSED
---- text-10.36 start
++++ text-10.36 PASSED
---- text-10.37 start
++++ text-10.37 PASSED
---- text-10.38 start
++++ text-10.38 PASSED
---- text-10.39 start
++++ text-10.39 PASSED
---- text-10.40 start
++++ text-10.40 PASSED
---- text-10.41 start
++++ text-10.41 PASSED
---- text-10.42 start
++++ text-10.42 PASSED
---- text-11.1 start
++++ text-11.1 PASSED
---- text-11.2 start
++++ text-11.2 PASSED
---- text-11.3 start
++++ text-11.3 PASSED
---- text-11.4 start
++++ text-11.4 PASSED
---- text-11.5 start
++++ text-11.5 PASSED
---- text-11.6 start
++++ text-11.6 PASSED
---- text-11.7 start
++++ text-11.7 PASSED
---- text-11.8 start
++++ text-11.8 PASSED
---- text-11.9 start
++++ text-11.9 PASSED
---- text-11a.1 start
++++ text-11a.1 PASSED
---- text-11a.2 start
++++ text-11a.2 PASSED
---- text-11a.11 start
++++ text-11a.11 PASSED
---- text-11a.12 start
++++ text-11a.12 PASSED
---- text-11a.21 start
++++ text-11a.21 PASSED
---- text-11a.22 start
++++ text-11a.22 PASSED
---- text-11a.31 start
++++ text-11a.31 PASSED
---- text-11a.41 start
++++ text-11a.41 PASSED
---- text-11a.51 start
++++ text-11a.51 PASSED
---- text-12.1 start
++++ text-12.1 PASSED
---- text-12.2 start
++++ text-12.2 PASSED
---- text-12.3 start
++++ text-12.3 PASSED
---- text-12.4 start
++++ text-12.4 PASSED
---- text-12.5 start
++++ text-12.5 PASSED
---- text-13.1 start
++++ text-13.1 PASSED
---- text-13.2 start
++++ text-13.2 PASSED
---- text-13.3 start
++++ text-13.3 PASSED
---- text-13.4 start
++++ text-13.4 PASSED
---- text-13.5 start
++++ text-13.5 PASSED
---- text-13.6 start
++++ text-13.6 PASSED
---- text-13.7 start
++++ text-13.7 PASSED
---- text-13.8 start
++++ text-13.8 PASSED
---- text-13.9 start
++++ text-13.9 PASSED
---- text-13.10 start
++++ text-13.10 PASSED
---- text-14.1 start
++++ text-14.1 PASSED
---- text-14.2 start
++++ text-14.2 PASSED
---- text-14.3 start
++++ text-14.3 PASSED
---- text-14.4 start
++++ text-14.4 PASSED
---- text-14.5 start
++++ text-14.5 PASSED
---- text-14.6 start
++++ text-14.6 PASSED
---- text-14.7 start
++++ text-14.7 PASSED
---- text-14.8 start
++++ text-14.8 PASSED
---- text-14.9 start
++++ text-14.9 PASSED
---- text-14.10 start
++++ text-14.10 PASSED
---- text-14.11 start
++++ text-14.11 PASSED
---- text-14.12 start
++++ text-14.12 PASSED
---- text-14.13 start
++++ text-14.13 PASSED
---- text-14.14 start
++++ text-14.14 PASSED
---- text-14.15 start
++++ text-14.15 PASSED
---- text-14.16 start
++++ text-14.16 PASSED
---- text-14.17 start
++++ text-14.17 PASSED
++++ text-14.18 SKIPPED: fonts
---- text-14.19 start
++++ text-14.19 PASSED
---- text-14.20 start
++++ text-14.20 PASSED
++++ text-15.1 SKIPPED: fonts
---- text-16.1 start
++++ text-16.1 PASSED
---- text-17.1 start
++++ text-17.1 PASSED
++++ text-17.2 SKIPPED: fonts
---- text-18.1 start
++++ text-18.1 PASSED
---- text-18.2 start
++++ text-18.2 PASSED
---- text-18.3 start
++++ text-18.3 PASSED
---- text-18.4 start
++++ text-18.4 PASSED
---- text-18.5 start
++++ text-18.5 PASSED
---- text-18.6 start
++++ text-18.6 PASSED
---- text-18.7 start
++++ text-18.7 PASSED
---- text-19.1 start
++++ text-19.1 PASSED
---- text-19.2 start
++++ text-19.2 PASSED
---- text-19.3 start
++++ text-19.3 PASSED
---- text-19.4 start
++++ text-19.4 PASSED
---- text-19.5 start
++++ text-19.5 PASSED
---- text-19.6 start
++++ text-19.6 PASSED
---- text-19.7 start
++++ text-19.7 PASSED
---- text-19.8 start
++++ text-19.8 PASSED
---- text-19.9 start
++++ text-19.9 PASSED
---- text-19.10 start
++++ text-19.10 PASSED
---- text-19.11 start
++++ text-19.11 PASSED
---- text-19.12 start
++++ text-19.12 PASSED
---- text-19.13 start
++++ text-19.13 PASSED
---- text-19.14 start
++++ text-19.14 PASSED
---- text-19.15 start
++++ text-19.15 PASSED
---- text-19.16 start
++++ text-19.16 PASSED
---- text-20.1 start
++++ text-20.1 PASSED
---- text-20.2 start
++++ text-20.2 PASSED
---- text-20.3 start
++++ text-20.3 PASSED
---- text-20.4 start
++++ text-20.4 PASSED
---- text-20.5 start
++++ text-20.5 PASSED
++++ text-21.1 SKIPPED: x11
---- text-21.2 start
++++ text-21.2 PASSED
---- text-21.3 start
++++ text-21.3 PASSED
---- text-21.4 start
++++ text-21.4 PASSED
---- text-22.1 start
++++ text-22.1 PASSED
---- text-22.2 start
++++ text-22.2 PASSED
---- text-22.3 start
++++ text-22.3 PASSED
---- text-22.4 start
++++ text-22.4 PASSED
---- text-22.5 start
++++ text-22.5 PASSED
---- text-22.6 start
++++ text-22.6 PASSED
---- text-22.7 start
++++ text-22.7 PASSED
---- text-22.8 start
++++ text-22.8 PASSED
---- text-22.9 start
++++ text-22.9 PASSED
---- text-22.10 start
++++ text-22.10 PASSED
---- text-22.11 start
++++ text-22.11 PASSED
---- text-22.12 start
++++ text-22.12 PASSED
---- text-22.13 start
++++ text-22.13 PASSED
---- text-22.14 start
++++ text-22.14 PASSED
---- text-22.15 start
++++ text-22.15 PASSED
---- text-22.16 start
++++ text-22.16 PASSED
---- text-22.17 start
++++ text-22.17 PASSED
---- text-22.18 start
++++ text-22.18 PASSED
---- text-22.19 start
++++ text-22.19 PASSED
---- text-22.20 start
++++ text-22.20 PASSED
---- text-22.21 start
++++ text-22.21 PASSED
---- text-22.22 start
++++ text-22.22 PASSED
---- text-22.23 start
++++ text-22.23 PASSED
---- text-22.24 start
++++ text-22.24 PASSED
---- text-22.25 start
++++ text-22.25 PASSED
---- text-22.26 start
++++ text-22.26 PASSED
---- text-22.27 start
++++ text-22.27 PASSED
---- text-22.28 start
++++ text-22.28 PASSED
---- text-22.29 start
++++ text-22.29 PASSED
---- text-22.30 start
++++ text-22.30 PASSED
---- text-22.31 start
++++ text-22.31 PASSED
---- text-22.32 start
++++ text-22.32 PASSED
---- text-22.33 start
++++ text-22.33 PASSED
---- text-22.34 start
++++ text-22.34 PASSED
---- text-22.35 start
++++ text-22.35 PASSED
---- text-22.36 start
++++ text-22.36 PASSED
---- text-22.37 start
++++ text-22.37 PASSED
---- text-22.38 start
++++ text-22.38 PASSED
---- text-22.39 start
++++ text-22.39 PASSED
---- text-22.40 start
++++ text-22.40 PASSED
---- text-22.41 start
++++ text-22.41 PASSED
---- text-22.42 start
++++ text-22.42 PASSED
---- text-22.43 start
++++ text-22.43 PASSED
---- text-22.44 start
++++ text-22.44 PASSED
---- text-22.45 start
++++ text-22.45 PASSED
---- text-22.46 start
++++ text-22.46 PASSED
---- text-22.47 start
++++ text-22.47 PASSED
---- text-22.48 start
++++ text-22.48 PASSED
---- text-22.49 start
++++ text-22.49 PASSED
---- text-22.50 start
++++ text-22.50 PASSED
---- text-22.51 start
++++ text-22.51 PASSED
---- text-22.52 start
++++ text-22.52 PASSED
---- text-22.53 start
++++ text-22.53 PASSED
---- text-22.54 start
++++ text-22.54 PASSED
---- text-22.55 start
++++ text-22.55 PASSED
---- text-22.56 start
++++ text-22.56 PASSED
---- text-22.57 start
++++ text-22.57 PASSED
---- text-22.58 start
++++ text-22.58 PASSED
---- text-22.59 start
++++ text-22.59 PASSED
---- text-22.60 start
++++ text-22.60 PASSED
---- text-22.61 start
++++ text-22.61 PASSED
---- text-22.62 start
++++ text-22.62 PASSED
---- text-22.63 start
++++ text-22.63 PASSED
---- text-22.64 start
++++ text-22.64 PASSED
---- text-22.65 start
++++ text-22.65 PASSED
---- text-22.66 start
++++ text-22.66 PASSED
---- text-22.67 start
++++ text-22.67 PASSED
---- text-22.68 start
++++ text-22.68 PASSED
---- text-22.69 start
++++ text-22.69 PASSED
---- text-22.70 start
++++ text-22.70 PASSED
---- text-22.71 start
++++ text-22.71 PASSED
---- text-22.72 start
++++ text-22.72 PASSED
---- text-22.73 start
++++ text-22.73 PASSED
---- text-22.74 start
++++ text-22.74 PASSED
---- text-22.75 start
++++ text-22.75 PASSED
---- text-22.76 start
++++ text-22.76 PASSED
---- text-22.77 start
++++ text-22.77 PASSED
---- text-22.78 start
++++ text-22.78 PASSED
---- text-22.79 start
++++ text-22.79 PASSED
---- text-22.80 start
++++ text-22.80 PASSED
---- text-22.81 start
++++ text-22.81 PASSED
---- text-22.82 start
++++ text-22.82 PASSED
---- text-22.83 start
++++ text-22.83 PASSED
---- text-22.84 start
++++ text-22.84 PASSED
---- text-22.85 start
++++ text-22.85 PASSED
---- text-22.86 start
++++ text-22.86 PASSED
---- text-22.87 start
++++ text-22.87 PASSED
---- text-22.88 start
++++ text-22.88 PASSED
---- text-22.89 start
++++ text-22.89 PASSED
---- text-22.90 start
++++ text-22.90 PASSED
---- text-22.91 start
++++ text-22.91 PASSED
---- text-22.92 start
++++ text-22.92 PASSED
---- text-22.93 start
++++ text-22.93 PASSED
---- text-22.94 start
++++ text-22.94 PASSED
---- text-22.95 start
++++ text-22.95 PASSED
---- text-22.96 start
++++ text-22.96 PASSED
---- text-22.97 start
++++ text-22.97 PASSED
---- text-22.98 start
++++ text-22.98 PASSED
---- text-22.99 start
++++ text-22.99 PASSED
---- text-22.100 start
++++ text-22.100 PASSED
---- text-22.101 start
++++ text-22.101 PASSED
---- text-22.102 start
++++ text-22.102 PASSED
---- text-22.103 start
++++ text-22.103 PASSED
---- text-22.104 start
++++ text-22.104 PASSED
---- text-22.105 start
++++ text-22.105 PASSED
---- text-22.106 start
++++ text-22.106 PASSED
---- text-22.107 start
++++ text-22.107 PASSED
---- text-22.108 start
++++ text-22.108 PASSED
---- text-22.109 start
++++ text-22.109 PASSED
---- text-22.110 start
++++ text-22.110 PASSED
---- text-22.111 start
++++ text-22.111 PASSED
---- text-22.112 start
++++ text-22.112 PASSED
---- text-22.113 start
++++ text-22.113 PASSED
---- text-22.114 start
++++ text-22.114 PASSED
---- text-22.115 start
++++ text-22.115 PASSED
---- text-22.116 start
++++ text-22.116 PASSED
---- text-22.117 start
++++ text-22.117 PASSED
---- text-22.118 start
++++ text-22.118 PASSED
---- text-22.119 start
++++ text-22.119 PASSED
---- text-22.120 start
++++ text-22.120 PASSED
---- text-22.121 start
++++ text-22.121 PASSED
---- text-22.122 start
++++ text-22.122 PASSED
---- text-22.123 start
++++ text-22.123 PASSED
---- text-22.124 start
++++ text-22.124 PASSED
---- text-22.125 start
++++ text-22.125 PASSED
---- text-22.126 start
++++ text-22.126 PASSED
---- text-22.127 start
++++ text-22.127 PASSED
---- text-22.128 start
++++ text-22.128 PASSED
---- text-22.129 start
++++ text-22.129 PASSED
---- text-22.130 start
++++ text-22.130 PASSED
---- text-22.131 start
++++ text-22.131 PASSED
---- text-22.132 start
++++ text-22.132 PASSED
---- text-22.133 start
++++ text-22.133 PASSED
---- text-22.134 start
++++ text-22.134 PASSED
---- text-22.135 start
++++ text-22.135 PASSED
---- text-22.136 start
++++ text-22.136 PASSED
---- text-22.137 start
++++ text-22.137 PASSED
---- text-22.138 start
++++ text-22.138 PASSED
---- text-22.139 start
++++ text-22.139 PASSED
---- text-22.140 start
++++ text-22.140 PASSED
---- text-22.141 start
++++ text-22.141 PASSED
---- text-22.142 start
++++ text-22.142 PASSED
---- text-22.143 start
++++ text-22.143 PASSED
---- text-22.144 start
++++ text-22.144 PASSED
---- text-22.145 start
++++ text-22.145 PASSED
---- text-22.146 start
++++ text-22.146 PASSED
---- text-22.147 start
++++ text-22.147 PASSED
---- text-22.148 start
++++ text-22.148 PASSED
---- text-22.149 start
++++ text-22.149 PASSED
---- text-22.150 start
++++ text-22.150 PASSED
---- text-22.151 start
++++ text-22.151 PASSED
---- text-22.152 start
++++ text-22.152 PASSED
---- text-22.153 start
++++ text-22.153 PASSED
---- text-22.154 start
++++ text-22.154 PASSED
---- text-22.155 start
++++ text-22.155 PASSED
---- text-22.156 start
++++ text-22.156 PASSED
---- text-22.157 start
++++ text-22.157 PASSED
---- text-22.158 start
++++ text-22.158 PASSED
---- text-22.159 start
++++ text-22.159 PASSED
---- text-22.160 start
++++ text-22.160 PASSED
---- text-22.161 start
++++ text-22.161 PASSED
---- text-22.162 start
++++ text-22.162 PASSED
---- text-22.163 start
++++ text-22.163 PASSED
---- text-22.164 start
++++ text-22.164 PASSED
---- text-22.165 start
++++ text-22.165 PASSED
---- text-22.166 start
++++ text-22.166 PASSED
---- text-22.167 start
++++ text-22.167 PASSED
---- text-22.168 start
++++ text-22.168 PASSED
---- text-22.169 start
++++ text-22.169 PASSED
---- text-22.170 start
++++ text-22.170 PASSED
---- text-22.171 start
++++ text-22.171 PASSED
---- text-22.172 start
++++ text-22.172 PASSED
---- text-22.173 start
++++ text-22.173 PASSED
---- text-22.174 start
++++ text-22.174 PASSED
---- text-22.175 start
++++ text-22.175 PASSED
---- text-22.176 start
++++ text-22.176 PASSED
---- text-22.177 start
++++ text-22.177 PASSED
---- text-22.178 start
++++ text-22.178 PASSED
---- text-22.179 start
++++ text-22.179 PASSED
---- text-22.180 start
++++ text-22.180 PASSED
---- text-22.181 start
++++ text-22.181 PASSED
---- text-22.182 start
++++ text-22.182 PASSED
---- text-22.183 start
++++ text-22.183 PASSED
---- text-22.184 start
++++ text-22.184 PASSED
---- text-22.185 start
++++ text-22.185 PASSED
---- text-22.186 start
++++ text-22.186 PASSED
---- text-22.187 start
++++ text-22.187 PASSED
---- text-22.188 start
++++ text-22.188 PASSED
---- text-22.189 start
++++ text-22.189 PASSED
---- text-22.190 start
++++ text-22.190 PASSED
---- text-22.191 start
++++ text-22.191 PASSED
---- text-22.192 start
++++ text-22.192 PASSED
---- text-22.193 start
++++ text-22.193 PASSED
---- text-22.194 start
++++ text-22.194 PASSED
---- text-22.195 start
++++ text-22.195 PASSED
---- text-22.196 start
++++ text-22.196 PASSED
---- text-22.197 start
++++ text-22.197 PASSED
---- text-22.198 start
++++ text-22.198 PASSED
---- text-22.199 start
++++ text-22.199 PASSED
---- text-22.200 start
++++ text-22.200 PASSED
---- text-22.201 start
++++ text-22.201 PASSED
---- text-22.202 start
++++ text-22.202 PASSED
---- text-22.203 start
++++ text-22.203 PASSED
---- text-22.204 start
++++ text-22.204 PASSED
---- text-22.205 start
++++ text-22.205 PASSED
---- text-22.206 start
++++ text-22.206 PASSED
---- text-22.207 start
++++ text-22.207 PASSED
---- text-22.208 start
++++ text-22.208 PASSED
---- text-22.209 start
++++ text-22.209 PASSED
---- text-22.210 start
++++ text-22.210 PASSED
---- text-22.211 start
++++ text-22.211 PASSED
---- text-22.212 start
++++ text-22.212 PASSED
---- text-22.213 start
++++ text-22.213 PASSED
---- text-22.214 start
++++ text-22.214 PASSED
---- text-22.215 start
++++ text-22.215 PASSED
---- text-22.216 start
++++ text-22.216 PASSED
---- text-22.217 start
++++ text-22.217 PASSED
---- text-22.217.1 start
++++ text-22.217.1 PASSED
---- text-22.218 start
++++ text-22.218 PASSED
---- text-22.219 start
++++ text-22.219 PASSED
---- text-22.220 start
++++ text-22.220 PASSED
---- text-22.221 start
++++ text-22.221 PASSED
---- text-22.222 start
++++ text-22.222 PASSED
---- text-22.223 start
++++ text-22.223 PASSED
---- text-22.224 start
++++ text-22.224 PASSED
---- text-22.225 start
++++ text-22.225 PASSED
---- text-22.226 start
++++ text-22.226 PASSED
---- text-22.227 start
++++ text-22.227 PASSED
---- text-22.228 start
++++ text-22.228 PASSED
---- text-22.229 start
++++ text-22.229 PASSED
---- text-22.230 start
++++ text-22.230 PASSED
---- text-22.231 start
++++ text-22.231 PASSED
---- text-22.232 start
++++ text-22.232 PASSED
---- text-22.233 start
++++ text-22.233 PASSED
---- text-22.234 start
++++ text-22.234 PASSED
---- text-22.235 start
++++ text-22.235 PASSED
---- text-22.236 start
++++ text-22.236 PASSED
---- text-22.237 start
++++ text-22.237 PASSED
---- text-22.238 start
++++ text-22.238 PASSED
---- text-22.239 start
++++ text-22.239 PASSED
---- text-22.240 start
++++ text-22.240 PASSED
---- text-22.241 start
++++ text-22.241 PASSED
---- text-22.242 start
++++ text-22.242 PASSED
---- text-22.243 start
++++ text-22.243 PASSED
---- text-22.244 start
++++ text-22.244 PASSED
---- text-22.245 start
++++ text-22.245 PASSED
---- text-22.246 start
++++ text-22.246 PASSED
---- text-22.247 start
++++ text-22.247 PASSED
---- text-22.248 start
++++ text-22.248 PASSED
---- text-22.249 start
++++ text-22.249 PASSED
---- text-22.250 start
++++ text-22.250 PASSED
---- text-23.1 start
++++ text-23.1 PASSED
---- text-23.2 start
++++ text-23.2 PASSED
---- text-23.3 start
++++ text-23.3 PASSED
---- text-23.4 start
++++ text-23.4 PASSED
---- text-23.5 start
++++ text-23.5 PASSED
---- text-23.6 start
++++ text-23.6 PASSED
---- text-23.7 start
++++ text-23.7 PASSED
---- text-24.1 start
++++ text-24.1 PASSED
---- text-24.2 start
++++ text-24.2 PASSED
---- text-24.3 start
++++ text-24.3 PASSED
---- text-24.4 start
++++ text-24.4 PASSED
---- text-24.5 start
++++ text-24.5 PASSED
---- text-24.6 start
++++ text-24.6 PASSED
---- text-24.7 start
++++ text-24.7 PASSED
---- text-24.8 start
++++ text-24.8 PASSED
---- text-24.9 start
++++ text-24.9 PASSED
---- text-24.10 start
++++ text-24.10 PASSED
---- text-24.11 start
++++ text-24.11 PASSED
---- text-24.12 start
++++ text-24.12 PASSED
---- text-24.13 start
++++ text-24.13 PASSED
---- text-24.14 start
++++ text-24.14 PASSED
---- text-24.15 start
++++ text-24.15 PASSED
---- text-24.16 start
++++ text-24.16 PASSED
---- text-24.17 start
++++ text-24.17 PASSED
---- text-24.18 start
++++ text-24.18 PASSED
---- text-24.19 start
++++ text-24.19 PASSED
---- text-24.20 start
++++ text-24.20 PASSED
---- text-24.21 start
++++ text-24.21 PASSED
---- text-24.22 start
++++ text-24.22 PASSED
---- text-24.23 start
++++ text-24.23 PASSED
---- text-24.24 start
++++ text-24.24 PASSED
---- text-24.25 start
++++ text-24.25 PASSED
---- text-24.26 start
++++ text-24.26 PASSED
---- text-24.27 start
++++ text-24.27 PASSED
---- text-25.1 start
++++ text-25.1 PASSED
---- text-26.1 start
++++ text-26.1 PASSED
---- text-27.1 start
++++ text-27.1 PASSED
---- text-27.2 start
++++ text-27.2 PASSED
---- text-27.3 start
++++ text-27.3 PASSED
---- text-27.4 start
++++ text-27.4 PASSED
---- text-27.5 start
++++ text-27.5 PASSED
---- text-27.6 start
++++ text-27.6 PASSED
---- text-27.7 start
++++ text-27.7 PASSED
---- text-27.8 start
++++ text-27.8 PASSED
---- text-27.9 start
++++ text-27.9 PASSED
---- text-27.10 start
++++ text-27.10 PASSED
---- text-27.11 start
++++ text-27.11 PASSED
---- text-27.12 start
++++ text-27.12 PASSED
---- text-27.13 start
++++ text-27.13 PASSED
---- text-27.14 start
++++ text-27.14 PASSED
---- text-27.14a start
++++ text-27.14a PASSED
---- text-27.15 start
++++ text-27.15 PASSED
---- text-27.15a start
++++ text-27.15a PASSED
---- text-27.15b start
++++ text-27.15b PASSED
---- text-27.15c start
++++ text-27.15c PASSED
---- text-27.15d start
++++ text-27.15d PASSED
---- text-27.15e start
++++ text-27.15e PASSED
---- text-27.15f start
++++ text-27.15f PASSED
---- text-27.15g start
++++ text-27.15g PASSED
---- text-27.16 start
++++ text-27.16 PASSED
---- text-27.16a start
++++ text-27.16a PASSED
---- text-27.16b start
++++ text-27.16b PASSED
---- text-27.17 start
++++ text-27.17 PASSED
---- text-27.18 start
++++ text-27.18 PASSED
---- text-27.19 start
++++ text-27.19 PASSED
---- text-27.20 start
++++ text-27.20 PASSED
---- text-27.21 start
++++ text-27.21 PASSED
---- text-27.22 start
++++ text-27.22 PASSED
---- text-27.23 start
++++ text-27.23 PASSED
---- text-27.24 start
++++ text-27.24 PASSED
---- text-27.25 start
++++ text-27.25 PASSED
---- text-27.26 start
++++ text-27.26 PASSED
---- text-27.27 start
++++ text-27.27 PASSED
---- text-27.28 start
++++ text-27.28 PASSED
---- text-27.29 start
++++ text-27.29 PASSED
---- text-28.1 start
++++ text-28.1 PASSED
---- text-29.1 start
++++ text-29.1 PASSED
---- text-29.2 start
++++ text-29.2 PASSED
++++ text-29.3 SKIPPED: knownBug
---- text-29.4 start
++++ text-29.4 PASSED
---- text-30.1 start
++++ text-30.1 PASSED
---- text-30.2 start
++++ text-30.2 PASSED
---- text-30.3 start
++++ text-30.3 PASSED
---- text-30.4 start
++++ text-30.4 PASSED
---- text-31.1 start
++++ text-31.1 PASSED
---- text-31.2 start
++++ text-31.2 PASSED
---- text-31.3 start
++++ text-31.3 PASSED
---- text-31.4 start
++++ text-31.4 PASSED
---- text-31.5 start
++++ text-31.5 PASSED
---- text-31.6 start
++++ text-31.6 PASSED
---- text-31.7 start
++++ text-31.7 PASSED
---- text-31.8 start
++++ text-31.8 PASSED
---- text-31.9 start
++++ text-31.9 PASSED
---- text-31.10 start
++++ text-31.10 PASSED
---- text-31.11 start
++++ text-31.11 PASSED
---- text-31.12 start
++++ text-31.12 PASSED
---- text-31.13 start
++++ text-31.13 PASSED
---- text-31.14 start
++++ text-31.14 PASSED
---- text-31.15 start
++++ text-31.15 PASSED
---- text-31.16 start
++++ text-31.16 PASSED
---- text-31.17 start
++++ text-31.17 PASSED
---- text-31.18 start
++++ text-31.18 PASSED
---- text-31.19 start
++++ text-31.19 PASSED
---- text-32.1 start
++++ text-32.1 PASSED
---- text-32.2 start
++++ text-32.2 PASSED
---- text-32.3 start
++++ text-32.3 PASSED
---- text-32.4 start
++++ text-32.4 PASSED
---- text-33.1 start
++++ text-33.1 PASSED
---- text-33.2 start
++++ text-33.2 PASSED
---- text-33.3 start
++++ text-33.3 PASSED
---- text-33.4 start
++++ text-33.4 PASSED
---- text-33.5 start
++++ text-33.5 PASSED
---- text-33.6 start
++++ text-33.6 PASSED
---- text-33.7 start
++++ text-33.7 PASSED
---- text-33.8 start
++++ text-33.8 PASSED
---- text-33.9 start
++++ text-33.9 PASSED
---- text-33.10 start
++++ text-33.10 PASSED
---- text-33.11 start
++++ text-33.11 PASSED
---- text-34.1 start
++++ text-34.1 PASSED
---- text-35.1 start
++++ text-35.1 PASSED
---- text-35.2 start
++++ text-35.2 PASSED
---- text-35.3 start
++++ text-35.3 PASSED
---- text-36.1 start
++++ text-36.1 PASSED
---- text-36.2 start
++++ text-36.2 PASSED
---- text-36.3 start
++++ text-36.3 PASSED
---- text-37.1 start
++++ text-37.1 PASSED
---- text-38.1 start
++++ text-38.1 PASSED
textBTree.test
---- btree-1.1 start
++++ btree-1.1 PASSED
---- btree-1.2 start
++++ btree-1.2 PASSED
---- btree-1.3 start
++++ btree-1.3 PASSED
---- btree-1.4 start
++++ btree-1.4 PASSED
---- btree-1.5 start
++++ btree-1.5 PASSED
---- btree-1.6 start
++++ btree-1.6 PASSED
---- btree-1.7 start
++++ btree-1.7 PASSED
---- btree-1.8 start
++++ btree-1.8 PASSED
---- btree-1.9 start
++++ btree-1.9 PASSED
---- btree-1.10 start
++++ btree-1.10 PASSED
---- btree-1.11 start
++++ btree-1.11 PASSED
---- btree-2.1 start
++++ btree-2.1 PASSED
---- btree-2.2 start
++++ btree-2.2 PASSED
---- btree-2.3 start
++++ btree-2.3 PASSED
---- btree-2.4 start
++++ btree-2.4 PASSED
---- btree-2.5 start
++++ btree-2.5 PASSED
---- btree-2.6 start
++++ btree-2.6 PASSED
---- btree-2.7 start
++++ btree-2.7 PASSED
---- btree-2.8 start
++++ btree-2.8 PASSED
---- btree-2.9 start
++++ btree-2.9 PASSED
---- btree-2.10 start
++++ btree-2.10 PASSED
---- btree-2.11 start
++++ btree-2.11 PASSED
---- btree-2.12 start
++++ btree-2.12 PASSED
---- btree-2.13 start
++++ btree-2.13 PASSED
---- btree-2.14 start
++++ btree-2.14 PASSED
---- btree-2.15 start
++++ btree-2.15 PASSED
---- btree-2.16 start
++++ btree-2.16 PASSED
---- btree-2.17 start
++++ btree-2.17 PASSED
---- btree-2.18 start
++++ btree-2.18 PASSED
---- btree-2.19 start
++++ btree-2.19 PASSED
---- btree-2.20 start
++++ btree-2.20 PASSED
---- btree-2.21 start
++++ btree-2.21 PASSED
---- btree-2.22 start
++++ btree-2.22 PASSED
---- btree-2.23 start
++++ btree-2.23 PASSED
---- btree-2.24 start
++++ btree-2.24 PASSED
---- btree-2.25 start
++++ btree-2.25 PASSED
---- btree-2.26 start
++++ btree-2.26 PASSED
---- btree-3.1 start
++++ btree-3.1 PASSED
---- btree-3.2 start
++++ btree-3.2 PASSED
---- btree-3.3 start
++++ btree-3.3 PASSED
---- btree-3.4 start
++++ btree-3.4 PASSED
---- btree-3.5 start
++++ btree-3.5 PASSED
---- btree-3.6 start
++++ btree-3.6 PASSED
---- btree-4.1 start
++++ btree-4.1 PASSED
---- btree-4.2 start
++++ btree-4.2 PASSED
---- btree-4.3 start
++++ btree-4.3 PASSED
---- btree-4.4 start
++++ btree-4.4 PASSED
---- btree-4.5 start
++++ btree-4.5 PASSED
---- btree-4.6 start
++++ btree-4.6 PASSED
---- btree-4.7 start
++++ btree-4.7 PASSED
---- btree-4.8 start
++++ btree-4.8 PASSED
---- btree-5.1 start
++++ btree-5.1 PASSED
---- btree-5.2 start
++++ btree-5.2 PASSED
---- btree-5.3 start
++++ btree-5.3 PASSED
---- btree-6.1 start
++++ btree-6.1 PASSED
---- btree-6.2 start
++++ btree-6.2 PASSED
---- btree-6.3 start
++++ btree-6.3 PASSED
---- btree-6.4 start
++++ btree-6.4 PASSED
---- btree-6.5 start
++++ btree-6.5 PASSED
---- btree-6.6 start
++++ btree-6.6 PASSED
---- btree-7.1 start
++++ btree-7.1 PASSED
---- btree-7.2 start
++++ btree-7.2 PASSED
---- btree-7.3 start
++++ btree-7.3 PASSED
---- btree-7.4 start
++++ btree-7.4 PASSED
---- btree-7.5 start
++++ btree-7.5 PASSED
---- btree-7.6 start
++++ btree-7.6 PASSED
---- btree-7.7 start
++++ btree-7.7 PASSED
---- btree-7.8 start
++++ btree-7.8 PASSED
---- btree-7.9 start
++++ btree-7.9 PASSED
---- btree-7.10 start
++++ btree-7.10 PASSED
---- btree-7.11 start
++++ btree-7.11 PASSED
---- btree-8.1 start
++++ btree-8.1 PASSED
---- btree-8.2 start
++++ btree-8.2 PASSED
---- btree-8.3 start
++++ btree-8.3 PASSED
---- btree-8.4 start
++++ btree-8.4 PASSED
---- btree-8.5 start
++++ btree-8.5 PASSED
---- btree-8.6 start
++++ btree-8.6 PASSED
---- btree-8.7 start
++++ btree-8.7 PASSED
---- btree-8.8 start
++++ btree-8.8 PASSED
---- btree-9.1 start
++++ btree-9.1 PASSED
---- btree-9.2 start
++++ btree-9.2 PASSED
---- btree-9.3 start
++++ btree-9.3 PASSED
---- btree-9.4 start
++++ btree-9.4 PASSED
---- btree-10.1 start
++++ btree-10.1 PASSED
---- btree-10.2 start
++++ btree-10.2 PASSED
---- btree-10.3 start
++++ btree-10.3 PASSED
---- btree-11.1 start
++++ btree-11.1 PASSED
---- btree-11.2 start
++++ btree-11.2 PASSED
---- btree-11.3 start
++++ btree-11.3 PASSED
---- btree-11.4 start
++++ btree-11.4 PASSED
---- btree-11.5 start
++++ btree-11.5 PASSED
---- btree-11.6 start
++++ btree-11.6 PASSED
---- btree-12.1 start
++++ btree-12.1 PASSED
---- btree-12.2 start
++++ btree-12.2 PASSED
---- btree-12.3 start
++++ btree-12.3 PASSED
---- btree-12.4 start
++++ btree-12.4 PASSED
---- btree-12.5 start
++++ btree-12.5 PASSED
---- btree-12.6 start
++++ btree-12.6 PASSED
---- btree-12.7 start
++++ btree-12.7 PASSED
---- btree-13.1 start
++++ btree-13.1 PASSED
---- btree-13.2 start
++++ btree-13.2 PASSED
---- btree-13.3 start
++++ btree-13.3 PASSED
---- btree-13.4 start
++++ btree-13.4 PASSED
---- btree-13.5 start
++++ btree-13.5 PASSED
---- btree-13.6 start
++++ btree-13.6 PASSED
---- btree-13.7 start
++++ btree-13.7 PASSED
---- btree-13.8 start
++++ btree-13.8 PASSED
---- btree-14.1 start
++++ btree-14.1 PASSED
---- btree-14.2 start
++++ btree-14.2 PASSED
---- btree-15.1 start
++++ btree-15.1 PASSED
---- btree-16.1 start
++++ btree-16.1 PASSED
---- btree-16.2 start
++++ btree-16.2 PASSED
---- btree-16.3 start
++++ btree-16.3 PASSED
---- btree-16.4 start
++++ btree-16.4 PASSED
---- btree-16.5 start
++++ btree-16.5 PASSED
---- btree-16.6 start
++++ btree-16.6 PASSED
---- btree-16.7 start
++++ btree-16.7 PASSED
---- btree-16.8 start
++++ btree-16.8 PASSED
---- btree-16.9 start
++++ btree-16.9 PASSED
---- btree-16.10 start
++++ btree-16.10 PASSED
---- btree-16.11 start
++++ btree-16.11 PASSED
---- btree-16.12 start
++++ btree-16.12 PASSED
---- btree-16.13 start
++++ btree-16.13 PASSED
---- btree-17.1 start
++++ btree-17.1 PASSED
---- btree-17.2 start
++++ btree-17.2 PASSED
---- btree-17.3 start
++++ btree-17.3 PASSED
---- btree-17.4 start
++++ btree-17.4 PASSED
---- btree-17.5 start
++++ btree-17.5 PASSED
---- btree-17.6 start
++++ btree-17.6 PASSED
---- btree-18.1 start
++++ btree-18.1 PASSED
---- btree-18.2 start
++++ btree-18.2 PASSED
---- btree-18.3 start
++++ btree-18.3 PASSED
---- btree-18.4 start
++++ btree-18.4 PASSED
---- btree-18.5 start
++++ btree-18.5 PASSED
---- btree-18.6 start
++++ btree-18.6 PASSED
---- btree-18.7 start
++++ btree-18.7 PASSED
---- btree-18.8 start
++++ btree-18.8 PASSED
---- btree-18.9 start
++++ btree-18.9 PASSED
textDisp.test
---- textDisp-0.1 start
++++ textDisp-0.1 PASSED
---- textDisp-0.2 start
++++ textDisp-0.2 PASSED
---- textDisp-0.3 start
++++ textDisp-0.3 PASSED
---- textDisp-0.4 start
++++ textDisp-0.4 PASSED
---- textDisp-0.5 start
++++ textDisp-0.5 PASSED
---- textDisp-1.1 start
++++ textDisp-1.1 PASSED
---- textDisp-1.2 start
++++ textDisp-1.2 PASSED
---- textDisp-2.1 start
++++ textDisp-2.1 PASSED
---- textDisp-2.2 start
++++ textDisp-2.2 PASSED
---- textDisp-2.3 start
++++ textDisp-2.3 PASSED
---- textDisp-2.4 start
++++ textDisp-2.4 PASSED
---- textDisp-2.5 start
++++ textDisp-2.5 PASSED
---- textDisp-2.6 start
++++ textDisp-2.6 PASSED
---- textDisp-2.7 start
++++ textDisp-2.7 PASSED
---- textDisp-2.8 start
++++ textDisp-2.8 PASSED
---- textDisp-2.9 start
++++ textDisp-2.9 PASSED
---- textDisp-2.10 start
++++ textDisp-2.10 PASSED
---- textDisp-2.11 start
++++ textDisp-2.11 PASSED
---- textDisp-2.12 start
++++ textDisp-2.12 PASSED
---- textDisp-2.13 start
++++ textDisp-2.13 PASSED
---- textDisp-2.14 start
++++ textDisp-2.14 PASSED
---- textDisp-2.15 start
++++ textDisp-2.15 PASSED
---- textDisp-2.16 start
++++ textDisp-2.16 PASSED
---- textDisp-2.17 start
++++ textDisp-2.17 PASSED
---- textDisp-2.18 start
++++ textDisp-2.18 PASSED
---- textDisp-2.19 start
++++ textDisp-2.19 PASSED
---- textDisp-2.20 start
++++ textDisp-2.20 PASSED
---- textDisp-2.21 start
++++ textDisp-2.21 PASSED
---- textDisp-2.22 start
++++ textDisp-2.22 PASSED
---- textDisp-2.23 start
++++ textDisp-2.23 PASSED
---- textDisp-2.24 start
++++ textDisp-2.24 PASSED
---- textDisp-2.25 start
++++ textDisp-2.25 PASSED
++++ textDisp-2.26 SKIPPED: notAqua
---- textDisp-2.27 start
++++ textDisp-2.27 PASSED
---- textDisp-2.28 start
++++ textDisp-2.28 PASSED
---- textDisp-2.29 start
++++ textDisp-2.29 PASSED
---- textDisp-2.30 start
++++ textDisp-2.30 PASSED
---- textDisp-3.1 start
++++ textDisp-3.1 PASSED
---- textDisp-4.1 start
++++ textDisp-4.1 PASSED
---- textDisp-4.2 start
++++ textDisp-4.2 PASSED
---- textDisp-4.3 start
++++ textDisp-4.3 PASSED
---- textDisp-4.4 start
++++ textDisp-4.4 PASSED
---- textDisp-4.5 start
++++ textDisp-4.5 PASSED
---- textDisp-4.6 start
++++ textDisp-4.6 PASSED
---- textDisp-4.7 start
++++ textDisp-4.7 PASSED
---- textDisp-4.8 start
++++ textDisp-4.8 PASSED
---- textDisp-4.9 start
++++ textDisp-4.9 PASSED
---- textDisp-4.10 start
++++ textDisp-4.10 PASSED
---- textDisp-4.11 start
++++ textDisp-4.11 PASSED
---- textDisp-4.12 start
++++ textDisp-4.12 PASSED
---- textDisp-4.13 start
++++ textDisp-4.13 PASSED
---- textDisp-4.14 start
++++ textDisp-4.14 PASSED
---- textDisp-4.15 start
++++ textDisp-4.15 PASSED
---- textDisp-4.16 start
++++ textDisp-4.16 PASSED
---- textDisp-4.17 start
++++ textDisp-4.17 PASSED
---- textDisp-4.18 start
++++ textDisp-4.18 PASSED
---- textDisp-4.19 start
++++ textDisp-4.19 PASSED
---- textDisp-4.20 start
++++ textDisp-4.20 PASSED
---- textDisp-4.21 start
++++ textDisp-4.21 PASSED
---- textDisp-4.22 start
++++ textDisp-4.22 PASSED
---- textDisp-4.23 start
++++ textDisp-4.23 PASSED
---- textDisp-5.1 start
++++ textDisp-5.1 PASSED
---- textDisp-5.2 start
++++ textDisp-5.2 PASSED
---- textDisp-6.1 start
++++ textDisp-6.1 PASSED
---- textDisp-6.2 start
++++ textDisp-6.2 PASSED
---- textDisp-6.3 start
++++ textDisp-6.3 PASSED
---- textDisp-6.4 start
++++ textDisp-6.4 PASSED
++++ textDisp-6.5 SKIPPED: aquaKnownBug
++++ textDisp-6.6 SKIPPED: aquaKnownBug
---- textDisp-6.7 start
++++ textDisp-6.7 PASSED
---- textDisp-6.8 start
++++ textDisp-6.8 PASSED
---- textDisp-6.9 start
++++ textDisp-6.9 PASSED
---- textDisp-6.10 start
++++ textDisp-6.10 PASSED
++++ textDisp-7.1 SKIPPED: aquaKnownBug
++++ textDisp-7.2 SKIPPED: aquaKnownBug
++++ textDisp-7.3 SKIPPED: aquaKnownBug
++++ textDisp-7.4 SKIPPED: aquaKnownBug
++++ textDisp-7.5 SKIPPED: aquaKnownBug
++++ textDisp-7.6 SKIPPED: aquaKnownBug
++++ textDisp-7.7 SKIPPED: aquaKnownBug
++++ textDisp-7.8 SKIPPED: aquaKnownBug
---- textDisp-8.1 start
++++ textDisp-8.1 PASSED
---- textDisp-8.2 start
++++ textDisp-8.2 PASSED
---- textDisp-8.3 start
++++ textDisp-8.3 PASSED
---- textDisp-8.4 start
++++ textDisp-8.4 PASSED
---- textDisp-8.5 start
++++ textDisp-8.5 PASSED
---- textDisp-8.6 start
++++ textDisp-8.6 PASSED
---- textDisp-8.7 start
++++ textDisp-8.7 PASSED
---- textDisp-8.8 start
++++ textDisp-8.8 PASSED
---- textDisp-8.9 start
++++ textDisp-8.9 PASSED
---- textDisp-8.10 start
++++ textDisp-8.10 PASSED
---- textDisp-8.11 start
++++ textDisp-8.11 PASSED
---- textDisp-8.12 start
++++ textDisp-8.12 PASSED
---- textDisp-8.13 start
++++ textDisp-8.13 PASSED
---- textDisp-9.1 start
++++ textDisp-9.1 PASSED
---- textDisp-9.2 start
++++ textDisp-9.2 PASSED
---- textDisp-9.3 start
++++ textDisp-9.3 PASSED
---- textDisp-9.4 start
++++ textDisp-9.4 PASSED
---- textDisp-9.5 start
++++ textDisp-9.5 PASSED
---- textDisp-9.6 start
++++ textDisp-9.6 PASSED
---- textDisp-9.7 start
++++ textDisp-9.7 PASSED
---- textDisp-9.8 start
++++ textDisp-9.8 PASSED
---- textDisp-9.9 start
++++ textDisp-9.9 PASSED
---- textDisp-9.10 start
++++ textDisp-9.10 PASSED
---- textDisp-9.11 start
++++ textDisp-9.11 PASSED
---- textDisp-9.12 start
++++ textDisp-9.12 PASSED
---- textDisp-9.13 start
++++ textDisp-9.13 PASSED
---- textDisp-9.14 start
++++ textDisp-9.14 PASSED
---- textDisp-10.1 start
++++ textDisp-10.1 PASSED
---- textDisp-10.2 start
++++ textDisp-10.2 PASSED
---- textDisp-11.1 start
++++ textDisp-11.1 PASSED
---- textDisp-11.2 start
++++ textDisp-11.2 PASSED
---- textDisp-11.3 start
++++ textDisp-11.3 PASSED
---- textDisp-11.4 start
++++ textDisp-11.4 PASSED
---- textDisp-11.5 start
++++ textDisp-11.5 PASSED
---- textDisp-11.6 start
++++ textDisp-11.6 PASSED
---- textDisp-11.7 start
++++ textDisp-11.7 PASSED
---- textDisp-11.8 start
++++ textDisp-11.8 PASSED
---- textDisp-11.9 start
++++ textDisp-11.9 PASSED
---- textDisp-11.10 start
++++ textDisp-11.10 PASSED
---- textDisp-11.11 start
++++ textDisp-11.11 PASSED
---- textDisp-11.12 start
++++ textDisp-11.12 PASSED
---- textDisp-11.13 start
++++ textDisp-11.13 PASSED
---- textDisp-11.14 start
++++ textDisp-11.14 PASSED
---- textDisp-11.15 start
++++ textDisp-11.15 PASSED
---- textDisp-11.16 start
++++ textDisp-11.16 PASSED
---- textDisp-11.17 start
++++ textDisp-11.17 PASSED
---- textDisp-11.18 start
++++ textDisp-11.18 PASSED
---- textDisp-11.19 start
++++ textDisp-11.19 PASSED
---- textDisp-11.20 start
++++ textDisp-11.20 PASSED
---- textDisp-11.21 start
++++ textDisp-11.21 PASSED
---- textDisp-11.22 start
++++ textDisp-11.22 PASSED
---- textDisp-12.1 start
++++ textDisp-12.1 PASSED
---- textDisp-12.2 start
++++ textDisp-12.2 PASSED
---- textDisp-12.3 start
++++ textDisp-12.3 PASSED
---- textDisp-12.4 start
++++ textDisp-12.4 PASSED
---- textDisp-12.5 start
++++ textDisp-12.5 PASSED
---- textDisp-13.1 start
++++ textDisp-13.1 PASSED
---- textDisp-13.2 start
++++ textDisp-13.2 PASSED
---- textDisp-13.3 start
++++ textDisp-13.3 PASSED
---- textDisp-13.4 start
++++ textDisp-13.4 PASSED
---- textDisp-13.5 start
++++ textDisp-13.5 PASSED
---- textDisp-13.6 start
++++ textDisp-13.6 PASSED
---- textDisp-13.7 start
++++ textDisp-13.7 PASSED
---- textDisp-13.8 start
++++ textDisp-13.8 PASSED
---- textDisp-13.9 start
++++ textDisp-13.9 PASSED
---- textDisp-13.10 start
++++ textDisp-13.10 PASSED
---- textDisp-13.11 start
++++ textDisp-13.11 PASSED
---- textDisp-14.1 start
++++ textDisp-14.1 PASSED
---- textDisp-14.2 start
++++ textDisp-14.2 PASSED
---- textDisp-14.3 start
++++ textDisp-14.3 PASSED
---- textDisp-14.4 start
++++ textDisp-14.4 PASSED
---- textDisp-14.5 start
++++ textDisp-14.5 PASSED
---- textDisp-14.6 start
++++ textDisp-14.6 PASSED
---- textDisp-14.7 start
++++ textDisp-14.7 PASSED
---- textDisp-14.8 start
++++ textDisp-14.8 PASSED
---- textDisp-14.9 start
++++ textDisp-14.9 PASSED
---- textDisp-14.10 start
++++ textDisp-14.10 PASSED
---- textDisp-14.11 start
++++ textDisp-14.11 PASSED
---- textDisp-14.12 start
++++ textDisp-14.12 PASSED
---- textDisp-14.13 start
++++ textDisp-14.13 PASSED
---- textDisp-14.14 start
++++ textDisp-14.14 PASSED
---- textDisp-14.15 start
++++ textDisp-14.15 PASSED
---- textDisp-14.16 start
++++ textDisp-14.16 PASSED
---- textDisp-15.1 start
++++ textDisp-15.1 PASSED
---- textDisp-15.2 start
++++ textDisp-15.2 PASSED
---- textDisp-15.3 start
++++ textDisp-15.3 PASSED
---- textDisp-15.4 start
++++ textDisp-15.4 PASSED
---- textDisp-15.5 start
++++ textDisp-15.5 PASSED
---- textDisp-15.6 start
++++ textDisp-15.6 PASSED
---- textDisp-15.7 start
++++ textDisp-15.7 PASSED
---- textDisp-15.8 start
++++ textDisp-15.8 PASSED
---- textDisp-16.1 start
++++ textDisp-16.1 PASSED
---- textDisp-16.2 start
++++ textDisp-16.2 PASSED
---- textDisp-16.3 start
++++ textDisp-16.3 PASSED
---- textDisp-16.4 start
++++ textDisp-16.4 PASSED
---- textDisp-16.5 start
++++ textDisp-16.5 PASSED
---- textDisp-16.6 start
++++ textDisp-16.6 PASSED
---- textDisp-16.7 start
++++ textDisp-16.7 PASSED
---- textDisp-16.8 start
++++ textDisp-16.8 PASSED
---- textDisp-16.9 start
++++ textDisp-16.9 PASSED
---- textDisp-16.10 start
++++ textDisp-16.10 PASSED
---- textDisp-16.11 start
++++ textDisp-16.11 PASSED
---- textDisp-16.12 start
++++ textDisp-16.12 PASSED
---- textDisp-16.13 start
++++ textDisp-16.13 PASSED
---- textDisp-16.14 start
++++ textDisp-16.14 PASSED
---- textDisp-16.15 start
++++ textDisp-16.15 PASSED
---- textDisp-16.16 start
++++ textDisp-16.16 PASSED
---- textDisp-16.17 start
++++ textDisp-16.17 PASSED
---- textDisp-16.18 start
++++ textDisp-16.18 PASSED
---- textDisp-16.19 start
++++ textDisp-16.19 PASSED
---- textDisp-16.20 start
++++ textDisp-16.20 PASSED
---- textDisp-16.21 start
++++ textDisp-16.21 PASSED
---- textDisp-16.21.2 start
++++ textDisp-16.21.2 PASSED
---- textDisp-16.22 start
++++ textDisp-16.22 PASSED
---- textDisp-16.22.1 start
++++ textDisp-16.22.1 PASSED
---- textDisp-16.23 start
++++ textDisp-16.23 PASSED
---- textDisp-16.24 start
++++ textDisp-16.24 PASSED
---- textDisp-16.25 start
++++ textDisp-16.25 PASSED
---- textDisp-16.26 start
++++ textDisp-16.26 PASSED
---- textDisp-16.27 start
++++ textDisp-16.27 PASSED
---- textDisp-16.28 start
++++ textDisp-16.28 PASSED
---- textDisp-16.29 start
++++ textDisp-16.29 PASSED
---- textDisp-16.30 start
++++ textDisp-16.30 PASSED
---- textDisp-16.31 start
++++ textDisp-16.31 PASSED
---- textDisp-16.32 start
++++ textDisp-16.32 PASSED
---- textDisp-16.33 start
++++ textDisp-16.33 PASSED
---- textDisp-16.34 start
++++ textDisp-16.34 PASSED
---- textDisp-16.35 start
++++ textDisp-16.35 PASSED
---- textDisp-16.36 start
++++ textDisp-16.36 PASSED
---- textDisp-16.37 start
++++ textDisp-16.37 PASSED
---- textDisp-16.38 start
++++ textDisp-16.38 PASSED
---- textDisp-16.39 start
++++ textDisp-16.39 PASSED
---- textDisp-16.40 start
++++ textDisp-16.40 PASSED
---- textDisp-16.41 start
++++ textDisp-16.41 PASSED
---- textDisp-16.42 start
++++ textDisp-16.42 PASSED
---- textDisp-16.43 start
++++ textDisp-16.43 PASSED
---- textDisp-16.44 start
++++ textDisp-16.44 PASSED
---- textDisp-17.1 start
++++ textDisp-17.1 PASSED
---- textDisp-17.2 start
++++ textDisp-17.2 PASSED
---- textDisp-17.3 start
++++ textDisp-17.3 PASSED
---- textDisp-17.4 start
++++ textDisp-17.4 PASSED
---- textDisp-17.5 start
++++ textDisp-17.5 PASSED
---- textDisp-17.6 start
++++ textDisp-17.6 PASSED
---- textDisp-17.7 start
++++ textDisp-17.7 PASSED
---- textDisp-17.8 start
++++ textDisp-17.8 PASSED
---- textDisp-17.9 start
++++ textDisp-17.9 PASSED
---- textDisp-17.10 start
++++ textDisp-17.10 PASSED
---- textDisp-18.1 start
++++ textDisp-18.1 PASSED
---- textDisp-18.2 start
++++ textDisp-18.2 PASSED
---- textDisp-18.3 start
++++ textDisp-18.3 PASSED
---- textDisp-18.4 start
++++ textDisp-18.4 PASSED
---- textDisp-18.5 start
++++ textDisp-18.5 PASSED
---- textDisp-18.6 start
++++ textDisp-18.6 PASSED
---- textDisp-18.7 start
++++ textDisp-18.7 PASSED
---- textDisp-18.8 start
++++ textDisp-18.8 PASSED
---- textDisp-19.1 start
++++ textDisp-19.1 PASSED
---- textDisp-19.2 start
++++ textDisp-19.2 PASSED
---- textDisp-19.3 start
++++ textDisp-19.3 PASSED
---- textDisp-19.4 start
++++ textDisp-19.4 PASSED
---- textDisp-19.5 start
++++ textDisp-19.5 PASSED
---- textDisp-19.6 start
++++ textDisp-19.6 PASSED
---- textDisp-19.7 start
++++ textDisp-19.7 PASSED
---- textDisp-19.8 start
++++ textDisp-19.8 PASSED
---- textDisp-19.9 start
++++ textDisp-19.9 PASSED
---- textDisp-19.10 start
++++ textDisp-19.10 PASSED
---- textDisp-19.10.1 start
++++ textDisp-19.10.1 PASSED
---- textDisp-19.11 start
++++ textDisp-19.11 PASSED
---- textDisp-19.11.2 start
++++ textDisp-19.11.2 PASSED
---- textDisp-19.11.3 start
++++ textDisp-19.11.3 PASSED
---- textDisp-19.11.4 start
++++ textDisp-19.11.4 PASSED
---- textDisp-19.11.5 start
++++ textDisp-19.11.5 PASSED
---- textDisp-19.11.5.1 start
++++ textDisp-19.11.5.1 PASSED
---- textDisp-19.11.6 start
++++ textDisp-19.11.6 PASSED
---- textDisp-19.11.7 start
++++ textDisp-19.11.7 PASSED
---- textDisp-19.11.8 start
++++ textDisp-19.11.8 PASSED
---- textDisp-19.11.9 start
++++ textDisp-19.11.9 PASSED
---- textDisp-19.11.10 start
++++ textDisp-19.11.10 PASSED
---- textDisp-19.11.11 start
++++ textDisp-19.11.11 PASSED
---- textDisp-19.11.12 start
++++ textDisp-19.11.12 PASSED
---- textDisp-19.11.13 start
++++ textDisp-19.11.13 PASSED
---- textDisp-19.11.14 start
++++ textDisp-19.11.14 PASSED
---- textDisp-19.11.15 start
++++ textDisp-19.11.15 PASSED
---- textDisp-19.11.15a start
++++ textDisp-19.11.15a PASSED
---- textDisp-19.11.16 start
++++ textDisp-19.11.16 PASSED
---- textDisp-19.11.17 start
++++ textDisp-19.11.17 PASSED
---- textDisp-19.11.18 start
++++ textDisp-19.11.18 PASSED
---- textDisp-19.11.19 start
++++ textDisp-19.11.19 PASSED
---- textDisp-19.11.20 start
++++ textDisp-19.11.20 PASSED
---- textDisp-19.11.21 start
++++ textDisp-19.11.21 PASSED
---- textDisp-19.11.22 start
++++ textDisp-19.11.22 PASSED
---- textDisp-19.11.23 start
++++ textDisp-19.11.23 PASSED
---- textDisp-19.11.24 start
++++ textDisp-19.11.24 PASSED
---- textDisp-19.12 start
++++ textDisp-19.12 PASSED
---- textDisp-19.13 start
++++ textDisp-19.13 PASSED
---- textDisp-19.14 start
++++ textDisp-19.14 PASSED
---- textDisp-19.15 start
++++ textDisp-19.15 PASSED
---- textDisp-19.16 start
++++ textDisp-19.16 PASSED
---- textDisp-19.17 start
++++ textDisp-19.17 PASSED
---- textDisp-19.18 start
++++ textDisp-19.18 PASSED
---- textDisp-19.19 start
++++ textDisp-19.19 PASSED
---- textDisp-20.1 start
++++ textDisp-20.1 PASSED
---- textDisp-20.2 start
++++ textDisp-20.2 PASSED
---- textDisp-20.3 start
++++ textDisp-20.3 PASSED
---- textDisp-20.4 start
++++ textDisp-20.4 PASSED
---- textDisp-20.5 start
++++ textDisp-20.5 PASSED
---- textDisp-21.1 start
++++ textDisp-21.1 PASSED
---- textDisp-21.2 start
++++ textDisp-21.2 PASSED
---- textDisp-21.3 start
++++ textDisp-21.3 PASSED
---- textDisp-21.4 start
++++ textDisp-21.4 PASSED
---- textDisp-22.1 start
++++ textDisp-22.1 PASSED
---- textDisp-22.2 start
++++ textDisp-22.2 PASSED
---- textDisp-22.3 start
++++ textDisp-22.3 PASSED
---- textDisp-22.4 start
++++ textDisp-22.4 PASSED
---- textDisp-22.5 start
++++ textDisp-22.5 PASSED
---- textDisp-22.6 start
++++ textDisp-22.6 PASSED
---- textDisp-22.7 start
++++ textDisp-22.7 PASSED
---- textDisp-22.8 start
++++ textDisp-22.8 PASSED
---- textDisp-22.9 start
++++ textDisp-22.9 PASSED
---- textDisp-22.10 start
++++ textDisp-22.10 PASSED
---- textDisp-22.11 start
++++ textDisp-22.11 PASSED
---- textDisp-23.1 start
++++ textDisp-23.1 PASSED
---- textDisp-23.2 start
++++ textDisp-23.2 PASSED
---- textDisp-23.3 start
++++ textDisp-23.3 PASSED
---- textDisp-23.4 start
++++ textDisp-23.4 PASSED
---- textDisp-23.5 start
++++ textDisp-23.5 PASSED
---- textDisp-23.6 start
++++ textDisp-23.6 PASSED
---- textDisp-23.7 start
++++ textDisp-23.7 PASSED
---- textDisp-24.1 start
++++ textDisp-24.1 PASSED
---- textDisp-24.2 start
++++ textDisp-24.2 PASSED
---- textDisp-24.3 start
++++ textDisp-24.3 PASSED
---- textDisp-24.4 start
++++ textDisp-24.4 PASSED
---- textDisp-24.5 start
++++ textDisp-24.5 PASSED
---- textDisp-24.6 start
++++ textDisp-24.6 PASSED
---- textDisp-24.7 start
++++ textDisp-24.7 PASSED
---- textDisp-24.8 start
++++ textDisp-24.8 PASSED
---- textDisp-24.9 start
++++ textDisp-24.9 PASSED
---- textDisp-24.10 start
++++ textDisp-24.10 PASSED
---- textDisp-24.11 start
++++ textDisp-24.11 PASSED
---- textDisp-24.12 start
++++ textDisp-24.12 PASSED
---- textDisp-24.13 start
++++ textDisp-24.13 PASSED
---- textDisp-24.14 start
++++ textDisp-24.14 PASSED
---- textDisp-24.15 start
++++ textDisp-24.15 PASSED
---- textDisp-24.16 start
++++ textDisp-24.16 PASSED
---- textDisp-24.17 start
++++ textDisp-24.17 PASSED
---- textDisp-24.18 start
++++ textDisp-24.18 PASSED
---- textDisp-24.19 start
++++ textDisp-24.19 PASSED
---- textDisp-24.20 start
++++ textDisp-24.20 PASSED
---- textDisp-24.21 start
++++ textDisp-24.21 PASSED
---- textDisp-24.22 start
++++ textDisp-24.22 PASSED
---- textDisp-24.23 start
++++ textDisp-24.23 PASSED
++++ textDisp-24.24 SKIPPED: notAqua
---- textDisp-24.25 start
++++ textDisp-24.25 PASSED
---- textDisp-25.1 start
++++ textDisp-25.1 PASSED
---- textDisp-26.1 start
++++ textDisp-26.1 PASSED
---- textDisp-26.1.2 start
++++ textDisp-26.1.2 PASSED
---- textDisp-26.2 start
++++ textDisp-26.2 PASSED
---- textDisp-26.3 start
++++ textDisp-26.3 PASSED
---- textDisp-26.4 start
++++ textDisp-26.4 PASSED
---- textDisp-26.5 start
++++ textDisp-26.5 PASSED
---- textDisp-26.6 start
++++ textDisp-26.6 PASSED
---- textDisp-26.7 start
++++ textDisp-26.7 PASSED
---- textDisp-26.8 start
++++ textDisp-26.8 PASSED
---- textDisp-26.9 start
++++ textDisp-26.9 PASSED
---- textDisp-26.10 start
++++ textDisp-26.10 PASSED
---- textDisp-26.11 start
++++ textDisp-26.11 PASSED
---- textDisp-26.12 start
++++ textDisp-26.12 PASSED
---- textDisp-26.13 start
++++ textDisp-26.13 PASSED
---- textDisp-26.13.2 start
++++ textDisp-26.13.2 PASSED
---- textDisp-26.14 start
++++ textDisp-26.14 PASSED
---- textDisp-26.14.2 start
++++ textDisp-26.14.2 PASSED
---- textDisp-27.1 start
++++ textDisp-27.1 PASSED
---- textDisp-27.1.1 start
++++ textDisp-27.1.1 PASSED
---- textDisp-27.2 start
++++ textDisp-27.2 PASSED
---- textDisp-27.3 start
++++ textDisp-27.3 PASSED
---- textDisp-27.4 start
++++ textDisp-27.4 PASSED
---- textDisp-27.5 start
++++ textDisp-27.5 PASSED
---- textDisp-27.6 start
++++ textDisp-27.6 PASSED
---- textDisp-27.7 start
++++ textDisp-27.7 PASSED
---- textDisp-27.7.1 start
++++ textDisp-27.7.1 PASSED
---- textDisp-27.7.2 start
++++ textDisp-27.7.2 PASSED
---- textDisp-27.8 start
++++ textDisp-27.8 PASSED
---- textDisp-27.9 start
++++ textDisp-27.9 PASSED
---- textDisp-27.10 start
++++ textDisp-27.10 PASSED
---- textDisp-27.11 start
++++ textDisp-27.11 PASSED
---- textDisp-28.1 start
++++ textDisp-28.1 PASSED
---- textDisp-29.1 start
++++ textDisp-29.1 PASSED
---- textDisp-29.2 start
++++ textDisp-29.2 PASSED
---- textDisp-29.2.1 start
++++ textDisp-29.2.1 PASSED
---- textDisp-29.2.2 start
++++ textDisp-29.2.2 PASSED
---- textDisp-29.2.3 start
++++ textDisp-29.2.3 PASSED
---- textDisp-29.2.4 start
++++ textDisp-29.2.4 PASSED
---- textDisp-29.2.5 start
++++ textDisp-29.2.5 PASSED
---- textDisp-29.3 start
++++ textDisp-29.3 PASSED
---- textDisp-30.1 start
++++ textDisp-30.1 PASSED
---- textDisp-30.2 start
++++ textDisp-30.2 PASSED
---- textDisp-31.1 start
++++ textDisp-31.1 PASSED
---- textDisp-31.2 start
++++ textDisp-31.2 PASSED
---- textDisp-31.3 start
++++ textDisp-31.3 PASSED
---- textDisp-31.4 start
++++ textDisp-31.4 PASSED
---- textDisp-31.5 start
++++ textDisp-31.5 PASSED
---- textDisp-31.6 start
++++ textDisp-31.6 PASSED
---- textDisp-31.7 start
++++ textDisp-31.7 PASSED
---- textDisp-32.0 start
++++ textDisp-32.0 PASSED
---- textDisp-32.1 start
++++ textDisp-32.1 PASSED
---- textDisp-32.2 start
++++ textDisp-32.2 PASSED
---- textDisp-32.3 start
++++ textDisp-32.3 PASSED
---- textDisp-32.4 start
++++ textDisp-32.4 PASSED
---- textDisp-33.0 start
++++ textDisp-33.0 PASSED
---- textDisp-33.1 start
++++ textDisp-33.1 PASSED
---- textDisp-33.2 start
++++ textDisp-33.2 PASSED
---- textDisp-33.3 start
++++ textDisp-33.3 PASSED
---- textDisp-33.4 start
++++ textDisp-33.4 PASSED
++++ textDisp-33.5 SKIPPED: win
---- textDisp-34.1 start
++++ textDisp-34.1 PASSED
---- textDisp-35.1 start
++++ textDisp-35.1 PASSED
++++ textDisp-36.1 SKIPPED: knownBug
textImage.test
---- textImage-1.1 start
++++ textImage-1.1 PASSED
---- textImage-1.2 start
++++ textImage-1.2 PASSED
---- textImage-1.3 start
++++ textImage-1.3 PASSED
---- textImage-1.4 start
++++ textImage-1.4 PASSED
---- textImage-1.5 start
++++ textImage-1.5 PASSED
---- textImage-1.6 start
++++ textImage-1.6 PASSED
---- textImage-1.7 start
++++ textImage-1.7 PASSED
---- textImage-1.8 start
++++ textImage-1.8 PASSED
---- textImage-1.9 start
++++ textImage-1.9 PASSED
---- textImage-1.10 start
++++ textImage-1.10 PASSED
---- textImage-1.11 start
++++ textImage-1.11 PASSED
---- textImage-1.12 start
++++ textImage-1.12 PASSED
---- textImage-1.13 start
++++ textImage-1.13 PASSED
---- textImage-1.14 start
++++ textImage-1.14 PASSED
---- textImage-1.15 start
++++ textImage-1.15 PASSED
---- textImage-1.16 start
++++ textImage-1.16 PASSED
---- textImage-1.17 start
++++ textImage-1.17 PASSED
---- textImage-1.18 start
++++ textImage-1.18 PASSED
---- textImage-1.19 start
++++ textImage-1.19 PASSED
---- textImage-2.1 start
++++ textImage-2.1 PASSED
---- textImage-3.1 start
++++ textImage-3.1 PASSED
---- textImage-3.2 start
++++ textImage-3.2 PASSED
---- textImage-4.1 start
++++ textImage-4.1 PASSED
---- textImage-4.2 start
++++ textImage-4.2 PASSED
++++ textImage-4.3 SKIPPED: fonts
---- textImage-5.1 start
++++ textImage-5.1 PASSED
textIndex.test
---- textIndex-1.1 start
++++ textIndex-1.1 PASSED
---- textIndex-1.2 start
++++ textIndex-1.2 PASSED
---- textIndex-1.3 start
++++ textIndex-1.3 PASSED
---- textIndex-1.4 start
++++ textIndex-1.4 PASSED
---- textIndex-1.5 start
++++ textIndex-1.5 PASSED
---- textIndex-1.6 start
++++ textIndex-1.6 PASSED
---- textIndex-1.7 start
++++ textIndex-1.7 PASSED
---- textIndex-1.8 start
++++ textIndex-1.8 PASSED
---- textIndex-1.9 start
++++ textIndex-1.9 PASSED
---- textIndex-1.10 start
++++ textIndex-1.10 PASSED
---- textIndex-1.11 start
++++ textIndex-1.11 PASSED
---- textIndex-1.12 start
++++ textIndex-1.12 PASSED
---- textIndex-1.13 start
++++ textIndex-1.13 PASSED
---- textIndex-1.14 start
++++ textIndex-1.14 PASSED
---- textIndex-1.15 start
++++ textIndex-1.15 PASSED
---- textIndex-1.16 start
++++ textIndex-1.16 PASSED
---- textIndex-1.17 start
++++ textIndex-1.17 PASSED
---- textIndex-1.18 start
++++ textIndex-1.18 PASSED
---- textIndex-2.1 start
++++ textIndex-2.1 PASSED
---- textIndex-2.2 start
++++ textIndex-2.2 PASSED
---- textIndex-2.3 start
++++ textIndex-2.3 PASSED
---- textIndex-2.4 start
++++ textIndex-2.4 PASSED
---- textIndex-2.5 start
++++ textIndex-2.5 PASSED
---- textIndex-2.6 start
++++ textIndex-2.6 PASSED
---- textIndex-2.7 start
++++ textIndex-2.7 PASSED
---- textIndex-2.8 start
++++ textIndex-2.8 PASSED
---- textIndex-2.9 start
++++ textIndex-2.9 PASSED
---- textIndex-2.10 start
++++ textIndex-2.10 PASSED
---- textIndex-2.11 start
++++ textIndex-2.11 PASSED
---- textIndex-2.12 start
++++ textIndex-2.12 PASSED
---- textIndex-2.13 start
++++ textIndex-2.13 PASSED
---- textIndex-2.14 start
++++ textIndex-2.14 PASSED
---- textIndex-3.1 start
++++ textIndex-3.1 PASSED
++++ textIndex-3.2 SKIPPED: knownBug
---- textIndex-3.3 start
++++ textIndex-3.3 PASSED
++++ textIndex-3.4 SKIPPED: knownBug
---- textIndex-3.5 start
++++ textIndex-3.5 PASSED
++++ textIndex-3.6 SKIPPED: knownBug
---- textIndex-4.1 start
++++ textIndex-4.1 PASSED
---- textIndex-4.2 start
++++ textIndex-4.2 PASSED
---- textIndex-4.3 start
++++ textIndex-4.3 PASSED
---- textIndex-4.4 start
++++ textIndex-4.4 PASSED
---- textIndex-4.5 start
++++ textIndex-4.5 PASSED
---- textIndex-4.6 start
++++ textIndex-4.6 PASSED
---- textIndex-4.7 start
++++ textIndex-4.7 PASSED
---- textIndex-4.8 start
++++ textIndex-4.8 PASSED
++++ textIndex-5.1 SKIPPED: fonts
++++ textIndex-5.2 SKIPPED: fonts
++++ textIndex-5.3 SKIPPED: fonts
++++ textIndex-5.4 SKIPPED: fonts
++++ textIndex-5.5 SKIPPED: fonts
++++ textIndex-5.6 SKIPPED: fonts
++++ textIndex-5.7 SKIPPED: fonts
++++ textIndex-5.8 SKIPPED: fonts
---- textIndex-6.1 start
++++ textIndex-6.1 PASSED
---- textIndex-6.2 start
++++ textIndex-6.2 PASSED
---- textIndex-6.3 start
++++ textIndex-6.3 PASSED
---- textIndex-6.4 start
++++ textIndex-6.4 PASSED
---- textIndex-6.5 start
++++ textIndex-6.5 PASSED
---- textIndex-7.1 start
++++ textIndex-7.1 PASSED
---- textIndex-7.2 start
++++ textIndex-7.2 PASSED
---- textIndex-7.3 start
++++ textIndex-7.3 PASSED
---- textIndex-8.1 start
++++ textIndex-8.1 PASSED
---- textIndex-8.2 start
++++ textIndex-8.2 PASSED
---- textIndex-8.3 start
++++ textIndex-8.3 PASSED
---- textIndex-8.4 start
++++ textIndex-8.4 PASSED
---- textIndex-8.5 start
++++ textIndex-8.5 PASSED
---- textIndex-8.6 start
++++ textIndex-8.6 PASSED
---- textIndex-9.1 start
++++ textIndex-9.1 PASSED
---- textIndex-9.2 start
++++ textIndex-9.2 PASSED
---- textIndex-9.3 start
++++ textIndex-9.3 PASSED
---- textIndex-9.4 start
++++ textIndex-9.4 PASSED
---- textIndex-9.5 start
++++ textIndex-9.5 PASSED
---- textIndex-10.1 start
++++ textIndex-10.1 PASSED
---- textIndex-10.2 start
++++ textIndex-10.2 PASSED
---- textIndex-10.3 start
++++ textIndex-10.3 PASSED
---- textIndex-10.4 start
++++ textIndex-10.4 PASSED
---- textIndex-10.5 start
++++ textIndex-10.5 PASSED
---- textIndex-10.6 start
++++ textIndex-10.6 PASSED
---- textIndex-10.7 start
++++ textIndex-10.7 PASSED
---- textIndex-10.8 start
++++ textIndex-10.8 PASSED
---- textIndex-10.9 start
++++ textIndex-10.9 PASSED
---- textIndex-10.10 start
++++ textIndex-10.10 PASSED
---- textIndex-11.1 start
++++ textIndex-11.1 PASSED
---- textIndex-11.2 start
++++ textIndex-11.2 PASSED
---- textIndex-11.3 start
++++ textIndex-11.3 PASSED
---- textIndex-11.4 start
++++ textIndex-11.4 PASSED
---- textIndex-11.5 start
++++ textIndex-11.5 PASSED
---- textIndex-11.6 start
++++ textIndex-11.6 PASSED
---- textIndex-11.7 start
++++ textIndex-11.7 PASSED
---- textIndex-12.1 start
++++ textIndex-12.1 PASSED
---- textIndex-12.2 start
++++ textIndex-12.2 PASSED
---- textIndex-12.3 start
++++ textIndex-12.3 PASSED
---- textIndex-12.4 start
++++ textIndex-12.4 PASSED
---- textIndex-12.5 start
++++ textIndex-12.5 PASSED
---- textIndex-12.6 start
++++ textIndex-12.6 PASSED
---- textIndex-12.7 start
++++ textIndex-12.7 PASSED
---- textIndex-12.8 start
++++ textIndex-12.8 PASSED
---- textIndex-12.9 start
++++ textIndex-12.9 PASSED
---- textIndex-12.10 start
++++ textIndex-12.10 PASSED
---- textIndex-12.11 start
++++ textIndex-12.11 PASSED
---- textIndex-12.12 start
++++ textIndex-12.12 PASSED
---- textIndex-12.13 start
++++ textIndex-12.13 PASSED
---- textIndex-12.14 start
++++ textIndex-12.14 PASSED
---- textIndex-13.1 start
++++ textIndex-13.1 PASSED
---- textIndex-13.2 start
++++ textIndex-13.2 PASSED
---- textIndex-13.3 start
++++ textIndex-13.3 PASSED
---- textIndex-13.4 start
++++ textIndex-13.4 PASSED
---- textIndex-13.5 start
++++ textIndex-13.5 PASSED
---- textIndex-13.6 start
++++ textIndex-13.6 PASSED
---- textIndex-14.1 start
++++ textIndex-14.1 PASSED
---- textIndex-14.2 start
++++ textIndex-14.2 PASSED
---- textIndex-14.3 start
++++ textIndex-14.3 PASSED
---- textIndex-14.4 start
++++ textIndex-14.4 PASSED
---- textIndex-14.5 start
++++ textIndex-14.5 PASSED
---- textIndex-14.6 start
++++ textIndex-14.6 PASSED
---- textIndex-14.7 start
++++ textIndex-14.7 PASSED
---- textIndex-14.8 start
++++ textIndex-14.8 PASSED
---- textIndex-14.9 start
++++ textIndex-14.9 PASSED
---- textIndex-14.10 start
++++ textIndex-14.10 PASSED
---- textIndex-14.11 start
++++ textIndex-14.11 PASSED
---- textIndex-14.12 start
++++ textIndex-14.12 PASSED
---- textIndex-14.13 start
++++ textIndex-14.13 PASSED
---- textIndex-14.14 start
++++ textIndex-14.14 PASSED
---- textIndex-14.15 start
++++ textIndex-14.15 PASSED
---- textIndex-14.16 start
++++ textIndex-14.16 PASSED
---- textIndex-14.17 start
++++ textIndex-14.17 PASSED
---- textIndex-15.1 start
++++ textIndex-15.1 PASSED
---- textIndex-15.2 start
++++ textIndex-15.2 PASSED
---- textIndex-15.3 start
++++ textIndex-15.3 PASSED
---- textIndex-15.4 start
++++ textIndex-15.4 PASSED
---- textIndex-15.5 start
++++ textIndex-15.5 PASSED
---- textIndex-15.6 start
++++ textIndex-15.6 PASSED
---- textIndex-15.7 start
++++ textIndex-15.7 PASSED
---- textIndex-15.8 start
++++ textIndex-15.8 PASSED
---- textIndex-15.9 start
++++ textIndex-15.9 PASSED
---- textIndex-15.10 start
++++ textIndex-15.10 PASSED
---- textIndex-15.11 start
++++ textIndex-15.11 PASSED
---- textIndex-15.12 start
++++ textIndex-15.12 PASSED
---- textIndex-15.13 start
++++ textIndex-15.13 PASSED
---- textIndex-15.14 start
++++ textIndex-15.14 PASSED
---- textIndex-15.15 start
++++ textIndex-15.15 PASSED
---- textIndex-16.1 start
++++ textIndex-16.1 PASSED
---- textIndex-16.2 start
++++ textIndex-16.2 PASSED
---- textIndex-17.1 start
++++ textIndex-17.1 PASSED
---- textIndex-18.1 start
++++ textIndex-18.1 PASSED
---- textIndex-19.1 start
++++ textIndex-19.1 PASSED
---- textIndex-19.2 start
++++ textIndex-19.2 PASSED
---- textIndex-19.3 start
++++ textIndex-19.3 PASSED
---- textIndex-19.4 start
++++ textIndex-19.4 PASSED
---- textIndex-19.5 start
++++ textIndex-19.5 PASSED
---- textIndex-19.6 start
++++ textIndex-19.6 PASSED
---- textIndex-19.7 start
++++ textIndex-19.7 PASSED
---- textIndex-19.8 start
++++ textIndex-19.8 PASSED
---- textIndex-19.9 start
++++ textIndex-19.9 PASSED
---- textIndex-19.10 start
++++ textIndex-19.10 PASSED
---- textIndex-19.11 start
++++ textIndex-19.11 PASSED
---- textIndex-19.12 start
++++ textIndex-19.12 PASSED
---- textIndex-19.12.1 start
++++ textIndex-19.12.1 PASSED
---- textIndex-19.12.2 start
++++ textIndex-19.12.2 PASSED
---- textIndex-19.13 start
++++ textIndex-19.13 PASSED
---- textIndex-19.14 start
++++ textIndex-19.14 PASSED
---- textIndex-21.4 start
++++ textIndex-21.4 PASSED
---- textIndex-21.5 start
++++ textIndex-21.5 PASSED
---- textIndex-21.6 start
++++ textIndex-21.6 PASSED
---- textIndex-21.7 start
++++ textIndex-21.7 PASSED
---- textIndex-21.8 start
++++ textIndex-21.8 PASSED
---- textIndex-21.9 start
++++ textIndex-21.9 PASSED
---- textIndex-21.10 start
++++ textIndex-21.10 PASSED
---- textIndex-21.11 start
++++ textIndex-21.11 PASSED
---- textIndex-21.12 start
++++ textIndex-21.12 PASSED
---- textIndex-21.13 start
++++ textIndex-21.13 PASSED
---- textIndex-21.14 start
++++ textIndex-21.14 PASSED
---- textIndex-22.5 start
++++ textIndex-22.5 PASSED
---- textIndex-22.6 start
++++ textIndex-22.6 PASSED
---- textIndex-22.7 start
++++ textIndex-22.7 PASSED
---- textIndex-22.8 start
++++ textIndex-22.8 PASSED
---- textIndex-22.9 start
++++ textIndex-22.9 PASSED
---- textIndex-22.10 start
++++ textIndex-22.10 PASSED
---- textIndex-22.11 start
++++ textIndex-22.11 PASSED
---- textIndex-22.12 start
++++ textIndex-22.12 PASSED
---- textIndex-22.13 start
++++ textIndex-22.13 PASSED
---- textIndex-22.14 start
++++ textIndex-22.14 PASSED
---- textIndex-22.15 start
++++ textIndex-22.15 PASSED
---- textIndex-22.16 start
++++ textIndex-22.16 PASSED
---- textIndex-23.1 start
++++ textIndex-23.1 PASSED
---- textIndex-24.1 start
++++ textIndex-24.1 PASSED
---- textIndex-25.1 start
++++ textIndex-25.1 PASSED
---- textIndex-26.1 start
++++ textIndex-26.1 PASSED
---- textIndex-26.2 start
++++ textIndex-26.2 PASSED
textMark.test
---- textMark-1.1 start
++++ textMark-1.1 PASSED
---- textMark-1.2 start
++++ textMark-1.2 PASSED
---- textMark-1.3 start
++++ textMark-1.3 PASSED
---- textMark-1.4 start
++++ textMark-1.4 PASSED
---- textMark-1.5 start
++++ textMark-1.5 PASSED
---- textMark-1.6 start
++++ textMark-1.6 PASSED
---- textMark-1.7 start
++++ textMark-1.7 PASSED
---- textMark-1.8 start
++++ textMark-1.8 PASSED
---- textMark-2.1 start
++++ textMark-2.1 PASSED
---- textMark-2.2 start
++++ textMark-2.2 PASSED
---- textMark-2.3 start
++++ textMark-2.3 PASSED
---- textMark-3.1 start
++++ textMark-3.1 PASSED
---- textMark-3.2 start
++++ textMark-3.2 PASSED
---- textMark-3.3 start
++++ textMark-3.3 PASSED
---- textMark-3.4 start
++++ textMark-3.4 PASSED
---- textMark-3.5 start
++++ textMark-3.5 PASSED
---- textMark-4.1 start
++++ textMark-4.1 PASSED
---- textMark-4.2 start
++++ textMark-4.2 PASSED
---- textMark-4.2.1 start
++++ textMark-4.2.1 PASSED
---- textMark-4.3 start
++++ textMark-4.3 PASSED
---- textMark-5.1 start
++++ textMark-5.1 PASSED
---- textMark-5.2 start
++++ textMark-5.2 PASSED
---- textMark-6.1 start
++++ textMark-6.1 PASSED
---- textMark-6.2 start
++++ textMark-6.2 PASSED
---- textMark-6.3 start
++++ textMark-6.3 PASSED
---- textMark-6.4 start
++++ textMark-6.4 PASSED
---- textMark-6.5 start
++++ textMark-6.5 PASSED
---- textMark-6.6 start
++++ textMark-6.6 PASSED
---- textMark-7.1 start
++++ textMark-7.1 PASSED
---- textMark-7.2 start
++++ textMark-7.2 PASSED
---- textMark-7.3 start
++++ textMark-7.3 PASSED
---- textMark-7.4 start
++++ textMark-7.4 PASSED
---- textMark-7.5 start
++++ textMark-7.5 PASSED
---- textMark-7.6 start
++++ textMark-7.6 PASSED
---- textMark-7.7 start
++++ textMark-7.7 PASSED
---- textMark-7.8 start
++++ textMark-7.8 PASSED
---- textMark-7.9 start
++++ textMark-7.9 PASSED
---- textMark-8.1 start
++++ textMark-8.1 PASSED
---- textMark-8.2 start
++++ textMark-8.2 PASSED
---- textMark-8.3 start
++++ textMark-8.3 PASSED
---- textMark-8.4 start
++++ textMark-8.4 PASSED
---- textMark-8.5 start
++++ textMark-8.5 PASSED
---- textMark-8.6 start
++++ textMark-8.6 PASSED
---- textMark-8.7 start
++++ textMark-8.7 PASSED
---- textMark-8.8 start
++++ textMark-8.8 PASSED
---- textMark-8.9 start
++++ textMark-8.9 PASSED
textTag.test
---- textTag-1.1 start
++++ textTag-1.1 PASSED
---- textTag-1.2 start
++++ textTag-1.2 PASSED
---- textTag-1.3 start
++++ textTag-1.3 PASSED
---- textTag-1.4 start
++++ textTag-1.4 PASSED
---- textTag-1.5 start
++++ textTag-1.5 PASSED
---- textTag-1.6 start
++++ textTag-1.6 PASSED
---- textTag-1.7 start
++++ textTag-1.7 PASSED
---- textTag-1.8 start
++++ textTag-1.8 PASSED
---- textTag-1.9 start
++++ textTag-1.9 PASSED
---- textTag-1.10 start
++++ textTag-1.10 PASSED
---- textTag-1.11 start
++++ textTag-1.11 PASSED
---- textTag-1.12 start
++++ textTag-1.12 PASSED
---- textTag-1.13 start
++++ textTag-1.13 PASSED
---- textTag-1.14 start
++++ textTag-1.14 PASSED
---- textTag-1.15 start
++++ textTag-1.15 PASSED
---- textTag-1.16 start
++++ textTag-1.16 PASSED
---- textTag-1.17 start
++++ textTag-1.17 PASSED
---- textTag-1.17a start
++++ textTag-1.17a PASSED
---- textTag-1.17b start
++++ textTag-1.17b PASSED
---- textTag-1.18 start
++++ textTag-1.18 PASSED
---- textTag-1.19 start
++++ textTag-1.19 PASSED
---- textTag-1.20 start
++++ textTag-1.20 PASSED
---- textTag-1.21 start
++++ textTag-1.21 PASSED
---- textTag-1.21a start
++++ textTag-1.21a PASSED
---- textTag-1.21b start
++++ textTag-1.21b PASSED
---- textTag-1.22 start
++++ textTag-1.22 PASSED
---- textTag-1.23 start
++++ textTag-1.23 PASSED
---- textTag-1.24 start
++++ textTag-1.24 PASSED
---- textTag-1.25 start
++++ textTag-1.25 PASSED
---- textTag-1.25a start
++++ textTag-1.25a PASSED
---- textTag-1.25b start
++++ textTag-1.25b PASSED
---- textTag-1.25c start
++++ textTag-1.25c PASSED
---- textTag-1.25d start
++++ textTag-1.25d PASSED
---- textTag-1.25e start
++++ textTag-1.25e PASSED
---- textTag-1.25f start
++++ textTag-1.25f PASSED
---- textTag-1.26 start
++++ textTag-1.26 PASSED
---- textTag-1.27 start
++++ textTag-1.27 PASSED
---- textTag-1.28 start
++++ textTag-1.28 PASSED
---- textTag-1.29 start
++++ textTag-1.29 PASSED
---- textTag-1.30 start
++++ textTag-1.30 PASSED
---- textTag-1.31 start
++++ textTag-1.31 PASSED
---- textTag-1.32 start
++++ textTag-1.32 PASSED
---- textTag-1.33 start
++++ textTag-1.33 PASSED
---- textTag-1.34 start
++++ textTag-1.34 PASSED
---- textTag-1.35 start
++++ textTag-1.35 PASSED
---- textTag-1.36 start
++++ textTag-1.36 PASSED
---- textTag-1.37 start
++++ textTag-1.37 PASSED
---- textTag-2.1 start
++++ textTag-2.1 PASSED
---- textTag-2.2 start
++++ textTag-2.2 PASSED
---- textTag-2.3 start
++++ textTag-2.3 PASSED
---- textTag-2.4 start
++++ textTag-2.4 PASSED
---- textTag-2.5 start
++++ textTag-2.5 PASSED
---- textTag-2.6 start
++++ textTag-2.6 PASSED
---- textTag-2.7 start
++++ textTag-2.7 PASSED
---- textTag-2.8 start
++++ textTag-2.8 PASSED
---- textTag-2.9 start
++++ textTag-2.9 PASSED
---- textTag-2.10 start
++++ textTag-2.10 PASSED
---- textTag-2.11 start
++++ textTag-2.11 PASSED
---- textTag-2.12 start
++++ textTag-2.12 PASSED
---- textTag-2.14 start
++++ textTag-2.14 PASSED
---- textTag-3.1 start
++++ textTag-3.1 PASSED
---- textTag-3.2 start
++++ textTag-3.2 PASSED
---- textTag-3.3 start
++++ textTag-3.3 PASSED
---- textTag-3.4 start
++++ textTag-3.4 PASSED
---- textTag-3.5 start
++++ textTag-3.5 PASSED
---- textTag-3.6 start
++++ textTag-3.6 PASSED
---- textTag-3.7 start
++++ textTag-3.7 PASSED
---- textTag-3.8 start
++++ textTag-3.8 PASSED
---- textTag-3.9 start
++++ textTag-3.9 PASSED
---- textTag-3.10 start
++++ textTag-3.10 PASSED
---- textTag-4.1 start
++++ textTag-4.1 PASSED
---- textTag-4.2 start
++++ textTag-4.2 PASSED
---- textTag-4.3 start
++++ textTag-4.3 PASSED
---- textTag-4.4 start
++++ textTag-4.4 PASSED
---- textTag-4.5 start
++++ textTag-4.5 PASSED
---- textTag-5.1 start
++++ textTag-5.1 PASSED
---- textTag-5.2 start
++++ textTag-5.2 PASSED
---- textTag-5.3 start
++++ textTag-5.3 PASSED
---- textTag-5.4 start
++++ textTag-5.4 PASSED
---- textTag-5.4a start
++++ textTag-5.4a PASSED
---- textTag-5.5 start
++++ textTag-5.5 PASSED
---- textTag-5.5a start
++++ textTag-5.5a PASSED
---- textTag-5.6 start
++++ textTag-5.6 PASSED
---- textTag-5.7 start
++++ textTag-5.7 PASSED
---- textTag-5.8 start
++++ textTag-5.8 PASSED
---- textTag-5.9 start
++++ textTag-5.9 PASSED
---- textTag-5.10 start
++++ textTag-5.10 PASSED
---- textTag-5.11 start
++++ textTag-5.11 PASSED
---- textTag-5.12 start
++++ textTag-5.12 PASSED
---- textTag-5.13 start
++++ textTag-5.13 PASSED
---- textTag-5.14 start
++++ textTag-5.14 PASSED
---- textTag-5.15 start
++++ textTag-5.15 PASSED
---- textTag-5.15a start
++++ textTag-5.15a PASSED
---- textTag-5.16 start
++++ textTag-5.16 PASSED
---- textTag-5.16a start
++++ textTag-5.16a PASSED
---- textTag-5.17 start
++++ textTag-5.17 PASSED
---- textTag-5.18 start
++++ textTag-5.18 PASSED
---- textTag-5.19 start
++++ textTag-5.19 PASSED
---- textTag-5.20 start
++++ textTag-5.20 PASSED
---- textTag-5.21 start
++++ textTag-5.21 PASSED
---- textTag-5.22 start
++++ textTag-5.22 PASSED
---- textTag-5.23 start
++++ textTag-5.23 PASSED
---- textTag-5.24 start
++++ textTag-5.24 PASSED
---- textTag-6.1 start
++++ textTag-6.1 PASSED
---- textTag-6.2 start
++++ textTag-6.2 PASSED
---- textTag-6.3 start
++++ textTag-6.3 PASSED
---- textTag-6.4 start
++++ textTag-6.4 PASSED
---- textTag-6.5 start
++++ textTag-6.5 PASSED
---- textTag-7.1 start
++++ textTag-7.1 PASSED
---- textTag-7.2 start
++++ textTag-7.2 PASSED
---- textTag-7.3 start
++++ textTag-7.3 PASSED
---- textTag-7.4 start
++++ textTag-7.4 PASSED
---- textTag-7.5 start
++++ textTag-7.5 PASSED
---- textTag-7.6 start
++++ textTag-7.6 PASSED
---- textTag-8.1 start
++++ textTag-8.1 PASSED
---- textTag-8.2 start
++++ textTag-8.2 PASSED
---- textTag-8.3 start
++++ textTag-8.3 PASSED
---- textTag-9.1 start
++++ textTag-9.1 PASSED
---- textTag-9.2 start
++++ textTag-9.2 PASSED
---- textTag-9.3 start
++++ textTag-9.3 PASSED
---- textTag-9.4 start
++++ textTag-9.4 PASSED
---- textTag-9.5 start
++++ textTag-9.5 PASSED
---- textTag-9.6 start
++++ textTag-9.6 PASSED
---- textTag-9.7 start
++++ textTag-9.7 PASSED
---- textTag-9.8 start
++++ textTag-9.8 PASSED
---- textTag-9.9 start
++++ textTag-9.9 PASSED
---- textTag-9.10 start
++++ textTag-9.10 PASSED
---- textTag-9.11 start
++++ textTag-9.11 PASSED
---- textTag-9.12 start
++++ textTag-9.12 PASSED
---- textTag-9.13 start
++++ textTag-9.13 PASSED
---- textTag-9.14 start
++++ textTag-9.14 PASSED
---- textTag-10.1 start
++++ textTag-10.1 PASSED
---- textTag-10.2 start
++++ textTag-10.2 PASSED
---- textTag-10.3 start
++++ textTag-10.3 PASSED
---- textTag-10.4 start
++++ textTag-10.4 PASSED
---- textTag-10.5 start
++++ textTag-10.5 PASSED
---- textTag-10.6 start
++++ textTag-10.6 PASSED
---- textTag-10.7 start
++++ textTag-10.7 PASSED
---- textTag-10.8 start
++++ textTag-10.8 PASSED
---- textTag-10.9 start
++++ textTag-10.9 PASSED
---- textTag-10.10 start
++++ textTag-10.10 PASSED
---- textTag-10.11 start
++++ textTag-10.11 PASSED
---- textTag-10.12 start
++++ textTag-10.12 PASSED
---- textTag-10.13 start
++++ textTag-10.13 PASSED
---- textTag-10.14 start
++++ textTag-10.14 PASSED
---- textTag-11.1 start
++++ textTag-11.1 PASSED
---- textTag-11.2 start
++++ textTag-11.2 PASSED
---- textTag-11.3 start
++++ textTag-11.3 PASSED
---- textTag-11.4 start
++++ textTag-11.4 PASSED
---- textTag-11.5 start
++++ textTag-11.5 PASSED
---- textTag-11.6 start
++++ textTag-11.6 PASSED
---- textTag-12.1 start
++++ textTag-12.1 PASSED
---- textTag-12.2 start
++++ textTag-12.2 PASSED
---- textTag-12.3 start
++++ textTag-12.3 PASSED
---- textTag-12.4 start
++++ textTag-12.4 PASSED
---- textTag-13.1 start
++++ textTag-13.1 PASSED
---- textTag-13.2 start
++++ textTag-13.2 PASSED
---- textTag-13.3 start
++++ textTag-13.3 PASSED
---- textTag-14.1 start
++++ textTag-14.1 PASSED
---- textTag-14.2 start
++++ textTag-14.2 PASSED
---- textTag-14.3 start
++++ textTag-14.3 PASSED
---- textTag-14.4 start
++++ textTag-14.4 PASSED
---- textTag-15.1 start
++++ textTag-15.1 PASSED
---- textTag-15.2 start
++++ textTag-15.2 PASSED
---- textTag-15.3 start
++++ textTag-15.3 PASSED
---- textTag-15.4 start
++++ textTag-15.4 PASSED
---- textTag-16.1 start
++++ textTag-16.1 PASSED
---- textTag-16.2 start
++++ textTag-16.2 PASSED
---- textTag-16.3 start
++++ textTag-16.3 PASSED
---- textTag-16.4 start
++++ textTag-16.4 PASSED
---- textTag-16.5 start
++++ textTag-16.5 PASSED
---- textTag-16.6 start
++++ textTag-16.6 PASSED
---- textTag-16.7 start
++++ textTag-16.7 PASSED
---- textTag-17.1 start
++++ textTag-17.1 PASSED
---- textTag-18.1 start
++++ textTag-18.1 PASSED
textWind.test
---- textWind-1.1 start
++++ textWind-1.1 PASSED
---- textWind-1.2 start
++++ textWind-1.2 PASSED
---- textWind-1.3 start
++++ textWind-1.3 PASSED
---- textWind-1.4 start
++++ textWind-1.4 PASSED
---- textWind-1.5 start
++++ textWind-1.5 PASSED
---- textWind-1.6 start
++++ textWind-1.6 PASSED
---- textWind-2.1 start
++++ textWind-2.1 PASSED
---- textWind-2.2 start
++++ textWind-2.2 PASSED
---- textWind-2.3 start
++++ textWind-2.3 PASSED
---- textWind-2.4 start
++++ textWind-2.4 PASSED
---- textWind-2.5 start
++++ textWind-2.5 PASSED
---- textWind-2.6 start
++++ textWind-2.6 PASSED
---- textWind-2.7 start
++++ textWind-2.7 PASSED
---- textWind-2.8 start
++++ textWind-2.8 PASSED
---- textWind-2.9 start
++++ textWind-2.9 PASSED
---- textWind-2.10 start
++++ textWind-2.10 PASSED
---- textWind-2.11 start
++++ textWind-2.11 PASSED
---- textWind-2.12 start
++++ textWind-2.12 PASSED
---- textWind-2.13 start
++++ textWind-2.13 PASSED
---- textWind-2.14 start
++++ textWind-2.14 PASSED
---- textWind-2.15 start
++++ textWind-2.15 PASSED
---- textWind-2.16 start
++++ textWind-2.16 PASSED
---- textWind-2.17 start
++++ textWind-2.17 PASSED
---- textWind-2.18 start
++++ textWind-2.18 PASSED
---- textWind-2.19 start
++++ textWind-2.19 PASSED
---- textWind-2.20 start
++++ textWind-2.20 PASSED
---- textWind-2.21 start
++++ textWind-2.21 PASSED
---- textWind-2.22 start
++++ textWind-2.22 PASSED
---- textWind-2.23 start
++++ textWind-2.23 PASSED
---- textWind-2.24 start
++++ textWind-2.24 PASSED
---- textWind-2.25 start
++++ textWind-2.25 PASSED
---- textWind-3.1 start
++++ textWind-3.1 PASSED
---- textWind-3.2 start
++++ textWind-3.2 PASSED
---- textWind-3.3 start
++++ textWind-3.3 PASSED
---- textWind-3.4 start
++++ textWind-3.4 PASSED
---- textWind-3.5 start
++++ textWind-3.5 PASSED
---- textWind-3.6 start
++++ textWind-3.6 PASSED
---- textWind-3.7 start
++++ textWind-3.7 PASSED
---- textWind-3.8 start
++++ textWind-3.8 PASSED
---- textWind-3.9 start
++++ textWind-3.9 PASSED
---- textWind-3.10 start
++++ textWind-3.10 PASSED
---- textWind-3.11 start
++++ textWind-3.11 PASSED
---- textWind-4.1 start
++++ textWind-4.1 PASSED
---- textWind-4.2 start
++++ textWind-4.2 PASSED
---- textWind-4.3 start
++++ textWind-4.3 PASSED
---- textWind-4.4 start
++++ textWind-4.4 PASSED
---- textWind-4.5 start
++++ textWind-4.5 PASSED
---- textWind-4.6 start
++++ textWind-4.6 PASSED
---- textWind-5.1 start
++++ textWind-5.1 PASSED
---- textWind-5.2 start
++++ textWind-5.2 PASSED
---- textWind-5.3 start
++++ textWind-5.3 PASSED
---- textWind-5.4 start
++++ textWind-5.4 PASSED
---- textWind-5.5 start
++++ textWind-5.5 PASSED
---- textWind-6.1 start
++++ textWind-6.1 PASSED
---- textWind-7.1 start
++++ textWind-7.1 PASSED
---- textWind-7.2 start
++++ textWind-7.2 PASSED
---- textWind-8.1 start
++++ textWind-8.1 PASSED
---- textWind-8.2 start
++++ textWind-8.2 PASSED
---- textWind-9.1 start
++++ textWind-9.1 PASSED
---- textWind-10.1 start
++++ textWind-10.1 PASSED
---- textWind-10.2 start
++++ textWind-10.2 PASSED
---- textWind-10.3 start
++++ textWind-10.3 PASSED
---- textWind-10.4 start
++++ textWind-10.4 PASSED
---- textWind-10.5 start
++++ textWind-10.5 PASSED
---- textWind-10.6 start
++++ textWind-10.6 PASSED
---- textWind-10.7 start
++++ textWind-10.7 PASSED
---- textWind-10.8 start
++++ textWind-10.8 PASSED
---- textWind-10.9 start
++++ textWind-10.9 PASSED
---- textWind-10.10 start
++++ textWind-10.10 PASSED
---- textWind-10.11 start
++++ textWind-10.11 PASSED
---- textWind-10.12 start
++++ textWind-10.12 PASSED
---- textWind-10.13 start
++++ textWind-10.13 PASSED
---- textWind-10.14 start
++++ textWind-10.14 PASSED
---- textWind-10.15 start
++++ textWind-10.15 PASSED
---- textWind-11.1 start
++++ textWind-11.1 PASSED
---- textWind-11.2 start
++++ textWind-11.2 PASSED
---- textWind-11.3 start
++++ textWind-11.3 PASSED
---- textWind-11.4 start
++++ textWind-11.4 PASSED
---- textWind-11.5 start
++++ textWind-11.5 PASSED
---- textWind-12.1 start
++++ textWind-12.1 PASSED
---- textWind-13.1 start
++++ textWind-13.1 PASSED
---- textWind-13.2 start
++++ textWind-13.2 PASSED
---- textWind-13.3 start
++++ textWind-13.3 PASSED
---- textWind-13.4 start
++++ textWind-13.4 PASSED
---- textWind-13.5 start
++++ textWind-13.5 PASSED
---- textWind-13.6 start
++++ textWind-13.6 PASSED
---- textWind-13.7 start
++++ textWind-13.7 PASSED
---- textWind-13.8 start
++++ textWind-13.8 PASSED
---- textWind-13.9 start
++++ textWind-13.9 PASSED
---- textWind-14.1 start
++++ textWind-14.1 PASSED
---- textWind-14.2 start
++++ textWind-14.2 PASSED
---- textWind-14.3 start
++++ textWind-14.3 PASSED
---- textWind-14.4 start
++++ textWind-14.4 PASSED
---- textWind-15.1 start
++++ textWind-15.1 PASSED
---- textWind-15.2 start
++++ textWind-15.2 PASSED
---- textWind-16.1 start
++++ textWind-16.1 PASSED
---- textWind-16.2 start
++++ textWind-16.2 PASSED
---- textWind-16.3 start
++++ textWind-16.3 PASSED
---- textWind-16.4 start
++++ textWind-16.4 PASSED
---- textWind-17.1 start
++++ textWind-17.1 PASSED
---- textWind-17.2 start
++++ textWind-17.2 PASSED
---- textWind-17.3 start
++++ textWind-17.3 PASSED
---- textWind-17.4 start
++++ textWind-17.4 PASSED
---- textWind-17.5 start
++++ textWind-17.5 PASSED
---- textWind-17.6 start
++++ textWind-17.6 PASSED
---- textWind-17.7 start
++++ textWind-17.7 PASSED
---- textWind-17.8 start
++++ textWind-17.8 PASSED
---- textWind-17.9 start
++++ textWind-17.9 PASSED
---- textWind-17.10 start
++++ textWind-17.10 PASSED
---- textWind-18.1 start
++++ textWind-18.1 PASSED
---- textWind-18.2 start
++++ textWind-18.2 PASSED
---- textWind-18.3 start
++++ textWind-18.3 PASSED
tk.test
---- tk-1.1 start
++++ tk-1.1 PASSED
---- tk-1.2 start
++++ tk-1.2 PASSED
---- tk-2.1 start
++++ tk-2.1 PASSED
---- tk-2.2 start
++++ tk-2.2 PASSED
---- tk-2.3 start
++++ tk-2.3 PASSED
---- tk-2.4 start
++++ tk-2.4 PASSED
---- tk-3.1 start
++++ tk-3.1 PASSED
---- tk-3.2 start
++++ tk-3.2 PASSED
---- tk-3.3 start
++++ tk-3.3 PASSED
---- tk-3.4 start
++++ tk-3.4 PASSED
---- tk-3.5 start
++++ tk-3.5 PASSED
---- tk-3.6 start
++++ tk-3.6 PASSED
---- tk-3.7 start
++++ tk-3.7 PASSED
---- tk-3.8 start
++++ tk-3.8 PASSED
---- tk-3.9 start
++++ tk-3.9 PASSED
---- tk-3.10 start
++++ tk-3.10 PASSED
---- tk-3.11 start
++++ tk-3.11 PASSED
---- tk-4.1 start
++++ tk-4.1 PASSED
---- tk-4.2 start
++++ tk-4.2 PASSED
---- tk-4.3 start
++++ tk-4.3 PASSED
---- tk-4.4 start
++++ tk-4.4 PASSED
---- tk-4.5 start
++++ tk-4.5 PASSED
---- tk-4.6 start
this wish doesn't have XIM (X Input Methods) support
++++ tk-4.6 PASSED
++++ tk-4.7 SKIPPED: win
---- tk-5.1 start
++++ tk-5.1 PASSED
---- tk-5.2 start
++++ tk-5.2 PASSED
---- tk-5.3 start
++++ tk-5.3 PASSED
---- tk-5.4 start
++++ tk-5.4 PASSED
---- tk-5.5 start
++++ tk-5.5 PASSED
---- tk-5.6 start
++++ tk-5.6 PASSED
---- tk-6.1 start
++++ tk-6.1 PASSED
---- tk-6.2 start
++++ tk-6.2 PASSED
---- tk-6.3 start
++++ tk-6.3 PASSED
---- tk-6.4 start
++++ tk-6.4 PASSED
---- tk-6.5 start
++++ tk-6.5 PASSED
---- tk-7.1 start
++++ tk-7.1 PASSED
---- tk-7.2 start
++++ tk-7.2 PASSED
---- tk-8.1 start
++++ tk-8.1 PASSED
unixButton.test
---- unixbutton-1.1 start
++++ unixbutton-1.1 PASSED
---- unixbutton-1.2 start
++++ unixbutton-1.2 PASSED
---- unixbutton-1.3 start
++++ unixbutton-1.3 PASSED
++++ unixbutton-1.4 SKIPPED: nonPortable
++++ unixbutton-1.5 SKIPPED: nonPortable
++++ unixbutton-1.6 SKIPPED: nonPortable
++++ unixbutton-1.7 SKIPPED: nonPortable
++++ unixbutton-1.8 SKIPPED: nonPortable
---- unixbutton-1.9 start
++++ unixbutton-1.9 PASSED
---- unixbutton-1.10 start
++++ unixbutton-1.10 PASSED
---- unixbutton-1.11 start
++++ unixbutton-1.11 PASSED
---- unixbutton-2.1 start
++++ unixbutton-2.1 PASSED
unixEmbed.test
---- unixEmbed-1.1 start
++++ unixEmbed-1.1 PASSED
---- unixEmbed-1.2 start
++++ unixEmbed-1.2 PASSED
++++ unixEmbed-1.3 SKIPPED: nonPortable
++++ unixEmbed-1.4 SKIPPED: nonPortable
++++ unixEmbed-1.5 SKIPPED: notAqua
---- unixEmbed-1.5a start
++++ unixEmbed-1.5a PASSED
++++ unixEmbed-1.6 SKIPPED: notAqua
---- unixEmbed-1.6a start
++++ unixEmbed-1.6a PASSED
---- unixEmbed-1.7 start
++++ unixEmbed-1.7 PASSED
++++ unixEmbed-2.1 SKIPPED: notAqua
---- unixEmbed-2.1a start
++++ unixEmbed-2.1a PASSED
++++ unixEmbed-2.2 SKIPPED: notAqua
---- unixEmbed-2.2a start
++++ unixEmbed-2.2a PASSED
++++ unixEmbed-2.3 SKIPPED: notAqua
---- unixEmbed-2.4 start
++++ unixEmbed-2.4 PASSED
++++ unixEmbed-3.1 SKIPPED: nonPortable
---- unixEmbed-3.1a start
++++ unixEmbed-3.1a PASSED
---- unixEmbed-3.2 start
++++ unixEmbed-3.2 PASSED
++++ unixEmbed-3.3 SKIPPED: notAqua
---- unixEmbed-3.3a start
++++ unixEmbed-3.3a PASSED
++++ unixEmbed-3.4 SKIPPED: notAqua
---- unixEmbed-3.4a start
++++ unixEmbed-3.4a PASSED
++++ unixEmbed-3.5 SKIPPED: notAqua
---- unixEmbed-3.5a start
++++ unixEmbed-3.5a PASSED
++++ unixEmbed-3.6 SKIPPED: notAqua
---- unixEmbed-3.6a start
++++ unixEmbed-3.6a PASSED
++++ unixEmbed-3.7 SKIPPED: notAqua
---- unixEmbed-3.7a start
++++ unixEmbed-3.7a PASSED
++++ unixEmbed-4.1 SKIPPED: notAqua
---- unixEmbed-4.1a start
++++ unixEmbed-4.1a PASSED
++++ unixEmbed-4.2 SKIPPED: notAqua
---- unixEmbed-4.2a start
++++ unixEmbed-4.2a PASSED
++++ unixEmbed-5.1 SKIPPED: notAqua
---- unixEmbed-5.1a start
++++ unixEmbed-5.1a PASSED
++++ unixEmbed-5.2 SKIPPED: notAqua
---- unixEmbed-5.2a start
++++ unixEmbed-5.2a PASSED
++++ unixEmbed-5.3 SKIPPED: notAqua
---- unixEmbed-5.3a start
++++ unixEmbed-5.3a PASSED
++++ unixEmbed-6.1 SKIPPED: notAqua
---- unixEmbed-6.1a start
++++ unixEmbed-6.1a PASSED
++++ unixEmbed-6.2 SKIPPED: notAqua
---- unixEmbed-6.2a start
++++ unixEmbed-6.2a PASSED
++++ unixEmbed-7.1 SKIPPED: notAqua
++++ unixEmbed-7.1a SKIPPED: notAqua
++++ unixEmbed-7.2 SKIPPED: notAqua
---- unixEmbed-7.2a start
++++ unixEmbed-7.2a PASSED
++++ unixEmbed-8.1 SKIPPED: notAqua
---- unixEmbed-8.1a start
++++ unixEmbed-8.1a PASSED
---- unixEmbed-8.2 start
++++ unixEmbed-8.2 PASSED
---- unixEmbed-9.1 start
++++ unixEmbed-9.1 PASSED
++++ unixEmbed-9.2 SKIPPED: notAqua
---- unixEmbed-9.2a start
++++ unixEmbed-9.2a PASSED
---- unixEmbed-10.1 start
++++ unixEmbed-10.1 PASSED
---- unixEmbed-10.2 start
++++ unixEmbed-10.2 PASSED
---- unixEmbed-11.1 start
++++ unixEmbed-11.1 PASSED
---- unixEmbed-11.2 start
++++ unixEmbed-11.2 PASSED
unixFont.test
++++ unixfont-1.1 SKIPPED: x11
++++ unixfont-1.2 SKIPPED: x11
++++ unixfont-2.1 SKIPPED: x11
++++ unixfont-2.2 SKIPPED: x11
++++ unixfont-2.3 SKIPPED: x11
++++ unixfont-2.4 SKIPPED: x11
++++ unixfont-2.5 SKIPPED: x11
++++ unixfont-2.6 SKIPPED: x11
++++ unixfont-2.7 SKIPPED: x11
++++ unixfont-2.8 SKIPPED: x11
++++ unixfont-2.9 SKIPPED: x11
++++ unixfont-2.10 SKIPPED: x11
++++ unixfont-2.11 SKIPPED: x11
++++ unixfont-3.1 SKIPPED: x11
++++ unixfont-4.1 SKIPPED: x11
++++ unixfont-5.1 SKIPPED: x11
++++ unixfont-5.2 SKIPPED: x11
++++ unixfont-5.3 SKIPPED: x11
++++ unixfont-5.4 SKIPPED: x11
++++ unixfont-5.5 SKIPPED: x11
++++ unixfont-5.6 SKIPPED: x11
++++ unixfont-5.7 SKIPPED: x11
++++ unixfont-5.8 SKIPPED: x11
++++ unixfont-5.9 SKIPPED: x11
++++ unixfont-5.10 SKIPPED: x11
++++ unixfont-5.11 SKIPPED: x11
++++ unixfont-5.12 SKIPPED: x11
++++ unixfont-6.1 SKIPPED: x11
++++ unixfont-6.2 SKIPPED: x11
++++ unixfont-6.3 SKIPPED: x11
++++ unixfont-6.4 SKIPPED: x11
++++ unixfont-6.5 SKIPPED: x11
++++ unixfont-6.6 SKIPPED: x11
++++ unixfont-7.1 SKIPPED: x11
++++ unixfont-7.2 SKIPPED: x11
++++ unixfont-7.3 SKIPPED: x11
++++ unixfont-8.1 SKIPPED: x11
++++ unixfont-8.2 SKIPPED: x11
++++ unixfont-8.3 SKIPPED: x11
++++ unixfont-8.4 SKIPPED: x11
++++ unixfont-8.5 SKIPPED: x11
++++ unixfont-8.6 SKIPPED: x11
++++ unixfont-8.7 SKIPPED: x11
++++ unixfont-8.8 SKIPPED: x11
++++ unixfont-8.9 SKIPPED: x11
++++ unixfont-8.10 SKIPPED: x11
++++ unixfont-8.11 SKIPPED: x11
++++ unixfont-9.1 SKIPPED: x11
++++ unixfont-9.2 SKIPPED: x11
unixMenu.test
---- unixMenu-1.1 start
++++ unixMenu-1.1 PASSED
---- unixMenu-1.2 start
++++ unixMenu-1.2 PASSED
---- unixMenu-2.1 start
++++ unixMenu-2.1 PASSED
---- unixMenu-3.1 start
++++ unixMenu-3.1 PASSED
---- unixMenu-4.1 start
++++ unixMenu-4.1 PASSED
---- unixMenu-4.2 start
++++ unixMenu-4.2 PASSED
---- unixMenu-5.1 start
++++ unixMenu-5.1 PASSED
---- unixMenu-6.1 start
++++ unixMenu-6.1 PASSED
---- unixMenu-6.2 start
++++ unixMenu-6.2 PASSED
---- unixMenu-7.1 start
++++ unixMenu-7.1 PASSED
---- unixMenu-8.1 start
++++ unixMenu-8.1 PASSED
---- unixMenu-8.2 start
++++ unixMenu-8.2 PASSED
---- unixMenu-8.3 start
++++ unixMenu-8.3 PASSED
---- unixMenu-8.4 start
++++ unixMenu-8.4 PASSED
---- unixMenu-8.5 start
++++ unixMenu-8.5 PASSED
---- unixMenu-8.6 start
++++ unixMenu-8.6 PASSED
---- unixMenu-8.7 start
++++ unixMenu-8.7 PASSED
---- unixMenu-8.8 start
++++ unixMenu-8.8 PASSED
---- unixMenu-8.9 start
++++ unixMenu-8.9 PASSED
---- unixMenu-9.1 start
++++ unixMenu-9.1 PASSED
---- unixMenu-9.2 start
++++ unixMenu-9.2 PASSED
---- unixMenu-9.3 start
++++ unixMenu-9.3 PASSED
---- unixMenu-10.1 start
++++ unixMenu-10.1 PASSED
---- unixMenu-10.2 start
++++ unixMenu-10.2 PASSED
---- unixMenu-10.3 start
++++ unixMenu-10.3 PASSED
---- unixMenu-11.1 start
++++ unixMenu-11.1 PASSED
---- unixMenu-11.2 start
++++ unixMenu-11.2 PASSED
---- unixMenu-11.3 start
++++ unixMenu-11.3 PASSED
---- unixMenu-11.4 start
++++ unixMenu-11.4 PASSED
---- unixMenu-12.1 start
++++ unixMenu-12.1 PASSED
---- unixMenu-12.2 start
++++ unixMenu-12.2 PASSED
---- unixMenu-12.3 start
++++ unixMenu-12.3 PASSED
---- unixMenu-12.4 start
++++ unixMenu-12.4 PASSED
---- unixMenu-12.5 start
++++ unixMenu-12.5 PASSED
---- unixMenu-12.6 start
++++ unixMenu-12.6 PASSED
---- unixMenu-12.7 start
++++ unixMenu-12.7 PASSED
---- unixMenu-13.1 start
++++ unixMenu-13.1 PASSED
---- unixMenu-13.2 start
++++ unixMenu-13.2 PASSED
---- unixMenu-14.1 start
++++ unixMenu-14.1 PASSED
---- unixMenu-15.1 start
++++ unixMenu-15.1 PASSED
---- unixMenu-15.2 start
++++ unixMenu-15.2 PASSED
---- unixMenu-16.1 start
++++ unixMenu-16.1 PASSED
---- unixMenu-17.1 start
++++ unixMenu-17.1 PASSED
++++ unixMenu-18.1 SKIPPED: nonUnixUserInteraction
---- unixMenu-19.1 start
++++ unixMenu-19.1 PASSED
---- unixMenu-19.2 start
++++ unixMenu-19.2 PASSED
---- unixMenu-19.3 start
++++ unixMenu-19.3 PASSED
---- unixMenu-19.4 start
++++ unixMenu-19.4 PASSED
---- unixMenu-19.5 start
++++ unixMenu-19.5 PASSED
---- unixMenu-19.6 start
++++ unixMenu-19.6 PASSED
---- unixMenu-19.7 start
++++ unixMenu-19.7 PASSED
---- unixMenu-19.8 start
++++ unixMenu-19.8 PASSED
---- unixMenu-19.9 start
++++ unixMenu-19.9 PASSED
---- unixMenu-19.10 start
++++ unixMenu-19.10 PASSED
---- unixMenu-19.11 start
++++ unixMenu-19.11 PASSED
---- unixMenu-19.12 start
++++ unixMenu-19.12 PASSED
---- unixMenu-19.13 start
++++ unixMenu-19.13 PASSED
---- unixMenu-19.14 start
++++ unixMenu-19.14 PASSED
---- unixMenu-19.15 start
++++ unixMenu-19.15 PASSED
---- unixMenu-19.16 start
++++ unixMenu-19.16 PASSED
---- unixMenu-19.17 start
++++ unixMenu-19.17 PASSED
---- unixMenu-19.18 start
++++ unixMenu-19.18 PASSED
---- unixMenu-19.19 start
++++ unixMenu-19.19 PASSED
---- unixMenu-19.20 start
++++ unixMenu-19.20 PASSED
---- unixMenu-19.21 start
++++ unixMenu-19.21 PASSED
---- unixMenu-19.22 start
++++ unixMenu-19.22 PASSED
---- unixMenu-19.23 start
++++ unixMenu-19.23 PASSED
---- unixMenu-19.24 start
++++ unixMenu-19.24 PASSED
---- unixMenu-20.1 start
++++ unixMenu-20.1 PASSED
++++ unixMenu-20.2 SKIPPED: nonUnixUserInteraction
---- unixMenu-21.1 start
++++ unixMenu-21.1 PASSED
---- unixMenu-22.1 start
++++ unixMenu-22.1 PASSED
---- unixMenu-22.2 start
++++ unixMenu-22.2 PASSED
---- unixMenu-22.3 start
++++ unixMenu-22.3 PASSED
---- unixMenu-22.4 start
++++ unixMenu-22.4 PASSED
---- unixMenu-23.1 start
++++ unixMenu-23.1 PASSED
---- unixMenu-23.2 start
++++ unixMenu-23.2 PASSED
---- unixMenu-23.3 start
++++ unixMenu-23.3 PASSED
---- unixMenu-23.4 start
++++ unixMenu-23.4 PASSED
---- unixMenu-23.5 start
++++ unixMenu-23.5 PASSED
---- unixMenu-23.6 start
++++ unixMenu-23.6 PASSED
---- unixMenu-23.7 start
++++ unixMenu-23.7 PASSED
---- unixMenu-23.8 start
++++ unixMenu-23.8 PASSED
---- unixMenu-23.9 start
++++ unixMenu-23.9 PASSED
---- unixMenu-23.10 start
++++ unixMenu-23.10 PASSED
---- unixMenu-23.11 start
++++ unixMenu-23.11 PASSED
---- unixMenu-23.12 start
++++ unixMenu-23.12 PASSED
---- unixMenu-23.13 start
++++ unixMenu-23.13 PASSED
---- unixMenu-23.14 start
++++ unixMenu-23.14 PASSED
---- unixMenu-23.15 start
++++ unixMenu-23.15 PASSED
---- unixMenu-23.16 start
++++ unixMenu-23.16 PASSED
---- unixMenu-23.17 start
++++ unixMenu-23.17 PASSED
---- unixMenu-23.18 start
++++ unixMenu-23.18 PASSED
---- unixMenu-23.19 start
++++ unixMenu-23.19 PASSED
---- unixMenu-23.20 start
++++ unixMenu-23.20 PASSED
---- unixMenu-23.21 start
++++ unixMenu-23.21 PASSED
---- unixMenu-23.22 start
++++ unixMenu-23.22 PASSED
---- unixMenu-24.1 start
++++ unixMenu-24.1 PASSED
---- unixMenu-24.2 start
++++ unixMenu-24.2 PASSED
---- unixMenu-24.3 start
++++ unixMenu-24.3 PASSED
---- unixMenu-24.4 start
++++ unixMenu-24.4 PASSED
---- unixMenu-25.1 start
++++ unixMenu-25.1 PASSED
---- unixMenu-25.2 start
++++ unixMenu-25.2 PASSED
---- unixMenu-25.3 start
++++ unixMenu-25.3 PASSED
---- unixMenu-25.4 start
++++ unixMenu-25.4 PASSED
++++ unixMenu-25.5 SKIPPED: nonUnixUserInteraction
---- unixMenu-25.6 start
++++ unixMenu-25.6 PASSED
---- unixMenu-25.7 start
++++ unixMenu-25.7 PASSED
---- unixMenu-25.8 start
++++ unixMenu-25.8 PASSED
---- unixMenu-25.9 start
++++ unixMenu-25.9 PASSED
---- unixMenu-25.10 start
++++ unixMenu-25.10 PASSED
---- unixMenu-25.11 start
++++ unixMenu-25.11 PASSED
---- unixMenu-25.12 start
++++ unixMenu-25.12 PASSED
---- unixMenu-25.13 start
++++ unixMenu-25.13 PASSED
---- unixMenu-25.14 start
++++ unixMenu-25.14 PASSED
---- unixMenu-25.15 start
++++ unixMenu-25.15 PASSED
---- unixMenu-25.16 start
++++ unixMenu-25.16 PASSED
---- unixMenu-25.17 start
++++ unixMenu-25.17 PASSED
---- unixMenu-25.18 start
++++ unixMenu-25.18 PASSED
---- unixMenu-25.19 start
++++ unixMenu-25.19 PASSED
---- unixMenu-25.20 start
++++ unixMenu-25.20 PASSED
---- unixMenu-26.1 start
++++ unixMenu-26.1 PASSED
unixSelect.test
++++ unixSelect-1.1 SKIPPED: x11
++++ unixSelect-1.2 SKIPPED: x11
++++ unixSelect-1.3 SKIPPED: x11
++++ unixSelect-1.4 SKIPPED: x11
++++ unixSelect-1.5 SKIPPED: x11
++++ unixSelect-1.6 SKIPPED: x11
++++ unixSelect-1.7 SKIPPED: x11
++++ unixSelect-1.8 SKIPPED: x11
++++ unixSelect-1.9 SKIPPED: x11
++++ unixSelect-1.10 SKIPPED: x11
++++ unixSelect-1.11 SKIPPED: x11
++++ unixSelect-1.12 SKIPPED: x11
++++ unixSelect-1.13 SKIPPED: x11
++++ unixSelect-1.14 SKIPPED: x11
++++ unixSelect-1.15 SKIPPED: x11
++++ unixSelect-1.16 SKIPPED: x11
++++ unixSelect-1.17 SKIPPED: x11
++++ unixSelect-1.18 SKIPPED: x11
---- unixSelect-1.19 start
++++ unixSelect-1.19 PASSED
unixWm.test
---- unixWm-1.1 start
++++ unixWm-1.1 PASSED
---- unixWm-1.2 start
++++ unixWm-1.2 PASSED
---- unixWm-1.3 start
++++ unixWm-1.3 PASSED
---- unixWm-2.1 start
++++ unixWm-2.1 PASSED
---- unixWm-2.2 start
++++ unixWm-2.2 PASSED
---- unixWm-2.3 start
++++ unixWm-2.3 PASSED
---- unixWm-2.4 start
++++ unixWm-2.4 PASSED
---- unixWm-2.5 start
++++ unixWm-2.5 PASSED
---- unixWm-2.6 start
++++ unixWm-2.6 PASSED
---- unixWm-2.7 start
++++ unixWm-2.7 PASSED
---- unixWm-2.8 start
++++ unixWm-2.8 PASSED
---- unixWm-2.9 start
++++ unixWm-2.9 PASSED
---- unixWm-3.1 start
++++ unixWm-3.1 PASSED
---- unixWm-3.2 start
++++ unixWm-3.2 PASSED
---- unixWm-3.3 start
++++ unixWm-3.3 PASSED
---- unixWm-3.4 start
++++ unixWm-3.4 PASSED
---- unixWm-3.5 start
++++ unixWm-3.5 PASSED
---- unixWm-3.6 start
++++ unixWm-3.6 PASSED
---- unixWm-3.7 start
++++ unixWm-3.7 PASSED
---- unixWm-3.8 start
++++ unixWm-3.8 PASSED
---- unixWm-3.9 start
++++ unixWm-3.9 PASSED
---- unixWm-4.1 start
++++ unixWm-4.1 PASSED
---- unixWm-4.2 start
++++ unixWm-4.2 PASSED
---- unixWm-4.3 start
++++ unixWm-4.3 PASSED
++++ unixWm-5.1 SKIPPED: nonPortable
++++ unixWm-5.2 SKIPPED: nonPortable
++++ unixWm-5.3 SKIPPED: nonPortable
++++ unixWm-5.4 SKIPPED: nonPortable
++++ unixWm-5.5 SKIPPED: nonPortable
++++ unixWm-5.6 SKIPPED: nonPortable
++++ unixWm-5.7 SKIPPED: nonPortable
---- unixWm-6.1 start
++++ unixWm-6.1 PASSED
---- unixWm-6.2 start
++++ unixWm-6.2 PASSED
---- unixWm-6.3 start
++++ unixWm-6.3 PASSED
++++ unixWm-6.4 SKIPPED: nonPortable
++++ unixWm-6.5 SKIPPED: nonPortable
---- unixWm-7.1 start
++++ unixWm-7.1 PASSED
---- unixWm-7.2 start
++++ unixWm-7.2 PASSED
---- unixWm-7.3 start
++++ unixWm-7.3 PASSED
---- unixWm-8.1 start
++++ unixWm-8.1 PASSED
---- unixWm-8.2 start
++++ unixWm-8.2 PASSED
---- unixWm-8.3 start
++++ unixWm-8.3 PASSED
---- unixWm-8.4 start
++++ unixWm-8.4 PASSED
---- unixWm-8.5 start
++++ unixWm-8.5 PASSED
---- unixWm-8.6 start
++++ unixWm-8.6 PASSED
---- unixWm-8.7 start
++++ unixWm-8.7 PASSED
---- unixWm-8.8 start
++++ unixWm-8.8 PASSED
++++ unixWm-8.9 SKIPPED: nonPortable
---- unixWm-8.10.1 start
++++ unixWm-8.10.1 PASSED
---- unixWm-8.10.2 start
++++ unixWm-8.10.2 PASSED
++++ unixWm-9.1 SKIPPED: testwrapper
++++ unixWm-9.2 SKIPPED: testwrapper
---- unixWm-9.3 start
++++ unixWm-9.3 PASSED
---- unixWm-9.4 start
++++ unixWm-9.4 PASSED
---- unixWm-9.5 start
++++ unixWm-9.5 PASSED
---- unixWm-10.1 start
++++ unixWm-10.1 PASSED
++++ unixWm-10.2 SKIPPED: testmenubar
---- unixWm-11.1 start
++++ unixWm-11.1 PASSED
---- unixWm-11.2 start
++++ unixWm-11.2 PASSED
---- unixWm-11.3 start
++++ unixWm-11.3 PASSED
---- unixWm-11.4 start
++++ unixWm-11.4 PASSED
---- unixWm-12.1 start
++++ unixWm-12.1 PASSED
---- unixWm-12.2 start
++++ unixWm-12.2 PASSED
---- unixWm-12.3 start
++++ unixWm-12.3 PASSED
---- unixWm-12.4 start
++++ unixWm-12.4 PASSED
---- unixWm-12.5 start
++++ unixWm-12.5 PASSED
---- unixWm-12.6 start
++++ unixWm-12.6 PASSED
---- unixWm-12.7 start
++++ unixWm-12.7 PASSED
---- unixWm-12.8 start
++++ unixWm-12.8 PASSED
---- unixWm-12.9 start
++++ unixWm-12.9 PASSED
---- unixWm-12.10 start
++++ unixWm-12.10 PASSED
---- unixWm-12.11 start
++++ unixWm-12.11 PASSED
---- unixWm-13.1 start
++++ unixWm-13.1 PASSED
++++ unixWm-13.2 SKIPPED: testwrapper
---- unixWm-13.3 start
++++ unixWm-13.3 PASSED
---- unixWm-14.1 start
++++ unixWm-14.1 PASSED
---- unixWm-14.2 start
++++ unixWm-14.2 PASSED
---- unixWm-14.3 start
++++ unixWm-14.3 PASSED
---- unixWm-14.4 start
++++ unixWm-14.4 PASSED
---- unixWm-14.5 start
++++ unixWm-14.5 PASSED
---- unixWm-14.6 start
++++ unixWm-14.6 PASSED
---- unixWm-14.7 start
++++ unixWm-14.7 PASSED
---- unixWm-15.1 start
++++ unixWm-15.1 PASSED
---- unixWm-15.2 start
++++ unixWm-15.2 PASSED
++++ unixWm-15.3 SKIPPED: testwrapper
---- unixWm-15.4 start
++++ unixWm-15.4 PASSED
---- unixWm-15.5 start
++++ unixWm-15.5 PASSED
---- unixWm-16.1 start
++++ unixWm-16.1 PASSED
---- unixWm-16.2 start
++++ unixWm-16.2 PASSED
---- unixWm-16.3 start
++++ unixWm-16.3 PASSED
---- unixWm-17.1 start
++++ unixWm-17.1 PASSED
---- unixWm-17.2 start
++++ unixWm-17.2 PASSED
---- unixWm-17.3 start
++++ unixWm-17.3 PASSED
---- unixWm-18.1 start
++++ unixWm-18.1 PASSED
++++ unixWm-18.2 SKIPPED: nonPortable
++++ unixWm-18.3 SKIPPED: nonPortable
---- unixWm-19.1 start
++++ unixWm-19.1 PASSED
++++ unixWm-19.2 SKIPPED: nonPortable
++++ unixWm-19.3 SKIPPED: nonPortable
++++ unixWm-19.4 SKIPPED: nonPortable
++++ unixWm-19.5 SKIPPED: nonPortable
---- unixWm-19.6 start
++++ unixWm-19.6 PASSED
---- unixWm-20.1 start
++++ unixWm-20.1 PASSED
---- unixWm-20.2 start
++++ unixWm-20.2 PASSED
---- unixWm-20.3 start
++++ unixWm-20.3 PASSED
---- unixWm-20.4 start
++++ unixWm-20.4 PASSED
---- unixWm-20.5 start
++++ unixWm-20.5 PASSED
---- unixWm-20.6 start
++++ unixWm-20.6 PASSED
---- unixWm-20.7 start
++++ unixWm-20.7 PASSED
---- unixWm-20.8 start
++++ unixWm-20.8 PASSED
---- unixWm-20.9 start
++++ unixWm-20.9 PASSED
---- unixWm-20.10 start
++++ unixWm-20.10 PASSED
---- unixWm-20.11 start
++++ unixWm-20.11 PASSED
---- unixWm-21.1 start
++++ unixWm-21.1 PASSED
---- unixWm-21.2 start
++++ unixWm-21.2 PASSED
++++ unixWm-21.3 SKIPPED: testwrapper
++++ unixWm-21.4 SKIPPED: testwrapper
++++ unixWm-21.5 SKIPPED: testwrapper
---- unixWm-22.1 start
++++ unixWm-22.1 PASSED
++++ unixWm-22.2 SKIPPED: testwrapper
---- unixWm-22.3 start
++++ unixWm-22.3 PASSED
---- unixWm-23.1 start
++++ unixWm-23.1 PASSED
---- unixWm-23.2 start
++++ unixWm-23.2 PASSED
---- unixWm-23.3 start
++++ unixWm-23.3 PASSED
---- unixWm-23.4 start
++++ unixWm-23.4 PASSED
---- unixWm-23.5 start
++++ unixWm-23.5 PASSED
---- unixWm-23.6 start
++++ unixWm-23.6 PASSED
---- unixWm-24.1 start
++++ unixWm-24.1 PASSED
++++ unixWm-24.2 SKIPPED: testwrapper
---- unixWm-24.3 start
++++ unixWm-24.3 PASSED
---- unixWm-25.1 start
++++ unixWm-25.1 PASSED
---- unixWm-25.2 start
++++ unixWm-25.2 PASSED
++++ unixWm-25.3 SKIPPED: testwrapper
---- unixWm-26.1 start
++++ unixWm-26.1 PASSED
---- unixWm-26.2 start
++++ unixWm-26.2 PASSED
++++ unixWm-26.3 SKIPPED: testwrapper
---- unixWm-26.4 start
++++ unixWm-26.4 PASSED
---- unixWm-26.5 start
++++ unixWm-26.5 PASSED
---- unixWm-27.1 start
++++ unixWm-27.1 PASSED
++++ unixWm-27.2 SKIPPED: testwrapper
---- unixWm-27.3 start
++++ unixWm-27.3 PASSED
---- unixWm-27.4 start
++++ unixWm-27.4 PASSED
---- unixWm-27.5 start
++++ unixWm-27.5 PASSED
---- unixWm-27.6 start
++++ unixWm-27.6 PASSED
---- unixWm-27.7 start
++++ unixWm-27.7 PASSED
++++ unixWm-28.1 SKIPPED: testwrapper
++++ unixWm-28.2 SKIPPED: testwrapper
++++ unixWm-28.3 SKIPPED: testwrapper
++++ unixWm-29.1 SKIPPED: testwrapper
++++ unixWm-29.2 SKIPPED: testwrapper
++++ unixWm-29.3 SKIPPED: testwrapper
---- unixWm-30.1 start
++++ unixWm-30.1 PASSED
---- unixWm-30.2 start
++++ unixWm-30.2 PASSED
---- unixWm-30.3 start
++++ unixWm-30.3 PASSED
---- unixWm-31.1 start
++++ unixWm-31.1 PASSED
++++ unixWm-31.2 SKIPPED: testwrapper
---- unixWm-31.3 start
++++ unixWm-31.3 PASSED
---- unixWm-32.1 start
++++ unixWm-32.1 PASSED
---- unixWm-32.2 start
++++ unixWm-32.2 PASSED
++++ unixWm-32.3 SKIPPED: testwrapper
---- unixWm-32.4 start
++++ unixWm-32.4 PASSED
---- unixWm-32.5 start
++++ unixWm-32.5 PASSED
---- unixWm-33.1 start
++++ unixWm-33.1 PASSED
---- unixWm-33.2 start
++++ unixWm-33.2 PASSED
---- unixWm-33.3 start
++++ unixWm-33.3 PASSED
---- unixWm-33.4 start
++++ unixWm-33.4 PASSED
---- unixWm-33.5 start
++++ unixWm-33.5 PASSED
---- unixWm-33.6 start
++++ unixWm-33.6 PASSED
---- unixWm-34.1 start
++++ unixWm-34.1 PASSED
++++ unixWm-34.2 SKIPPED: testwrapper
---- unixWm-34.3 start
++++ unixWm-34.3 PASSED
++++ unixWm-35.1 SKIPPED: notAqua
---- unixWm-35.2 start
++++ unixWm-35.2 PASSED
---- unixWm-35.3 start
++++ unixWm-35.3 PASSED
---- unixWm-35.4 start
++++ unixWm-35.4 PASSED
---- unixWm-36.1 start
++++ unixWm-36.1 PASSED
++++ unixWm-36.2 SKIPPED: testwrapper
++++ unixWm-37.3 SKIPPED: testwrapper
++++ unixWm-37.4 SKIPPED: testwrapper
++++ unixWm-37.5 SKIPPED: testwrapper
---- unixWm-38.1 start
++++ unixWm-38.1 PASSED
---- unixWm-38.2 start
++++ unixWm-38.2 PASSED
---- unixWm-38.3 start
++++ unixWm-38.3 PASSED
---- unixWm-39.1 start
++++ unixWm-39.1 PASSED
++++ unixWm-40.1 SKIPPED: nonPortable
---- unixWm-40.2 start
++++ unixWm-40.2 PASSED
---- unixWm-41.1 start
++++ unixWm-41.1 PASSED
++++ unixWm-41.2 SKIPPED: nonPortable
---- unixWm-41.3 start
++++ unixWm-41.3 PASSED
---- unixWm-41.4 start
++++ unixWm-41.4 PASSED
---- unixWm-42.1 start
++++ unixWm-42.1 PASSED
---- unixWm-43.1 start
++++ unixWm-43.1 PASSED
++++ unixWm-43.2 SKIPPED: nonPortable
---- unixWm-44.1 start
++++ unixWm-44.1 PASSED
---- unixWm-44.2 start
++++ unixWm-44.2 PASSED
---- unixWm-44.3 start
++++ unixWm-44.3 PASSED
---- unixWm-44.4 start
++++ unixWm-44.4 PASSED
---- unixWm-44.5 start
++++ unixWm-44.5 PASSED
---- unixWm-44.6 start
++++ unixWm-44.6 PASSED
---- unixWm-44.7 start
++++ unixWm-44.7 PASSED
---- unixWm-44.8 start
++++ unixWm-44.8 PASSED
++++ unixWm-44.9 SKIPPED: testwrapper
++++ unixWm-44.10 SKIPPED: testmenubar
++++ unixWm-45.1 SKIPPED: testwrapper
++++ unixWm-45.2 SKIPPED: testwrapper
++++ unixWm-45.3 SKIPPED: testmenubar
++++ unixWm-45.4 SKIPPED: testmenubar
---- unixWm-46.1 start
++++ unixWm-46.1 PASSED
++++ unixWm-47.1 SKIPPED: nonPortable
---- unixWm-48.1 start
++++ unixWm-48.1 PASSED
---- unixWm-48.2 start
++++ unixWm-48.2 PASSED
---- unixWm-48.3 start
++++ unixWm-48.3 PASSED
---- unixWm-48.4 start
++++ unixWm-48.4 PASSED
---- unixWm-48.5 start
++++ unixWm-48.5 PASSED
---- unixWm-48.6 start
++++ unixWm-48.6 PASSED
---- unixWm-48.7 start
++++ unixWm-48.7 PASSED
---- unixWm-48.8 start
++++ unixWm-48.8 PASSED
---- unixWm-48.9 start
++++ unixWm-48.9 PASSED
---- unixWm-48.10 start
++++ unixWm-48.10 PASSED
---- unixWm-48.11 start
++++ unixWm-48.11 PASSED
---- unixWm-48.12 start
++++ unixWm-48.12 PASSED
---- unixWm-48.13 start
++++ unixWm-48.13 PASSED
---- unixWm-49.1 start
++++ unixWm-49.1 PASSED
++++ unixWm-49.2 SKIPPED: testmenubar
---- unixWm-50.1 start
++++ unixWm-50.1 PASSED
---- unixWm-50.2 start
++++ unixWm-50.2 PASSED
---- unixWm-50.3 start
++++ unixWm-50.3 PASSED
---- unixWm-50.4 start
++++ unixWm-50.4 PASSED
++++ unixWm-50.5 SKIPPED: testmenubar
---- unixWm-50.6 start
++++ unixWm-50.6 PASSED
---- unixWm-50.7 start
++++ unixWm-50.7 PASSED
---- unixWm-50.8 start
++++ unixWm-50.8 PASSED
---- unixWm-50.9 start
++++ unixWm-50.9 PASSED
---- unixWm-50.10 start
++++ unixWm-50.10 PASSED
++++ unixWm-51.1 SKIPPED: nonPortable
++++ unixWm-51.2 SKIPPED: nonPortable
++++ unixWm-51.3 SKIPPED: nonPortable
++++ unixWm-51.4 SKIPPED: nonPortable
++++ unixWm-51.5 SKIPPED: nonPortable
---- unixWm-51.6 start
++++ unixWm-51.6 PASSED
---- unixWm-51.7 start
++++ unixWm-51.7 PASSED
---- unixWm-51.8 start
++++ unixWm-51.8 PASSED
---- unixWm-51.9 start
++++ unixWm-51.9 PASSED
---- unixWm-51.10 start
++++ unixWm-51.10 PASSED
---- unixWm-51.11 start
++++ unixWm-51.11 PASSED
---- unixWm-51.12 start
++++ unixWm-51.12 PASSED
---- unixWm-51.13 start
++++ unixWm-51.13 PASSED
---- unixWm-52.1 start
++++ unixWm-52.1 PASSED
---- unixWm-52.2 start
++++ unixWm-52.2 PASSED
---- unixWm-52.3 start
++++ unixWm-52.3 PASSED
---- unixWm-52.4 start
++++ unixWm-52.4 PASSED
---- unixWm-53.1 start
++++ unixWm-53.1 PASSED
---- unixWm-53.2 start
++++ unixWm-53.2 PASSED
++++ unixWm-54.1 SKIPPED: nonUnixUserInteraction
++++ unixWm-54.2 SKIPPED: nonUnixUserInteraction
++++ unixWm-55.1 SKIPPED: testmenubar
++++ unixWm-55.2 SKIPPED: testmenubar
++++ unixWm-55.3 SKIPPED: testmenubar
++++ unixWm-55.4 SKIPPED: testmenubar
++++ unixWm-55.5 SKIPPED: testmenubar
++++ unixWm-55.6 SKIPPED: testmenubar
++++ unixWm-55.7 SKIPPED: testmenubar
++++ unixWm-56.1 SKIPPED: testmenubar
++++ unixWm-57.1 SKIPPED: testmenubar
++++ unixWm-57.2 SKIPPED: testmenubar
++++ unixWm-58.1 SKIPPED: testwrapper
---- unixWm-59.1 start
++++ unixWm-59.1 PASSED
---- unixWm-59.2 start
++++ unixWm-59.2 PASSED
---- unixWm-59.3 start
++++ unixWm-59.3 PASSED
---- unixWm-60.1 start
++++ unixWm-60.1 PASSED
---- unixWm-60.2 start
++++ unixWm-60.2 PASSED
---- unixWm-60.3 start
++++ unixWm-60.3 PASSED
---- unixWm-60.4 start
++++ unixWm-60.4 PASSED
---- unixWm-60.5 start
++++ unixWm-60.5 PASSED
---- unixWm-61.1 start
++++ unixWm-61.1 PASSED
---- unixWm-61.2 start
++++ unixWm-61.2 PASSED
---- unixWm-62.0 start
++++ unixWm-62.0 PASSED
---- unixWm-62.1 start
++++ unixWm-62.1 PASSED
---- unixWm-62.2 start
++++ unixWm-62.2 PASSED
---- unixWm-62.3 start
++++ unixWm-62.3 PASSED
---- unixWm-62.4 start
++++ unixWm-62.4 PASSED
util.test
---- util-1.1 start
++++ util-1.1 PASSED
---- util-1.2 start
++++ util-1.2 PASSED
---- util-1.3 start
++++ util-1.3 PASSED
---- util-1.4 start
++++ util-1.4 PASSED
---- util-1.5 start
++++ util-1.5 PASSED
---- util-1.6 start
++++ util-1.6 PASSED
---- util-1.7 start
++++ util-1.7 PASSED
---- util-1.8 start
++++ util-1.8 PASSED
---- util-1.9 start
++++ util-1.9 PASSED
---- util-1.10 start
++++ util-1.10 PASSED
---- util-1.11 start
++++ util-1.11 PASSED
---- util-1.12 start
++++ util-1.12 PASSED
visual.test
---- visual-1.1 start
++++ visual-1.1 PASSED
++++ visual-1.2 SKIPPED: haveOtherVisual
++++ visual-1.3 SKIPPED: haveOtherVisual
++++ visual-1.4 SKIPPED: haveOtherVisual
---- visual-1.5 start
++++ visual-1.5 PASSED
++++ visual-2.1 SKIPPED: nonPortable
++++ visual-2.2 SKIPPED: nonPortable
++++ visual-2.3 SKIPPED: nonPortable
++++ visual-2.4 SKIPPED: nonPortable
++++ visual-2.5 SKIPPED: nonPortable
++++ visual-2.6 SKIPPED: nonPortable
++++ visual-2.7 SKIPPED: nonPortable
++++ visual-2.8 SKIPPED: nonPortable
++++ visual-2.9 SKIPPED: nonPortable
++++ visual-2.10 SKIPPED: nonPortable
++++ visual-2.11 SKIPPED: nonPortable
++++ visual-2.12 SKIPPED: nonPortable
++++ visual-2.13 SKIPPED: nonPortable
++++ visual-2.14 SKIPPED: nonPortable
++++ visual-2.15 SKIPPED: nonPortable
++++ visual-2.16 SKIPPED: nonPortable
++++ visual-2.17 SKIPPED: nonPortable
---- visual-3.1 start
++++ visual-3.1 PASSED
---- visual-3.2 start
++++ visual-3.2 PASSED
---- visual-3.3 start
++++ visual-3.3 PASSED
---- visual-3.4 start
++++ visual-3.4 PASSED
---- visual-3.5 start
++++ visual-3.5 PASSED
++++ visual-4.1 SKIPPED: haveOtherVisual
---- visual-4.2 start
++++ visual-4.2 PASSED
---- visual-4.3 start
++++ visual-4.3 PASSED
---- visual-5.1 start
++++ visual-5.1 PASSED
++++ visual-6.1 SKIPPED: havePseudocolorVisual
++++ visual-7.1 SKIPPED: defaultPseudocolor8
++++ visual-7.2 SKIPPED: defaultPseudocolor8
++++ visual-7.3 SKIPPED: defaultPseudocolor8
++++ visual-7.4 SKIPPED: defaultPseudocolor8
++++ visual-7.5 SKIPPED: defaultPseudocolor8
++++ visual-7.6 SKIPPED: defaultPseudocolor8
---- visual-8.1 start
++++ visual-8.1 PASSED
++++ visual-8.2 SKIPPED: haveOtherVisual
visual_bb.test
++++ 1.1 SKIPPED: userInteraction
winButton.test
++++ winbutton-1.1 SKIPPED: win
++++ winbutton-1.2 SKIPPED: win
++++ winbutton-1.3 SKIPPED: win
++++ winbutton-1.4 SKIPPED: win
++++ winbutton-1.5 SKIPPED: win
++++ winbutton-1.6 SKIPPED: win
++++ winbutton-1.7 SKIPPED: win
++++ winbutton-1.8 SKIPPED: win
++++ winbutton-1.9 SKIPPED: win
winClipboard.test
++++ winClipboard-1.1 SKIPPED: win
++++ winClipboard-1.2 SKIPPED: win
++++ winClipboard-1.3 SKIPPED: win
++++ winClipboard-1.4 SKIPPED: win
++++ winClipboard-1.5 SKIPPED: win
++++ winClipboard-1.6 SKIPPED: win
++++ winClipboard-2.1 SKIPPED: win
++++ winClipboard-2.2 SKIPPED: win
winDialog.test
++++ winDialog-1.1 SKIPPED: testwinevent
++++ winDialog-1.2 SKIPPED: testwinevent
++++ winDialog-1.3 SKIPPED: testwinevent
++++ winDialog-1.4 SKIPPED: testwinevent
++++ winDialog-1.5 SKIPPED: testwinevent
++++ winDialog-1.6 SKIPPED: testwinevent
++++ winDialog-1.7 SKIPPED: testwinevent
++++ winDialog-2.1 SKIPPED: emptyTest
++++ winDialog-3.1 SKIPPED: nt
++++ winDialog-4.1 SKIPPED: nt
++++ winDialog-5.1 SKIPPED: nt
++++ winDialog-5.2 SKIPPED: nt
++++ winDialog-5.3 SKIPPED: nt
++++ winDialog-5.4 SKIPPED: nt
++++ winDialog-5.5 SKIPPED: nt
++++ winDialog-5.6 SKIPPED: nt
++++ winDialog-5.7 SKIPPED: nt
++++ winDialog-5.7.1 SKIPPED: nt
++++ winDialog-5.7.2 SKIPPED: nt
++++ winDialog-5.7.3 SKIPPED: nt
++++ winDialog-5.7.4 SKIPPED: nt
++++ winDialog-5.7.5 SKIPPED: nt
++++ winDialog-5.7.6 SKIPPED: nt
++++ winDialog-5.7.7 SKIPPED: nt
++++ winDialog-5.7.8 SKIPPED: nt
++++ winDialog-5.8 SKIPPED: nt
++++ winDialog-5.9 SKIPPED: nt
++++ winDialog-5.10 SKIPPED: nt
++++ winDialog-5.11 SKIPPED: nt
++++ winDialog-5.12 SKIPPED: nt
++++ winDialog-5.12.1 SKIPPED: nt
++++ winDialog-5.12.2 SKIPPED: nt
++++ winDialog-5.12.3 SKIPPED: nt
++++ winDialog-5.12.4 SKIPPED: nt
++++ winDialog-5.12.5 SKIPPED: nt
++++ winDialog-5.12.6 SKIPPED: nt
++++ winDialog-5.12.7 SKIPPED: nt
++++ winDialog-5.12.8 SKIPPED: nt
++++ winDialog-5.12.9 SKIPPED: nt
++++ winDialog-5.12.10 SKIPPED: nt
++++ winDialog-5.12.11 SKIPPED: nt
++++ winDialog-5.13 SKIPPED: nt
++++ winDialog-5.14 SKIPPED: nt
++++ winDialog-5.16 SKIPPED: nt
++++ winDialog-5.17 SKIPPED: nt
++++ winDialog-5.18 SKIPPED: nt
++++ winDialog-5.19 SKIPPED: nt
++++ winDialog-5.20 SKIPPED: nt
++++ winDialog-5.21 SKIPPED: nt
++++ winDialog-5.22 SKIPPED: nt
++++ winDialog-5.23 SKIPPED: nt
++++ winDialog-5.24 SKIPPED: nt
++++ winDialog-5.25 SKIPPED: nt
++++ winDialog-6.1 SKIPPED: emptyTest
++++ winDialog-7.1 SKIPPED: emptyTest
++++ winDialog-8.1 SKIPPED: emptyTest
++++ winDialog-9.1 SKIPPED: nt
++++ winDialog-9.2 SKIPPED: nt
++++ winDialog-9.3 SKIPPED: nt
++++ winDialog-9.4 SKIPPED: nt
++++ winDialog-9.5 SKIPPED: nt
++++ winDialog-9.6 SKIPPED: nt
++++ winDialog-9.7 SKIPPED: nt
++++ winDialog-9.8 SKIPPED: nt
++++ winDialog-10.1 SKIPPED: nt
++++ winDialog-10.2 SKIPPED: nt
++++ winDialog-10.3 SKIPPED: nt
++++ winDialog-10.4 SKIPPED: nt
++++ winDialog-10.5 SKIPPED: nt
++++ winDialog-10.6 SKIPPED: nt
++++ winDialog-10.7 SKIPPED: nt
++++ winDialog-10.8 SKIPPED: nt
++++ winDialog-10.9 SKIPPED: nt
winFont.test
++++ winfont-1.1 SKIPPED: win
++++ winfont-1.2 SKIPPED: win
++++ winfont-2.1 SKIPPED: win
++++ winfont-2.2 SKIPPED: win
++++ winfont-2.3 SKIPPED: win
++++ winfont-2.4 SKIPPED: win
++++ winfont-2.5 SKIPPED: win
++++ winfont-2.6 SKIPPED: win
++++ winfont-2.7 SKIPPED: win
++++ winfont-2.8 SKIPPED: win
++++ winfont-2.9 SKIPPED: win
++++ winfont-2.10 SKIPPED: win
++++ winfont-3.1 SKIPPED: win
++++ winfont-4.1 SKIPPED: win
++++ winfont-5.1 SKIPPED: win
++++ winfont-5.2 SKIPPED: win
++++ winfont-5.3 SKIPPED: win
++++ winfont-5.4 SKIPPED: win
++++ winfont-5.5 SKIPPED: win
++++ winfont-5.6 SKIPPED: win
++++ winfont-5.7 SKIPPED: win
++++ winfont-5.8 SKIPPED: win
++++ winfont-5.9 SKIPPED: win
++++ winfont-5.10 SKIPPED: win
++++ winfont-5.11 SKIPPED: win
++++ winfont-6.1 SKIPPED: win
++++ winfont-7.1 SKIPPED: win
++++ winfont-7.2 SKIPPED: win
++++ winfont-7.3 SKIPPED: win
++++ winfont-7.4 SKIPPED: win
winMenu.test
++++ winMenu-1.1 SKIPPED: win
++++ winMenu-1.2 SKIPPED: win
++++ winMenu-2.1 SKIPPED: win
++++ winMenu-3.1 SKIPPED: win
++++ winMenu-3.2 SKIPPED: win
++++ winMenu-4.1 SKIPPED: win
++++ winMenu-4.2 SKIPPED: win
++++ winMenu-5.1 SKIPPED: win
++++ winMenu-6.1 SKIPPED: win
++++ winMenu-6.2 SKIPPED: win
++++ winMenu-6.3 SKIPPED: win
++++ winMenu-6.4 SKIPPED: win
++++ winMenu-6.5 SKIPPED: win
++++ winMenu-6.6 SKIPPED: win
++++ winMenu-6.7 SKIPPED: win
++++ winMenu-6.8 SKIPPED: win
++++ winMenu-6.9 SKIPPED: win
++++ winMenu-6.10 SKIPPED: win
++++ winMenu-6.11 SKIPPED: win
++++ winMenu-6.12 SKIPPED: win
++++ winMenu-6.13 SKIPPED: win
++++ winMenu-6.14 SKIPPED: win
++++ winMenu-6.15 SKIPPED: win
++++ winMenu-6.16 SKIPPED: win
++++ winMenu-7.1 SKIPPED: win
++++ winMenu-7.2 SKIPPED: win
++++ winMenu-7.3 SKIPPED: win
++++ winMenu-7.4 SKIPPED: win
++++ winMenu-7.5 SKIPPED: win
++++ winMenu-7.6 SKIPPED: win
++++ winMenu-7.7 SKIPPED: win
++++ winMenu-7.8 SKIPPED: win
++++ winMenu-7.9 SKIPPED: win
++++ winMenu-7.10 SKIPPED: win
++++ winMenu-7.11 SKIPPED: win
++++ winMenu-7.12 SKIPPED: win
++++ winMenu-7.13 SKIPPED: win
++++ winMenu-7.14 SKIPPED: win
++++ winMenu-7.15 SKIPPED: win
++++ winMenu-7.16 SKIPPED: win
++++ winMenu-7.17 SKIPPED: win
++++ winMenu-7.18 SKIPPED: win
++++ winMenu-7.19 SKIPPED: win
++++ winMenu-8.1 SKIPPED: win
++++ winMenu-8.2 SKIPPED: win
++++ winMenu-8.3 SKIPPED: win
++++ winMenu-8.4 SKIPPED: win
++++ winMenu-8.5 SKIPPED: win
++++ winMenu-8.6 SKIPPED: win
++++ winMenu-9.1 SKIPPED: win
++++ winMenu-10.1 SKIPPED: win
++++ winMenu-11.1 SKIPPED: win
++++ winMenu-11.2 SKIPPED: win
++++ winMenu-11.3 SKIPPED: win
++++ winMenu-11.4 SKIPPED: win
++++ winMenu-11.5 SKIPPED: win
++++ winMenu-11.6 SKIPPED: win
++++ winMenu-11.7 SKIPPED: win
++++ winMenu-11.8 SKIPPED: win
++++ winMenu-12.1 SKIPPED: win
++++ winMenu-12.2 SKIPPED: win
++++ winMenu-12.3 SKIPPED: win
++++ winMenu-13.1 SKIPPED: emptyTest
++++ winMenu-14.1 SKIPPED: win
++++ winMenu-14.2 SKIPPED: win
++++ winMenu-15.1 SKIPPED: win
++++ winMenu-15.2 SKIPPED: win
++++ winMenu-15.3 SKIPPED: win
++++ winMenu-16.1 SKIPPED: win
++++ winMenu-17.1 SKIPPED: win
++++ winMenu-18.1 SKIPPED: win
++++ winMenu-18.2 SKIPPED: win
++++ winMenu-19.1 SKIPPED: win
++++ winMenu-19.2 SKIPPED: win
++++ winMenu-19.3 SKIPPED: win
++++ winMenu-19.4 SKIPPED: win
++++ winMenu-19.5 SKIPPED: win
++++ winMenu-19.6 SKIPPED: win
++++ winMenu-20.1 SKIPPED: win
++++ winMenu-20.2 SKIPPED: win
++++ winMenu-20.3 SKIPPED: win
++++ winMenu-20.4 SKIPPED: win
++++ winMenu-20.5 SKIPPED: win
++++ winMenu-21.1 SKIPPED: win
++++ winMenu-22.1 SKIPPED: win
++++ winMenu-23.1 SKIPPED: win
++++ winMenu-24.1 SKIPPED: win
++++ winMenu-25.1 SKIPPED: win
++++ winMenu-25.2 SKIPPED: win
++++ winMenu-25.3 SKIPPED: win
++++ winMenu-26.1 SKIPPED: win
++++ winMenu-27.1 SKIPPED: win
++++ winMenu-28.1 SKIPPED: win
++++ winMenu-28.2 SKIPPED: win
++++ winMenu-29.1 SKIPPED: win
++++ winMenu-29.2 SKIPPED: win
++++ winMenu-29.3 SKIPPED: win
++++ winMenu-29.4 SKIPPED: win
++++ winMenu-29.5 SKIPPED: win
++++ winMenu-29.6 SKIPPED: win
++++ winMenu-29.7 SKIPPED: win
++++ winMenu-29.8 SKIPPED: win
++++ winMenu-29.9 SKIPPED: win
++++ winMenu-29.10 SKIPPED: win
++++ winMenu-29.11 SKIPPED: win
++++ winMenu-29.12 SKIPPED: win
++++ winMenu-29.13 SKIPPED: win
++++ winMenu-29.14 SKIPPED: win
++++ winMenu-29.15 SKIPPED: win
++++ winMenu-29.16 SKIPPED: win
++++ winMenu-29.17 SKIPPED: win
++++ winMenu-29.18 SKIPPED: win
++++ winMenu-29.19 SKIPPED: win
++++ winMenu-29.20 SKIPPED: win
++++ winMenu-29.21 SKIPPED: win
++++ winMenu-29.22 SKIPPED: win
++++ winMenu-30.1 SKIPPED: win
++++ winMenu-30.2 SKIPPED: win
++++ winMenu-30.3 SKIPPED: win
++++ winMenu-30.4 SKIPPED: win
++++ winMenu-31.1 SKIPPED: win
++++ winMenu-31.2 SKIPPED: win
++++ winMenu-32.1 SKIPPED: win
++++ winMenu-32.2 SKIPPED: win
++++ winMenu-32.3 SKIPPED: win
++++ winMenu-32.4 SKIPPED: win
++++ winMenu-32.5 SKIPPED: nonUnixUserInteraction
++++ winMenu-32.6 SKIPPED: win
++++ winMenu-32.7 SKIPPED: win
++++ winMenu-32.8 SKIPPED: win
++++ winMenu-32.9 SKIPPED: win
++++ winMenu-32.10 SKIPPED: win
++++ winMenu-32.11 SKIPPED: win
++++ winMenu-32.12 SKIPPED: win
++++ winMenu-32.13 SKIPPED: win
++++ winMenu-32.14 SKIPPED: win
---- winMenu-32.15 start
++++ winMenu-32.15 PASSED
++++ winMenu-32.16 SKIPPED: win
++++ winMenu-32.17 SKIPPED: win
++++ winMenu-32.18 SKIPPED: win
++++ winMenu-32.19 SKIPPED: win
++++ winMenu-33.1 SKIPPED: win
++++ winMenu-33.2 SKIPPED: win
++++ winMenu-34.1 SKIPPED: emptyTest
winMsgbox.test
++++ winMsgbox-1.1 SKIPPED: win
++++ winMsgbox-1.2 SKIPPED: win
++++ winMsgbox-1.3 SKIPPED: win
++++ winMsgbox-1.4 SKIPPED: win
++++ winMsgbox-1.5 SKIPPED: win
++++ winMsgbox-1.6 SKIPPED: win
++++ winMsgbox-1.7 SKIPPED: win
++++ winMsgbox-1.8 SKIPPED: win
++++ winMsgbox-1.9 SKIPPED: win
++++ winMsgbox-1.10 SKIPPED: win
++++ winMsgbox-1.11 SKIPPED: win
++++ winMsgbox-1.12 SKIPPED: win
++++ winMsgbox-1.13 SKIPPED: win
++++ winMsgbox-2.1 SKIPPED: win
++++ winMsgbox-2.2 SKIPPED: win
++++ winMsgbox-2.3 SKIPPED: win
++++ winMsgbox-2.4 SKIPPED: win
++++ winMsgbox-3.1 SKIPPED: win
++++ winMsgbox-3.2 SKIPPED: win
winSend.test
++++ winSend-1.1 SKIPPED: winSend
++++ winSend-1.2 SKIPPED: winSend
++++ winSend-1.3 SKIPPED: winSend
++++ winSend-1.4 SKIPPED: winSend
++++ winSend-1.5 SKIPPED: winSend
++++ winSend-1.6 SKIPPED: winSend
++++ winSend-2.1 SKIPPED: winSend
++++ winSend-2.1a SKIPPED: winSend
++++ winSend-2.1b SKIPPED: winSend
++++ winSend-2.1c SKIPPED: winSend
++++ winSend-2.1d SKIPPED: winSend
++++ winSend-2.2 SKIPPED: winSend
++++ winSend-2.3 SKIPPED: winSend
++++ winSend-2.4 SKIPPED: winSend
++++ winSend-2.5 SKIPPED: winSend
++++ winSend-2.6 SKIPPED: winSend
++++ winSend-2.7 SKIPPED: winSend
++++ winSend-3.1 SKIPPED: winSend
++++ winSend-4.1 SKIPPED: winSend
++++ winSend-4.2 SKIPPED: winSend
++++ winSend-5.1 SKIPPED: winSend
++++ winSend-5.2 SKIPPED: winSend
++++ winSend-6.1 SKIPPED: winSend
++++ winSend-6.2 SKIPPED: winSend
++++ winSend-6.3 SKIPPED: winSend
++++ winSend-6.4 SKIPPED: winSend
++++ winSend-6.5 SKIPPED: winSend
++++ winSend-6.6 SKIPPED: winSend
++++ winSend-6.7 SKIPPED: winSend
++++ winSend-6.8 SKIPPED: winSend
++++ winSend-7.1 SKIPPED: winSend
++++ winSend-8.1 SKIPPED: winSend
++++ winSend-9.1 SKIPPED: winSend
++++ winSend-10.1 SKIPPED: winSend
++++ winSend-10.2 SKIPPED: winSend
++++ winSend-10.3 SKIPPED: winSend
++++ winSend-10.4 SKIPPED: winSend
++++ winSend-10.5 SKIPPED: winSend
++++ winSend-10.6 SKIPPED: winSend
++++ winSend-10.7 SKIPPED: winSend
++++ winSend-10.8 SKIPPED: winSend
++++ winSend-10.9 SKIPPED: winSend
++++ winSend-10.10 SKIPPED: winSend
++++ winSend-10.11 SKIPPED: winSend
++++ winSend-10.12 SKIPPED: winSend
++++ winSend-10.13 SKIPPED: winSend
++++ winSend-10.14 SKIPPED: winSend
++++ winSend-10.15 SKIPPED: winSend
++++ winSend-10.16 SKIPPED: winSend
++++ winSend-10.17 SKIPPED: winSend
++++ winSend-10.18 SKIPPED: winSend
winWm.test
++++ winWm-1.1 SKIPPED: win
++++ winWm-1.2 SKIPPED: win
++++ winWm-1.3 SKIPPED: win
++++ winWm-1.4 SKIPPED: win
++++ winWm-1.5 SKIPPED: win
++++ winWm-2.1 SKIPPED: win
++++ winWm-2.2 SKIPPED: win
++++ winWm-2.3 SKIPPED: win
++++ winWm-2.4 SKIPPED: win
++++ winWm-3.1 SKIPPED: win
++++ winWm-4.1 SKIPPED: win
++++ winWm-5.1 SKIPPED: win
++++ winWm-5.2 SKIPPED: win
++++ winWm-6.1 SKIPPED: win
++++ winWm-6.2 SKIPPED: win
++++ winWm-6.3 SKIPPED: win
++++ winWm-6.4 SKIPPED: win
++++ winWm-6.5 SKIPPED: win
++++ winWm-6.6 SKIPPED: win
++++ winWm-6.7 SKIPPED: win
++++ winWm-6.8 SKIPPED: win
++++ winWm-7.1 SKIPPED: win
++++ winWm-7.2 SKIPPED: win
++++ winWm-7.3 SKIPPED: win
++++ winWm-7.4 SKIPPED: win
++++ winWm-8.1 SKIPPED: win
++++ winWm-8.2 SKIPPED: win
++++ winWm-9.0 SKIPPED: win
++++ winWm-9.1 SKIPPED: win
---- winWm-9.2 start
++++ winWm-9.2 PASSED
window.test
---- window-1.1 start
++++ window-1.1 PASSED
---- window-2.1 start
++++ window-2.1 PASSED
---- window-2.2 start
++++ window-2.2 PASSED
---- window-2.3 start
++++ window-2.3 PASSED
---- window-2.4 start
++++ window-2.4 PASSED
---- window-2.5 start
++++ window-2.5 PASSED
---- window-2.6 start
++++ window-2.6 PASSED
---- window-2.7 start
++++ window-2.7 PASSED
---- window-2.8 start
++++ window-2.8 PASSED
---- window-2.9 start
++++ window-2.9 PASSED
---- window-2.10 start
++++ window-2.10 PASSED
---- window-2.11 start
++++ window-2.11 PASSED
---- window-2.12 start
++++ window-2.12 PASSED
++++ window-3.1 SKIPPED: testmenubar
++++ window-3.2 SKIPPED: testmenubar
++++ window-4.1 SKIPPED: testmenubar
++++ window-4.2 SKIPPED: testmenubar
++++ window-5.1 SKIPPED: testmenubar
winfo.test
---- winfo-1.1 start
++++ winfo-1.1 PASSED
---- winfo-1.2 start
++++ winfo-1.2 PASSED
---- winfo-1.3 start
++++ winfo-1.3 PASSED
---- winfo-1.4 start
++++ winfo-1.4 PASSED
---- winfo-1.5 start
++++ winfo-1.5 PASSED
---- winfo-1.6 start
++++ winfo-1.6 PASSED
---- winfo-2.1 start
++++ winfo-2.1 PASSED
---- winfo-2.2 start
++++ winfo-2.2 PASSED
---- winfo-2.3 start
++++ winfo-2.3 PASSED
---- winfo-2.4 start
++++ winfo-2.4 PASSED
---- winfo-2.5 start
++++ winfo-2.5 PASSED
---- winfo-2.6 start
++++ winfo-2.6 PASSED
---- winfo-2.7 start
++++ winfo-2.7 PASSED
++++ winfo-3.1 SKIPPED: defaultPseudocolor8
++++ winfo-3.2 SKIPPED: defaultPseudocolor8
++++ winfo-3.3 SKIPPED: defaultPseudocolor8
++++ winfo-3.4 SKIPPED: defaultPseudocolor8
---- winfo-4.1 start
++++ winfo-4.1 PASSED
---- winfo-4.2 start
++++ winfo-4.2 PASSED
---- winfo-4.3 start
++++ winfo-4.3 PASSED
---- winfo-4.4 start
++++ winfo-4.4 PASSED
---- winfo-4.5 start
++++ winfo-4.5 PASSED
++++ winfo-4.6 SKIPPED: nonPortable
---- winfo-4.7 start
++++ winfo-4.7 PASSED
---- winfo-5.1 start
++++ winfo-5.1 PASSED
---- winfo-5.2 start
++++ winfo-5.2 PASSED
---- winfo-5.3 start
++++ winfo-5.3 PASSED
---- winfo-5.4 start
++++ winfo-5.4 PASSED
---- winfo-5.5 start
++++ winfo-5.5 PASSED
---- winfo-6.1 start
++++ winfo-6.1 PASSED
---- winfo-6.2 start
++++ winfo-6.2 PASSED
---- winfo-6.3 start
++++ winfo-6.3 PASSED
---- winfo-6.4 start
++++ winfo-6.4 PASSED
---- winfo-6.5 start
++++ winfo-6.5 PASSED
---- winfo-7.1 start
++++ winfo-7.1 PASSED
---- winfo-7.2 start
++++ winfo-7.2 PASSED
---- winfo-7.3 start
++++ winfo-7.3 PASSED
---- winfo-7.4 start
++++ winfo-7.4 PASSED
---- winfo-7.5 start
++++ winfo-7.5 PASSED
---- winfo-7.6 start
++++ winfo-7.6 PASSED
---- winfo-7.7 start
++++ winfo-7.7 PASSED
++++ winfo-7.8 SKIPPED: testwrapper
---- winfo-8.1 start
++++ winfo-8.1 PASSED
---- winfo-8.2 start
++++ winfo-8.2 PASSED
---- winfo-8.3 start
++++ winfo-8.3 PASSED
---- winfo-9.1 start
++++ winfo-9.1 PASSED
---- winfo-9.2 start
++++ winfo-9.2 PASSED
---- winfo-9.3 start
++++ winfo-9.3 PASSED
---- winfo-9.4 start
++++ winfo-9.4 PASSED
---- winfo-9.5 start
++++ winfo-9.5 PASSED
---- winfo-9.6 start
++++ winfo-9.6 PASSED
---- winfo-9.7 start
++++ winfo-9.7 PASSED
---- winfo-10.1 start
++++ winfo-10.1 PASSED
---- winfo-10.2 start
++++ winfo-10.2 PASSED
---- winfo-10.3 start
++++ winfo-10.3 PASSED
---- winfo-11.1 start
++++ winfo-11.1 PASSED
---- winfo-11.2 start
++++ winfo-11.2 PASSED
---- winfo-11.3 start
++++ winfo-11.3 PASSED
---- winfo-11.4 start
++++ winfo-11.4 PASSED
---- winfo-11.5 start
++++ winfo-11.5 PASSED
---- winfo-11.6 start
++++ winfo-11.6 PASSED
---- winfo-12.1 start
++++ winfo-12.1 PASSED
---- winfo-12.2 start
++++ winfo-12.2 PASSED
---- winfo-13.1 start
++++ winfo-13.1 PASSED
---- winfo-13.2 start
++++ winfo-13.2 PASSED
---- winfo-13.3 start
++++ winfo-13.3 PASSED
---- winfo-13.4 start
++++ winfo-13.4 PASSED
---- winfo-14.1 start
++++ winfo-14.1 PASSED
---- winfo-14.2 start
++++ winfo-14.2 PASSED
---- winfo-14.3 start
++++ winfo-14.3 PASSED
---- winfo-14.4 start
++++ winfo-14.4 PASSED
wm.test
---- wm-1.1 start
++++ wm-1.1 PASSED
---- wm-1.2 start
++++ wm-1.2 PASSED
---- wm-1.3 start
++++ wm-1.3 PASSED
---- wm-1.4 start
++++ wm-1.4 PASSED
---- wm-1.5 start
++++ wm-1.5 PASSED
---- wm-aspect-1.1 start
++++ wm-aspect-1.1 PASSED
---- wm-aspect-1.2 start
++++ wm-aspect-1.2 PASSED
---- wm-aspect-1.3 start
++++ wm-aspect-1.3 PASSED
---- wm-aspect-1.4 start
++++ wm-aspect-1.4 PASSED
---- wm-aspect-1.5 start
++++ wm-aspect-1.5 PASSED
---- wm-aspect-1.6 start
++++ wm-aspect-1.6 PASSED
---- wm-aspect-1.7 start
++++ wm-aspect-1.7 PASSED
---- wm-aspect-1.8 start
++++ wm-aspect-1.8 PASSED
---- wm-aspect-1.9 start
++++ wm-aspect-1.9 PASSED
---- wm-aspect-1.10 start
++++ wm-aspect-1.10 PASSED
---- wm-aspect-1.11 start
++++ wm-aspect-1.11 PASSED
---- wm-aspect-1.12 start
++++ wm-aspect-1.12 PASSED
---- wm-aspect-2.1 start
++++ wm-aspect-2.1 PASSED
---- wm-attributes-1.1 start
++++ wm-attributes-1.1 PASSED
++++ wm-attributes-1.2.1 SKIPPED: win
++++ wm-attributes-1.2.2 SKIPPED: win
++++ wm-attributes-1.2.3 SKIPPED: win
++++ wm-attributes-1.2.4 SKIPPED: notAqua
---- wm-attributes-1.2.5 start
++++ wm-attributes-1.2.5 PASSED
---- wm-client-1.1 start
++++ wm-client-1.1 PASSED
---- wm-client-1.2 start
++++ wm-client-1.2 PASSED
---- wm-client-2.1 start
++++ wm-client-2.1 PASSED
++++ wm-attributes-1.3.0 SKIPPED: win
++++ wm-attributes-1.3.1 SKIPPED: win
++++ wm-attributes-1.3.2 SKIPPED: win
++++ wm-attributes-1.3.3 SKIPPED: win
++++ wm-attributes-1.3.4 SKIPPED: win
++++ wm-attributes-1.3.5 SKIPPED: win
++++ wm-attributes-1.3.6 SKIPPED: win
++++ wm-attributes-1.3.7 SKIPPED: win
++++ wm-attributes-1.3.8 SKIPPED: win
++++ wm-attributes-1.3.9 SKIPPED: win
++++ wm-attributes-1.3.10 SKIPPED: win
++++ wm-attributes-1.3.11 SKIPPED: win
++++ wm-attributes-1.3.12 SKIPPED: win
++++ wm-attributes-1.4.0 SKIPPED: win
++++ wm-attributes-1.4.1 SKIPPED: win
++++ wm-attributes-1.5.0 SKIPPED: win
++++ wm-attributes-1.5.1 SKIPPED: win
++++ wm-attributes-1.5.2 SKIPPED: win
++++ wm-attributes-1.5.3 SKIPPED: win
++++ wm-attributes-1.5.4 SKIPPED: win
++++ wm-attributes-1.5.5 SKIPPED: win
---- wm-colormapwindows-1.1 start
++++ wm-colormapwindows-1.1 PASSED
---- wm-colormapwindows-1.2 start
++++ wm-colormapwindows-1.2 PASSED
---- wm-colormapwindows-1.3 start
++++ wm-colormapwindows-1.3 PASSED
---- wm-colormapwindows-1.4 start
++++ wm-colormapwindows-1.4 PASSED
---- wm-colormapwindows-2.1 start
++++ wm-colormapwindows-2.1 PASSED
---- wm-colormapwindows-2.2 start
++++ wm-colormapwindows-2.2 PASSED
---- wm-command-1.1 start
++++ wm-command-1.1 PASSED
---- wm-command-1.2 start
++++ wm-command-1.2 PASSED
---- wm-command-1.3 start
++++ wm-command-1.3 PASSED
---- wm-command-2.1 start
++++ wm-command-2.1 PASSED
---- wm-deiconify-1.1 start
++++ wm-deiconify-1.1 PASSED
---- wm-deiconify-1.2 start
++++ wm-deiconify-1.2 PASSED
---- wm-deiconify-1.3 start
++++ wm-deiconify-1.3 PASSED
---- wm-deiconify-1.4 start
++++ wm-deiconify-1.4 PASSED
++++ wm-deiconify-1.5 SKIPPED: win
---- wm-deiconify-1.6 start
++++ wm-deiconify-1.6 PASSED
---- wm-deiconify-2.1 start
++++ wm-deiconify-2.1 PASSED
---- wm-deiconify-2.2 start
++++ wm-deiconify-2.2 PASSED
---- wm-deiconify-2.3 start
++++ wm-deiconify-2.3 PASSED
---- wm-deiconify-2.4 start
++++ wm-deiconify-2.4 PASSED
---- wm-focusmodel-1.1 start
++++ wm-focusmodel-1.1 PASSED
---- wm-focusmodel-1.2 start
++++ wm-focusmodel-1.2 PASSED
---- wm-focusmodel-1.3 start
++++ wm-focusmodel-1.3 PASSED
---- wm-focusmodel-2.1 start
++++ wm-focusmodel-2.1 PASSED
---- wm-frame-1.1 start
++++ wm-frame-1.1 PASSED
---- wm-frame-1.2 start
++++ wm-frame-1.2 PASSED
---- wm-geometry-1.1 start
++++ wm-geometry-1.1 PASSED
---- wm-geometry-1.2 start
++++ wm-geometry-1.2 PASSED
---- wm-geometry-1.3 start
++++ wm-geometry-1.3 PASSED
---- wm-geometry-2.1 start
++++ wm-geometry-2.1 PASSED
---- wm-grid-1.1 start
++++ wm-grid-1.1 PASSED
---- wm-grid-1.2 start
++++ wm-grid-1.2 PASSED
---- wm-grid-1.3 start
++++ wm-grid-1.3 PASSED
---- wm-grid-1.4 start
++++ wm-grid-1.4 PASSED
---- wm-grid-1.5 start
++++ wm-grid-1.5 PASSED
---- wm-grid-1.6 start
++++ wm-grid-1.6 PASSED
---- wm-grid-1.7 start
++++ wm-grid-1.7 PASSED
---- wm-grid-1.8 start
++++ wm-grid-1.8 PASSED
---- wm-grid-1.9 start
++++ wm-grid-1.9 PASSED
---- wm-grid-1.10 start
++++ wm-grid-1.10 PASSED
---- wm-grid-1.11 start
++++ wm-grid-1.11 PASSED
---- wm-grid-1.12 start
++++ wm-grid-1.12 PASSED
---- wm-grid-2.1 start
++++ wm-grid-2.1 PASSED
---- wm-group-1.1 start
++++ wm-group-1.1 PASSED
---- wm-group-1.2 start
++++ wm-group-1.2 PASSED
---- wm-group-1.3 start
++++ wm-group-1.3 PASSED
---- wm-group-2.1 start
++++ wm-group-2.1 PASSED
---- wm-iconbadge-1.1 start
++++ wm-iconbadge-1.1 PASSED
---- wm-iconbadge-1.2 start
++++ wm-iconbadge-1.2 PASSED
++++ wm-iconbadge-1.3 SKIPPED: x11
++++ wm-iconbadge-1.4 SKIPPED: x11
---- wm-iconbadge-1.5 start
++++ wm-iconbadge-1.5 PASSED
---- wm-iconbadge-1.6 start
++++ wm-iconbadge-1.6 PASSED
---- wm-iconbadge-1.7 start
++++ wm-iconbadge-1.7 PASSED
---- wm-iconbadge-1.8 start
++++ wm-iconbadge-1.8 PASSED
---- wm-iconbitmap-1.1 start
++++ wm-iconbitmap-1.1 PASSED
---- wm-iconbitmap-1.2.1 start
++++ wm-iconbitmap-1.2.1 PASSED
++++ wm-iconbitmap-1.2.2 SKIPPED: win
++++ wm-iconbitmap-1.3 SKIPPED: win
---- wm-iconbitmap-1.4 start
++++ wm-iconbitmap-1.4 PASSED
---- wm-iconbitmap-2.1 start
++++ wm-iconbitmap-2.1 PASSED
---- wm-iconify-1.1 start
++++ wm-iconify-1.1 PASSED
---- wm-iconify-1.2 start
++++ wm-iconify-1.2 PASSED
---- wm-iconify-2.1 start
++++ wm-iconify-2.1 PASSED
---- wm-iconify-2.2 start
++++ wm-iconify-2.2 PASSED
---- wm-iconify-2.3 start
++++ wm-iconify-2.3 PASSED
++++ wm-iconify-2.4.1 SKIPPED: win
---- wm-iconify-2.4.2 start
++++ wm-iconify-2.4.2 PASSED
---- wm-iconify-3.1 start
++++ wm-iconify-3.1 PASSED
---- wm-iconmask-1.1 start
++++ wm-iconmask-1.1 PASSED
---- wm-iconmask-1.2 start
++++ wm-iconmask-1.2 PASSED
---- wm-iconmask-1.3 start
++++ wm-iconmask-1.3 PASSED
---- wm-iconmask-2.1 start
++++ wm-iconmask-2.1 PASSED
---- wm-iconname-1.1 start
++++ wm-iconname-1.1 PASSED
---- wm-iconname-1.2 start
++++ wm-iconname-1.2 PASSED
---- wm-iconname-2.1 start
++++ wm-iconname-2.1 PASSED
---- wm-iconphoto-1.1 start
++++ wm-iconphoto-1.1 PASSED
---- wm-iconphoto-1.2 start
++++ wm-iconphoto-1.2 PASSED
---- wm-iconphoto-1.3 start
++++ wm-iconphoto-1.3 PASSED
---- wm-iconphoto-1.4 start
++++ wm-iconphoto-1.4 PASSED
---- wm-iconphoto-1.5.1 start
++++ wm-iconphoto-1.5.1 PASSED
++++ wm-iconphoto-1.5.2 SKIPPED: x11
---- wm-iconposition-1.1 start
++++ wm-iconposition-1.1 PASSED
---- wm-iconposition-1.2 start
++++ wm-iconposition-1.2 PASSED
---- wm-iconposition-1.3 start
++++ wm-iconposition-1.3 PASSED
---- wm-iconposition-1.4 start
++++ wm-iconposition-1.4 PASSED
---- wm-iconposition-1.5 start
++++ wm-iconposition-1.5 PASSED
---- wm-iconposition-2.1 start
++++ wm-iconposition-2.1 PASSED
---- wm-iconwindow-1.1 start
++++ wm-iconwindow-1.1 PASSED
---- wm-iconwindow-1.2 start
++++ wm-iconwindow-1.2 PASSED
---- wm-iconwindow-1.3 start
++++ wm-iconwindow-1.3 PASSED
---- wm-iconwindow-1.4 start
++++ wm-iconwindow-1.4 PASSED
---- wm-iconwindow-1.5 start
++++ wm-iconwindow-1.5 PASSED
---- wm-iconwindow-2.1 start
++++ wm-iconwindow-2.1 PASSED
---- wm-maxsize-1.1 start
++++ wm-maxsize-1.1 PASSED
---- wm-maxsize-1.2 start
++++ wm-maxsize-1.2 PASSED
---- wm-maxsize-1.3 start
++++ wm-maxsize-1.3 PASSED
---- wm-maxsize-1.4 start
++++ wm-maxsize-1.4 PASSED
---- wm-maxsize-1.5 start
++++ wm-maxsize-1.5 PASSED
---- wm-maxsize-1.6 start
++++ wm-maxsize-1.6 PASSED
---- wm-maxsize-1.7 start


==== wm-maxsize-1.7 maxsize must be <= screen size FAILED
==== Contents of test case:

    toplevel .t
    lassign [wm maxsize .t] t_width t_height
    set s_width [winfo screenwidth .t]
    set s_height [winfo screenheight .t]
    expr {($t_width <= $s_width) && ($t_height <= $s_height)}

---- Result was:
0
---- Result should have been (exact matching):
1
==== wm-maxsize-1.7 FAILED

---- wm-maxsize-2.1 start
++++ wm-maxsize-2.1 PASSED
---- wm-maxsize-2.2 start
++++ wm-maxsize-2.2 PASSED
---- wm-maxsize-2.3 start
++++ wm-maxsize-2.3 PASSED
---- wm-maxsize-2.4 start
++++ wm-maxsize-2.4 PASSED
---- wm-maxsize-2.5 start
++++ wm-maxsize-2.5 PASSED
---- wm-minsize-1.1 start
++++ wm-minsize-1.1 PASSED
---- wm-minsize-1.2 start
++++ wm-minsize-1.2 PASSED
---- wm-minsize-1.3 start
++++ wm-minsize-1.3 PASSED
---- wm-minsize-1.4 start
++++ wm-minsize-1.4 PASSED
---- wm-minsize-1.5 start
++++ wm-minsize-1.5 PASSED
---- wm-minsize-1.6 start
++++ wm-minsize-1.6 PASSED
---- wm-minsize-2.1 start
++++ wm-minsize-2.1 PASSED
---- wm-minsize-2.2 start
++++ wm-minsize-2.2 PASSED
---- wm-minsize-2.3 start
++++ wm-minsize-2.3 PASSED
---- wm-minsize-2.4 start
++++ wm-minsize-2.4 PASSED
---- wm-minsize-2.5 start
++++ wm-minsize-2.5 PASSED
---- wm-overrideredirect-1.1 start
++++ wm-overrideredirect-1.1 PASSED
---- wm-overrideredirect-1.2 start
++++ wm-overrideredirect-1.2 PASSED
---- wm-overrideredirect-1.3 start
++++ wm-overrideredirect-1.3 PASSED
---- wm-overrideredirect-2.1 start
++++ wm-overrideredirect-2.1 PASSED
---- wm-positionfrom-1.1 start
++++ wm-positionfrom-1.1 PASSED
---- wm-positionfrom-1.2 start
++++ wm-positionfrom-1.2 PASSED
---- wm-positionfrom-1.3 start
++++ wm-positionfrom-1.3 PASSED
---- wm-positionfrom-2.1 start
++++ wm-positionfrom-2.1 PASSED
---- wm-protocol-1.1 start
++++ wm-protocol-1.1 PASSED
---- wm-protocol-1.2 start
++++ wm-protocol-1.2 PASSED
---- wm-protocol-2.1 start
++++ wm-protocol-2.1 PASSED
---- wm-protocol-2.2 start
++++ wm-protocol-2.2 PASSED
---- wm-protocol-2.3 start
++++ wm-protocol-2.3 PASSED
---- wm-resizable-1.1 start
++++ wm-resizable-1.1 PASSED
---- wm-resizable-1.2 start
++++ wm-resizable-1.2 PASSED
---- wm-resizable-1.3 start
++++ wm-resizable-1.3 PASSED
---- wm-resizable-1.4 start
++++ wm-resizable-1.4 PASSED
---- wm-resizable-1.5 start
++++ wm-resizable-1.5 PASSED
---- wm-resizable-2.1 start
++++ wm-resizable-2.1 PASSED
---- wm-sizefrom-1.1 start
++++ wm-sizefrom-1.1 PASSED
---- wm-sizefrom-1.2 start
++++ wm-sizefrom-1.2 PASSED
---- wm-sizefrom-1.4 start
++++ wm-sizefrom-1.4 PASSED
---- wm-sizefrom-2.1 start
++++ wm-sizefrom-2.1 PASSED
---- wm-stackorder-1.1 start
++++ wm-stackorder-1.1 PASSED
---- wm-stackorder-1.2 start
++++ wm-stackorder-1.2 PASSED
---- wm-stackorder-1.3 start
++++ wm-stackorder-1.3 PASSED
---- wm-stackorder-1.4 start
++++ wm-stackorder-1.4 PASSED
---- wm-stackorder-1.5 start
++++ wm-stackorder-1.5 PASSED
---- wm-stackorder-1.6 start
++++ wm-stackorder-1.6 PASSED
---- wm-stackorder-1.7 start
++++ wm-stackorder-1.7 PASSED
---- wm-stackorder-1.8 start
++++ wm-stackorder-1.8 PASSED
---- wm-stackorder-1.9 start
++++ wm-stackorder-1.9 PASSED
---- wm-stackorder-1.10 start
++++ wm-stackorder-1.10 PASSED
---- wm-stackorder-1.11 start
++++ wm-stackorder-1.11 PASSED
---- wm-stackorder-2.1 start
++++ wm-stackorder-2.1 PASSED
---- wm-stackorder-2.2 start
++++ wm-stackorder-2.2 PASSED
---- wm-stackorder-2.3 start
++++ wm-stackorder-2.3 PASSED
---- wm-stackorder-2.4 start
++++ wm-stackorder-2.4 PASSED
---- wm-stackorder-2.5 start
++++ wm-stackorder-2.5 PASSED
---- wm-stackorder-2.6 start
++++ wm-stackorder-2.6 PASSED
---- wm-stackorder-2.7 start
++++ wm-stackorder-2.7 PASSED
---- wm-stackorder-3.1 start
++++ wm-stackorder-3.1 PASSED
---- wm-stackorder-3.2 start
++++ wm-stackorder-3.2 PASSED
---- wm-stackorder-3.3 start
++++ wm-stackorder-3.3 PASSED
---- wm-stackorder-3.4 start
++++ wm-stackorder-3.4 PASSED
---- wm-stackorder-3.5 start
++++ wm-stackorder-3.5 PASSED
---- wm-stackorder-3.6 start
++++ wm-stackorder-3.6 PASSED
---- wm-stackorder-3.7 start
++++ wm-stackorder-3.7 PASSED
---- wm-stackorder-3.8 start
++++ wm-stackorder-3.8 PASSED
---- wm-stackorder-4.1 start
++++ wm-stackorder-4.1 PASSED
---- wm-stackorder-4.2 start
++++ wm-stackorder-4.2 PASSED
---- wm-stackorder-4.3 start
++++ wm-stackorder-4.3 PASSED
---- wm-stackorder-4.4 start
++++ wm-stackorder-4.4 PASSED
---- wm-stackorder-5.1 start
++++ wm-stackorder-5.1 PASSED
++++ wm-stackorder-5.2 SKIPPED: x11
---- wm-stackorder-5.2.1 start
++++ wm-stackorder-5.2.1 PASSED
---- wm-stackorder-5.3 start
++++ wm-stackorder-5.3 PASSED
---- wm-stackorder-6.1 start
++++ wm-stackorder-6.1 PASSED
---- wm-title-1.1 start
++++ wm-title-1.1 PASSED
---- wm-title-1.2 start
++++ wm-title-1.2 PASSED
---- wm-title-2.1 start
++++ wm-title-2.1 PASSED
---- wm-transient-1.1 start
++++ wm-transient-1.1 PASSED
---- wm-transient-1.2 start
++++ wm-transient-1.2 PASSED
---- wm-transient-1.3 start
++++ wm-transient-1.3 PASSED
---- wm-transient-1.4 start
++++ wm-transient-1.4 PASSED
---- wm-transient-1.5 start
++++ wm-transient-1.5 PASSED
---- wm-transient-1.6 start
++++ wm-transient-1.6 PASSED
---- wm-transient-1.7 start
++++ wm-transient-1.7 PASSED
---- wm-transient-1.8 start
++++ wm-transient-1.8 PASSED
---- wm-transient-1.9 start
++++ wm-transient-1.9 PASSED
---- wm-transient-2.1 start
++++ wm-transient-2.1 PASSED
---- wm-transient-2.2 start
++++ wm-transient-2.2 PASSED
---- wm-transient-3.1 start
++++ wm-transient-3.1 PASSED
---- wm-transient-3.2 start
++++ wm-transient-3.2 PASSED
---- wm-transient-3.3 start
++++ wm-transient-3.3 PASSED
---- wm-transient-4.1 start
++++ wm-transient-4.1 PASSED
---- wm-transient-4.2 start
++++ wm-transient-4.2 PASSED
---- wm-transient-4.3 start
++++ wm-transient-4.3 PASSED
---- wm-transient-5.1 start
++++ wm-transient-5.1 PASSED
---- wm-transient-5.2 start
++++ wm-transient-5.2 PASSED
---- wm-transient-5.3 start
++++ wm-transient-5.3 PASSED
---- wm-transient-6.1 start
++++ wm-transient-6.1 PASSED
---- wm-transient-6.2 start
++++ wm-transient-6.2 PASSED
---- wm-transient-6.3 start
++++ wm-transient-6.3 PASSED
---- wm-transient-7.1 start
++++ wm-transient-7.1 PASSED
---- wm-transient-7.2 start
++++ wm-transient-7.2 PASSED
---- wm-transient-7.3 start
++++ wm-transient-7.3 PASSED
---- wm-transient-7.4 start
++++ wm-transient-7.4 PASSED
---- wm-transient-7.5 start
++++ wm-transient-7.5 PASSED
---- wm-transient-8.1 start
++++ wm-transient-8.1 PASSED
---- wm-state-1.1 start
++++ wm-state-1.1 PASSED
---- wm-state-1.2 start
++++ wm-state-1.2 PASSED
---- wm-state-2.1 start
++++ wm-state-2.1 PASSED
---- wm-state-2.2 start
++++ wm-state-2.2 PASSED
---- wm-state-2.3 start
++++ wm-state-2.3 PASSED
---- wm-state-2.4 start
++++ wm-state-2.4 PASSED
---- wm-state-2.5 start
++++ wm-state-2.5 PASSED
---- wm-state-2.6 start
++++ wm-state-2.6 PASSED
---- wm-state-2.7 start
++++ wm-state-2.7 PASSED
---- wm-state-2.8 start
++++ wm-state-2.8 PASSED
---- wm-state-2.9 start
++++ wm-state-2.9 PASSED
---- wm-state-2.10 start
++++ wm-state-2.10 PASSED
---- wm-state-2.11 start
++++ wm-state-2.11 PASSED
---- wm-state-2.12 start
++++ wm-state-2.12 PASSED
---- wm-state-2.13 start
++++ wm-state-2.13 PASSED
---- wm-state-2.14 start
++++ wm-state-2.14 PASSED
---- wm-state-2.15 start
++++ wm-state-2.15 PASSED
---- wm-state-2.16 start
++++ wm-state-2.16 PASSED
---- wm-state-2.17 start
++++ wm-state-2.17 PASSED
++++ wm-state-2.18 SKIPPED: win
---- wm-withdraw-1.1 start
++++ wm-withdraw-1.1 PASSED
---- wm-withdraw-1.2 start
++++ wm-withdraw-1.2 PASSED
---- wm-withdraw-2.1 start
++++ wm-withdraw-2.1 PASSED
---- wm-withdraw-3.1 start
++++ wm-withdraw-3.1 PASSED
++++ wm-deletion-epoch-1.1 SKIPPED: altDisplay
---- wm-manage-1.1 start
++++ wm-manage-1.1 PASSED
---- wm-manage-1.2 start
++++ wm-manage-1.2 PASSED
---- wm-manage-1.3 start
++++ wm-manage-1.3 PASSED
---- wm-manage-1.4 start
++++ wm-manage-1.4 PASSED
---- wm-manage-1.5 start
++++ wm-manage-1.5 PASSED
---- wm-manage-1.6 start
++++ wm-manage-1.6 PASSED
---- wm-manage-1.7 start
++++ wm-manage-1.7 PASSED
---- wm-manage-1.8 start
++++ wm-manage-1.8 PASSED
---- wm-forget-1.1 start
++++ wm-forget-1.1 PASSED
---- wm-forget-1.2 start
++++ wm-forget-1.2 PASSED
---- wm-forget-1.3 start
++++ wm-forget-1.3 PASSED
---- wm-forget-1.4 start
++++ wm-forget-1.4 PASSED
---- wm-forget-2 start
++++ wm-forget-2 PASSED
xmfbox.test
---- xmfbox-1.1 start
++++ xmfbox-1.1 PASSED
---- xmfbox-1.2 start
++++ xmfbox-1.2 PASSED
---- xmfbox-2.1 start
++++ xmfbox-2.1 PASSED
---- xmfbox-2.2 start
++++ xmfbox-2.2 PASSED
---- xmfbox-2.3 start
++++ xmfbox-2.3 PASSED
---- xmfbox-2.4 start
++++ xmfbox-2.4 PASSED
---- xmfbox-2.5 start
++++ xmfbox-2.5 PASSED
---- xmfbox-2.6 start
++++ xmfbox-2.6 PASSED

Tests ended at Sun Mar 16 09:46:05 CDT 2025
all.tcl:	Total	10018	Passed	8811	Skipped	1206	Failed	1
Sourced 96 Test Files.
Files with failing tests: wm.test
Number of tests skipped for each constraint:
	11	altDisplay
	10	aquaKnownBug
	1	cliboardManagerPresent
	16	colorsFree
	21	defaultPseudocolor8
	10	emptyTest
	126	fonts
	2	haveDISPLAY
	5	haveOtherVisual
	1	havePseudocolorVisual
	8	knownBug
	1	memory
	95	nonPortable
	107	nonUnixUserInteraction
	58	notAqua
	62	nt
	5	pseudocolor8
	10	scriptImpl
	21	testmenubar
	11	testmetrics
	54	testsend
	7	testwinevent
	54	testwrapper
	1	userInteraction
	1	utfcompat
	342	win
	51	winSend
	115	x11
DYLD_FRAMEWORK_PATH="`pwd`:/Users/culler/projects/TclTk/build/tcl/Deployment:${DYLD_FRAMEWORK_PATH}"; export DYLD_FRAMEWORK_PATH; TCL_LIBRARY=/Users/culler/projects/TclTk/tcl9.1/library; export TCL_LIBRARY; TK_LIBRARY=/Users/culler/projects/TclTk/tk9.1/library; export TK_LIBRARY; ./tktest /Users/culler/projects/TclTk/tk9.1/unix/../tests/ttk/all.tcl -geometry +0+0 \
	-verbose bpest
Tests running in interp:  /Users/culler/projects/TclTk/build/tk/Deployment/tktest
Tests located in:  /Users/culler/projects/TclTk/tk9.1/tests/ttk
Tests running in:  /Users/culler/projects/TclTk/build/tk/Deployment
Temporary files stored in /Users/culler/projects/TclTk/build/tk/Deployment
Test files sourced into current interpreter
Running tests that match:  *
Skipping test files that match:  l.*.test
Only running test files that match:  *.test
Tests began at Sun Mar 16 09:46:06 CDT 2025
checkbutton.test
---- checkbutton-1.1 start
++++ checkbutton-1.1 PASSED
---- checkbutton-1.2 start
++++ checkbutton-1.2 PASSED
---- checkbutton-1.3 start
++++ checkbutton-1.3 PASSED
---- checkbutton-1.4 start
++++ checkbutton-1.4 PASSED
---- checkbutton-1.5 start
++++ checkbutton-1.5 PASSED
---- checkbutton-1.6 start
++++ checkbutton-1.6 PASSED
---- checkbutton-1.7 start
++++ checkbutton-1.7 PASSED
---- checkbutton-1.8 start
++++ checkbutton-1.8 PASSED
---- checkbutton-2.1 start
++++ checkbutton-2.1 PASSED
---- checkbutton-2.2 start
++++ checkbutton-2.2 PASSED
combobox.test
---- combobox-1.0 start
++++ combobox-1.0 PASSED
---- combobox-1.1 start
++++ combobox-1.1 PASSED
---- combobox-1.end start
++++ combobox-1.end PASSED
---- combobox-2.0 start
++++ combobox-2.0 PASSED
---- combobox-2.1 start
++++ combobox-2.1 PASSED
---- combobox-2.2 start
++++ combobox-2.2 PASSED
---- combobox-2.3 start
++++ combobox-2.3 PASSED
---- combobox-2.4 start
++++ combobox-2.4 PASSED
---- combobox-2.5 start
++++ combobox-2.5 PASSED
---- combobox-2.6 start
++++ combobox-2.6 PASSED
---- combobox-2.7 start
++++ combobox-2.7 PASSED
---- combobox-2.8 start
++++ combobox-2.8 PASSED
---- combobox-2.end start
++++ combobox-2.end PASSED
---- combobox-3 start
++++ combobox-3 PASSED
++++ combobox-1890211 SKIPPED: notAqua
---- combobox-4.1 start
++++ combobox-4.1 PASSED
---- combobox-4.2 start
++++ combobox-4.2 PASSED
entry.test
---- entry-1.1 start
++++ entry-1.1 PASSED
---- entry-1.2 start
++++ entry-1.2 PASSED
---- entry-1.3 start
++++ entry-1.3 PASSED
---- entry-1.4 start
++++ entry-1.4 PASSED
---- entry-1.5 start
++++ entry-1.5 PASSED
---- entry-1.6 start
++++ entry-1.6 PASSED
---- entry-1.7 start
++++ entry-1.7 PASSED
---- entry-1.8 start
++++ entry-1.8 PASSED
---- entry-1.done start
++++ entry-1.done PASSED
---- entry-2.1 start
++++ entry-2.1 PASSED
---- entry-2.1.1 start
++++ entry-2.1.1 PASSED
---- entry-2.2 start
++++ entry-2.2 PASSED
---- entry-3.0 start
++++ entry-3.0 PASSED
---- entry-3.1 start
++++ entry-3.1 PASSED
---- entry-3.2 start
++++ entry-3.2 PASSED
---- entry-3.3 start
++++ entry-3.3 PASSED
---- entry-3.4 start
++++ entry-3.4 PASSED
---- entry-3.5 start
++++ entry-3.5 PASSED
---- entry-3.6 start
++++ entry-3.6 PASSED
---- entry-3.last start
++++ entry-3.last PASSED
---- entry-4.0 start
++++ entry-4.0 PASSED
---- entry-4.1 start
++++ entry-4.1 PASSED
---- entry-4.2 start
++++ entry-4.2 PASSED
---- entry-4.3 start
++++ entry-4.3 PASSED
---- entry-4.4 start
++++ entry-4.4 PASSED
---- entry-4.5 start
++++ entry-4.5 PASSED
---- entry-4.6 start
++++ entry-4.6 PASSED
---- entry-4.7 start
++++ entry-4.7 PASSED
---- entry-5.1 start
++++ entry-5.1 PASSED
---- entry-6.1 start
++++ entry-6.1 PASSED
---- entry-6.2 start
++++ entry-6.2 PASSED
---- entry-7.1 start
++++ entry-7.1 PASSED
---- entry-8.1 start
++++ entry-8.1 PASSED
---- entry-8.2 start
++++ entry-8.2 PASSED
---- entry-8.2a start
++++ entry-8.2a PASSED
---- entry-9.1 start
++++ entry-9.1 PASSED
---- entry-10.1 start
++++ entry-10.1 PASSED
---- entry-10.2 start
++++ entry-10.2 PASSED
---- entry-10.3 start
++++ entry-10.3 PASSED
---- entry-11.1 start
++++ entry-11.1 PASSED
---- entry-11.2 start
++++ entry-11.2 PASSED
---- entry-12.1 start
++++ entry-12.1 PASSED
---- entry-12.2 start
++++ entry-12.2 PASSED
image.test
---- image-1.1 start
++++ image-1.1 PASSED
---- image-1.2 start
++++ image-1.2 PASSED
---- image-2.0 start
++++ image-2.0 PASSED
---- image-2.1 start
++++ image-2.1 PASSED
---- image-2.2 start
++++ image-2.2 PASSED
labelframe.test
---- labelframe-1.0 start
++++ labelframe-1.0 PASSED
---- labelframe-2.1 start
++++ labelframe-2.1 PASSED
---- labelframe-2.2 start
++++ labelframe-2.2 PASSED
---- labelframe-2.3 start
++++ labelframe-2.3 PASSED
---- labelframe-2.4 start
++++ labelframe-2.4 PASSED
---- labelframe-3.1 start
++++ labelframe-3.1 PASSED
---- labelframe-3.2 start
++++ labelframe-3.2 PASSED
---- labelframe-3.3 start
++++ labelframe-3.3 PASSED
---- labelframe-3.4 start
++++ labelframe-3.4 PASSED
---- labelframe-3.5 start
++++ labelframe-3.5 PASSED
---- labelframe-3.6 start
++++ labelframe-3.6 PASSED
---- labelframe-4.1 start
++++ labelframe-4.1 PASSED
---- labelframe-4.2 start
++++ labelframe-4.2 PASSED
---- labelframe-4.3 start
++++ labelframe-4.3 PASSED
---- labelframe-4.4 start
++++ labelframe-4.4 PASSED
---- labelframe-4.5 start
++++ labelframe-4.5 PASSED
---- labelframe-4.6 start
++++ labelframe-4.6 PASSED
---- labelframe-5.0 start
++++ labelframe-5.0 PASSED
---- labelframe-6.1 start
++++ labelframe-6.1 PASSED
---- labelframe-7.1 start
++++ labelframe-7.1 PASSED
---- labelframe-7.2 start
++++ labelframe-7.2 PASSED
layout.test
---- layout-1.1 start
++++ layout-1.1 PASSED
---- layout-2 start
++++ layout-2 PASSED
notebook.test
---- notebook-1.0 start
++++ notebook-1.0 PASSED
---- notebook-1.1 start
++++ notebook-1.1 PASSED
---- notebook-1.3 start
++++ notebook-1.3 PASSED
---- notebook-1.4 start
++++ notebook-1.4 PASSED
---- notebook-2.0 start
++++ notebook-2.0 PASSED
---- notebook-2.1 start
++++ notebook-2.1 PASSED
---- notebook-2.2 start
++++ notebook-2.2 PASSED
---- notebook-2.3 start
++++ notebook-2.3 PASSED
---- notebook-2.4 start
++++ notebook-2.4 PASSED
---- notebook-2.5 start
++++ notebook-2.5 PASSED
---- notebook-4.1 start
++++ notebook-4.1 PASSED
---- notebook-4.2 start
++++ notebook-4.2 PASSED
---- notebook-4.3 start
++++ notebook-4.3 PASSED
---- notebook-4.4 start
++++ notebook-4.4 PASSED
---- notebook-4.end start
++++ notebook-4.end PASSED
---- notebook-5.1 start
++++ notebook-5.1 PASSED
---- notebook-5.2 start
++++ notebook-5.2 PASSED
---- notebook-5.3 start
++++ notebook-5.3 PASSED
---- notebook-5.4 start
++++ notebook-5.4 PASSED
---- notebook-5.end start
++++ notebook-5.end PASSED
---- notebook-6.0 start
++++ notebook-6.0 PASSED
---- notebook-6.1 start
++++ notebook-6.1 PASSED
---- notebook-6.2 start
++++ notebook-6.2 PASSED
---- notebook-6.3 start
++++ notebook-6.3 PASSED
---- notebook-6.4 start
++++ notebook-6.4 PASSED
---- notebook-6.5 start
++++ notebook-6.5 PASSED
---- notebook-6.6 start
++++ notebook-6.6 PASSED
---- notebook-6.7 start
++++ notebook-6.7 PASSED
---- notebook-6.8 start
++++ notebook-6.8 PASSED
---- notebook-6.9 start
++++ notebook-6.9 PASSED
---- notebook-6.10 start
++++ notebook-6.10 PASSED
---- notebook-6.11 start
++++ notebook-6.11 PASSED
---- notebook-6.12 start
++++ notebook-6.12 PASSED
---- notebook-7.0 start
++++ notebook-7.0 PASSED
---- notebook-7.1 start
++++ notebook-7.1 PASSED
---- notebook-7.2 start
++++ notebook-7.2 PASSED
---- notebook-7.3 start
++++ notebook-7.3 PASSED
---- notebook-7.4 start
++++ notebook-7.4 PASSED
---- notebook-7.5 start
++++ notebook-7.5 PASSED
---- notebook-7.6 start
++++ notebook-7.6 PASSED
---- notebook-7.7a start
++++ notebook-7.7a PASSED
---- notebook-7.7b start
++++ notebook-7.7b PASSED
---- notebook-7.7c start
++++ notebook-7.7c PASSED
---- notebook-7.7d start
++++ notebook-7.7d PASSED
---- notebook-7.8a start
++++ notebook-7.8a PASSED
---- notebook-7.8b start
++++ notebook-7.8b PASSED
---- notebook-7.end start
++++ notebook-7.end PASSED
---- notebook-1817596-1 start
++++ notebook-1817596-1 PASSED
---- notebook-1817596-2 start
++++ notebook-1817596-2 PASSED
---- notebook-1817596-3 start
++++ notebook-1817596-3 PASSED
---- notebook-readd-1 start
++++ notebook-readd-1 PASSED
---- notebook-readd-2 start
++++ notebook-readd-2 PASSED
---- notebook-readd-3 start
++++ notebook-readd-3 PASSED
---- notebook-1343984-1 start
++++ notebook-1343984-1 PASSED
---- notebook-1343984-2 start
++++ notebook-1343984-2 PASSED
---- notebook-198376af5a start
++++ notebook-198376af5a PASSED
---- notebook-8.1 start
++++ notebook-8.1 PASSED
---- notebook-8.2 start
++++ notebook-8.2 PASSED
---- notebook-9.1 start
++++ notebook-9.1 PASSED
---- notebook-9.2 start
++++ notebook-9.2 PASSED
panedwindow.test
---- panedwindow-1.0 start
++++ panedwindow-1.0 PASSED
---- panedwindow-1.0.1 start
++++ panedwindow-1.0.1 PASSED
---- panedwindow-1.0.2 start
++++ panedwindow-1.0.2 PASSED
---- panedwindow-1.0.3 start
++++ panedwindow-1.0.3 PASSED
---- panedwindow-1.0.4 start
++++ panedwindow-1.0.4 PASSED
---- panedwindow-1.1 start
++++ panedwindow-1.1 PASSED
---- panedwindow-1.2 start
++++ panedwindow-1.2 PASSED
---- panedwindow-1.3 start
++++ panedwindow-1.3 PASSED
---- panedwindow-1.4 start
++++ panedwindow-1.4 PASSED
---- panedwindow-1.5 start
++++ panedwindow-1.5 PASSED
---- panedwindow-1.6 start
++++ panedwindow-1.6 PASSED
---- panedwindow-1.7 start
++++ panedwindow-1.7 PASSED
---- panedwindow-1.8 start
++++ panedwindow-1.8 PASSED
---- panedwindow-1.end start
++++ panedwindow-1.end PASSED
---- panedwindow-2.1 start
++++ panedwindow-2.1 PASSED
---- panedwindow-2.2 start
++++ panedwindow-2.2 PASSED
---- panedwindow-2.3 start
++++ panedwindow-2.3 PASSED
---- panedwindow-2.end start
++++ panedwindow-2.end PASSED
---- panedwindow-3.0 start
++++ panedwindow-3.0 PASSED
---- panedwindow-3.1 start
++++ panedwindow-3.1 PASSED
---- panedwindow-3.2 start
++++ panedwindow-3.2 PASSED
---- panedwindow-3.end start
++++ panedwindow-3.end PASSED
---- panedwindow-4.1 start
++++ panedwindow-4.1 PASSED
---- panedwindow-4.2 start
++++ panedwindow-4.2 PASSED
---- panedwindow-4.3 start
++++ panedwindow-4.3 PASSED
---- panedwindow-4.END start
++++ panedwindow-4.END PASSED
---- panedwindow-5.1 start
++++ panedwindow-5.1 PASSED
---- paned-sashpos-setup start
++++ paned-sashpos-setup PASSED
---- paned-sashpos-attempt-restore start
++++ paned-sashpos-attempt-restore PASSED
---- paned-sashpos-restore start
++++ paned-sashpos-restore PASSED
---- paned-sashpos-cleanup start
++++ paned-sashpos-cleanup PASSED
---- paned-propagation-setup start
++++ paned-propagation-setup PASSED
---- paned-propagation-1 start
++++ paned-propagation-1 PASSED
---- paned-propagation-2 start
++++ paned-propagation-2 PASSED
---- paned-propagation-3 start
++++ paned-propagation-3 PASSED
---- paned-propagation-4 start
++++ paned-propagation-4 PASSED
---- paned-propagation-5 start
++++ paned-propagation-5 PASSED
---- paned-propagation-cleanup start
++++ paned-propagation-cleanup PASSED
---- panedwindow-6.1 start
++++ panedwindow-6.1 PASSED
---- panedwindow-6.2 start
++++ panedwindow-6.2 PASSED
progressbar.test
---- progressbar-1.1 start
++++ progressbar-1.1 PASSED
---- progressbar-1.2 start
++++ progressbar-1.2 PASSED
---- progressbar-1.3 start
++++ progressbar-1.3 PASSED
---- progressbar-1.4 start
++++ progressbar-1.4 PASSED
---- progressbar-1.4.1 start
++++ progressbar-1.4.1 PASSED
---- progressbar-1.5 start
++++ progressbar-1.5 PASSED
---- progressbar-1.6 start
++++ progressbar-1.6 PASSED
---- progressbar-2.0 start
++++ progressbar-2.0 PASSED
---- progressbar-2.1 start
++++ progressbar-2.1 PASSED
---- progressbar-2.2 start
++++ progressbar-2.2 PASSED
---- progressbar-2.3 start
++++ progressbar-2.3 PASSED
---- progressbar-2.4 start
++++ progressbar-2.4 PASSED
---- progressbar-2.5 start
++++ progressbar-2.5 PASSED
---- progressbar-end start
++++ progressbar-end PASSED
---- progressbar-3.1 start
++++ progressbar-3.1 PASSED
---- progressbar-3.2 start
++++ progressbar-3.2 PASSED
---- progressbar-3.3 start
++++ progressbar-3.3 PASSED
---- progressbar-4.1 start
++++ progressbar-4.1 PASSED
---- progressbar-4.2 start
++++ progressbar-4.2 PASSED
radiobutton.test
---- radiobutton-1.1 start
++++ radiobutton-1.1 PASSED
---- radiobutton-1.2 start
++++ radiobutton-1.2 PASSED
---- radiobutton-1.3 start
++++ radiobutton-1.3 PASSED
---- radiobutton-1.4 start
++++ radiobutton-1.4 PASSED
---- radiobutton-1.5 start
++++ radiobutton-1.5 PASSED
---- radiobutton-1.6 start
++++ radiobutton-1.6 PASSED
---- radiobutton-1.7 start
++++ radiobutton-1.7 PASSED
---- radiobutton-1.8 start
++++ radiobutton-1.8 PASSED
---- radiobutton-2.1 start
++++ radiobutton-2.1 PASSED
---- radiobutton-2.2 start
++++ radiobutton-2.2 PASSED
scale.test
---- scale-1.0 start
++++ scale-1.0 PASSED
---- scale-2.1 start
++++ scale-2.1 PASSED
---- scale-3.1 start
++++ scale-3.1 PASSED
---- scale-3.2 start
++++ scale-3.2 PASSED
scrollbar.test
---- scrollbar-swapout-1 start
++++ scrollbar-swapout-1 PASSED
---- scrollbar-swapout-2 start
++++ scrollbar-swapout-2 PASSED
---- scrollbar-swapout-3 start
++++ scrollbar-swapout-3 PASSED
---- scrollbar-1.0 start
++++ scrollbar-1.0 PASSED
---- scrollbar-1.1 start
++++ scrollbar-1.1 PASSED
---- scrollbar-1.2 start
++++ scrollbar-1.2 PASSED
---- scrollbar-1.3 start
++++ scrollbar-1.3 PASSED
---- scrollbar-10.1.1 start
++++ scrollbar-10.1.1 PASSED
---- scrollbar-10.2.1 start
++++ scrollbar-10.2.1 PASSED
---- scrollbar-10.2.2 start
++++ scrollbar-10.2.2 PASSED
---- scrollbar-11.1 start
++++ scrollbar-11.1 PASSED
---- scrollbar-11.2 start
++++ scrollbar-11.2 PASSED
spinbox.test
---- spinbox-1.0 start
++++ spinbox-1.0 PASSED
---- spinbox-1.1 start
++++ spinbox-1.1 PASSED
---- spinbox-1.3.1 start
++++ spinbox-1.3.1 PASSED
---- spinbox-1.3.2 start
++++ spinbox-1.3.2 PASSED
---- spinbox-1.4.1 start
++++ spinbox-1.4.1 PASSED
---- spinbox-1.4.2 start
++++ spinbox-1.4.2 PASSED
---- spinbox-1.6.1 start
++++ spinbox-1.6.1 PASSED
---- spinbox-1.6.2 start
++++ spinbox-1.6.2 PASSED
---- spinbox-1.6.3 start
++++ spinbox-1.6.3 PASSED
---- spinbox-1.7.1 start
++++ spinbox-1.7.1 PASSED
---- spinbox-1.7.2 start
++++ spinbox-1.7.2 PASSED
---- spinbox-1.8.1 start
++++ spinbox-1.8.1 PASSED
---- spinbox-1.8.2 start
++++ spinbox-1.8.2 PASSED
---- spinbox-1.8.3 start
++++ spinbox-1.8.3 PASSED
---- spinbox-1.8.4 start
++++ spinbox-1.8.4 PASSED
++++ spinbox-2.0 SKIPPED: nyi
++++ spinbox-2.1 SKIPPED: nyi
++++ spinbox-2.2 SKIPPED: nyi
++++ spinbox-2.3 SKIPPED: nyi
++++ spinbox-2.4 SKIPPED: nyi
---- spinbox-3.0 start
++++ spinbox-3.0 PASSED
---- spinbox-4.0 start
++++ spinbox-4.0 PASSED
---- spinbox-4.1 start
++++ spinbox-4.1 PASSED
---- spinbox-4.2 start
++++ spinbox-4.2 PASSED
---- spinbox-11.2 start
++++ spinbox-11.2 PASSED
---- spinbox-nostomp-1 start
++++ spinbox-nostomp-1 PASSED
---- spinbox-nostomp-2 start
++++ spinbox-nostomp-2 PASSED
---- spinbox-nostomp-3 start
++++ spinbox-nostomp-3 PASSED
---- spinbox-nostomp-4 start
++++ spinbox-nostomp-4 PASSED
---- spinbox-dieoctaldie-1 start
++++ spinbox-dieoctaldie-1 PASSED
---- spinbox-dieoctaldie-2 start
++++ spinbox-dieoctaldie-2 PASSED
---- spinbox-5.1 start
++++ spinbox-5.1 PASSED
---- spinbox-5.2 start
++++ spinbox-5.2 PASSED
treetags.test
---- treetags-1.0 start
++++ treetags-1.0 PASSED
---- treetags-1.1 start
++++ treetags-1.1 PASSED
---- treetags-1.2 start
++++ treetags-1.2 PASSED
---- treetags-1.3 start
++++ treetags-1.3 PASSED
---- treetags-1.4 start
++++ treetags-1.4 PASSED
---- treetags-1.5 start
++++ treetags-1.5 PASSED
---- treetags-1.6 start
++++ treetags-1.6 PASSED
---- treetags-1.7 start
++++ treetags-1.7 PASSED
---- treetags-1.8 start
++++ treetags-1.8 PASSED
---- treetags-1.9 start
++++ treetags-1.9 PASSED
---- treetags-1.10 start
++++ treetags-1.10 PASSED
---- treetags-1.11 start
++++ treetags-1.11 PASSED
---- treetags-1.end start
++++ treetags-1.end PASSED
---- treetags-2.0 start
++++ treetags-2.0 PASSED
---- treetags-2.1 start
++++ treetags-2.1 PASSED
---- treetags-2.2 start
++++ treetags-2.2 PASSED
---- treetags-2.3 start
++++ treetags-2.3 PASSED
---- treetags-2.4 start
++++ treetags-2.4 PASSED
---- treetags-3.0 start
++++ treetags-3.0 PASSED
---- treetags-3.1 start
++++ treetags-3.1 PASSED
---- treetags-3.2 start
++++ treetags-3.2 PASSED
---- treetags-4.1 start
++++ treetags-4.1 PASSED
---- treetags-4.2 start
++++ treetags-4.2 PASSED
---- treetags-4.3 start
++++ treetags-4.3 PASSED
---- treetags-4.3.1 start
++++ treetags-4.3.1 PASSED
---- treetags-4.4 start
++++ treetags-4.4 PASSED
---- treetags-4.5 start
++++ treetags-4.5 PASSED
---- treetags-4.6 start
++++ treetags-4.6 PASSED
---- treetags-4.7 start
++++ treetags-4.7 PASSED
---- treetags-4.8 start
++++ treetags-4.8 PASSED
---- treetags-3.3 start
++++ treetags-3.3 PASSED
---- treetags-3.4 start
++++ treetags-3.4 PASSED
---- treetags-end start
++++ treetags-end PASSED
treeview.test
---- treeview-1.1 start
++++ treeview-1.1 PASSED
---- treeview-1.2 start
++++ treeview-1.2 PASSED
---- treeview-1.3 start
++++ treeview-1.3 PASSED
---- treeview-1.4 start
++++ treeview-1.4 PASSED
---- treeview-1.5 start
++++ treeview-1.5 PASSED
---- treeview-2.1 start
++++ treeview-2.1 PASSED
---- treeview-2.3 start
++++ treeview-2.3 PASSED
---- treeview-2.4 start
++++ treeview-2.4 PASSED
---- treeview-2.5 start
++++ treeview-2.5 PASSED
---- treeview-2.6 start
++++ treeview-2.6 PASSED
---- treeview-2.7 start
++++ treeview-2.7 PASSED
---- treeview-2.8 start
++++ treeview-2.8 PASSED
---- treeview-2.9 start
++++ treeview-2.9 PASSED
---- treeview-2.10 start
++++ treeview-2.10 PASSED
---- treeview-2.11 start
++++ treeview-2.11 PASSED
---- treeview-2.12 start
++++ treeview-2.12 PASSED
---- treeview-2.13 start
++++ treeview-2.13 PASSED
---- treeview-2.14 start
++++ treeview-2.14 PASSED
---- treeview-2.15 start
++++ treeview-2.15 PASSED
---- treeview-2.16 start
++++ treeview-2.16 PASSED
---- treeview-2.17 start
++++ treeview-2.17 PASSED
---- treeview-3.1 start
++++ treeview-3.1 PASSED
---- treeview-3.2 start
++++ treeview-3.2 PASSED
---- treeview-3.3 start
++++ treeview-3.3 PASSED
---- treeview-3.4 start
++++ treeview-3.4 PASSED
---- treeview-3.5 start
++++ treeview-3.5 PASSED
---- treeview-3.6 start
++++ treeview-3.6 PASSED
---- treeview-3.7 start
++++ treeview-3.7 PASSED
---- treeview-3.8 start
++++ treeview-3.8 PASSED
---- treeview-3.9 start
++++ treeview-3.9 PASSED
---- treeview-3.10 start
++++ treeview-3.10 PASSED
---- treeview-3.11 start
++++ treeview-3.11 PASSED
---- treeview-3.12 start
++++ treeview-3.12 PASSED
---- treeview-3.13 start
++++ treeview-3.13 PASSED
---- treeview-3.14 start
++++ treeview-3.14 PASSED
---- treeview-3.14.1 start
++++ treeview-3.14.1 PASSED
---- treeview-3.15 start
++++ treeview-3.15 PASSED
---- treeview-3.16 start
++++ treeview-3.16 PASSED
---- treeview-3.17 start
++++ treeview-3.17 PASSED
---- treeview-3.18 start
++++ treeview-3.18 PASSED
---- treeview-4.1 start
++++ treeview-4.1 PASSED
---- treeview-4.2 start
++++ treeview-4.2 PASSED
---- treeview-4.3 start
++++ treeview-4.3 PASSED
---- treeview-5.1 start
++++ treeview-5.1 PASSED
---- treeview-5.2 start
++++ treeview-5.2 PASSED
---- treeview-5.3 start
++++ treeview-5.3 PASSED
---- treeview-5.4 start
++++ treeview-5.4 PASSED
---- treeview-5.5 start
++++ treeview-5.5 PASSED
---- treeview-5.6 start
++++ treeview-5.6 PASSED
---- treeview-5.7 start
++++ treeview-5.7 PASSED
---- treeview-5.8 start
++++ treeview-5.8 PASSED
---- treeview-5.9 start
++++ treeview-5.9 PASSED
---- treeview-5.10 start
++++ treeview-5.10 PASSED
---- treeview-5.11 start
++++ treeview-5.11 PASSED
---- treeview-5.12 start
++++ treeview-5.12 PASSED
---- treeview-5.13 start
++++ treeview-5.13 PASSED
---- treeview-5.14 start
++++ treeview-5.14 PASSED
---- treeview-5.15 start
++++ treeview-5.15 PASSED
---- treeview-5.16 start
++++ treeview-5.16 PASSED
---- treeview-6.1 start
++++ treeview-6.1 PASSED
---- treeview-6.1.1 start
++++ treeview-6.1.1 PASSED
---- treeview-6.2 start
++++ treeview-6.2 PASSED
---- treeview-6.3 start
++++ treeview-6.3 PASSED
---- treeview-6.4 start
++++ treeview-6.4 PASSED
---- treeview-6.5 start
++++ treeview-6.5 PASSED
---- treeview-6.6 start
++++ treeview-6.6 PASSED
---- treeview-7.1 start
++++ treeview-7.1 PASSED
---- treeview-7.2 start
++++ treeview-7.2 PASSED
---- treeview-7.3 start
++++ treeview-7.3 PASSED
---- treeview-7.4 start
++++ treeview-7.4 PASSED
---- treeview-7.5 start
++++ treeview-7.5 PASSED
---- treeview-7.6 start
++++ treeview-7.6 PASSED
---- treeview-8.0 start
++++ treeview-8.0 PASSED
---- treeview-8.1 start
++++ treeview-8.1 PASSED
---- treeview-8.2 start
++++ treeview-8.2 PASSED
---- treeview-8.3 start
++++ treeview-8.3 PASSED
---- treeview-8.4 start
++++ treeview-8.4 PASSED
---- treeview-8.5 start
++++ treeview-8.5 PASSED
---- treeview-8.7 start
++++ treeview-8.7 PASSED
---- treeview-8.8 start
++++ treeview-8.8 PASSED
---- treeview-8.9 start
++++ treeview-8.9 PASSED
---- treeview-8.10 start
++++ treeview-8.10 PASSED
---- treeview-8.11 start
++++ treeview-8.11 PASSED
---- treeview-9.0 start
++++ treeview-9.0 PASSED
---- treeview-9.1 start
++++ treeview-9.1 PASSED
---- treeview-9.2 start
++++ treeview-9.2 PASSED
---- treeview-9.3 start
++++ treeview-9.3 PASSED
---- treeview-9.4 start
++++ treeview-9.4 PASSED
---- treeview-10.0 start
++++ treeview-10.0 PASSED
---- treeview-10.1 start
++++ treeview-10.1 PASSED
---- treeview-10.2 start
++++ treeview-10.2 PASSED
---- treeview-11.0 start
++++ treeview-11.0 PASSED
---- treeview-11.1 start
++++ treeview-11.1 PASSED
---- treeview-11.2 start
++++ treeview-11.2 PASSED
---- treeview-11.3 start
++++ treeview-11.3 PASSED
---- treeview-11.4 start
++++ treeview-11.4 PASSED
---- treeview-11.5 start
++++ treeview-11.5 PASSED
---- treeview-11.6 start
++++ treeview-11.6 PASSED
---- treeview-11.7 start
++++ treeview-11.7 PASSED
---- treeview-11.8 start
++++ treeview-11.8 PASSED
---- treeview-11.9 start
++++ treeview-11.9 PASSED
---- treeview-11.10 start
++++ treeview-11.10 PASSED
---- treeview-11.11 start
++++ treeview-11.11 PASSED
---- treeview-11.12 start
++++ treeview-11.12 PASSED
---- treeview-11.13 start
++++ treeview-11.13 PASSED
---- treeview-11.14 start
++++ treeview-11.14 PASSED
---- treeview-11.15 start
++++ treeview-11.15 PASSED
---- treeview-11.16 start
++++ treeview-11.16 PASSED
---- treeview-11.17 start
++++ treeview-11.17 PASSED
---- treeview-identify-setup start
++++ treeview-identify-setup PASSED
---- treeview-identify-1 start
++++ treeview-identify-1 PASSED
---- treeview-identify-2 start
++++ treeview-identify-2 PASSED
---- treeview-identify-3 start
++++ treeview-identify-3 PASSED
---- treeview-identify-4 start
++++ treeview-identify-4 PASSED
---- treeview-identify-5 start
++++ treeview-identify-5 PASSED
---- treeview-identify-6 start
++++ treeview-identify-6 PASSED
---- treeview-identify-7 start
++++ treeview-identify-7 PASSED
---- treeview-identify-8 start
++++ treeview-identify-8 PASSED
---- treeview-identify-8.1 start
++++ treeview-identify-8.1 PASSED
---- treeview-identify-9 start
++++ treeview-identify-9 PASSED
---- treeview-identify-10 start
++++ treeview-identify-10 PASSED
---- treeview-identify-10b start
++++ treeview-identify-10b PASSED
---- treeview-identify-10c start
++++ treeview-identify-10c PASSED
---- treeview-identify-11 start
++++ treeview-identify-11 PASSED
---- treeview-identify-cleanup start
++++ treeview-identify-cleanup PASSED
---- treeview-rowheight-1 start
++++ treeview-rowheight-1 PASSED
---- treeview-rowheight-2 start
++++ treeview-rowheight-2 PASSED
---- treeview-rowheight-3 start
++++ treeview-rowheight-3 PASSED
---- treeview-rowheight-3b start
++++ treeview-rowheight-3b PASSED
---- treeview-rowheight-4 start
++++ treeview-rowheight-4 PASSED
---- treeview-rowheight-5 start
++++ treeview-rowheight-5 PASSED
---- treeview-1541739 start
++++ treeview-1541739 PASSED
---- treeview-3006842 start
++++ treeview-3006842 PASSED
---- treeview-3085489-1 start
++++ treeview-3085489-1 PASSED
---- treeview-3085489-2 start
++++ treeview-3085489-2 PASSED
---- treeview-368fa4561e start
++++ treeview-368fa4561e PASSED
---- treeview-ce470f20fd-1 start
++++ treeview-ce470f20fd-1 PASSED
---- treeview-ce470f20fd-2 start
++++ treeview-ce470f20fd-2 PASSED
---- treeview-ce470f20fd-3 start
++++ treeview-ce470f20fd-3 PASSED
---- treeview-ce470f20fd-4 start
++++ treeview-ce470f20fd-4 PASSED
---- treeview-bc602049ab start
++++ treeview-bc602049ab PASSED
---- treeview-6ee162c3d9 start
++++ treeview-6ee162c3d9 PASSED
---- treeview-column0-leak start
++++ treeview-column0-leak PASSED
---- treeview-21.1 start
++++ treeview-21.1 PASSED
---- treeview-21.2 start
++++ treeview-21.2 PASSED
---- treeview-22.1 start
++++ treeview-22.1 PASSED
---- treeview-12.2 start
++++ treeview-12.2 PASSED
---- treeview-23.1 start
++++ treeview-23.1 PASSED
ttk.test
---- ttk-6.1 start
++++ ttk-6.1 PASSED
---- ttk-6.2 start
++++ ttk-6.2 PASSED
---- ttk-6.4 start
++++ ttk-6.4 PASSED
---- ttk-6.5 start
++++ ttk-6.5 PASSED
---- ttk-6.6 start
++++ ttk-6.6 PASSED
---- ttk-6.7 start
++++ ttk-6.7 PASSED
---- ttk-6.8 start
++++ ttk-6.8 PASSED
---- ttk-6.9 start
++++ ttk-6.9 PASSED
---- ttk-construction-failure-1 start
++++ ttk-construction-failure-1 PASSED
---- ttk-construction-failure-2 start
++++ ttk-construction-failure-2 PASSED
---- ttk-selfdestruct-ok-1 start
++++ ttk-selfdestruct-ok-1 PASSED
---- ttk-1.1 start
++++ ttk-1.1 PASSED
---- ttk-1.2 start
++++ ttk-1.2 PASSED
---- ttk-1.3 start
++++ ttk-1.3 PASSED
---- ttk-1.4 start
++++ ttk-1.4 PASSED
---- ttk-2.0 start
++++ ttk-2.0 PASSED
---- ttk-2.1 start
++++ ttk-2.1 PASSED
---- ttk-2.2 start
++++ ttk-2.2 PASSED
---- ttk-2.3 start
++++ ttk-2.3 PASSED
---- ttk-2.4 start
++++ ttk-2.4 PASSED
---- ttk-2.5 start
++++ ttk-2.5 PASSED
---- ttk-2.6 start
++++ ttk-2.6 PASSED
---- ttk-2.7 start
++++ ttk-2.7 PASSED
---- ttk-2.8 start
++++ ttk-2.8 PASSED
---- ttk-coreoptions-button start
++++ ttk-coreoptions-button PASSED
---- ttk-coreoptions-checkbutton start
++++ ttk-coreoptions-checkbutton PASSED
---- ttk-coreoptions-radiobutton start
++++ ttk-coreoptions-radiobutton PASSED
---- ttk-coreoptions-menubutton start
++++ ttk-coreoptions-menubutton PASSED
---- ttk-coreoptions-label start
++++ ttk-coreoptions-label PASSED
---- ttk-coreoptions-entry start
++++ ttk-coreoptions-entry PASSED
---- ttk-coreoptions-frame start
++++ ttk-coreoptions-frame PASSED
---- ttk-coreoptions-labelframe start
++++ ttk-coreoptions-labelframe PASSED
---- ttk-coreoptions-scrollbar start
++++ ttk-coreoptions-scrollbar PASSED
---- ttk-coreoptions-notebook start
++++ ttk-coreoptions-notebook PASSED
---- ttk-coreoptions-progressbar start
++++ ttk-coreoptions-progressbar PASSED
---- ttk-coreoptions-combobox start
++++ ttk-coreoptions-combobox PASSED
---- ttk-coreoptions-separator start
++++ ttk-coreoptions-separator PASSED
---- ttk-coreoptions-panedwindow start
++++ ttk-coreoptions-panedwindow PASSED
---- ttk-coreoptions-treeview start
++++ ttk-coreoptions-treeview PASSED
---- ttk-coreoptions-sizegrip start
++++ ttk-coreoptions-sizegrip PASSED
---- ttk-coreoptions-scale start
++++ ttk-coreoptions-scale PASSED
---- ttk-3.0 start
++++ ttk-3.0 PASSED
---- ttk-3.1 start
++++ ttk-3.1 PASSED
---- ttk-3.2 start
++++ ttk-3.2 PASSED
---- ttk-3.3 start
++++ ttk-3.3 PASSED
---- ttk-3.4 start
++++ ttk-3.4 PASSED
---- ttk-4.0 start
++++ ttk-4.0 PASSED
---- ttk-4.1 start
++++ ttk-4.1 PASSED
---- ttk-4.2 start
++++ ttk-4.2 PASSED
---- ttk-4.3 start
++++ ttk-4.3 PASSED
---- ttk-4.4 start
++++ ttk-4.4 PASSED
---- ttk-8.0 start
++++ ttk-8.0 PASSED
---- ttk-8.1 start
++++ ttk-8.1 PASSED
---- ttk-8.2 start
++++ ttk-8.2 PASSED
---- ttk-8.3 start
++++ ttk-8.3 PASSED
---- ttk-8.4 start
++++ ttk-8.4 PASSED
---- ttk-9.1 start
++++ ttk-9.1 PASSED
---- ttk-9.2 start
++++ ttk-9.2 PASSED
---- ttk-9.3 start
++++ ttk-9.3 PASSED
---- ttk-9.4 start
++++ ttk-9.4 PASSED
---- ttk-9.5 start
++++ ttk-9.5 PASSED
---- ttk-9.6 start
++++ ttk-9.6 PASSED
---- ttk-9.7 start
++++ ttk-9.7 PASSED
---- ttk-9.8 start
++++ ttk-9.8 PASSED
---- ttk-9.9 start
++++ ttk-9.9 PASSED
---- ttk-9.10 start
++++ ttk-9.10 PASSED
---- ttk-10.1 start
++++ ttk-10.1 PASSED
---- ttk-10.2 start
++++ ttk-10.2 PASSED
---- ttk-10.3 start
++++ ttk-10.3 PASSED
---- ttk-10.4 start
++++ ttk-10.4 PASSED
---- ttk-10.5 start
++++ ttk-10.5 PASSED
---- ttk-11.1 start
++++ ttk-11.1 PASSED
---- ttk-11.2 start
++++ ttk-11.2 PASSED
---- ttk-11.3 start
++++ ttk-11.3 PASSED
---- ttk-11.4 start
++++ ttk-11.4 PASSED
---- ttk-11.5 start
++++ ttk-11.5 PASSED
---- ttk-11.6 start
++++ ttk-11.6 PASSED
---- ttk-11.7 start
++++ ttk-11.7 PASSED
---- ttk-12.1 start
++++ ttk-12.1 PASSED
---- ttk-12.2 start
++++ ttk-12.2 PASSED
---- ttk-12.2.1 start
++++ ttk-12.2.1 PASSED
---- ttk-12.3 start
++++ ttk-12.3 PASSED
---- ttk-12.4 start
++++ ttk-12.4 PASSED
---- ttk-13.1 start
++++ ttk-13.1 PASSED
---- ttk-13.4 start
++++ ttk-13.4 PASSED
---- ttk-13.5 start
++++ ttk-13.5 PASSED
---- ttk-14.1 start
++++ ttk-14.1 PASSED
---- ttk-14.2 start
++++ ttk-14.2 PASSED
---- ttk-14.3 start
++++ ttk-14.3 PASSED
---- ttk-15.1 start
++++ ttk-15.1 PASSED
---- ttk-15.2 start
++++ ttk-15.2 PASSED
---- ttk-ensemble-0 start
++++ ttk-ensemble-0 PASSED
---- ttk-ensemble-1 start
++++ ttk-ensemble-1 PASSED
---- ttk-ensemble-2 start
++++ ttk-ensemble-2 PASSED
---- ttk-ensemble-3 start
++++ ttk-ensemble-3 PASSED
---- ttk-ensemble-4 start
++++ ttk-ensemble-4 PASSED
---- ttk-ensemble-5 start
++++ ttk-ensemble-5 PASSED
---- ttk-16.1 start
++++ ttk-16.1 PASSED
---- ttk-16.2 start
++++ ttk-16.2 PASSED
validate.test
---- validate-0.0 start
++++ validate-0.0 PASSED
---- validate-0.1 start
++++ validate-0.1 PASSED
---- validate-1.1 start
++++ validate-1.1 PASSED
---- validate-1.2 start
++++ validate-1.2 PASSED
---- validate-1.3 start
++++ validate-1.3 PASSED
---- validate-1.4 start
++++ validate-1.4 PASSED
---- validate-1.5 start
++++ validate-1.5 PASSED
---- validate-1.6 start
++++ validate-1.6 PASSED
---- validate-1.7 start
++++ validate-1.7 PASSED
---- validate-1.8 start
++++ validate-1.8 PASSED
---- validate-1.9 start
++++ validate-1.9 PASSED
---- validate-1.10 start
++++ validate-1.10 PASSED
---- validate-1.11 start
++++ validate-1.11 PASSED
---- validate-1.12 start
++++ validate-1.12 PASSED
---- validate-1.13 start
++++ validate-1.13 PASSED
---- validate-1.14 start
++++ validate-1.14 PASSED
---- validate-1.15 start
++++ validate-1.15 PASSED
---- validate-1.16 start
++++ validate-1.16 PASSED
++++ validate-1.17 SKIPPED: coreEntry
++++ validate-1.18 SKIPPED: coreEntry
++++ validate-1.19 SKIPPED: coreEntry
++++ validate-1.20 SKIPPED: coreEntry
---- validate-2.1 start
++++ validate-2.1 PASSED
---- validate-2.2 start
++++ validate-2.2 PASSED
---- validate-3.0 start
++++ validate-3.0 PASSED
---- validate-3.1 start
++++ validate-3.1 PASSED
---- validate-3.2 start
++++ validate-3.2 PASSED
---- validate-3.3 start
++++ validate-3.3 PASSED
---- validate-3.4 start
++++ validate-3.4 PASSED
++++ validate-3.5 SKIPPED: NA
++++ validate-3.6 SKIPPED: NA
---- validate-3.last start
++++ validate-3.last PASSED
vsapi.test
++++ vsapi-1.1 SKIPPED: xpnative
++++ vsapi-1.2 SKIPPED: xpnative
++++ vsapi-1.3 SKIPPED: xpnative

Tests ended at Sun Mar 16 09:46:09 CDT 2025
all.tcl:	Total	591	Passed	576	Skipped	15	Failed	0
Sourced 18 Test Files.
Number of tests skipped for each constraint:
	2	NA
	4	coreEntry
	1	notAqua
	5	nyi
	3	xpnative
